Archive member included to satisfy reference by file (symbol)

C:/ST/STM32CubeIDE_1.17.0/STM32CubeIDE/plugins/com.st.stm32cube.ide.mcu.externaltools.gnu-tools-for-stm32.13.3.rel1.win32_1.0.0.202411081344/tools/bin/../lib/gcc/arm-none-eabi/13.3.1/../../../../arm-none-eabi/lib/thumb/v7e-m+fp/hard\libc_nano.a(libc_a-exit.o)
                              C:/ST/STM32CubeIDE_1.17.0/STM32CubeIDE/plugins/com.st.stm32cube.ide.mcu.externaltools.gnu-tools-for-stm32.13.3.rel1.win32_1.0.0.202411081344/tools/bin/../lib/gcc/arm-none-eabi/13.3.1/../../../../arm-none-eabi/lib/thumb/v7e-m+fp/hard/crt0.o (exit)
C:/ST/STM32CubeIDE_1.17.0/STM32CubeIDE/plugins/com.st.stm32cube.ide.mcu.externaltools.gnu-tools-for-stm32.13.3.rel1.win32_1.0.0.202411081344/tools/bin/../lib/gcc/arm-none-eabi/13.3.1/../../../../arm-none-eabi/lib/thumb/v7e-m+fp/hard\libc_nano.a(libc_a-findfp.o)
                              C:/ST/STM32CubeIDE_1.17.0/STM32CubeIDE/plugins/com.st.stm32cube.ide.mcu.externaltools.gnu-tools-for-stm32.13.3.rel1.win32_1.0.0.202411081344/tools/bin/../lib/gcc/arm-none-eabi/13.3.1/../../../../arm-none-eabi/lib/thumb/v7e-m+fp/hard\libc_nano.a(libc_a-exit.o) (__stdio_exit_handler)
C:/ST/STM32CubeIDE_1.17.0/STM32CubeIDE/plugins/com.st.stm32cube.ide.mcu.externaltools.gnu-tools-for-stm32.13.3.rel1.win32_1.0.0.202411081344/tools/bin/../lib/gcc/arm-none-eabi/13.3.1/../../../../arm-none-eabi/lib/thumb/v7e-m+fp/hard\libc_nano.a(libc_a-fwalk.o)
                              C:/ST/STM32CubeIDE_1.17.0/STM32CubeIDE/plugins/com.st.stm32cube.ide.mcu.externaltools.gnu-tools-for-stm32.13.3.rel1.win32_1.0.0.202411081344/tools/bin/../lib/gcc/arm-none-eabi/13.3.1/../../../../arm-none-eabi/lib/thumb/v7e-m+fp/hard\libc_nano.a(libc_a-findfp.o) (_fwalk_sglue)
C:/ST/STM32CubeIDE_1.17.0/STM32CubeIDE/plugins/com.st.stm32cube.ide.mcu.externaltools.gnu-tools-for-stm32.13.3.rel1.win32_1.0.0.202411081344/tools/bin/../lib/gcc/arm-none-eabi/13.3.1/../../../../arm-none-eabi/lib/thumb/v7e-m+fp/hard\libc_nano.a(libc_a-stdio.o)
                              C:/ST/STM32CubeIDE_1.17.0/STM32CubeIDE/plugins/com.st.stm32cube.ide.mcu.externaltools.gnu-tools-for-stm32.13.3.rel1.win32_1.0.0.202411081344/tools/bin/../lib/gcc/arm-none-eabi/13.3.1/../../../../arm-none-eabi/lib/thumb/v7e-m+fp/hard\libc_nano.a(libc_a-findfp.o) (__sread)
C:/ST/STM32CubeIDE_1.17.0/STM32CubeIDE/plugins/com.st.stm32cube.ide.mcu.externaltools.gnu-tools-for-stm32.13.3.rel1.win32_1.0.0.202411081344/tools/bin/../lib/gcc/arm-none-eabi/13.3.1/../../../../arm-none-eabi/lib/thumb/v7e-m+fp/hard\libc_nano.a(libc_a-vsnprintf.o)
                              ./Drivers/Console/Console.o (vsnprintf)
C:/ST/STM32CubeIDE_1.17.0/STM32CubeIDE/plugins/com.st.stm32cube.ide.mcu.externaltools.gnu-tools-for-stm32.13.3.rel1.win32_1.0.0.202411081344/tools/bin/../lib/gcc/arm-none-eabi/13.3.1/../../../../arm-none-eabi/lib/thumb/v7e-m+fp/hard\libc_nano.a(libc_a-vsscanf.o)
                              ./Drivers/Console/Console.o (vsscanf)
C:/ST/STM32CubeIDE_1.17.0/STM32CubeIDE/plugins/com.st.stm32cube.ide.mcu.externaltools.gnu-tools-for-stm32.13.3.rel1.win32_1.0.0.202411081344/tools/bin/../lib/gcc/arm-none-eabi/13.3.1/../../../../arm-none-eabi/lib/thumb/v7e-m+fp/hard\libc_nano.a(libc_a-memset.o)
                              C:/ST/STM32CubeIDE_1.17.0/STM32CubeIDE/plugins/com.st.stm32cube.ide.mcu.externaltools.gnu-tools-for-stm32.13.3.rel1.win32_1.0.0.202411081344/tools/bin/../lib/gcc/arm-none-eabi/13.3.1/../../../../arm-none-eabi/lib/thumb/v7e-m+fp/hard/crt0.o (memset)
C:/ST/STM32CubeIDE_1.17.0/STM32CubeIDE/plugins/com.st.stm32cube.ide.mcu.externaltools.gnu-tools-for-stm32.13.3.rel1.win32_1.0.0.202411081344/tools/bin/../lib/gcc/arm-none-eabi/13.3.1/../../../../arm-none-eabi/lib/thumb/v7e-m+fp/hard\libc_nano.a(libc_a-closer.o)
                              C:/ST/STM32CubeIDE_1.17.0/STM32CubeIDE/plugins/com.st.stm32cube.ide.mcu.externaltools.gnu-tools-for-stm32.13.3.rel1.win32_1.0.0.202411081344/tools/bin/../lib/gcc/arm-none-eabi/13.3.1/../../../../arm-none-eabi/lib/thumb/v7e-m+fp/hard\libc_nano.a(libc_a-stdio.o) (_close_r)
C:/ST/STM32CubeIDE_1.17.0/STM32CubeIDE/plugins/com.st.stm32cube.ide.mcu.externaltools.gnu-tools-for-stm32.13.3.rel1.win32_1.0.0.202411081344/tools/bin/../lib/gcc/arm-none-eabi/13.3.1/../../../../arm-none-eabi/lib/thumb/v7e-m+fp/hard\libc_nano.a(libc_a-reent.o)
                              C:/ST/STM32CubeIDE_1.17.0/STM32CubeIDE/plugins/com.st.stm32cube.ide.mcu.externaltools.gnu-tools-for-stm32.13.3.rel1.win32_1.0.0.202411081344/tools/bin/../lib/gcc/arm-none-eabi/13.3.1/../../../../arm-none-eabi/lib/thumb/v7e-m+fp/hard\libc_nano.a(libc_a-closer.o) (errno)
C:/ST/STM32CubeIDE_1.17.0/STM32CubeIDE/plugins/com.st.stm32cube.ide.mcu.externaltools.gnu-tools-for-stm32.13.3.rel1.win32_1.0.0.202411081344/tools/bin/../lib/gcc/arm-none-eabi/13.3.1/../../../../arm-none-eabi/lib/thumb/v7e-m+fp/hard\libc_nano.a(libc_a-impure.o)
[...]
Memory Configuration

Name             Origin             Length             Attributes
CCMRAM           0x10000000         0x00010000         xrw
RAM              0x20000000         0x00020000         xrw
FLASH            0x08000000         0x00010000         xr
APP_MEMORY       0x08010000         0x00070000         xr
*default*        0x00000000         0xffffffff

Linker script and memory map

LOAD C:/ST/STM32CubeIDE_1.17.0/STM32CubeIDE/plugins/com.st.stm32cube.ide.mcu.externaltools.gnu-tools-for-stm32.13.3.rel1.win32_1.0.0.202411081344/tools/bin/../lib/gcc/arm-none-eabi/13.3.1/thumb/v7e-m+fp/hard/crti.o
LOAD C:/ST/STM32CubeIDE_1.17.0/STM32CubeIDE/plugins/com.st.stm32cube.ide.mcu.externaltools.gnu-tools-for-stm32.13.3.rel1.win32_1.0.0.202411081344/tools/bin/../lib/gcc/arm-none-eabi/13.3.1/thumb/v7e-m+fp/hard/crtbegin.o
LOAD C:/ST/STM32CubeIDE_1.17.0/STM32CubeIDE/plugins/com.st.stm32cube.ide.mcu.externaltools.gnu-tools-for-stm32.13.3.rel1.win32_1.0.0.202411081344/tools/bin/../lib/gcc/arm-none-eabi/13.3.1/../../../../arm-none-eabi/lib/thumb/v7e-m+fp/hard/crt0.o
LOAD ./Drivers/CAN/CAN.o
LOAD ./Drivers/CRC/CRC.o
LOAD ./Drivers/Console/Console.o
LOAD ./Drivers/Custom_RS485_Comm/Custom_RS485_Comm.o
LOAD ./Drivers/DMA/DMA.o
LOAD ./Drivers/Flash/Flash.o
LOAD ./Drivers/GPIO/GPIO.o
LOAD ./Drivers/POST/POST.o
LOAD ./Drivers/USART/USART.o
LOAD ./Src/main.o
LOAD ./Src/syscalls.o
LOAD ./Src/sysmem.o
LOAD ./Src/system_stm32f4xx.o
LOAD ./Startup/startup_stm32f407vgtx.o
START GROUP
LOAD C:/ST/STM32CubeIDE_1.17.0/STM32CubeIDE/plugins/com.st.stm32cube.ide.mcu.externaltools.gnu-tools-for-stm32.13.3.rel1.win32_1.0.0.202411081344/tools/bin/../lib/gcc/arm-none-eabi/13.3.1/../../../../arm-none-eabi/lib/thumb/v7e-m+fp/hard\libc_nano.a
LOAD C:/ST/STM32CubeIDE_1.17.0/STM32CubeIDE/plugins/com.st.stm32cube.ide.mcu.externaltools.gnu-tools-for-stm32.13.3.rel1.win32_1.0.0.202411081344/tools/bin/../lib/gcc/arm-none-eabi/13.3.1/../../../../arm-none-eabi/lib/thumb/v7e-m+fp/hard\libm.a
END GROUP
START GROUP
LOAD C:/ST/STM32CubeIDE_1.17.0/STM32CubeIDE/plugins/com.st.stm32cube.ide.mcu.externaltools.gnu-tools-for-stm32.13.3.rel1.win32_1.0.0.202411081344/tools/bin/../lib/gcc/arm-none-eabi/13.3.1/thumb/v7e-m+fp/hard\libgcc.a
LOAD C:/ST/STM32CubeIDE_1.17.0/STM32CubeIDE/plugins/com.st.stm32cube.ide.mcu.externaltools.gnu-tools-for-stm32.13.3.rel1.win32_1.0.0.202411081344/tools/bin/../lib/gcc/arm-none-eabi/13.3.1/../../../../arm-none-eabi/lib/thumb/v7e-m+fp/hard\libc_nano.a
END GROUP
START GROUP
LOAD C:/ST/STM32CubeIDE_1.17.0/STM32CubeIDE/plugins/com.st.stm32cube.ide.mcu.externaltools.gnu-tools-for-stm32.13.3.rel1.win32_1.0.0.202411081344/tools/bin/../lib/gcc/arm-none-eabi/13.3.1/thumb/v7e-m+fp/hard\libgcc.a
LOAD C:/ST/STM32CubeIDE_1.17.0/STM32CubeIDE/plugins/com.st.stm32cube.ide.mcu.externaltools.gnu-tools-for-stm32.13.3.rel1.win32_1.0.0.202411081344/tools/bin/../lib/gcc/arm-none-eabi/13.3.1/../../../../arm-none-eabi/lib/thumb/v7e-m+fp/hard\libc_nano.a
LOAD C:/ST/STM32CubeIDE_1.17.0/STM32CubeIDE/plugins/com.st.stm32cube.ide.mcu.externaltools.gnu-tools-for-stm32.13.3.rel1.win32_1.0.0.202411081344/tools/bin/../lib/gcc/arm-none-eabi/13.3.1/../../../../arm-none-eabi/lib/thumb/v7e-m+fp/hard\libnosys.a
END GROUP
START GROUP
LOAD C:/ST/STM32CubeIDE_1.17.0/STM32CubeIDE/plugins/com.st.stm32cube.ide.mcu.externaltools.gnu-tools-for-stm32.13.3.rel1.win32_1.0.0.202411081344/tools/bin/../lib/gcc/arm-none-eabi/13.3.1/thumb/v7e-m+fp/hard\libgcc.a
LOAD C:/ST/STM32CubeIDE_1.17.0/STM32CubeIDE/plugins/com.st.stm32cube.ide.mcu.externaltools.gnu-tools-for-stm32.13.3.rel1.win32_1.0.0.202411081344/tools/bin/../lib/gcc/arm-none-eabi/13.3.1/../../../../arm-none-eabi/lib/thumb/v7e-m+fp/hard\libc_nano.a
LOAD C:/ST/STM32CubeIDE_1.17.0/STM32CubeIDE/plugins/com.st.stm32cube.ide.mcu.externaltools.gnu-tools-for-stm32.13.3.rel1.win32_1.0.0.202411081344/tools/bin/../lib/gcc/arm-none-eabi/13.3.1/../../../../arm-none-eabi/lib/thumb/v7e-m+fp/hard\libnosys.a
END GROUP
LOAD C:/ST/STM32CubeIDE_1.17.0/STM32CubeIDE/plugins/com.st.stm32cube.ide.mcu.externaltools.gnu-tools-for-stm32.13.3.rel1.win32_1.0.0.202411081344/tools/bin/../lib/gcc/arm-none-eabi/13.3.1/thumb/v7e-m+fp/hard/crtend.o
LOAD C:/ST/STM32CubeIDE_1.17.0/STM32CubeIDE/plugins/com.st.stm32cube.ide.mcu.externaltools.gnu-tools-for-stm32.13.3.rel1.win32_1.0.0.202411081344/tools/bin/../lib/gcc/arm-none-eabi/13.3.1/thumb/v7e-m+fp/hard/crtn.o
                0x20020000                        _estack = (ORIGIN (RAM) + LENGTH (RAM))
                [!provide]                        PROVIDE (__StackTop = _estack)
                0x00000200                        _Min_Heap_Size = 0x200
                0x00000400                        _Min_Stack_Size = 0x400

.isr_vector     0x08000000      0x188
                0x08000000                        . = ALIGN (0x4)
 *(.isr_vector)
 .isr_vector    0x08000000      0x188 ./Startup/startup_stm32f407vgtx.o
                0x08000000                g_pfnVectors
                0x08000188                        . = ALIGN (0x4)

.text           0x08000190     0x6b80
                0x08000190                        . = ALIGN (0x4)
 *(.text)
 .text          0x08000190       0x40 C:/ST/STM32CubeIDE_1.17.0/STM32CubeIDE/plugins/com.st.stm32cube.ide.mcu.externaltools.gnu-tools-for-stm32.13.3.rel1.win32_1.0.0.202411081344/tools/bin/../lib/gcc/arm-none-eabi/13.3.1/thumb/v7e-m+fp/hard/crtbegin.o
 .text          0x080001d0       0x10 C:/ST/STM32CubeIDE_1.17.0/STM32CubeIDE/plugins/com.st.stm32cube.ide.mcu.externaltools.gnu-tools-for-stm32.13.3.rel1.win32_1.0.0.202411081344/tools/bin/../lib/gcc/arm-none-eabi/13.3.1/../../../../arm-none-eabi/lib/thumb/v7e-m+fp/hard\libc_nano.a(libc_a-strlen.o)
                0x080001d0                strlen
 .text          0x080001e0       0xa0 C:/ST/STM32CubeIDE_1.17.0/STM32CubeIDE/plugins/com.st.stm32cube.ide.mcu.externaltools.gnu-tools-for-stm32.13.3.rel1.win32_1.0.0.202411081344/tools/bin/../lib/gcc/arm-none-eabi/13.3.1/../../../../arm-none-eabi/lib/thumb/v7e-m+fp/hard\libc_nano.a(libc_a-memchr.o)
                0x080001e0                memchr
 .text          0x08000280      0x378 C:/ST/STM32CubeIDE_1.17.0/STM32CubeIDE/plugins/com.st.stm32cube.ide.mcu.externaltools.gnu-tools-for-stm32.13.3.rel1.win32_1.0.0.202411081344/tools/bin/../lib/gcc/arm-none-eabi/13.3.1/thumb/v7e-m+fp/hard\libgcc.a(_arm_addsubdf3.o)
                0x08000280                __aeabi_drsub
                0x08000288                __aeabi_dsub
                0x08000288                __subdf3
                0x0800028c                __aeabi_dadd
                0x0800028c                __adddf3
                0x08000504                __floatunsidf
                0x08000504                __aeabi_ui2d
                0x08000524                __floatsidf
                0x08000524                __aeabi_i2d
                0x08000548                __aeabi_f2d
                0x08000548                __extendsfdf2
                0x0800058c                __floatundidf
                0x0800058c                __aeabi_ul2d
                0x0800059c                __floatdidf
                0x0800059c                __aeabi_l2d
 .text          0x080005f8      0x424 C:/ST/STM32CubeIDE_1.17.0/STM32CubeIDE/plugins/com.st.stm32cube.ide.mcu.externaltools.gnu-tools-for-stm32.13.3.rel1.win32_1.0.0.202411081344/tools/bin/../lib/gcc/arm-none-eabi/13.3.1/thumb/v7e-m+fp/hard\libgcc.a(_arm_muldivdf3.o)
                0x080005f8                __aeabi_dmul
                0x080005f8                __muldf3
                0x0800084c                __divdf3
                0x0800084c                __aeabi_ddiv
 .text          0x08000a1c      0x110 C:/ST/STM32CubeIDE_1.17.0/STM32CubeIDE/plugins/com.st.stm32cube.ide.mcu.externaltools.gnu-tools-for-stm32.13.3.rel1.win32_1.0.0.202411081344/tools/bin/../lib/gcc/arm-none-eabi/13.3.1/thumb/v7e-m+fp/hard\libgcc.a(_arm_cmpdf2.o)
                0x08000a1c                __gtdf2
                0x08000a1c                __gedf2
                0x08000a24                __ltdf2
                0x08000a24                __ledf2
                0x08000a2c                __nedf2
                0x08000a2c                __eqdf2
                0x08000a2c                __cmpdf2
                0x08000aa8                __aeabi_cdrcmple
                0x08000ab8                __aeabi_cdcmpeq
                0x08000ab8                __aeabi_cdcmple
                0x08000ac8                __aeabi_dcmpeq
                0x08000adc                __aeabi_dcmplt
                0x08000af0                __aeabi_dcmple
                0x08000b04                __aeabi_dcmpge
                0x08000b18                __aeabi_dcmpgt
 .text          0x08000b2c       0x50 C:/ST/STM32CubeIDE_1.17.0/STM32CubeIDE/plugins/com.st.stm32cube.ide.mcu.externaltools.gnu-tools-for-stm32.13.3.rel1.win32_1.0.0.202411081344/tools/bin/../lib/gcc/arm-none-eabi/13.3.1/thumb/v7e-m+fp/hard\libgcc.a(_arm_fixdfsi.o)
                0x08000b2c                __aeabi_d2iz
                0x08000b2c                __fixdfsi
 .text          0x08000b7c       0x30 C:/ST/STM32CubeIDE_1.17.0/STM32CubeIDE/plugins/com.st.stm32cube.ide.mcu.externaltools.gnu-tools-for-stm32.13.3.rel1.win32_1.0.0.202411081344/tools/bin/../lib/gcc/arm-none-eabi/13.3.1/thumb/v7e-m+fp/hard\libgcc.a(_fixdfdi.o)
                0x08000b7c                __fixdfdi
                0x08000b7c                __aeabi_d2lz
 .text          0x08000bac       0x3c C:/ST/STM32CubeIDE_1.17.0/STM32CubeIDE/plugins/com.st.stm32cube.ide.mcu.externaltools.gnu-tools-for-stm32.13.3.rel1.win32_1.0.0.202411081344/tools/bin/../lib/gcc/arm-none-eabi/13.3.1/thumb/v7e-m+fp/hard\libgcc.a(_fixunsdfdi.o)
                0x08000bac                __fixunsdfdi
                0x08000bac                __aeabi_d2ulz
 .text          0x08000be8       0x40 C:/ST/STM32CubeIDE_1.17.0/STM32CubeIDE/plugins/com.st.stm32cube.ide.mcu.externaltools.gnu-tools-for-stm32.13.3.rel1.win32_1.0.0.202411081344/tools/bin/../lib/gcc/arm-none-eabi/13.3.1/thumb/v7e-m+fp/hard\libgcc.a(_arm_fixunsdfsi.o)
                0x08000be8                __aeabi_d2uiz
                0x08000be8                __fixunsdfsi
 *(.text*)
 .text.CRC_Init
                0x08000c28       0x20 ./Drivers/CRC/CRC.o
                0x08000c28                CRC_Init
 .text.CRC_Reset
                0x08000c48       0x20 ./Drivers/CRC/CRC.o
                0x08000c48                CRC_Reset
 .text.CRC_Compute_8Bit_Block
                0x08000c68       0x48 ./Drivers/CRC/CRC.o
                0x08000c68                CRC_Compute_8Bit_Block
 .text.CRC_Compute_Flash_Data
                0x08000cb0       0x3c ./Drivers/CRC/CRC.o
                0x08000cb0                CRC_Compute_Flash_Data
 .text.Console_IRQ
                0x08000cec       0x88 ./Drivers/Console/Console.o
                0x08000cec                Console_IRQ
 .text.Console_Init
                0x08000d74       0x6c ./Drivers/Console/Console.o
                0x08000d74                Console_Init
 .text.printConsole
                0x08000de0       0x48 ./Drivers/Console/Console.o
                0x08000de0                printConsole
 .text.Custom_Console_IRQ
                0x08000e28       0x8c ./Drivers/Custom_RS485_Comm/Custom_RS485_Comm.o
                0x08000e28                Custom_Console_IRQ
 .text.Custom_Comm_Init
                0x08000eb4       0x6c ./Drivers/Custom_RS485_Comm/Custom_RS485_Comm.o
                0x08000eb4                Custom_Comm_Init
 .text.Custom_Comm_Send
                0x08000f20       0x38 ./Drivers/Custom_RS485_Comm/Custom_RS485_Comm.o
                0x08000f20                Custom_Comm_Send
 .text.Custom_Comm_Receive
                0x08000f58       0x90 ./Drivers/Custom_RS485_Comm/Custom_RS485_Comm.o
                0x08000f58                Custom_Comm_Receive
 .text.__NVIC_EnableIRQ
                0x08000fe8       0x3c ./Drivers/DMA/DMA.o
 .text.DMA1_Stream0_IRQHandler
                0x08001024      0x194 ./Drivers/DMA/DMA.o
                0x08001024                DMA1_Stream0_IRQHandler
 .text.DMA1_Stream1_IRQHandler
                0x080011b8      0x194 ./Drivers/DMA/DMA.o
                0x080011b8                DMA1_Stream1_IRQHandler
 .text.DMA1_Stream2_IRQHandler
                0x0800134c      0x1a4 ./Drivers/DMA/DMA.o
                0x0800134c                DMA1_Stream2_IRQHandler
 .text.DMA1_Stream3_IRQHandler
                0x080014f0      0x194 ./Drivers/DMA/DMA.o
                0x080014f0                DMA1_Stream3_IRQHandler
 .text.DMA1_Stream4_IRQHandler
                0x08001684      0x150 ./Drivers/DMA/DMA.o
                0x08001684                DMA1_Stream4_IRQHandler
 .text.DMA1_Stream5_IRQHandler
                0x080017d4      0x150 ./Drivers/DMA/DMA.o
                0x080017d4                DMA1_Stream5_IRQHandler
 .text.DMA1_Stream6_IRQHandler
                0x08001924      0x150 ./Drivers/DMA/DMA.o
                0x08001924                DMA1_Stream6_IRQHandler
 .text.DMA1_Stream7_IRQHandler
                0x08001a74      0x150 ./Drivers/DMA/DMA.o
                0x08001a74                DMA1_Stream7_IRQHandler
 .text.DMA2_Stream0_IRQHandler
                0x08001bc4      0x194 ./Drivers/DMA/DMA.o
                0x08001bc4                DMA2_Stream0_IRQHandler
 .text.DMA2_Stream1_IRQHandler
                0x08001d58      0x150 ./Drivers/DMA/DMA.o
                0x08001d58                DMA2_Stream1_IRQHandler
 .text.DMA2_Stream2_IRQHandler
                0x08001ea8      0x150 ./Drivers/DMA/DMA.o
                0x08001ea8                DMA2_Stream2_IRQHandler
 .text.DMA2_Stream3_IRQHandler
                0x08001ff8      0x194 ./Drivers/DMA/DMA.o
                0x08001ff8                DMA2_Stream3_IRQHandler
 .text.DMA2_Stream4_IRQHandler
                0x0800218c      0x150 ./Drivers/DMA/DMA.o
                0x0800218c                DMA2_Stream4_IRQHandler
 .text.DMA2_Stream5_IRQHandler
                0x080022dc      0x150 ./Drivers/DMA/DMA.o
                0x080022dc                DMA2_Stream5_IRQHandler
 .text.DMA2_Stream6_IRQHandler
                0x0800242c      0x150 ./Drivers/DMA/DMA.o
                0x0800242c                DMA2_Stream6_IRQHandler
 .text.DMA2_Stream7_IRQHandler
                0x0800257c      0x150 ./Drivers/DMA/DMA.o
                0x0800257c                DMA2_Stream7_IRQHandler
 .text.DMA_Clock_Enable
                0x080026cc       0x4c ./Drivers/DMA/DMA.o
                0x080026cc                DMA_Clock_Enable
 .text.DMA_Init
                0x08002718      0x3e4 ./Drivers/DMA/DMA.o
                0x08002718                DMA_Init
 .text.DMA_Set_Target
                0x08002afc       0xbe ./Drivers/DMA/DMA.o
                0x08002afc                DMA_Set_Target
 *fill*         0x08002bba        0x2 
 .text.DMA_Set_Trigger
                0x08002bbc      0x168 ./Drivers/DMA/DMA.o
                0x08002bbc                DMA_Set_Trigger
 .text.DMA_Memory_To_Memory_Transfer
                0x08002d24      0x194 ./Drivers/DMA/DMA.o
                0x08002d24                DMA_Memory_To_Memory_Transfer
 .text.Flash_Unlock
                0x08002eb8       0x30 ./Drivers/Flash/Flash.o
                0x08002eb8                Flash_Unlock
 .text.Flash_Lock
                0x08002ee8       0x20 ./Drivers/Flash/Flash.o
                0x08002ee8                Flash_Lock
 .text.Flash_Write_Enable
                0x08002f08       0x20 ./Drivers/Flash/Flash.o
                0x08002f08                Flash_Write_Enable
 .text.Flash_Write_Disable
                0x08002f28       0x20 ./Drivers/Flash/Flash.o
                0x08002f28                Flash_Write_Disable
 .text.Flash_Read_Single_Byte
                0x08002f48       0x1a ./Drivers/Flash/Flash.o
                0x08002f48                Flash_Read_Single_Byte
 *fill*         0x08002f62        0x2 
 .text.EXTI0_IRQHandler
                0x08002f64       0x2c ./Drivers/GPIO/GPIO.o
                0x08002f64                EXTI0_IRQHandler
 .text.EXTI1_IRQHandler
                0x08002f90       0x2c ./Drivers/GPIO/GPIO.o
                0x08002f90                EXTI1_IRQHandler
 .text.EXTI2_IRQHandler
                0x08002fbc       0x2c ./Drivers/GPIO/GPIO.o
                0x08002fbc                EXTI2_IRQHandler
 .text.EXTI3_IRQHandler
                0x08002fe8       0x2c ./Drivers/GPIO/GPIO.o
                0x08002fe8                EXTI3_IRQHandler
 .text.EXTI4_IRQHandler
                0x08003014       0x2c ./Drivers/GPIO/GPIO.o
                0x08003014                EXTI4_IRQHandler
 .text.EXTI9_5_IRQHandler
                0x08003040       0x68 ./Drivers/GPIO/GPIO.o
                0x08003040                EXTI9_5_IRQHandler
 .text.EXTI15_10_IRQHandler
                0x080030a8       0x68 ./Drivers/GPIO/GPIO.o
                0x080030a8                EXTI15_10_IRQHandler
 .text.GPIO_Clock_Enable
                0x08003110       0xec ./Drivers/GPIO/GPIO.o
                0x08003110                GPIO_Clock_Enable
 .text.GPIO_Pin_Init
                0x080031fc      0x14e ./Drivers/GPIO/GPIO.o
                0x080031fc                GPIO_Pin_Init
 *fill*         0x0800334a        0x2 
 .text.SysTick_Handler
                0x0800334c       0x24 ./Drivers/POST/POST.o
                0x0800334c                SysTick_Handler
 .text.CPU_RegisterTest
                0x08003370       0x86 ./Drivers/POST/POST.o
                0x08003370                CPU_RegisterTest
 *fill*         0x080033f6        0x2 
 .text.RAM_MarchCTest
                0x080033f8       0xd0 ./Drivers/POST/POST.o
                0x080033f8                RAM_MarchCTest
 .text.__NVIC_EnableIRQ
                0x080034c8       0x3c ./Drivers/USART/USART.o
 .text.__NVIC_SetPriority
                0x08003504       0x54 ./Drivers/USART/USART.o
 .text.SystemAPB1_Clock_Speed
                0x08003558       0x30 ./Drivers/USART/USART.o
 .text.SystemAPB2_Clock_Speed
                0x08003588       0x30 ./Drivers/USART/USART.o
 .text.separateFractionAndIntegral
                0x080035b8       0x4c ./Drivers/USART/USART.o
 .text.USART1_TX_ISR
                0x08003604       0x18 ./Drivers/USART/USART.o
                0x08003604                USART1_TX_ISR
 .text.USART1_RX_ISR
                0x0800361c       0x18 ./Drivers/USART/USART.o
                0x0800361c                USART1_RX_ISR
 .text.USART2_TX_ISR
                0x08003634       0x18 ./Drivers/USART/USART.o
                0x08003634                USART2_TX_ISR
 .text.USART2_RX_ISR
                0x0800364c       0x18 ./Drivers/USART/USART.o
                0x0800364c                USART2_RX_ISR
 .text.USART3_TX_ISR
                0x08003664       0x18 ./Drivers/USART/USART.o
                0x08003664                USART3_TX_ISR
 .text.USART3_RX_ISR
                0x0800367c       0x18 ./Drivers/USART/USART.o
                0x0800367c                USART3_RX_ISR
 .text.USART4_TX_ISR
                0x08003694       0x18 ./Drivers/USART/USART.o
                0x08003694                USART4_TX_ISR
 .text.USART4_RX_ISR
                0x080036ac       0x18 ./Drivers/USART/USART.o
                0x080036ac                USART4_RX_ISR
 .text.USART5_TX_ISR
                0x080036c4       0x18 ./Drivers/USART/USART.o
                0x080036c4                USART5_TX_ISR
 .text.USART5_RX_ISR
                0x080036dc       0x18 ./Drivers/USART/USART.o
                0x080036dc                USART5_RX_ISR
 .text.USART6_TX_ISR
                0x080036f4       0x18 ./Drivers/USART/USART.o
                0x080036f4                USART6_TX_ISR
 .text.USART6_RX_ISR
                0x0800370c       0x18 ./Drivers/USART/USART.o
                0x0800370c                USART6_RX_ISR
 .text.UART4_IRQHandler
                0x08003724      0x170 ./Drivers/USART/USART.o
                0x08003724                UART4_IRQHandler
 .text.USART1_IRQHandler
                0x08003894      0x170 ./Drivers/USART/USART.o
                0x08003894                USART1_IRQHandler
 .text.USART_Get_Instance_Number
                0x08003a04       0x84 ./Drivers/USART/USART.o
                0x08003a04                USART_Get_Instance_Number
 .text.USART_Config_Reset
                0x08003a88       0x3c ./Drivers/USART/USART.o
                0x08003a88                USART_Config_Reset
 .text.USART_Clock_Enable
                0x08003ac4       0xc8 ./Drivers/USART/USART.o
                0x08003ac4                USART_Clock_Enable
 .text.PIN_Setup
                0x08003b8c      0xb78 ./Drivers/USART/USART.o
 .text.USART_Init
                0x08004704      0x8c4 ./Drivers/USART/USART.o
                0x08004704                USART_Init
 .text.USART_TX_Buffer
                0x08004fc8      0x220 ./Drivers/USART/USART.o
                0x08004fc8                USART_TX_Buffer
 .text.USART_RX_Buffer
                0x080051e8      0x244 ./Drivers/USART/USART.o
                0x080051e8                USART_RX_Buffer
 .text.USART_TX_Single_Byte
                0x0800542c       0x32 ./Drivers/USART/USART.o
                0x0800542c                USART_TX_Single_Byte
 *fill*         0x0800545e        0x2 
 .text.__NVIC_SetPriority
                0x08005460       0x54 ./Src/main.o
 .text.__NVIC_SystemReset
                0x080054b4       0x2c ./Src/main.o
 .text.SysTick_Config
                0x080054e0       0x44 ./Src/main.o
 .text.MCU_Clock_Setup
                0x08005524      0x124 ./Src/main.o
 .text.MCU_Clock_DeInit
                0x08005648       0x60 ./Src/main.o
 .text.Delay_Config
                0x080056a8       0x30 ./Src/main.o
 .text.Delay_ms
                0x080056d8       0x50 ./Src/main.o
 .text.Delay_milli
                0x08005728       0x44 ./Src/main.o
 .text.Delay_s  0x0800576c       0x32 ./Src/main.o
 *fill*         0x0800579e        0x2 
 .text.Systick_DeInit
                0x080057a0       0x34 ./Src/main.o
 .text.GPIO_Pin_Low
                0x080057d4       0x2a ./Src/main.o
 .text.GPIO_Pin_Toggle
                0x080057fe       0x28 ./Src/main.o
 .text.GPIO_Pin_High
                0x08005826       0x28 ./Src/main.o
 *fill*         0x0800584e        0x2 
 .text.Validate_And_Execute_Command
                0x08005850       0xe8 ./Src/main.o
                0x08005850                Validate_And_Execute_Command
 .text.Bootloader
                0x08005938       0x60 ./Src/main.o
                0x08005938                Bootloader
 .text.main     0x08005998      0x1a8 ./Src/main.o
                0x08005998                main
 .text.Connect_Device_Func
                0x08005b40       0xf4 ./Src/main.o
                0x08005b40                Connect_Device_Func
 .text.Fetch_Info_Func
                0x08005c34       0xc4 ./Src/main.o
                0x08005c34                Fetch_Info_Func
 .text.Disconnect_Device_Func
                0x08005cf8       0xb8 ./Src/main.o
                0x08005cf8                Disconnect_Device_Func
 .text.Write_Firmware_Func
                0x08005db0       0xec ./Src/main.o
                0x08005db0                Write_Firmware_Func
 .text.Read_Firmware_Func
                0x08005e9c       0xa0 ./Src/main.o
                0x08005e9c                Read_Firmware_Func
 .text.Erase_Firmware_Func
                0x08005f3c       0xa0 ./Src/main.o
                0x08005f3c                Erase_Firmware_Func
 .text.Reboot_MCU_Func
                0x08005fdc       0x9c ./Src/main.o
                0x08005fdc                Reboot_MCU_Func
 .text.Check_Firmware_Presence
                0x08006078       0x40 ./Src/main.o
                0x08006078                Check_Firmware_Presence
 .text._sbrk    0x080060b8       0x6c ./Src/sysmem.o
                0x080060b8                _sbrk
 .text.SystemInit
                0x08006124       0x24 ./Src/system_stm32f4xx.o
                0x08006124                SystemInit
 .text.SystemCoreClockUpdate
                0x08006148      0x100 ./Src/system_stm32f4xx.o
                0x08006148                SystemCoreClockUpdate
 .text.Reset_Handler
                0x08006248       0x50 ./Startup/startup_stm32f407vgtx.o
                0x08006248                Reset_Handler
 .text.Default_Handler
                0x08006298        0x2 ./Startup/startup_stm32f407vgtx.o
                0x08006298                RTC_Alarm_IRQHandler
                0x08006298                HASH_RNG_IRQHandler
                0x08006298                TIM8_CC_IRQHandler
                0x08006298                DebugMon_Handler
                0x08006298                TIM1_CC_IRQHandler
                0x08006298                HardFault_Handler
                0x08006298                PVD_IRQHandler
                0x08006298                SDIO_IRQHandler
                0x08006298                TAMP_STAMP_IRQHandler
                0x08006298                PendSV_Handler
                0x08006298                NMI_Handler
                0x08006298                CAN2_RX1_IRQHandler
                0x08006298                TIM8_TRG_COM_TIM14_IRQHandler
                0x08006298                TIM1_UP_TIM10_IRQHandler
                0x08006298                TIM8_UP_TIM13_IRQHandler
                0x08006298                I2C3_ER_IRQHandler
                0x08006298                I2C2_EV_IRQHandler
                0x08006298                CAN1_RX0_IRQHandler
                0x08006298                FPU_IRQHandler
                0x08006298                OTG_HS_WKUP_IRQHandler
                0x08006298                UsageFault_Handler
                0x08006298                CAN2_SCE_IRQHandler
                0x08006298                SPI1_IRQHandler
                0x08006298                TIM6_DAC_IRQHandler
                0x08006298                TIM1_BRK_TIM9_IRQHandler
                0x08006298                DCMI_IRQHandler
                0x08006298                CAN2_RX0_IRQHandler
                0x08006298                USART6_IRQHandler
                0x08006298                USART3_IRQHandler
                0x08006298                CRYP_IRQHandler
                0x08006298                CAN1_RX1_IRQHandler
                0x08006298                UART5_IRQHandler
                0x08006298                TIM4_IRQHandler
                0x08006298                I2C1_EV_IRQHandler
                0x08006298                TIM3_IRQHandler
                0x08006298                RCC_IRQHandler
                0x08006298                TIM8_BRK_TIM12_IRQHandler
                0x08006298                Default_Handler
                0x08006298                ADC_IRQHandler
                0x08006298                TIM7_IRQHandler
                0x08006298                CAN2_TX_IRQHandler
                0x08006298                TIM5_IRQHandler
                0x08006298                I2C3_EV_IRQHandler
                0x08006298                RTC_WKUP_IRQHandler
                0x08006298                ETH_WKUP_IRQHandler
                0x08006298                SPI2_IRQHandler
                0x08006298                OTG_HS_EP1_IN_IRQHandler
                0x08006298                MemManage_Handler
                0x08006298                CAN1_TX_IRQHandler
                0x08006298                SVC_Handler
                0x08006298                FSMC_IRQHandler
                0x08006298                ETH_IRQHandler
                0x08006298                OTG_HS_EP1_OUT_IRQHandler
                0x08006298                WWDG_IRQHandler
                0x08006298                TIM2_IRQHandler
                0x08006298                OTG_FS_WKUP_IRQHandler
                0x08006298                TIM1_TRG_COM_TIM11_IRQHandler
                0x08006298                OTG_HS_IRQHandler
                0x08006298                USART2_IRQHandler
                0x08006298                I2C2_ER_IRQHandler
                0x08006298                CAN1_SCE_IRQHandler
                0x08006298                BusFault_Handler
                0x08006298                OTG_FS_IRQHandler
                0x08006298                SPI3_IRQHandler
                0x08006298                I2C1_ER_IRQHandler
 .text._vsnprintf_r
                0x0800629a       0x5c C:/ST/STM32CubeIDE_1.17.0/STM32CubeIDE/plugins/com.st.stm32cube.ide.mcu.externaltools.gnu-tools-for-stm32.13.3.rel1.win32_1.0.0.202411081344/tools/bin/../lib/gcc/arm-none-eabi/13.3.1/../../../../arm-none-eabi/lib/thumb/v7e-m+fp/hard\libc_nano.a(libc_a-vsnprintf.o)
                0x0800629a                _vsniprintf_r
                0x0800629a                _vsnprintf_r
 *fill*         0x080062f6        0x2 
 .text.vsnprintf
                0x080062f8       0x1c C:/ST/STM32CubeIDE_1.17.0/STM32CubeIDE/plugins/com.st.stm32cube.ide.mcu.externaltools.gnu-tools-for-stm32.13.3.rel1.win32_1.0.0.202411081344/tools/bin/../lib/gcc/arm-none-eabi/13.3.1/../../../../arm-none-eabi/lib/thumb/v7e-m+fp/hard\libc_nano.a(libc_a-vsnprintf.o)
                0x080062f8                vsniprintf
                0x080062f8                vsnprintf
 .text.__errno  0x08006314        0xc C:/ST/STM32CubeIDE_1.17.0/STM32CubeIDE/plugins/com.st.stm32cube.ide.mcu.externaltools.gnu-tools-for-stm32.13.3.rel1.win32_1.0.0.202411081344/tools/bin/../lib/gcc/arm-none-eabi/13.3.1/../../../../arm-none-eabi/lib/thumb/v7e-m+fp/hard\libc_nano.a(libc_a-errno.o)
                0x08006314                __errno
 .text.__libc_init_array
                0x08006320       0x48 C:/ST/STM32CubeIDE_1.17.0/STM32CubeIDE/plugins/com.st.stm32cube.ide.mcu.externaltools.gnu-tools-for-stm32.13.3.rel1.win32_1.0.0.202411081344/tools/bin/../lib/gcc/arm-none-eabi/13.3.1/../../../../arm-none-eabi/lib/thumb/v7e-m+fp/hard\libc_nano.a(libc_a-init.o)
                0x08006320                __libc_init_array
 .text.__retarget_lock_acquire_recursive
                0x08006368        0x2 C:/ST/STM32CubeIDE_1.17.0/STM32CubeIDE/plugins/com.st.stm32cube.ide.mcu.externaltools.gnu-tools-for-stm32.13.3.rel1.win32_1.0.0.202411081344/tools/bin/../lib/gcc/arm-none-eabi/13.3.1/../../../../arm-none-eabi/lib/thumb/v7e-m+fp/hard\libc_nano.a(libc_a-lock.o)
                0x08006368                __retarget_lock_acquire_recursive
 .text.__retarget_lock_release_recursive
                0x0800636a        0x2 C:/ST/STM32CubeIDE_1.17.0/STM32CubeIDE/plugins/com.st.stm32cube.ide.mcu.externaltools.gnu-tools-for-stm32.13.3.rel1.win32_1.0.0.202411081344/tools/bin/../lib/gcc/arm-none-eabi/13.3.1/../../../../arm-none-eabi/lib/thumb/v7e-m+fp/hard\libc_nano.a(libc_a-lock.o)
                0x0800636a                __retarget_lock_release_recursive
 .text.memcpy   0x0800636c       0x1c C:/ST/STM32CubeIDE_1.17.0/STM32CubeIDE/plugins/com.st.stm32cube.ide.mcu.externaltools.gnu-tools-for-stm32.13.3.rel1.win32_1.0.0.202411081344/tools/bin/../lib/gcc/arm-none-eabi/13.3.1/../../../../arm-none-eabi/lib/thumb/v7e-m+fp/hard\libc_nano.a(libc_a-memcpy-stub.o)
                0x0800636c                memcpy
 .text._free_r  0x08006388       0x94 C:/ST/STM32CubeIDE_1.17.0/STM32CubeIDE/plugins/com.st.stm32cube.ide.mcu.externaltools.gnu-tools-for-stm32.13.3.rel1.win32_1.0.0.202411081344/tools/bin/../lib/gcc/arm-none-eabi/13.3.1/../../../../arm-none-eabi/lib/thumb/v7e-m+fp/hard\libc_nano.a(libc_a-freer.o)
                0x08006388                _free_r
 .text.sbrk_aligned
                0x0800641c       0x44 C:/ST/STM32CubeIDE_1.17.0/STM32CubeIDE/plugins/com.st.stm32cube.ide.mcu.externaltools.gnu-tools-for-stm32.13.3.rel1.win32_1.0.0.202411081344/tools/bin/../lib/gcc/arm-none-eabi/13.3.1/../../../../arm-none-eabi/lib/thumb/v7e-m+fp/hard\libc_nano.a(libc_a-mallocr.o)
 .text._malloc_r
                0x08006460      0x100 C:/ST/STM32CubeIDE_1.17.0/STM32CubeIDE/plugins/com.st.stm32cube.ide.mcu.externaltools.gnu-tools-for-stm32.13.3.rel1.win32_1.0.0.202411081344/tools/bin/../lib/gcc/arm-none-eabi/13.3.1/../../../../arm-none-eabi/lib/thumb/v7e-m+fp/hard\libc_nano.a(libc_a-mallocr.o)
                0x08006460                _malloc_r
 .text.__malloc_lock
                0x08006560        0xc C:/ST/STM32CubeIDE_1.17.0/STM32CubeIDE/plugins/com.st.stm32cube.ide.mcu.externaltools.gnu-tools-for-stm32.13.3.rel1.win32_1.0.0.202411081344/tools/bin/../lib/gcc/arm-none-eabi/13.3.1/../../../../arm-none-eabi/lib/thumb/v7e-m+fp/hard\libc_nano.a(libc_a-mlock.o)
                0x08006560                __malloc_lock
 .text.__malloc_unlock
                0x0800656c        0xc C:/ST/STM32CubeIDE_1.17.0/STM32CubeIDE/plugins/com.st.stm32cube.ide.mcu.externaltools.gnu-tools-for-stm32.13.3.rel1.win32_1.0.0.202411081344/tools/bin/../lib/gcc/arm-none-eabi/13.3.1/../../../../arm-none-eabi/lib/thumb/v7e-m+fp/hard\libc_nano.a(libc_a-mlock.o)
                0x0800656c                __malloc_unlock
 .text.__ssputs_r
                0x08006578       0xb6 C:/ST/STM32CubeIDE_1.17.0/STM32CubeIDE/plugins/com.st.stm32cube.ide.mcu.externaltools.gnu-tools-for-stm32.13.3.rel1.win32_1.0.0.202411081344/tools/bin/../lib/gcc/arm-none-eabi/13.3.1/../../../../arm-none-eabi/lib/thumb/v7e-m+fp/hard\libc_nano.a(libc_a-nano-svfprintf.o)
                0x08006578                __ssputs_r
 *fill*         0x0800662e        0x2 
 .text._svfprintf_r
                0x08006630      0x1f8 C:/ST/STM32CubeIDE_1.17.0/STM32CubeIDE/plugins/com.st.stm32cube.ide.mcu.externaltools.gnu-tools-for-stm32.13.3.rel1.win32_1.0.0.202411081344/tools/bin/../lib/gcc/arm-none-eabi/13.3.1/../../../../arm-none-eabi/lib/thumb/v7e-m+fp/hard\libc_nano.a(libc_a-nano-svfprintf.o)
                0x08006630                _svfiprintf_r
                0x08006630                _svfprintf_r
 .text._printf_common
                0x08006828       0xda C:/ST/STM32CubeIDE_1.17.0/STM32CubeIDE/plugins/com.st.stm32cube.ide.mcu.externaltools.gnu-tools-for-stm32.13.3.rel1.win32_1.0.0.202411081344/tools/bin/../lib/gcc/arm-none-eabi/13.3.1/../../../../arm-none-eabi/lib/thumb/v7e-m+fp/hard\libc_nano.a(libc_a-nano-vfprintf_i.o)
                0x08006828                _printf_common
 *fill*         0x08006902        0x2 
 .text._printf_i
                0x08006904      0x23c C:/ST/STM32CubeIDE_1.17.0/STM32CubeIDE/plugins/com.st.stm32cube.ide.mcu.externaltools.gnu-tools-for-stm32.13.3.rel1.win32_1.0.0.202411081344/tools/bin/../lib/gcc/arm-none-eabi/13.3.1/../../../../arm-none-eabi/lib/thumb/v7e-m+fp/hard\libc_nano.a(libc_a-nano-vfprintf_i.o)
                0x08006904                _printf_i
 .text.memmove  0x08006b40       0x34 C:/ST/STM32CubeIDE_1.17.0/STM32CubeIDE/plugins/com.st.stm32cube.ide.mcu.externaltools.gnu-tools-for-stm32.13.3.rel1.win32_1.0.0.202411081344/tools/bin/../lib/gcc/arm-none-eabi/13.3.1/../../../../arm-none-eabi/lib/thumb/v7e-m+fp/hard\libc_nano.a(libc_a-memmove.o)
                0x08006b40                memmove
 .text._sbrk_r  0x08006b74       0x20 C:/ST/STM32CubeIDE_1.17.0/STM32CubeIDE/plugins/com.st.stm32cube.ide.mcu.externaltools.gnu-tools-for-stm32.13.3.rel1.win32_1.0.0.202411081344/tools/bin/../lib/gcc/arm-none-eabi/13.3.1/../../../../arm-none-eabi/lib/thumb/v7e-m+fp/hard\libc_nano.a(libc_a-sbrkr.o)
                0x08006b74                _sbrk_r
 .text._realloc_r
                0x08006b94       0x5c C:/ST/STM32CubeIDE_1.17.0/STM32CubeIDE/plugins/com.st.stm32cube.ide.mcu.externaltools.gnu-tools-for-stm32.13.3.rel1.win32_1.0.0.202411081344/tools/bin/../lib/gcc/arm-none-eabi/13.3.1/../../../../arm-none-eabi/lib/thumb/v7e-m+fp/hard\libc_nano.a(libc_a-reallocr.o)
                0x08006b94                _realloc_r
 .text._malloc_usable_size_r
                0x08006bf0       0x10 C:/ST/STM32CubeIDE_1.17.0/STM32CubeIDE/plugins/com.st.stm32cube.ide.mcu.externaltools.gnu-tools-for-stm32.13.3.rel1.win32_1.0.0.202411081344/tools/bin/../lib/gcc/arm-none-eabi/13.3.1/../../../../arm-none-eabi/lib/thumb/v7e-m+fp/hard\libc_nano.a(libc_a-msizer.o)
                0x08006bf0                _malloc_usable_size_r
 .text.ceil     0x08006c00       0xf8 C:/ST/STM32CubeIDE_1.17.0/STM32CubeIDE/plugins/com.st.stm32cube.ide.mcu.externaltools.gnu-tools-for-stm32.13.3.rel1.win32_1.0.0.202411081344/tools/bin/../lib/gcc/arm-none-eabi/13.3.1/../../../../arm-none-eabi/lib/thumb/v7e-m+fp/hard\libm.a(libm_a-s_ceil.o)
                0x08006c00                ceil
 *(.glue_7)
 .glue_7        0x08006cf8        0x0 linker stubs
 *(.glue_7t)
 .glue_7t       0x08006cf8        0x0 linker stubs
 *(.eh_frame)
 .eh_frame      0x08006cf8        0x0 C:/ST/STM32CubeIDE_1.17.0/STM32CubeIDE/plugins/com.st.stm32cube.ide.mcu.externaltools.gnu-tools-for-stm32.13.3.rel1.win32_1.0.0.202411081344/tools/bin/../lib/gcc/arm-none-eabi/13.3.1/thumb/v7e-m+fp/hard/crtbegin.o
 *(.init)
 .init          0x08006cf8        0x4 C:/ST/STM32CubeIDE_1.17.0/STM32CubeIDE/plugins/com.st.stm32cube.ide.mcu.externaltools.gnu-tools-for-stm32.13.3.rel1.win32_1.0.0.202411081344/tools/bin/../lib/gcc/arm-none-eabi/13.3.1/thumb/v7e-m+fp/hard/crti.o
                0x08006cf8                _init
 .init          0x08006cfc        0x8 C:/ST/STM32CubeIDE_1.17.0/STM32CubeIDE/plugins/com.st.stm32cube.ide.mcu.externaltools.gnu-tools-for-stm32.13.3.rel1.win32_1.0.0.202411081344/tools/bin/../lib/gcc/arm-none-eabi/13.3.1/thumb/v7e-m+fp/hard/crtn.o
 *(.fini)
 .fini          0x08006d04        0x4 C:/ST/STM32CubeIDE_1.17.0/STM32CubeIDE/plugins/com.st.stm32cube.ide.mcu.externaltools.gnu-tools-for-stm32.13.3.rel1.win32_1.0.0.202411081344/tools/bin/../lib/gcc/arm-none-eabi/13.3.1/thumb/v7e-m+fp/hard/crti.o
                0x08006d04                _fini
 .fini          0x08006d08        0x8 C:/ST/STM32CubeIDE_1.17.0/STM32CubeIDE/plugins/com.st.stm32cube.ide.mcu.externaltools.gnu-tools-for-stm32.13.3.rel1.win32_1.0.0.202411081344/tools/bin/../lib/gcc/arm-none-eabi/13.3.1/thumb/v7e-m+fp/hard/crtn.o
                0x08006d10                        . = ALIGN (0x4)
                0x08006d10                        _etext = .

.vfp11_veneer   0x08006d10        0x0
 .vfp11_veneer  0x08006d10        0x0 linker stubs

.v4_bx          0x08006d10        0x0
 .v4_bx         0x08006d10        0x0 linker stubs

.iplt           0x08006d10        0x0
 .iplt          0x08006d10        0x0 C:/ST/STM32CubeIDE_1.17.0/STM32CubeIDE/plugins/com.st.stm32cube.ide.mcu.externaltools.gnu-tools-for-stm32.13.3.rel1.win32_1.0.0.202411081344/tools/bin/../lib/gcc/arm-none-eabi/13.3.1/thumb/v7e-m+fp/hard/crtbegin.o

.app_section    0x08010000        0x0
                0x08010000                        . = ALIGN (0x4)
                0x08010000                        __app_section_start__ = .
 *(.app_section*)
                0x08010000                        __app_section_end__ = .

.rodata         0x08006d10      0x4dc
                0x08006d10                        . = ALIGN (0x4)
 *(.rodata)
 .rodata        0x08006d10       0x46 ./Src/main.o
 *(.rodata*)
 *fill*         0x08006d56        0x2 
 .rodata.LIFCR_Shifts.1
                0x08006d58        0x4 ./Drivers/DMA/DMA.o
 .rodata.HIFCR_Shifts.0
                0x08006d5c        0x4 ./Drivers/DMA/DMA.o
 .rodata.DMA_Configuration
                0x08006d60      0x404 ./Drivers/USART/USART.o
 .rodata.command_table
                0x08007164       0x38 ./Src/main.o
                0x08007164                command_table
 .rodata.buffer1
                0x0800719c        0x3 ./Src/main.o
                0x0800719c                buffer1
 *fill*         0x0800719f        0x1 
 .rodata.AHBPrescTable
                0x080071a0       0x10 ./Src/system_stm32f4xx.o
                0x080071a0                AHBPrescTable
 .rodata.APBPrescTable
                0x080071b0        0x8 ./Src/system_stm32f4xx.o
                0x080071b0                APBPrescTable
 .rodata._svfprintf_r.str1.1
                0x080071b8       0x33 C:/ST/STM32CubeIDE_1.17.0/STM32CubeIDE/plugins/com.st.stm32cube.ide.mcu.externaltools.gnu-tools-for-stm32.13.3.rel1.win32_1.0.0.202411081344/tools/bin/../lib/gcc/arm-none-eabi/13.3.1/../../../../arm-none-eabi/lib/thumb/v7e-m+fp/hard\libc_nano.a(libc_a-nano-svfprintf.o)
                                 0x11 (size before relaxing)
 .rodata._printf_i.str1.1
                0x080071eb       0x22 C:/ST/STM32CubeIDE_1.17.0/STM32CubeIDE/plugins/com.st.stm32cube.ide.mcu.externaltools.gnu-tools-for-stm32.13.3.rel1.win32_1.0.0.202411081344/tools/bin/../lib/gcc/arm-none-eabi/13.3.1/../../../../arm-none-eabi/lib/thumb/v7e-m+fp/hard\libc_nano.a(libc_a-nano-vfprintf_i.o)
                0x08007210                        . = ALIGN (0x4)
 *fill*         0x080071eb        0x1 

.ARM.extab      0x080071ec        0x0
                0x080071ec                        . = ALIGN (0x4)
 *(.ARM.extab* .gnu.linkonce.armextab.*)
                0x080071ec                        . = ALIGN (0x4)

.ARM            0x080071ec        0x8
                0x080071ec                        . = ALIGN (0x4)
                0x080071ec                        __exidx_start = .
 *(.ARM.exidx*)
 .ARM.exidx     0x080071ec        0x8 C:/ST/STM32CubeIDE_1.17.0/STM32CubeIDE/plugins/com.st.stm32cube.ide.mcu.externaltools.gnu-tools-for-stm32.13.3.rel1.win32_1.0.0.202411081344/tools/bin/../lib/gcc/arm-none-eabi/13.3.1/../../../../arm-none-eabi/lib/thumb/v7e-m+fp/hard\libc_nano.a(libc_a-strlen.o)
 .ARM.exidx     0x080071f4        0x0 C:/ST/STM32CubeIDE_1.17.0/STM32CubeIDE/plugins/com.st.stm32cube.ide.mcu.externaltools.gnu-tools-for-stm32.13.3.rel1.win32_1.0.0.202411081344/tools/bin/../lib/gcc/arm-none-eabi/13.3.1/../../../../arm-none-eabi/lib/thumb/v7e-m+fp/hard\libc_nano.a(libc_a-memchr.o)
                                  0x8 (size before relaxing)
                0x080071f4                        __exidx_end = .
                0x080071f4                        . = ALIGN (0x4)

.preinit_array  0x080071f4        0x0
                0x080071f4                        . = ALIGN (0x4)
                0x080071f4                        PROVIDE (__preinit_array_start = .)
 *(.preinit_array*)
                0x080071f4                        PROVIDE (__preinit_array_end = .)
                0x080071f4                        . = ALIGN (0x4)

.init_array     0x080071f4        0x4
                0x080071f4                        . = ALIGN (0x4)
                0x080071f4                        PROVIDE (__init_array_start = .)
 *(SORT_BY_NAME(.init_array.*))
 *(.init_array*)
 .init_array    0x080071f4        0x4 C:/ST/STM32CubeIDE_1.17.0/STM32CubeIDE/plugins/com.st.stm32cube.ide.mcu.externaltools.gnu-tools-for-stm32.13.3.rel1.win32_1.0.0.202411081344/tools/bin/../lib/gcc/arm-none-eabi/13.3.1/thumb/v7e-m+fp/hard/crtbegin.o
                0x080071f8                        PROVIDE (__init_array_end = .)
                0x080071f8                        . = ALIGN (0x4)

.fini_array     0x080071f8        0x4
                0x080071f8                        . = ALIGN (0x4)
                [!provide]                        PROVIDE (__fini_array_start = .)
 *(SORT_BY_NAME(.fini_array.*))
 *(.fini_array*)
 .fini_array    0x080071f8        0x4 C:/ST/STM32CubeIDE_1.17.0/STM32CubeIDE/plugins/com.st.stm32cube.ide.mcu.externaltools.gnu-tools-for-stm32.13.3.rel1.win32_1.0.0.202411081344/tools/bin/../lib/gcc/arm-none-eabi/13.3.1/thumb/v7e-m+fp/hard/crtbegin.o
                [!provide]                        PROVIDE (__fini_array_end = .)
                0x080071fc                        . = ALIGN (0x4)
                0x080071fc                        _sidata = LOADADDR (.data)

.rel.dyn        0x080071fc        0x0
 .rel.iplt      0x080071fc        0x0 C:/ST/STM32CubeIDE_1.17.0/STM32CubeIDE/plugins/com.st.stm32cube.ide.mcu.externaltools.gnu-tools-for-stm32.13.3.rel1.win32_1.0.0.202411081344/tools/bin/../lib/gcc/arm-none-eabi/13.3.1/thumb/v7e-m+fp/hard/crtbegin.o

.data           0x20000000       0x54 load address 0x080071fc
                0x20000000                        . = ALIGN (0x4)
                0x20000000                        _sdata = .
 *(.data)
 *(.data*)
 .data.SystemCoreClock
                0x20000000        0x4 ./Src/system_stm32f4xx.o
                0x20000000                SystemCoreClock
 .data._impure_ptr
                0x20000004        0x4 C:/ST/STM32CubeIDE_1.17.0/STM32CubeIDE/plugins/com.st.stm32cube.ide.mcu.externaltools.gnu-tools-for-stm32.13.3.rel1.win32_1.0.0.202411081344/tools/bin/../lib/gcc/arm-none-eabi/13.3.1/../../../../arm-none-eabi/lib/thumb/v7e-m+fp/hard\libc_nano.a(libc_a-impure.o)
                0x20000004                _impure_ptr
 .data._impure_data
                0x20000008       0x4c C:/ST/STM32CubeIDE_1.17.0/STM32CubeIDE/plugins/com.st.stm32cube.ide.mcu.externaltools.gnu-tools-for-stm32.13.3.rel1.win32_1.0.0.202411081344/tools/bin/../lib/gcc/arm-none-eabi/13.3.1/../../../../arm-none-eabi/lib/thumb/v7e-m+fp/hard\libc_nano.a(libc_a-impure.o)
                0x20000008                _impure_data
 *(.RamFunc)
 *(.RamFunc*)
                0x20000054                        . = ALIGN (0x4)
                0x20000054                        _edata = .
                0x08007250                        _siccmram = LOADADDR (.ccmram)

.igot.plt       0x20000054        0x0 load address 0x08007250
 .igot.plt      0x20000054        0x0 C:/ST/STM32CubeIDE_1.17.0/STM32CubeIDE/plugins/com.st.stm32cube.ide.mcu.externaltools.gnu-tools-for-stm32.13.3.rel1.win32_1.0.0.202411081344/tools/bin/../lib/gcc/arm-none-eabi/13.3.1/thumb/v7e-m+fp/hard/crtbegin.o

.ccmram         0x10000000        0x0 load address 0x08007250
                0x10000000                        . = ALIGN (0x4)
                0x10000000                        _sccmram = .
 *(.ccmram)
 *(.ccmram*)
                0x10000000                        . = ALIGN (0x4)
                0x10000000                        _eccmram = .
                0x10000000                        . = ALIGN (0x4)

.bss            0x20000054      0xaf8
                0x20000054                        _sbss = .
                0x20000054                        __bss_start__ = _sbss
 *(.bss)
 .bss           0x20000054       0x1c C:/ST/STM32CubeIDE_1.17.0/STM32CubeIDE/plugins/com.st.stm32cube.ide.mcu.externaltools.gnu-tools-for-stm32.13.3.rel1.win32_1.0.0.202411081344/tools/bin/../lib/gcc/arm-none-eabi/13.3.1/thumb/v7e-m+fp/hard/crtbegin.o
 *(.bss*)
 .bss.rx_get_flag
                0x20000070        0x4 ./Drivers/Console/Console.o
                0x20000070                rx_get_flag
 .bss.rx_flag   0x20000074        0x4 ./Drivers/Console/Console.o
                0x20000074                rx_flag
 .bss.RX_Length
                0x20000078        0x4 ./Drivers/Console/Console.o
                0x20000078                RX_Length
 .bss.TRX_Buffer
                0x2000007c       0xc8 ./Drivers/Console/Console.o
                0x2000007c                TRX_Buffer
 .bss.serial    0x20000144       0xe4 ./Drivers/Console/Console.o
                0x20000144                serial
 .bss.custom_rx_get_flag
                0x20000228        0x4 ./Drivers/Custom_RS485_Comm/Custom_RS485_Comm.o
                0x20000228                custom_rx_get_flag
 .bss.custom_rx_flag
                0x2000022c        0x4 ./Drivers/Custom_RS485_Comm/Custom_RS485_Comm.o
                0x2000022c                custom_rx_flag
 .bss.Custom_RX_Length
                0x20000230        0x4 ./Drivers/Custom_RS485_Comm/Custom_RS485_Comm.o
                0x20000230                Custom_RX_Length
 .bss.Custom_TRX_Buffer
                0x20000234      0x100 ./Drivers/Custom_RS485_Comm/Custom_RS485_Comm.o
                0x20000234                Custom_TRX_Buffer
 .bss.Custom_Comm
                0x20000334       0xe4 ./Drivers/Custom_RS485_Comm/Custom_RS485_Comm.o
                0x20000334                Custom_Comm
 .bss.__DMA1_Stream0_Config__
                0x20000418        0x4 ./Drivers/DMA/DMA.o
                0x20000418                __DMA1_Stream0_Config__
 .bss.__DMA1_Stream1_Config__
                0x2000041c        0x4 ./Drivers/DMA/DMA.o
                0x2000041c                __DMA1_Stream1_Config__
 .bss.__DMA1_Stream2_Config__
                0x20000420        0x4 ./Drivers/DMA/DMA.o
                0x20000420                __DMA1_Stream2_Config__
 .bss.__DMA1_Stream3_Config__
                0x20000424        0x4 ./Drivers/DMA/DMA.o
                0x20000424                __DMA1_Stream3_Config__
 .bss.__DMA1_Stream4_Config__
                0x20000428        0x4 ./Drivers/DMA/DMA.o
                0x20000428                __DMA1_Stream4_Config__
 .bss.__DMA1_Stream5_Config__
                0x2000042c        0x4 ./Drivers/DMA/DMA.o
                0x2000042c                __DMA1_Stream5_Config__
 .bss.__DMA1_Stream6_Config__
                0x20000430        0x4 ./Drivers/DMA/DMA.o
                0x20000430                __DMA1_Stream6_Config__
 .bss.__DMA1_Stream7_Config__
                0x20000434        0x4 ./Drivers/DMA/DMA.o
                0x20000434                __DMA1_Stream7_Config__
 .bss.__DMA2_Stream0_Config__
                0x20000438        0x4 ./Drivers/DMA/DMA.o
                0x20000438                __DMA2_Stream0_Config__
 .bss.__DMA2_Stream1_Config__
                0x2000043c        0x4 ./Drivers/DMA/DMA.o
                0x2000043c                __DMA2_Stream1_Config__
 .bss.__DMA2_Stream2_Config__
                0x20000440        0x4 ./Drivers/DMA/DMA.o
                0x20000440                __DMA2_Stream2_Config__
 .bss.__DMA2_Stream3_Config__
                0x20000444        0x4 ./Drivers/DMA/DMA.o
                0x20000444                __DMA2_Stream3_Config__
 .bss.__DMA2_Stream4_Config__
                0x20000448        0x4 ./Drivers/DMA/DMA.o
                0x20000448                __DMA2_Stream4_Config__
 .bss.__DMA2_Stream5_Config__
                0x2000044c        0x4 ./Drivers/DMA/DMA.o
                0x2000044c                __DMA2_Stream5_Config__
 .bss.__DMA2_Stream6_Config__
                0x20000450        0x4 ./Drivers/DMA/DMA.o
                0x20000450                __DMA2_Stream6_Config__
 .bss.__DMA2_Stream7_Config__
                0x20000454        0x4 ./Drivers/DMA/DMA.o
                0x20000454                __DMA2_Stream7_Config__
 .bss.DMA_LISR  0x20000458        0x4 ./Drivers/DMA/DMA.o
                0x20000458                DMA_LISR
 .bss.DMA_HISR  0x2000045c        0x4 ./Drivers/DMA/DMA.o
                0x2000045c                DMA_HISR
 .bss.EXTI_ISR  0x20000460       0x40 ./Drivers/GPIO/GPIO.o
                0x20000460                EXTI_ISR
 .bss.systick_flag
                0x200004a0        0x1 ./Drivers/POST/POST.o
                0x200004a0                systick_flag
 *fill*         0x200004a1        0x3 
 .bss.xUSART_RX
                0x200004a4      0x210 ./Drivers/USART/USART.o
                0x200004a4                xUSART_RX
 .bss.xUSART_TX
                0x200006b4      0x210 ./Drivers/USART/USART.o
                0x200006b4                xUSART_TX
 .bss.usart_dma_instance_number
                0x200008c4        0x1 ./Drivers/USART/USART.o
                0x200008c4                usart_dma_instance_number
 *fill*         0x200008c5        0x3 
 .bss.__usart_1_config__
                0x200008c8        0x4 ./Drivers/USART/USART.o
                0x200008c8                __usart_1_config__
 .bss.__usart_2_config__
                0x200008cc        0x4 ./Drivers/USART/USART.o
                0x200008cc                __usart_2_config__
 .bss.__usart_3_config__
                0x200008d0        0x4 ./Drivers/USART/USART.o
                0x200008d0                __usart_3_config__
 .bss.__usart_4_config__
                0x200008d4        0x4 ./Drivers/USART/USART.o
                0x200008d4                __usart_4_config__
 .bss.__usart_5_config__
                0x200008d8        0x4 ./Drivers/USART/USART.o
                0x200008d8                __usart_5_config__
 .bss.USART_SR  0x200008dc        0x2 ./Drivers/USART/USART.o
                0x200008dc                USART_SR
 .bss.U1TX_Complete
                0x200008de        0x1 ./Drivers/USART/USART.o
                0x200008de                U1TX_Complete
 .bss.U1RX_Complete
                0x200008df        0x1 ./Drivers/USART/USART.o
                0x200008df                U1RX_Complete
 .bss.U2TX_Complete
                0x200008e0        0x1 ./Drivers/USART/USART.o
                0x200008e0                U2TX_Complete
 .bss.U2RX_Complete
                0x200008e1        0x1 ./Drivers/USART/USART.o
                0x200008e1                U2RX_Complete
 .bss.U3TX_Complete
                0x200008e2        0x1 ./Drivers/USART/USART.o
                0x200008e2                U3TX_Complete
 .bss.U3RX_Complete
                0x200008e3        0x1 ./Drivers/USART/USART.o
                0x200008e3                U3RX_Complete
 .bss.U4TX_Complete
                0x200008e4        0x1 ./Drivers/USART/USART.o
                0x200008e4                U4TX_Complete
 .bss.U4RX_Complete
                0x200008e5        0x1 ./Drivers/USART/USART.o
                0x200008e5                U4RX_Complete
 .bss.U5TX_Complete
                0x200008e6        0x1 ./Drivers/USART/USART.o
                0x200008e6                U5TX_Complete
 .bss.U5RX_Complete
                0x200008e7        0x1 ./Drivers/USART/USART.o
                0x200008e7                U5RX_Complete
 .bss.U6TX_Complete
                0x200008e8        0x1 ./Drivers/USART/USART.o
                0x200008e8                U6TX_Complete
 .bss.U6RX_Complete
                0x200008e9        0x1 ./Drivers/USART/USART.o
                0x200008e9                U6RX_Complete
 *fill*         0x200008ea        0x2 
 .bss.buffer    0x200008ec      0x10a ./Src/main.o
                0x200008ec                buffer
 .bss.len       0x200009f6        0x2 ./Src/main.o
                0x200009f6                len
 .bss.CRC_Rec1  0x200009f8        0x4 ./Src/main.o
                0x200009f8                CRC_Rec1
 .bss.result    0x200009fc        0x1 ./Src/main.o
                0x200009fc                result
 *fill*         0x200009fd        0x3 
 .bss.__sbrk_heap_end
                0x20000a00        0x4 ./Src/sysmem.o
 .bss.__sf      0x20000a04      0x138 C:/ST/STM32CubeIDE_1.17.0/STM32CubeIDE/plugins/com.st.stm32cube.ide.mcu.externaltools.gnu-tools-for-stm32.13.3.rel1.win32_1.0.0.202411081344/tools/bin/../lib/gcc/arm-none-eabi/13.3.1/../../../../arm-none-eabi/lib/thumb/v7e-m+fp/hard\libc_nano.a(libc_a-findfp.o)
                0x20000a04                __sf
 .bss.errno     0x20000b3c        0x4 C:/ST/STM32CubeIDE_1.17.0/STM32CubeIDE/plugins/com.st.stm32cube.ide.mcu.externaltools.gnu-tools-for-stm32.13.3.rel1.win32_1.0.0.202411081344/tools/bin/../lib/gcc/arm-none-eabi/13.3.1/../../../../arm-none-eabi/lib/thumb/v7e-m+fp/hard\libc_nano.a(libc_a-reent.o)
                0x20000b3c                errno
 .bss.__lock___malloc_recursive_mutex
                0x20000b40        0x1 C:/ST/STM32CubeIDE_1.17.0/STM32CubeIDE/plugins/com.st.stm32cube.ide.mcu.externaltools.gnu-tools-for-stm32.13.3.rel1.win32_1.0.0.202411081344/tools/bin/../lib/gcc/arm-none-eabi/13.3.1/../../../../arm-none-eabi/lib/thumb/v7e-m+fp/hard\libc_nano.a(libc_a-lock.o)
                0x20000b40                __lock___malloc_recursive_mutex
 *fill*         0x20000b41        0x3 
 .bss.__malloc_sbrk_start
                0x20000b44        0x4 C:/ST/STM32CubeIDE_1.17.0/STM32CubeIDE/plugins/com.st.stm32cube.ide.mcu.externaltools.gnu-tools-for-stm32.13.3.rel1.win32_1.0.0.202411081344/tools/bin/../lib/gcc/arm-none-eabi/13.3.1/../../../../arm-none-eabi/lib/thumb/v7e-m+fp/hard\libc_nano.a(libc_a-mallocr.o)
                0x20000b44                __malloc_sbrk_start
 .bss.__malloc_free_list
                0x20000b48        0x4 C:/ST/STM32CubeIDE_1.17.0/STM32CubeIDE/plugins/com.st.stm32cube.ide.mcu.externaltools.gnu-tools-for-stm32.13.3.rel1.win32_1.0.0.202411081344/tools/bin/../lib/gcc/arm-none-eabi/13.3.1/../../../../arm-none-eabi/lib/thumb/v7e-m+fp/hard\libc_nano.a(libc_a-mallocr.o)
                0x20000b48                __malloc_free_list
 *(COMMON)
                0x20000b4c                        . = ALIGN (0x4)
                0x20000b4c                        _ebss = .
                0x20000b4c                        __bss_end__ = _ebss

._user_heap_stack
                0x20000b4c      0x604
                0x20000b50                        . = ALIGN (0x8)
 *fill*         0x20000b4c        0x4 
                [!provide]                        PROVIDE (end = .)
                0x20000b50                        PROVIDE (_end = .)
                0x20000d50                        . = (. + _Min_Heap_Size)
 *fill*         0x20000b50      0x200 
                0x20001150                        . = (. + _Min_Stack_Size)
 *fill*         0x20000d50      0x400 
                0x20001150                        . = ALIGN (0x8)

/DISCARD/
 libc.a(*)
 libm.a(*)
 libgcc.a(*)

.ARM.attributes
                0x00000000       0x30
 *(.ARM.attributes)
 .ARM.attributes
                0x00000000       0x22 C:/ST/STM32CubeIDE_1.17.0/STM32CubeIDE/plugins/com.st.stm32cube.ide.mcu.externaltools.gnu-tools-for-stm32.13.3.rel1.win32_1.0.0.202411081344/tools/bin/../lib/gcc/arm-none-eabi/13.3.1/thumb/v7e-m+fp/hard/crti.o
 .ARM.attributes
                0x00000022       0x34 C:/ST/STM32CubeIDE_1.17.0/STM32CubeIDE/plugins/com.st.stm32cube.ide.mcu.externaltools.gnu-tools-for-stm32.13.3.rel1.win32_1.0.0.202411081344/tools/bin/../lib/gcc/arm-none-eabi/13.3.1/thumb/v7e-m+fp/hard/crtbegin.o
 .ARM.attributes
                0x00000056       0x34 ./Drivers/CRC/CRC.o
 .ARM.attributes
                0x0000008a       0x34 ./Drivers/Console/Console.o
 .ARM.attributes
                0x000000be       0x34 ./Drivers/Custom_RS485_Comm/Custom_RS485_Comm.o
 .ARM.attributes
                0x000000f2       0x34 ./Drivers/DMA/DMA.o
 .ARM.attributes
                0x00000126       0x34 ./Drivers/Flash/Flash.o
 .ARM.attributes
                0x0000015a       0x34 ./Drivers/GPIO/GPIO.o
 .ARM.attributes
                0x0000018e       0x34 ./Drivers/POST/POST.o
 .ARM.attributes
                0x000001c2       0x34 ./Drivers/USART/USART.o
 .ARM.attributes
                0x000001f6       0x34 ./Src/main.o
 .ARM.attributes
                0x0000022a       0x34 ./Src/sysmem.o
 .ARM.attributes
                0x0000025e       0x34 ./Src/system_stm32f4xx.o
 .ARM.attributes
                0x00000292       0x21 ./Startup/startup_stm32f407vgtx.o
 .ARM.attributes
                0x000002b3       0x34 C:/ST/STM32CubeIDE_1.17.0/STM32CubeIDE/plugins/com.st.stm32cube.ide.mcu.externaltools.gnu-tools-for-stm32.13.3.rel1.win32_1.0.0.202411081344/tools/bin/../lib/gcc/arm-none-eabi/13.3.1/../../../../arm-none-eabi/lib/thumb/v7e-m+fp/hard\libc_nano.a(libc_a-findfp.o)
 .ARM.attributes
                0x000002e7       0x34 C:/ST/STM32CubeIDE_1.17.0/STM32CubeIDE/plugins/com.st.stm32cube.ide.mcu.externaltools.gnu-tools-for-stm32.13.3.rel1.win32_1.0.0.202411081344/tools/bin/../lib/gcc/arm-none-eabi/13.3.1/../../../../arm-none-eabi/lib/thumb/v7e-m+fp/hard\libc_nano.a(libc_a-vsnprintf.o)
 .ARM.attributes
                0x0000031b       0x34 C:/ST/STM32CubeIDE_1.17.0/STM32CubeIDE/plugins/com.st.stm32cube.ide.mcu.externaltools.gnu-tools-for-stm32.13.3.rel1.win32_1.0.0.202411081344/tools/bin/../lib/gcc/arm-none-eabi/13.3.1/../../../../arm-none-eabi/lib/thumb/v7e-m+fp/hard\libc_nano.a(libc_a-reent.o)
 .ARM.attributes
                0x0000034f       0x34 C:/ST/STM32CubeIDE_1.17.0/STM32CubeIDE/plugins/com.st.stm32cube.ide.mcu.externaltools.gnu-tools-for-stm32.13.3.rel1.win32_1.0.0.202411081344/tools/bin/../lib/gcc/arm-none-eabi/13.3.1/../../../../arm-none-eabi/lib/thumb/v7e-m+fp/hard\libc_nano.a(libc_a-impure.o)
 .ARM.attributes
                0x00000383       0x34 C:/ST/STM32CubeIDE_1.17.0/STM32CubeIDE/plugins/com.st.stm32cube.ide.mcu.externaltools.gnu-tools-for-stm32.13.3.rel1.win32_1.0.0.202411081344/tools/bin/../lib/gcc/arm-none-eabi/13.3.1/../../../../arm-none-eabi/lib/thumb/v7e-m+fp/hard\libc_nano.a(libc_a-errno.o)
 .ARM.attributes
                0x000003b7       0x34 C:/ST/STM32CubeIDE_1.17.0/STM32CubeIDE/plugins/com.st.stm32cube.ide.mcu.externaltools.gnu-tools-for-stm32.13.3.rel1.win32_1.0.0.202411081344/tools/bin/../lib/gcc/arm-none-eabi/13.3.1/../../../../arm-none-eabi/lib/thumb/v7e-m+fp/hard\libc_nano.a(libc_a-init.o)
 .ARM.attributes
                0x000003eb       0x34 C:/ST/STM32CubeIDE_1.17.0/STM32CubeIDE/plugins/com.st.stm32cube.ide.mcu.externaltools.gnu-tools-for-stm32.13.3.rel1.win32_1.0.0.202411081344/tools/bin/../lib/gcc/arm-none-eabi/13.3.1/../../../../arm-none-eabi/lib/thumb/v7e-m+fp/hard\libc_nano.a(libc_a-lock.o)
 .ARM.attributes
                0x0000041f       0x34 C:/ST/STM32CubeIDE_1.17.0/STM32CubeIDE/plugins/com.st.stm32cube.ide.mcu.externaltools.gnu-tools-for-stm32.13.3.rel1.win32_1.0.0.202411081344/tools/bin/../lib/gcc/arm-none-eabi/13.3.1/../../../../arm-none-eabi/lib/thumb/v7e-m+fp/hard\libc_nano.a(libc_a-memcpy-stub.o)
 .ARM.attributes
                0x00000453       0x17 C:/ST/STM32CubeIDE_1.17.0/STM32CubeIDE/plugins/com.st.stm32cube.ide.mcu.externaltools.gnu-tools-for-stm32.13.3.rel1.win32_1.0.0.202411081344/tools/bin/../lib/gcc/arm-none-eabi/13.3.1/../../../../arm-none-eabi/lib/thumb/v7e-m+fp/hard\libc_nano.a(libc_a-strlen.o)
 .ARM.attributes
                0x0000046a       0x34 C:/ST/STM32CubeIDE_1.17.0/STM32CubeIDE/plugins/com.st.stm32cube.ide.mcu.externaltools.gnu-tools-for-stm32.13.3.rel1.win32_1.0.0.202411081344/tools/bin/../lib/gcc/arm-none-eabi/13.3.1/../../../../arm-none-eabi/lib/thumb/v7e-m+fp/hard\libc_nano.a(libc_a-freer.o)
 .ARM.attributes
                0x0000049e       0x34 C:/ST/STM32CubeIDE_1.17.0/STM32CubeIDE/plugins/com.st.stm32cube.ide.mcu.externaltools.gnu-tools-for-stm32.13.3.rel1.win32_1.0.0.202411081344/tools/bin/../lib/gcc/arm-none-eabi/13.3.1/../../../../arm-none-eabi/lib/thumb/v7e-m+fp/hard\libc_nano.a(libc_a-mallocr.o)
 .ARM.attributes
                0x000004d2       0x34 C:/ST/STM32CubeIDE_1.17.0/STM32CubeIDE/plugins/com.st.stm32cube.ide.mcu.externaltools.gnu-tools-for-stm32.13.3.rel1.win32_1.0.0.202411081344/tools/bin/../lib/gcc/arm-none-eabi/13.3.1/../../../../arm-none-eabi/lib/thumb/v7e-m+fp/hard\libc_nano.a(libc_a-mlock.o)
 .ARM.attributes
                0x00000506       0x34 C:/ST/STM32CubeIDE_1.17.0/STM32CubeIDE/plugins/com.st.stm32cube.ide.mcu.externaltools.gnu-tools-for-stm32.13.3.rel1.win32_1.0.0.202411081344/tools/bin/../lib/gcc/arm-none-eabi/13.3.1/../../../../arm-none-eabi/lib/thumb/v7e-m+fp/hard\libc_nano.a(libc_a-nano-svfprintf.o)
 .ARM.attributes
                0x0000053a       0x34 C:/ST/STM32CubeIDE_1.17.0/STM32CubeIDE/plugins/com.st.stm32cube.ide.mcu.externaltools.gnu-tools-for-stm32.13.3.rel1.win32_1.0.0.202411081344/tools/bin/../lib/gcc/arm-none-eabi/13.3.1/../../../../arm-none-eabi/lib/thumb/v7e-m+fp/hard\libc_nano.a(libc_a-nano-vfprintf_i.o)
 .ARM.attributes
                0x0000056e       0x34 C:/ST/STM32CubeIDE_1.17.0/STM32CubeIDE/plugins/com.st.stm32cube.ide.mcu.externaltools.gnu-tools-for-stm32.13.3.rel1.win32_1.0.0.202411081344/tools/bin/../lib/gcc/arm-none-eabi/13.3.1/../../../../arm-none-eabi/lib/thumb/v7e-m+fp/hard\libc_nano.a(libc_a-memmove.o)
 .ARM.attributes
                0x000005a2       0x34 C:/ST/STM32CubeIDE_1.17.0/STM32CubeIDE/plugins/com.st.stm32cube.ide.mcu.externaltools.gnu-tools-for-stm32.13.3.rel1.win32_1.0.0.202411081344/tools/bin/../lib/gcc/arm-none-eabi/13.3.1/../../../../arm-none-eabi/lib/thumb/v7e-m+fp/hard\libc_nano.a(libc_a-sbrkr.o)
 .ARM.attributes
                0x000005d6       0x1c C:/ST/STM32CubeIDE_1.17.0/STM32CubeIDE/plugins/com.st.stm32cube.ide.mcu.externaltools.gnu-tools-for-stm32.13.3.rel1.win32_1.0.0.202411081344/tools/bin/../lib/gcc/arm-none-eabi/13.3.1/../../../../arm-none-eabi/lib/thumb/v7e-m+fp/hard\libc_nano.a(libc_a-memchr.o)
 .ARM.attributes
                0x000005f2       0x34 C:/ST/STM32CubeIDE_1.17.0/STM32CubeIDE/plugins/com.st.stm32cube.ide.mcu.externaltools.gnu-tools-for-stm32.13.3.rel1.win32_1.0.0.202411081344/tools/bin/../lib/gcc/arm-none-eabi/13.3.1/../../../../arm-none-eabi/lib/thumb/v7e-m+fp/hard\libc_nano.a(libc_a-reallocr.o)
 .ARM.attributes
                0x00000626       0x34 C:/ST/STM32CubeIDE_1.17.0/STM32CubeIDE/plugins/com.st.stm32cube.ide.mcu.externaltools.gnu-tools-for-stm32.13.3.rel1.win32_1.0.0.202411081344/tools/bin/../lib/gcc/arm-none-eabi/13.3.1/../../../../arm-none-eabi/lib/thumb/v7e-m+fp/hard\libc_nano.a(libc_a-msizer.o)
 .ARM.attributes
                0x0000065a       0x34 C:/ST/STM32CubeIDE_1.17.0/STM32CubeIDE/plugins/com.st.stm32cube.ide.mcu.externaltools.gnu-tools-for-stm32.13.3.rel1.win32_1.0.0.202411081344/tools/bin/../lib/gcc/arm-none-eabi/13.3.1/../../../../arm-none-eabi/lib/thumb/v7e-m+fp/hard\libm.a(libm_a-s_ceil.o)
 .ARM.attributes
                0x0000068e       0x22 C:/ST/STM32CubeIDE_1.17.0/STM32CubeIDE/plugins/com.st.stm32cube.ide.mcu.externaltools.gnu-tools-for-stm32.13.3.rel1.win32_1.0.0.202411081344/tools/bin/../lib/gcc/arm-none-eabi/13.3.1/thumb/v7e-m+fp/hard\libgcc.a(_arm_addsubdf3.o)
 .ARM.attributes
                0x000006b0       0x22 C:/ST/STM32CubeIDE_1.17.0/STM32CubeIDE/plugins/com.st.stm32cube.ide.mcu.externaltools.gnu-tools-for-stm32.13.3.rel1.win32_1.0.0.202411081344/tools/bin/../lib/gcc/arm-none-eabi/13.3.1/thumb/v7e-m+fp/hard\libgcc.a(_arm_muldivdf3.o)
 .ARM.attributes
                0x000006d2       0x22 C:/ST/STM32CubeIDE_1.17.0/STM32CubeIDE/plugins/com.st.stm32cube.ide.mcu.externaltools.gnu-tools-for-stm32.13.3.rel1.win32_1.0.0.202411081344/tools/bin/../lib/gcc/arm-none-eabi/13.3.1/thumb/v7e-m+fp/hard\libgcc.a(_arm_cmpdf2.o)
 .ARM.attributes
                0x000006f4       0x22 C:/ST/STM32CubeIDE_1.17.0/STM32CubeIDE/plugins/com.st.stm32cube.ide.mcu.externaltools.gnu-tools-for-stm32.13.3.rel1.win32_1.0.0.202411081344/tools/bin/../lib/gcc/arm-none-eabi/13.3.1/thumb/v7e-m+fp/hard\libgcc.a(_arm_fixdfsi.o)
 .ARM.attributes
                0x00000716       0x34 C:/ST/STM32CubeIDE_1.17.0/STM32CubeIDE/plugins/com.st.stm32cube.ide.mcu.externaltools.gnu-tools-for-stm32.13.3.rel1.win32_1.0.0.202411081344/tools/bin/../lib/gcc/arm-none-eabi/13.3.1/thumb/v7e-m+fp/hard\libgcc.a(_fixdfdi.o)
 .ARM.attributes
                0x0000074a       0x34 C:/ST/STM32CubeIDE_1.17.0/STM32CubeIDE/plugins/com.st.stm32cube.ide.mcu.externaltools.gnu-tools-for-stm32.13.3.rel1.win32_1.0.0.202411081344/tools/bin/../lib/gcc/arm-none-eabi/13.3.1/thumb/v7e-m+fp/hard\libgcc.a(_fixunsdfdi.o)
 .ARM.attributes
                0x0000077e       0x22 C:/ST/STM32CubeIDE_1.17.0/STM32CubeIDE/plugins/com.st.stm32cube.ide.mcu.externaltools.gnu-tools-for-stm32.13.3.rel1.win32_1.0.0.202411081344/tools/bin/../lib/gcc/arm-none-eabi/13.3.1/thumb/v7e-m+fp/hard\libgcc.a(_arm_fixunsdfsi.o)
 .ARM.attributes
                0x000007a0       0x22 C:/ST/STM32CubeIDE_1.17.0/STM32CubeIDE/plugins/com.st.stm32cube.ide.mcu.externaltools.gnu-tools-for-stm32.13.3.rel1.win32_1.0.0.202411081344/tools/bin/../lib/gcc/arm-none-eabi/13.3.1/thumb/v7e-m+fp/hard/crtn.o
OUTPUT(Blackshield_Bootloader.elf elf32-littlearm)
LOAD linker stubs
LOAD C:/ST/STM32CubeIDE_1.17.0/STM32CubeIDE/plugins/com.st.stm32cube.ide.mcu.externaltools.gnu-tools-for-stm32.13.3.rel1.win32_1.0.0.202411081344/tools/bin/../lib/gcc/arm-none-eabi/13.3.1/../../../../arm-none-eabi/lib/thumb/v7e-m+fp/hard\libc.a
LOAD C:/ST/STM32CubeIDE_1.17.0/STM32CubeIDE/plugins/com.st.stm32cube.ide.mcu.externaltools.gnu-tools-for-stm32.13.3.rel1.win32_1.0.0.202411081344/tools/bin/../lib/gcc/arm-none-eabi/13.3.1/../../../../arm-none-eabi/lib/thumb/v7e-m+fp/hard\libm.a
LOAD C:/ST/STM32CubeIDE_1.17.0/STM32CubeIDE/plugins/com.st.stm32cube.ide.mcu.externaltools.gnu-tools-for-stm32.13.3.rel1.win32_1.0.0.202411081344/tools/bin/../lib/gcc/arm-none-eabi/13.3.1/thumb/v7e-m+fp/hard\libgcc.a

.debug_info     0x00000000     0xc827
 .debug_info    0x00000000      0xb94 ./Drivers/CRC/CRC.o
 .debug_info    0x00000b94     0x1aba ./Drivers/Console/Console.o
 .debug_info    0x0000264e     0x1a46 ./Drivers/Custom_RS485_Comm/Custom_RS485_Comm.o
 .debug_info    0x00004094     0x1360 ./Drivers/DMA/DMA.o
 .debug_info    0x000053f4      0xa58 ./Drivers/Flash/Flash.o
 .debug_info    0x00005e4c      0xfca ./Drivers/GPIO/GPIO.o
 .debug_info    0x00006e16      0x70a ./Drivers/POST/POST.o
 .debug_info    0x00007520     0x2706 ./Drivers/USART/USART.o
 .debug_info    0x00009c26     0x255e ./Src/main.o
 .debug_info    0x0000c184      0x168 ./Src/sysmem.o
 .debug_info    0x0000c2ec      0x50b ./Src/system_stm32f4xx.o
 .debug_info    0x0000c7f7       0x30 ./Startup/startup_stm32f407vgtx.o

.debug_abbrev   0x00000000     0x18e2
 .debug_abbrev  0x00000000      0x1a0 ./Drivers/CRC/CRC.o
 .debug_abbrev  0x000001a0      0x285 ./Drivers/Console/Console.o
 .debug_abbrev  0x00000425      0x22b ./Drivers/Custom_RS485_Comm/Custom_RS485_Comm.o
 .debug_abbrev  0x00000650      0x23c ./Drivers/DMA/DMA.o
 .debug_abbrev  0x0000088c      0x1c3 ./Drivers/Flash/Flash.o
 .debug_abbrev  0x00000a4f      0x275 ./Drivers/GPIO/GPIO.o
 .debug_abbrev  0x00000cc4      0x1c0 ./Drivers/POST/POST.o
 .debug_abbrev  0x00000e84      0x394 ./Drivers/USART/USART.o
 .debug_abbrev  0x00001218      0x4d0 ./Src/main.o
 .debug_abbrev  0x000016e8       0xbc ./Src/sysmem.o
 .debug_abbrev  0x000017a4      0x11a ./Src/system_stm32f4xx.o
 .debug_abbrev  0x000018be       0x24 ./Startup/startup_stm32f407vgtx.o

.debug_aranges  0x00000000      0x528
 .debug_aranges
                0x00000000       0x48 ./Drivers/CRC/CRC.o
 .debug_aranges
                0x00000048       0x38 ./Drivers/Console/Console.o
 .debug_aranges
                0x00000080       0x38 ./Drivers/Custom_RS485_Comm/Custom_RS485_Comm.o
 .debug_aranges
                0x000000b8       0xd8 ./Drivers/DMA/DMA.o
 .debug_aranges
                0x00000190       0x60 ./Drivers/Flash/Flash.o
 .debug_aranges
                0x000001f0       0x80 ./Drivers/GPIO/GPIO.o
 .debug_aranges
                0x00000270       0x68 ./Drivers/POST/POST.o
 .debug_aranges
                0x000002d8      0x108 ./Drivers/USART/USART.o
 .debug_aranges
                0x000003e0       0xd8 ./Src/main.o
 .debug_aranges
                0x000004b8       0x20 ./Src/sysmem.o
 .debug_aranges
                0x000004d8       0x28 ./Src/system_stm32f4xx.o
 .debug_aranges
                0x00000500       0x28 ./Startup/startup_stm32f407vgtx.o

.debug_rnglists
                0x00000000      0x3d6
 .debug_rnglists
                0x00000000       0x31 ./Drivers/CRC/CRC.o
 .debug_rnglists
                0x00000031       0x27 ./Drivers/Console/Console.o
 .debug_rnglists
                0x00000058       0x27 ./Drivers/Custom_RS485_Comm/Custom_RS485_Comm.o
 .debug_rnglists
                0x0000007f       0xb1 ./Drivers/DMA/DMA.o
 .debug_rnglists
                0x00000130       0x43 ./Drivers/Flash/Flash.o
 .debug_rnglists
                0x00000173       0x5f ./Drivers/GPIO/GPIO.o
 .debug_rnglists
                0x000001d2       0x4d ./Drivers/POST/POST.o
 .debug_rnglists
                0x0000021f       0xca ./Drivers/USART/USART.o
 .debug_rnglists
                0x000002e9       0xa7 ./Src/main.o
 .debug_rnglists
                0x00000390       0x13 ./Src/sysmem.o
 .debug_rnglists
                0x000003a3       0x1a ./Src/system_stm32f4xx.o
 .debug_rnglists
                0x000003bd       0x19 ./Startup/startup_stm32f407vgtx.o

.debug_macro    0x00000000     0x1c48
 .debug_macro   0x00000000      0x279 ./Drivers/CRC/CRC.o
 .debug_macro   0x00000279      0x2aa ./Drivers/Console/Console.o
 .debug_macro   0x00000523       0x10 ./Drivers/Console/Console.o
 .debug_macro   0x00000533      0x2a1 ./Drivers/Custom_RS485_Comm/Custom_RS485_Comm.o
 .debug_macro   0x000007d4      0x269 ./Drivers/DMA/DMA.o
 .debug_macro   0x00000a3d      0x27f ./Drivers/Flash/Flash.o
 .debug_macro   0x00000cbc      0x27b ./Drivers/GPIO/GPIO.o
 .debug_macro   0x00000f37      0x29d ./Drivers/POST/POST.o
 .debug_macro   0x000011d4      0x291 ./Drivers/USART/USART.o
 .debug_macro   0x00001465      0x310 ./Src/main.o
 .debug_macro   0x00001775       0x10 ./Src/main.o
 .debug_macro   0x00001785      0x112 ./Src/sysmem.o
 .debug_macro   0x00001897      0x23c ./Src/sysmem.o
 .debug_macro   0x00001ad3       0xda ./Src/system_stm32f4xx.o
 .debug_macro   0x00001bad       0x2e ./Src/system_stm32f4xx.o
 .debug_macro   0x00001bdb       0x6d ./Src/system_stm32f4xx.o

.debug_line     0x00000000     0x922d
 .debug_line    0x00000000      0x7b3 ./Drivers/CRC/CRC.o
 .debug_line    0x000007b3      0x8f1 ./Drivers/Console/Console.o
 .debug_line    0x000010a4      0x8b1 ./Drivers/Custom_RS485_Comm/Custom_RS485_Comm.o
 .debug_line    0x00001955     0x1dff ./Drivers/DMA/DMA.o
 .debug_line    0x00003754      0x805 ./Drivers/Flash/Flash.o
 .debug_line    0x00003f59      0xb70 ./Drivers/GPIO/GPIO.o
 .debug_line    0x00004ac9      0x9ed ./Drivers/POST/POST.o
 .debug_line    0x000054b6     0x2204 ./Drivers/USART/USART.o
 .debug_line    0x000076ba     0x1044 ./Src/main.o
 .debug_line    0x000086fe      0x583 ./Src/sysmem.o
 .debug_line    0x00008c81      0x531 ./Src/system_stm32f4xx.o
 .debug_line    0x000091b2       0x7b ./Startup/startup_stm32f407vgtx.o

.debug_str      0x00000000    0x90857
 .debug_str     0x00000000    0x90857 ./Drivers/CRC/CRC.o
                              0x8e110 (size before relaxing)
 .debug_str     0x00090857    0x8ea68 ./Drivers/Console/Console.o
 .debug_str     0x00090857    0x8eab4 ./Drivers/Custom_RS485_Comm/Custom_RS485_Comm.o
 .debug_str     0x00090857    0x8eb53 ./Drivers/DMA/DMA.o
 .debug_str     0x00090857    0x8e118 ./Drivers/Flash/Flash.o
 .debug_str     0x00090857    0x8e6d0 ./Drivers/GPIO/GPIO.o
 .debug_str     0x00090857    0x8de3a ./Drivers/POST/POST.o
 .debug_str     0x00090857    0x8f470 ./Drivers/USART/USART.o
 .debug_str     0x00090857    0x8f3dd ./Src/main.o
 .debug_str     0x00090857     0x7771 ./Src/sysmem.o
 .debug_str     0x00090857    0x8860c ./Src/system_stm32f4xx.o
 .debug_str     0x00090857       0x70 ./Startup/startup_stm32f407vgtx.o

.comment        0x00000000       0x43
 .comment       0x00000000       0x43 ./Drivers/CRC/CRC.o
                                 0x44 (size before relaxing)
 .comment       0x00000043       0x44 ./Drivers/Console/Console.o
 .comment       0x00000043       0x44 ./Drivers/Custom_RS485_Comm/Custom_RS485_Comm.o
 .comment       0x00000043       0x44 ./Drivers/DMA/DMA.o
 .comment       0x00000043       0x44 ./Drivers/Flash/Flash.o
 .comment       0x00000043       0x44 ./Drivers/GPIO/GPIO.o
 .comment       0x00000043       0x44 ./Drivers/POST/POST.o
 .comment       0x00000043       0x44 ./Drivers/USART/USART.o
 .comment       0x00000043       0x44 ./Src/main.o
 .comment       0x00000043       0x44 ./Src/sysmem.o
 .comment       0x00000043       0x44 ./Src/system_stm32f4xx.o

.debug_frame    0x00000000     0x1a1c
 .debug_frame   0x00000000       0xe0 ./Drivers/CRC/CRC.o
 .debug_frame   0x000000e0       0xcc ./Drivers/Console/Console.o
 .debug_frame   0x000001ac       0x9c ./Drivers/Custom_RS485_Comm/Custom_RS485_Comm.o
 .debug_frame   0x00000248      0x310 ./Drivers/DMA/DMA.o
 .debug_frame   0x00000558      0x154 ./Drivers/Flash/Flash.o
 .debug_frame   0x000006ac      0x1cc ./Drivers/GPIO/GPIO.o
 .debug_frame   0x00000878      0x1a0 ./Drivers/POST/POST.o
 .debug_frame   0x00000a18      0x438 ./Drivers/USART/USART.o
 .debug_frame   0x00000e50      0x360 ./Src/main.o
 .debug_frame   0x000011b0       0x34 ./Src/sysmem.o
 .debug_frame   0x000011e4       0x58 ./Src/system_stm32f4xx.o
 .debug_frame   0x0000123c      0x144 C:/ST/STM32CubeIDE_1.17.0/STM32CubeIDE/plugins/com.st.stm32cube.ide.mcu.externaltools.gnu-tools-for-stm32.13.3.rel1.win32_1.0.0.202411081344/tools/bin/../lib/gcc/arm-none-eabi/13.3.1/../../../../arm-none-eabi/lib/thumb/v7e-m+fp/hard\libc_nano.a(libc_a-findfp.o)
 .debug_frame   0x00001380       0x4c C:/ST/STM32CubeIDE_1.17.0/STM32CubeIDE/plugins/com.st.stm32cube.ide.mcu.externaltools.gnu-tools-for-stm32.13.3.rel1.win32_1.0.0.202411081344/tools/bin/../lib/gcc/arm-none-eabi/13.3.1/../../../../arm-none-eabi/lib/thumb/v7e-m+fp/hard\libc_nano.a(libc_a-vsnprintf.o)
 .debug_frame   0x000013cc       0x38 C:/ST/STM32CubeIDE_1.17.0/STM32CubeIDE/plugins/com.st.stm32cube.ide.mcu.externaltools.gnu-tools-for-stm32.13.3.rel1.win32_1.0.0.202411081344/tools/bin/../lib/gcc/arm-none-eabi/13.3.1/../../../../arm-none-eabi/lib/thumb/v7e-m+fp/hard\libc_nano.a(libc_a-reent.o)
 .debug_frame   0x00001404       0x20 C:/ST/STM32CubeIDE_1.17.0/STM32CubeIDE/plugins/com.st.stm32cube.ide.mcu.externaltools.gnu-tools-for-stm32.13.3.rel1.win32_1.0.0.202411081344/tools/bin/../lib/gcc/arm-none-eabi/13.3.1/../../../../arm-none-eabi/lib/thumb/v7e-m+fp/hard\libc_nano.a(libc_a-errno.o)
 .debug_frame   0x00001424       0x2c C:/ST/STM32CubeIDE_1.17.0/STM32CubeIDE/plugins/com.st.stm32cube.ide.mcu.externaltools.gnu-tools-for-stm32.13.3.rel1.win32_1.0.0.202411081344/tools/bin/../lib/gcc/arm-none-eabi/13.3.1/../../../../arm-none-eabi/lib/thumb/v7e-m+fp/hard\libc_nano.a(libc_a-init.o)
 .debug_frame   0x00001450       0xb0 C:/ST/STM32CubeIDE_1.17.0/STM32CubeIDE/plugins/com.st.stm32cube.ide.mcu.externaltools.gnu-tools-for-stm32.13.3.rel1.win32_1.0.0.202411081344/tools/bin/../lib/gcc/arm-none-eabi/13.3.1/../../../../arm-none-eabi/lib/thumb/v7e-m+fp/hard\libc_nano.a(libc_a-lock.o)
 .debug_frame   0x00001500       0x28 C:/ST/STM32CubeIDE_1.17.0/STM32CubeIDE/plugins/com.st.stm32cube.ide.mcu.externaltools.gnu-tools-for-stm32.13.3.rel1.win32_1.0.0.202411081344/tools/bin/../lib/gcc/arm-none-eabi/13.3.1/../../../../arm-none-eabi/lib/thumb/v7e-m+fp/hard\libc_nano.a(libc_a-memcpy-stub.o)
 .debug_frame   0x00001528       0x38 C:/ST/STM32CubeIDE_1.17.0/STM32CubeIDE/plugins/com.st.stm32cube.ide.mcu.externaltools.gnu-tools-for-stm32.13.3.rel1.win32_1.0.0.202411081344/tools/bin/../lib/gcc/arm-none-eabi/13.3.1/../../../../arm-none-eabi/lib/thumb/v7e-m+fp/hard\libc_nano.a(libc_a-freer.o)
 .debug_frame   0x00001560       0x50 C:/ST/STM32CubeIDE_1.17.0/STM32CubeIDE/plugins/com.st.stm32cube.ide.mcu.externaltools.gnu-tools-for-stm32.13.3.rel1.win32_1.0.0.202411081344/tools/bin/../lib/gcc/arm-none-eabi/13.3.1/../../../../arm-none-eabi/lib/thumb/v7e-m+fp/hard\libc_nano.a(libc_a-mallocr.o)
 .debug_frame   0x000015b0       0x30 C:/ST/STM32CubeIDE_1.17.0/STM32CubeIDE/plugins/com.st.stm32cube.ide.mcu.externaltools.gnu-tools-for-stm32.13.3.rel1.win32_1.0.0.202411081344/tools/bin/../lib/gcc/arm-none-eabi/13.3.1/../../../../arm-none-eabi/lib/thumb/v7e-m+fp/hard\libc_nano.a(libc_a-mlock.o)
 .debug_frame   0x000015e0       0x90 C:/ST/STM32CubeIDE_1.17.0/STM32CubeIDE/plugins/com.st.stm32cube.ide.mcu.externaltools.gnu-tools-for-stm32.13.3.rel1.win32_1.0.0.202411081344/tools/bin/../lib/gcc/arm-none-eabi/13.3.1/../../../../arm-none-eabi/lib/thumb/v7e-m+fp/hard\libc_nano.a(libc_a-nano-svfprintf.o)
 .debug_frame   0x00001670       0x60 C:/ST/STM32CubeIDE_1.17.0/STM32CubeIDE/plugins/com.st.stm32cube.ide.mcu.externaltools.gnu-tools-for-stm32.13.3.rel1.win32_1.0.0.202411081344/tools/bin/../lib/gcc/arm-none-eabi/13.3.1/../../../../arm-none-eabi/lib/thumb/v7e-m+fp/hard\libc_nano.a(libc_a-nano-vfprintf_i.o)
 .debug_frame   0x000016d0       0x28 C:/ST/STM32CubeIDE_1.17.0/STM32CubeIDE/plugins/com.st.stm32cube.ide.mcu.externaltools.gnu-tools-for-stm32.13.3.rel1.win32_1.0.0.202411081344/tools/bin/../lib/gcc/arm-none-eabi/13.3.1/../../../../arm-none-eabi/lib/thumb/v7e-m+fp/hard\libc_nano.a(libc_a-memmove.o)
 .debug_frame   0x000016f8       0x2c C:/ST/STM32CubeIDE_1.17.0/STM32CubeIDE/plugins/com.st.stm32cube.ide.mcu.externaltools.gnu-tools-for-stm32.13.3.rel1.win32_1.0.0.202411081344/tools/bin/../lib/gcc/arm-none-eabi/13.3.1/../../../../arm-none-eabi/lib/thumb/v7e-m+fp/hard\libc_nano.a(libc_a-sbrkr.o)
 .debug_frame   0x00001724       0x3c C:/ST/STM32CubeIDE_1.17.0/STM32CubeIDE/plugins/com.st.stm32cube.ide.mcu.externaltools.gnu-tools-for-stm32.13.3.rel1.win32_1.0.0.202411081344/tools/bin/../lib/gcc/arm-none-eabi/13.3.1/../../../../arm-none-eabi/lib/thumb/v7e-m+fp/hard\libc_nano.a(libc_a-reallocr.o)
 .debug_frame   0x00001760       0x20 C:/ST/STM32CubeIDE_1.17.0/STM32CubeIDE/plugins/com.st.stm32cube.ide.mcu.externaltools.gnu-tools-for-stm32.13.3.rel1.win32_1.0.0.202411081344/tools/bin/../lib/gcc/arm-none-eabi/13.3.1/../../../../arm-none-eabi/lib/thumb/v7e-m+fp/hard\libc_nano.a(libc_a-msizer.o)
 .debug_frame   0x00001780       0x30 C:/ST/STM32CubeIDE_1.17.0/STM32CubeIDE/plugins/com.st.stm32cube.ide.mcu.externaltools.gnu-tools-for-stm32.13.3.rel1.win32_1.0.0.202411081344/tools/bin/../lib/gcc/arm-none-eabi/13.3.1/../../../../arm-none-eabi/lib/thumb/v7e-m+fp/hard\libm.a(libm_a-s_ceil.o)
 .debug_frame   0x000017b0       0xac C:/ST/STM32CubeIDE_1.17.0/STM32CubeIDE/plugins/com.st.stm32cube.ide.mcu.externaltools.gnu-tools-for-stm32.13.3.rel1.win32_1.0.0.202411081344/tools/bin/../lib/gcc/arm-none-eabi/13.3.1/thumb/v7e-m+fp/hard\libgcc.a(_arm_addsubdf3.o)
 .debug_frame   0x0000185c       0x50 C:/ST/STM32CubeIDE_1.17.0/STM32CubeIDE/plugins/com.st.stm32cube.ide.mcu.externaltools.gnu-tools-for-stm32.13.3.rel1.win32_1.0.0.202411081344/tools/bin/../lib/gcc/arm-none-eabi/13.3.1/thumb/v7e-m+fp/hard\libgcc.a(_arm_muldivdf3.o)
 .debug_frame   0x000018ac       0xc4 C:/ST/STM32CubeIDE_1.17.0/STM32CubeIDE/plugins/com.st.stm32cube.ide.mcu.externaltools.gnu-tools-for-stm32.13.3.rel1.win32_1.0.0.202411081344/tools/bin/../lib/gcc/arm-none-eabi/13.3.1/thumb/v7e-m+fp/hard\libgcc.a(_arm_cmpdf2.o)
 .debug_frame   0x00001970       0x24 C:/ST/STM32CubeIDE_1.17.0/STM32CubeIDE/plugins/com.st.stm32cube.ide.mcu.externaltools.gnu-tools-for-stm32.13.3.rel1.win32_1.0.0.202411081344/tools/bin/../lib/gcc/arm-none-eabi/13.3.1/thumb/v7e-m+fp/hard\libgcc.a(_arm_fixdfsi.o)
 .debug_frame   0x00001994       0x38 C:/ST/STM32CubeIDE_1.17.0/STM32CubeIDE/plugins/com.st.stm32cube.ide.mcu.externaltools.gnu-tools-for-stm32.13.3.rel1.win32_1.0.0.202411081344/tools/bin/../lib/gcc/arm-none-eabi/13.3.1/thumb/v7e-m+fp/hard\libgcc.a(_fixdfdi.o)
 .debug_frame   0x000019cc       0x2c C:/ST/STM32CubeIDE_1.17.0/STM32CubeIDE/plugins/com.st.stm32cube.ide.mcu.externaltools.gnu-tools-for-stm32.13.3.rel1.win32_1.0.0.202411081344/tools/bin/../lib/gcc/arm-none-eabi/13.3.1/thumb/v7e-m+fp/hard\libgcc.a(_fixunsdfdi.o)
 .debug_frame   0x000019f8       0x24 C:/ST/STM32CubeIDE_1.17.0/STM32CubeIDE/plugins/com.st.stm32cube.ide.mcu.externaltools.gnu-tools-for-stm32.13.3.rel1.win32_1.0.0.202411081344/tools/bin/../lib/gcc/arm-none-eabi/13.3.1/thumb/v7e-m+fp/hard\libgcc.a(_arm_fixunsdfsi.o)

.debug_line_str
                0x00000000       0x54
 .debug_line_str
                0x00000000       0x54 ./Startup/startup_stm32f407vgtx.o
