Archive member included to satisfy reference by file (symbol)

C:/ST/STM32CubeIDE_1.17.0/STM32CubeIDE/plugins/com.st.stm32cube.ide.mcu.externaltools.gnu-tools-for-stm32.12.3.rel1.win32_1.1.0.202410251130/tools/bin/../lib/gcc/arm-none-eabi/12.3.1/../../../../arm-none-eabi/lib/thumb/v7e-m+fp/hard\libc_nano.a(libc_a-exit.o)
                              C:/ST/STM32CubeIDE_1.17.0/STM32CubeIDE/plugins/com.st.stm32cube.ide.mcu.externaltools.gnu-tools-for-stm32.12.3.rel1.win32_1.1.0.202410251130/tools/bin/../lib/gcc/arm-none-eabi/12.3.1/../../../../arm-none-eabi/lib/thumb/v7e-m+fp/hard/crt0.o (exit)
C:/ST/STM32CubeIDE_1.17.0/STM32CubeIDE/plugins/com.st.stm32cube.ide.mcu.externaltools.gnu-tools-for-stm32.12.3.rel1.win32_1.1.0.202410251130/tools/bin/../lib/gcc/arm-none-eabi/12.3.1/../../../../arm-none-eabi/lib/thumb/v7e-m+fp/hard\libc_nano.a(libc_a-findfp.o)
                              C:/ST/STM32CubeIDE_1.17.0/STM32CubeIDE/plugins/com.st.stm32cube.ide.mcu.externaltools.gnu-tools-for-stm32.12.3.rel1.win32_1.1.0.202410251130/tools/bin/../lib/gcc/arm-none-eabi/12.3.1/../../../../arm-none-eabi/lib/thumb/v7e-m+fp/hard\libc_nano.a(libc_a-exit.o) (__stdio_exit_handler)
C:/ST/STM32CubeIDE_1.17.0/STM32CubeIDE/plugins/com.st.stm32cube.ide.mcu.externaltools.gnu-tools-for-stm32.12.3.rel1.win32_1.1.0.202410251130/tools/bin/../lib/gcc/arm-none-eabi/12.3.1/../../../../arm-none-eabi/lib/thumb/v7e-m+fp/hard\libc_nano.a(libc_a-fwalk.o)
                              C:/ST/STM32CubeIDE_1.17.0/STM32CubeIDE/plugins/com.st.stm32cube.ide.mcu.externaltools.gnu-tools-for-stm32.12.3.rel1.win32_1.1.0.202410251130/tools/bin/../lib/gcc/arm-none-eabi/12.3.1/../../../../arm-none-eabi/lib/thumb/v7e-m+fp/hard\libc_nano.a(libc_a-findfp.o) (_fwalk_sglue)
C:/ST/STM32CubeIDE_1.17.0/STM32CubeIDE/plugins/com.st.stm32cube.ide.mcu.externaltools.gnu-tools-for-stm32.12.3.rel1.win32_1.1.0.202410251130/tools/bin/../lib/gcc/arm-none-eabi/12.3.1/../../../../arm-none-eabi/lib/thumb/v7e-m+fp/hard\libc_nano.a(libc_a-stdio.o)
                              C:/ST/STM32CubeIDE_1.17.0/STM32CubeIDE/plugins/com.st.stm32cube.ide.mcu.externaltools.gnu-tools-for-stm32.12.3.rel1.win32_1.1.0.202410251130/tools/bin/../lib/gcc/arm-none-eabi/12.3.1/../../../../arm-none-eabi/lib/thumb/v7e-m+fp/hard\libc_nano.a(libc_a-findfp.o) (__sread)
C:/ST/STM32CubeIDE_1.17.0/STM32CubeIDE/plugins/com.st.stm32cube.ide.mcu.externaltools.gnu-tools-for-stm32.12.3.rel1.win32_1.1.0.202410251130/tools/bin/../lib/gcc/arm-none-eabi/12.3.1/../../../../arm-none-eabi/lib/thumb/v7e-m+fp/hard\libc_nano.a(libc_a-vsnprintf.o)
                              ./Drivers/Console/Console.o (vsnprintf)
C:/ST/STM32CubeIDE_1.17.0/STM32CubeIDE/plugins/com.st.stm32cube.ide.mcu.externaltools.gnu-tools-for-stm32.12.3.rel1.win32_1.1.0.202410251130/tools/bin/../lib/gcc/arm-none-eabi/12.3.1/../../../../arm-none-eabi/lib/thumb/v7e-m+fp/hard\libc_nano.a(libc_a-vsscanf.o)
                              ./Drivers/Console/Console.o (vsscanf)
C:/ST/STM32CubeIDE_1.17.0/STM32CubeIDE/plugins/com.st.stm32cube.ide.mcu.externaltools.gnu-tools-for-stm32.12.3.rel1.win32_1.1.0.202410251130/tools/bin/../lib/gcc/arm-none-eabi/12.3.1/../../../../arm-none-eabi/lib/thumb/v7e-m+fp/hard\libc_nano.a(libc_a-memset.o)
                              C:/ST/STM32CubeIDE_1.17.0/STM32CubeIDE/plugins/com.st.stm32cube.ide.mcu.externaltools.gnu-tools-for-stm32.12.3.rel1.win32_1.1.0.202410251130/tools/bin/../lib/gcc/arm-none-eabi/12.3.1/../../../../arm-none-eabi/lib/thumb/v7e-m+fp/hard/crt0.o (memset)
C:/ST/STM32CubeIDE_1.17.0/STM32CubeIDE/plugins/com.st.stm32cube.ide.mcu.externaltools.gnu-tools-for-stm32.12.3.rel1.win32_1.1.0.202410251130/tools/bin/../lib/gcc/arm-none-eabi/12.3.1/../../../../arm-none-eabi/lib/thumb/v7e-m+fp/hard\libc_nano.a(libc_a-closer.o)
                              C:/ST/STM32CubeIDE_1.17.0/STM32CubeIDE/plugins/com.st.stm32cube.ide.mcu.externaltools.gnu-tools-for-stm32.12.3.rel1.win32_1.1.0.202410251130/tools/bin/../lib/gcc/arm-none-eabi/12.3.1/../../../../arm-none-eabi/lib/thumb/v7e-m+fp/hard\libc_nano.a(libc_a-stdio.o) (_close_r)
C:/ST/STM32CubeIDE_1.17.0/STM32CubeIDE/plugins/com.st.stm32cube.ide.mcu.externaltools.gnu-tools-for-stm32.12.3.rel1.win32_1.1.0.202410251130/tools/bin/../lib/gcc/arm-none-eabi/12.3.1/../../../../arm-none-eabi/lib/thumb/v7e-m+fp/hard\libc_nano.a(libc_a-reent.o)
                              C:/ST/STM32CubeIDE_1.17.0/STM32CubeIDE/plugins/com.st.stm32cube.ide.mcu.externaltools.gnu-tools-for-stm32.12.3.rel1.win32_1.1.0.202410251130/tools/bin/../lib/gcc/arm-none-eabi/12.3.1/../../../../arm-none-eabi/lib/thumb/v7e-m+fp/hard\libc_nano.a(libc_a-closer.o) (errno)
C:/ST/STM32CubeIDE_1.17.0/STM32CubeIDE/plugins/com.st.stm32cube.ide.mcu.externaltools.gnu-tools-for-stm32.12.3.rel1.win32_1.1.0.202410251130/tools/bin/../lib/gcc/arm-none-eabi/12.3.1/../../../../arm-none-eabi/lib/thumb/v7e-m+fp/hard\libc_nano.a(libc_a-impure.o)
[...]
Memory Configuration

Name             Origin             Length             Attributes
CCMRAM           0x10000000         0x00010000         xrw
RAM              0x20000000         0x00020000         xrw
FLASH            0x08000000         0x000f8000         xr
APP_MEMORY       0x08008000         0x00008000         xr
*default*        0x00000000         0xffffffff

Linker script and memory map

LOAD C:/ST/STM32CubeIDE_1.17.0/STM32CubeIDE/plugins/com.st.stm32cube.ide.mcu.externaltools.gnu-tools-for-stm32.12.3.rel1.win32_1.1.0.202410251130/tools/bin/../lib/gcc/arm-none-eabi/12.3.1/thumb/v7e-m+fp/hard/crti.o
LOAD C:/ST/STM32CubeIDE_1.17.0/STM32CubeIDE/plugins/com.st.stm32cube.ide.mcu.externaltools.gnu-tools-for-stm32.12.3.rel1.win32_1.1.0.202410251130/tools/bin/../lib/gcc/arm-none-eabi/12.3.1/thumb/v7e-m+fp/hard/crtbegin.o
LOAD C:/ST/STM32CubeIDE_1.17.0/STM32CubeIDE/plugins/com.st.stm32cube.ide.mcu.externaltools.gnu-tools-for-stm32.12.3.rel1.win32_1.1.0.202410251130/tools/bin/../lib/gcc/arm-none-eabi/12.3.1/../../../../arm-none-eabi/lib/thumb/v7e-m+fp/hard/crt0.o
LOAD ./Drivers/CAN/CAN.o
LOAD ./Drivers/CRC/CRC.o
LOAD ./Drivers/Console/Console.o
LOAD ./Drivers/Custom_RS485_Comm/Custom_RS485_Comm.o
LOAD ./Drivers/DMA/DMA.o
LOAD ./Drivers/Flash/Flash.o
LOAD ./Drivers/GPIO/GPIO.o
LOAD ./Drivers/USART/USART.o
LOAD ./Src/main.o
LOAD ./Src/syscalls.o
LOAD ./Src/sysmem.o
LOAD ./Src/system_stm32f4xx.o
LOAD ./Startup/startup_stm32f407vgtx.o
START GROUP
LOAD C:/ST/STM32CubeIDE_1.17.0/STM32CubeIDE/plugins/com.st.stm32cube.ide.mcu.externaltools.gnu-tools-for-stm32.12.3.rel1.win32_1.1.0.202410251130/tools/bin/../lib/gcc/arm-none-eabi/12.3.1/../../../../arm-none-eabi/lib/thumb/v7e-m+fp/hard\libc_nano.a
LOAD C:/ST/STM32CubeIDE_1.17.0/STM32CubeIDE/plugins/com.st.stm32cube.ide.mcu.externaltools.gnu-tools-for-stm32.12.3.rel1.win32_1.1.0.202410251130/tools/bin/../lib/gcc/arm-none-eabi/12.3.1/../../../../arm-none-eabi/lib/thumb/v7e-m+fp/hard\libm.a
END GROUP
START GROUP
LOAD C:/ST/STM32CubeIDE_1.17.0/STM32CubeIDE/plugins/com.st.stm32cube.ide.mcu.externaltools.gnu-tools-for-stm32.12.3.rel1.win32_1.1.0.202410251130/tools/bin/../lib/gcc/arm-none-eabi/12.3.1/thumb/v7e-m+fp/hard\libgcc.a
LOAD C:/ST/STM32CubeIDE_1.17.0/STM32CubeIDE/plugins/com.st.stm32cube.ide.mcu.externaltools.gnu-tools-for-stm32.12.3.rel1.win32_1.1.0.202410251130/tools/bin/../lib/gcc/arm-none-eabi/12.3.1/../../../../arm-none-eabi/lib/thumb/v7e-m+fp/hard\libc_nano.a
END GROUP
START GROUP
LOAD C:/ST/STM32CubeIDE_1.17.0/STM32CubeIDE/plugins/com.st.stm32cube.ide.mcu.externaltools.gnu-tools-for-stm32.12.3.rel1.win32_1.1.0.202410251130/tools/bin/../lib/gcc/arm-none-eabi/12.3.1/thumb/v7e-m+fp/hard\libgcc.a
LOAD C:/ST/STM32CubeIDE_1.17.0/STM32CubeIDE/plugins/com.st.stm32cube.ide.mcu.externaltools.gnu-tools-for-stm32.12.3.rel1.win32_1.1.0.202410251130/tools/bin/../lib/gcc/arm-none-eabi/12.3.1/../../../../arm-none-eabi/lib/thumb/v7e-m+fp/hard\libc_nano.a
LOAD C:/ST/STM32CubeIDE_1.17.0/STM32CubeIDE/plugins/com.st.stm32cube.ide.mcu.externaltools.gnu-tools-for-stm32.12.3.rel1.win32_1.1.0.202410251130/tools/bin/../lib/gcc/arm-none-eabi/12.3.1/../../../../arm-none-eabi/lib/thumb/v7e-m+fp/hard\libnosys.a
END GROUP
START GROUP
LOAD C:/ST/STM32CubeIDE_1.17.0/STM32CubeIDE/plugins/com.st.stm32cube.ide.mcu.externaltools.gnu-tools-for-stm32.12.3.rel1.win32_1.1.0.202410251130/tools/bin/../lib/gcc/arm-none-eabi/12.3.1/thumb/v7e-m+fp/hard\libgcc.a
LOAD C:/ST/STM32CubeIDE_1.17.0/STM32CubeIDE/plugins/com.st.stm32cube.ide.mcu.externaltools.gnu-tools-for-stm32.12.3.rel1.win32_1.1.0.202410251130/tools/bin/../lib/gcc/arm-none-eabi/12.3.1/../../../../arm-none-eabi/lib/thumb/v7e-m+fp/hard\libc_nano.a
LOAD C:/ST/STM32CubeIDE_1.17.0/STM32CubeIDE/plugins/com.st.stm32cube.ide.mcu.externaltools.gnu-tools-for-stm32.12.3.rel1.win32_1.1.0.202410251130/tools/bin/../lib/gcc/arm-none-eabi/12.3.1/../../../../arm-none-eabi/lib/thumb/v7e-m+fp/hard\libnosys.a
END GROUP
LOAD C:/ST/STM32CubeIDE_1.17.0/STM32CubeIDE/plugins/com.st.stm32cube.ide.mcu.externaltools.gnu-tools-for-stm32.12.3.rel1.win32_1.1.0.202410251130/tools/bin/../lib/gcc/arm-none-eabi/12.3.1/thumb/v7e-m+fp/hard/crtend.o
LOAD C:/ST/STM32CubeIDE_1.17.0/STM32CubeIDE/plugins/com.st.stm32cube.ide.mcu.externaltools.gnu-tools-for-stm32.12.3.rel1.win32_1.1.0.202410251130/tools/bin/../lib/gcc/arm-none-eabi/12.3.1/thumb/v7e-m+fp/hard/crtn.o
                0x20020000                        _estack = (ORIGIN (RAM) + LENGTH (RAM))
                0x00000200                        _Min_Heap_Size = 0x200
                0x00000400                        _Min_Stack_Size = 0x400

.isr_vector     0x08000000      0x188
                0x08000000                        . = ALIGN (0x4)
 *(.isr_vector)
 .isr_vector    0x08000000      0x188 ./Startup/startup_stm32f407vgtx.o
                0x08000000                g_pfnVectors
                0x08000188                        . = ALIGN (0x4)

.text           0x08000188     0x3548
                0x08000188                        . = ALIGN (0x4)
 *(.text)
 .text          0x08000188       0x40 C:/ST/STM32CubeIDE_1.17.0/STM32CubeIDE/plugins/com.st.stm32cube.ide.mcu.externaltools.gnu-tools-for-stm32.12.3.rel1.win32_1.1.0.202410251130/tools/bin/../lib/gcc/arm-none-eabi/12.3.1/thumb/v7e-m+fp/hard/crtbegin.o
 .text          0x080001c8      0x378 C:/ST/STM32CubeIDE_1.17.0/STM32CubeIDE/plugins/com.st.stm32cube.ide.mcu.externaltools.gnu-tools-for-stm32.12.3.rel1.win32_1.1.0.202410251130/tools/bin/../lib/gcc/arm-none-eabi/12.3.1/thumb/v7e-m+fp/hard\libgcc.a(_arm_addsubdf3.o)
                0x080001c8                __aeabi_drsub
                0x080001d0                __aeabi_dsub
                0x080001d0                __subdf3
                0x080001d4                __aeabi_dadd
                0x080001d4                __adddf3
                0x0800044c                __floatunsidf
                0x0800044c                __aeabi_ui2d
                0x0800046c                __floatsidf
                0x0800046c                __aeabi_i2d
                0x08000490                __aeabi_f2d
                0x08000490                __extendsfdf2
                0x080004d4                __floatundidf
                0x080004d4                __aeabi_ul2d
                0x080004e4                __floatdidf
                0x080004e4                __aeabi_l2d
 .text          0x08000540      0x424 C:/ST/STM32CubeIDE_1.17.0/STM32CubeIDE/plugins/com.st.stm32cube.ide.mcu.externaltools.gnu-tools-for-stm32.12.3.rel1.win32_1.1.0.202410251130/tools/bin/../lib/gcc/arm-none-eabi/12.3.1/thumb/v7e-m+fp/hard\libgcc.a(_arm_muldivdf3.o)
                0x08000540                __aeabi_dmul
                0x08000540                __muldf3
                0x08000794                __divdf3
                0x08000794                __aeabi_ddiv
 .text          0x08000964      0x110 C:/ST/STM32CubeIDE_1.17.0/STM32CubeIDE/plugins/com.st.stm32cube.ide.mcu.externaltools.gnu-tools-for-stm32.12.3.rel1.win32_1.1.0.202410251130/tools/bin/../lib/gcc/arm-none-eabi/12.3.1/thumb/v7e-m+fp/hard\libgcc.a(_arm_cmpdf2.o)
                0x08000964                __gtdf2
                0x08000964                __gedf2
                0x0800096c                __ltdf2
                0x0800096c                __ledf2
                0x08000974                __nedf2
                0x08000974                __eqdf2
                0x08000974                __cmpdf2
                0x080009f0                __aeabi_cdrcmple
                0x08000a00                __aeabi_cdcmpeq
                0x08000a00                __aeabi_cdcmple
                0x08000a10                __aeabi_dcmpeq
                0x08000a24                __aeabi_dcmplt
                0x08000a38                __aeabi_dcmple
                0x08000a4c                __aeabi_dcmpge
                0x08000a60                __aeabi_dcmpgt
 .text          0x08000a74       0x50 C:/ST/STM32CubeIDE_1.17.0/STM32CubeIDE/plugins/com.st.stm32cube.ide.mcu.externaltools.gnu-tools-for-stm32.12.3.rel1.win32_1.1.0.202410251130/tools/bin/../lib/gcc/arm-none-eabi/12.3.1/thumb/v7e-m+fp/hard\libgcc.a(_arm_fixdfsi.o)
                0x08000a74                __aeabi_d2iz
                0x08000a74                __fixdfsi
 .text          0x08000ac4       0x30 C:/ST/STM32CubeIDE_1.17.0/STM32CubeIDE/plugins/com.st.stm32cube.ide.mcu.externaltools.gnu-tools-for-stm32.12.3.rel1.win32_1.1.0.202410251130/tools/bin/../lib/gcc/arm-none-eabi/12.3.1/thumb/v7e-m+fp/hard\libgcc.a(_fixdfdi.o)
                0x08000ac4                __fixdfdi
                0x08000ac4                __aeabi_d2lz
 .text          0x08000af4       0x3c C:/ST/STM32CubeIDE_1.17.0/STM32CubeIDE/plugins/com.st.stm32cube.ide.mcu.externaltools.gnu-tools-for-stm32.12.3.rel1.win32_1.1.0.202410251130/tools/bin/../lib/gcc/arm-none-eabi/12.3.1/thumb/v7e-m+fp/hard\libgcc.a(_fixunsdfdi.o)
                0x08000af4                __fixunsdfdi
                0x08000af4                __aeabi_d2ulz
 .text          0x08000b30       0x40 C:/ST/STM32CubeIDE_1.17.0/STM32CubeIDE/plugins/com.st.stm32cube.ide.mcu.externaltools.gnu-tools-for-stm32.12.3.rel1.win32_1.1.0.202410251130/tools/bin/../lib/gcc/arm-none-eabi/12.3.1/thumb/v7e-m+fp/hard\libgcc.a(_arm_fixunsdfsi.o)
                0x08000b30                __aeabi_d2uiz
                0x08000b30                __fixunsdfsi
 *(.text*)
 .text.CRC_Init
                0x08000b70       0x10 ./Drivers/CRC/CRC.o
                0x08000b70                CRC_Init
 .text.CRC_Reset
                0x08000b80       0x10 ./Drivers/CRC/CRC.o
                0x08000b80                CRC_Reset
 .text.CRC_Compute_8Bit_Block
                0x08000b90       0x20 ./Drivers/CRC/CRC.o
                0x08000b90                CRC_Compute_8Bit_Block
 .text.Custom_Console_IRQ
                0x08000bb0       0x5c ./Drivers/Custom_RS485_Comm/Custom_RS485_Comm.o
                0x08000bb0                Custom_Console_IRQ
 .text.Custom_Comm_Init
                0x08000c0c       0x44 ./Drivers/Custom_RS485_Comm/Custom_RS485_Comm.o
                0x08000c0c                Custom_Comm_Init
 .text.Custom_Comm_Send
                0x08000c50       0x24 ./Drivers/Custom_RS485_Comm/Custom_RS485_Comm.o
                0x08000c50                Custom_Comm_Send
 .text.Custom_Comm_Receive
                0x08000c74       0x70 ./Drivers/Custom_RS485_Comm/Custom_RS485_Comm.o
                0x08000c74                Custom_Comm_Receive
 .text.__NVIC_EnableIRQ.part.0
                0x08000ce4       0x18 ./Drivers/DMA/DMA.o
 .text.DMA1_Stream0_IRQHandler
                0x08000cfc       0xec ./Drivers/DMA/DMA.o
                0x08000cfc                DMA1_Stream0_IRQHandler
 .text.DMA1_Stream1_IRQHandler
                0x08000de8       0xec ./Drivers/DMA/DMA.o
                0x08000de8                DMA1_Stream1_IRQHandler
 .text.DMA1_Stream2_IRQHandler
                0x08000ed4       0xec ./Drivers/DMA/DMA.o
                0x08000ed4                DMA1_Stream2_IRQHandler
 .text.DMA1_Stream3_IRQHandler
                0x08000fc0       0xec ./Drivers/DMA/DMA.o
                0x08000fc0                DMA1_Stream3_IRQHandler
 .text.DMA1_Stream4_IRQHandler
                0x080010ac       0xcc ./Drivers/DMA/DMA.o
                0x080010ac                DMA1_Stream4_IRQHandler
 .text.DMA1_Stream5_IRQHandler
                0x08001178       0xcc ./Drivers/DMA/DMA.o
                0x08001178                DMA1_Stream5_IRQHandler
 .text.DMA1_Stream6_IRQHandler
                0x08001244       0xcc ./Drivers/DMA/DMA.o
                0x08001244                DMA1_Stream6_IRQHandler
 .text.DMA1_Stream7_IRQHandler
                0x08001310       0xcc ./Drivers/DMA/DMA.o
                0x08001310                DMA1_Stream7_IRQHandler
 .text.DMA2_Stream0_IRQHandler
                0x080013dc       0xec ./Drivers/DMA/DMA.o
                0x080013dc                DMA2_Stream0_IRQHandler
 .text.DMA2_Stream1_IRQHandler
                0x080014c8       0xcc ./Drivers/DMA/DMA.o
                0x080014c8                DMA2_Stream1_IRQHandler
 .text.DMA2_Stream2_IRQHandler
                0x08001594       0xcc ./Drivers/DMA/DMA.o
                0x08001594                DMA2_Stream2_IRQHandler
 .text.DMA2_Stream3_IRQHandler
                0x08001660       0xec ./Drivers/DMA/DMA.o
                0x08001660                DMA2_Stream3_IRQHandler
 .text.DMA2_Stream4_IRQHandler
                0x0800174c       0xcc ./Drivers/DMA/DMA.o
                0x0800174c                DMA2_Stream4_IRQHandler
 .text.DMA2_Stream5_IRQHandler
                0x08001818       0xcc ./Drivers/DMA/DMA.o
                0x08001818                DMA2_Stream5_IRQHandler
 .text.DMA2_Stream6_IRQHandler
                0x080018e4       0xcc ./Drivers/DMA/DMA.o
                0x080018e4                DMA2_Stream6_IRQHandler
 .text.DMA2_Stream7_IRQHandler
                0x080019b0       0xcc ./Drivers/DMA/DMA.o
                0x080019b0                DMA2_Stream7_IRQHandler
 .text.DMA_Clock_Enable
                0x08001a7c       0x30 ./Drivers/DMA/DMA.o
                0x08001a7c                DMA_Clock_Enable
 .text.DMA_Init
                0x08001aac      0x248 ./Drivers/DMA/DMA.o
                0x08001aac                DMA_Init
 .text.DMA_Set_Target
                0x08001cf4       0x52 ./Drivers/DMA/DMA.o
                0x08001cf4                DMA_Set_Target
 *fill*         0x08001d46        0x2 
 .text.DMA_Set_Trigger
                0x08001d48       0x8c ./Drivers/DMA/DMA.o
                0x08001d48                DMA_Set_Trigger
 .text.DMA_Memory_To_Memory_Transfer
                0x08001dd4       0xf0 ./Drivers/DMA/DMA.o
                0x08001dd4                DMA_Memory_To_Memory_Transfer
 .text.EXTI0_IRQHandler
                0x08001ec4       0x20 ./Drivers/GPIO/GPIO.o
                0x08001ec4                EXTI0_IRQHandler
 .text.EXTI1_IRQHandler
                0x08001ee4       0x20 ./Drivers/GPIO/GPIO.o
                0x08001ee4                EXTI1_IRQHandler
 .text.EXTI2_IRQHandler
                0x08001f04       0x20 ./Drivers/GPIO/GPIO.o
                0x08001f04                EXTI2_IRQHandler
 .text.EXTI3_IRQHandler
                0x08001f24       0x20 ./Drivers/GPIO/GPIO.o
                0x08001f24                EXTI3_IRQHandler
 .text.EXTI4_IRQHandler
                0x08001f44       0x20 ./Drivers/GPIO/GPIO.o
                0x08001f44                EXTI4_IRQHandler
 .text.EXTI9_5_IRQHandler
                0x08001f64       0x38 ./Drivers/GPIO/GPIO.o
                0x08001f64                EXTI9_5_IRQHandler
 .text.EXTI15_10_IRQHandler
                0x08001f9c       0x38 ./Drivers/GPIO/GPIO.o
                0x08001f9c                EXTI15_10_IRQHandler
 .text.GPIO_Clock_Enable
                0x08001fd4       0x94 ./Drivers/GPIO/GPIO.o
                0x08001fd4                GPIO_Clock_Enable
 .text.GPIO_Pin_Init
                0x08002068       0xd0 ./Drivers/GPIO/GPIO.o
                0x08002068                GPIO_Pin_Init
 .text.USART1_TX_ISR
                0x08002138        0xc ./Drivers/USART/USART.o
                0x08002138                USART1_TX_ISR
 .text.USART1_RX_ISR
                0x08002144        0xc ./Drivers/USART/USART.o
                0x08002144                USART1_RX_ISR
 .text.USART2_TX_ISR
                0x08002150        0xc ./Drivers/USART/USART.o
                0x08002150                USART2_TX_ISR
 .text.USART2_RX_ISR
                0x0800215c        0xc ./Drivers/USART/USART.o
                0x0800215c                USART2_RX_ISR
 .text.USART3_TX_ISR
                0x08002168        0xc ./Drivers/USART/USART.o
                0x08002168                USART3_TX_ISR
 .text.USART3_RX_ISR
                0x08002174        0xc ./Drivers/USART/USART.o
                0x08002174                USART3_RX_ISR
 .text.USART4_TX_ISR
                0x08002180        0xc ./Drivers/USART/USART.o
                0x08002180                USART4_TX_ISR
 .text.USART4_RX_ISR
                0x0800218c        0xc ./Drivers/USART/USART.o
                0x0800218c                USART4_RX_ISR
 .text.USART5_TX_ISR
                0x08002198        0xc ./Drivers/USART/USART.o
                0x08002198                USART5_TX_ISR
 .text.USART5_RX_ISR
                0x080021a4        0xc ./Drivers/USART/USART.o
                0x080021a4                USART5_RX_ISR
 .text.USART6_TX_ISR
                0x080021b0        0xc ./Drivers/USART/USART.o
                0x080021b0                USART6_TX_ISR
 .text.USART6_RX_ISR
                0x080021bc        0xc ./Drivers/USART/USART.o
                0x080021bc                USART6_RX_ISR
 .text.UART4_IRQHandler
                0x080021c8       0xdc ./Drivers/USART/USART.o
                0x080021c8                UART4_IRQHandler
 .text.USART1_IRQHandler
                0x080022a4       0xd0 ./Drivers/USART/USART.o
                0x080022a4                USART1_IRQHandler
 .text.USART_Get_Instance_Number
                0x08002374       0x50 ./Drivers/USART/USART.o
                0x08002374                USART_Get_Instance_Number
 .text.USART_Config_Reset
                0x080023c4       0x10 ./Drivers/USART/USART.o
                0x080023c4                USART_Config_Reset
 .text.USART_Clock_Enable
                0x080023d4       0x94 ./Drivers/USART/USART.o
                0x080023d4                USART_Clock_Enable
 .text.USART_Init
                0x08002468      0x9b8 ./Drivers/USART/USART.o
                0x08002468                USART_Init
 .text.USART_TX_Buffer
                0x08002e20       0xe8 ./Drivers/USART/USART.o
                0x08002e20                USART_TX_Buffer
 .text.USART_RX_Buffer
                0x08002f08       0xec ./Drivers/USART/USART.o
                0x08002f08                USART_RX_Buffer
 .text.USART_TX_Single_Byte
                0x08002ff4        0xc ./Drivers/USART/USART.o
                0x08002ff4                USART_TX_Single_Byte
 .text.Delay_ms.constprop.0.isra.0
                0x08003000       0x20 ./Src/main.o
 .text.Connect_Device_Func
                0x08003020       0x78 ./Src/main.o
                0x08003020                Connect_Device_Func
 .text.Disconnect_Device_Func
                0x08003098       0x6c ./Src/main.o
                0x08003098                Disconnect_Device_Func
 .text.Write_Firmware_Func
                0x08003104       0x6c ./Src/main.o
                0x08003104                Write_Firmware_Func
 .text.Read_Firmware_Func
                0x08003170       0x6c ./Src/main.o
                0x08003170                Read_Firmware_Func
 .text.Erase_Firmware_Func
                0x080031dc       0x6c ./Src/main.o
                0x080031dc                Erase_Firmware_Func
 .text.Reboot_MCU_Func
                0x08003248       0x6c ./Src/main.o
                0x08003248                Reboot_MCU_Func
 .text.Bootloader
                0x080032b4       0xc0 ./Src/main.o
                0x080032b4                Bootloader
 .text.startup.main
                0x08003374      0x110 ./Src/main.o
                0x08003374                main
 .text.SystemInit
                0x08003484       0x14 ./Src/system_stm32f4xx.o
                0x08003484                SystemInit
 .text.SystemCoreClockUpdate
                0x08003498       0x6c ./Src/system_stm32f4xx.o
                0x08003498                SystemCoreClockUpdate
 .text.Reset_Handler
                0x08003504       0x50 ./Startup/startup_stm32f407vgtx.o
                0x08003504                Reset_Handler
 .text.Default_Handler
                0x08003554        0x2 ./Startup/startup_stm32f407vgtx.o
                0x08003554                RTC_Alarm_IRQHandler
                0x08003554                HASH_RNG_IRQHandler
                0x08003554                TIM8_CC_IRQHandler
                0x08003554                DebugMon_Handler
                0x08003554                TIM1_CC_IRQHandler
                0x08003554                HardFault_Handler
                0x08003554                SysTick_Handler
                0x08003554                PVD_IRQHandler
                0x08003554                SDIO_IRQHandler
                0x08003554                TAMP_STAMP_IRQHandler
                0x08003554                PendSV_Handler
                0x08003554                NMI_Handler
                0x08003554                CAN2_RX1_IRQHandler
                0x08003554                TIM8_TRG_COM_TIM14_IRQHandler
                0x08003554                TIM1_UP_TIM10_IRQHandler
                0x08003554                TIM8_UP_TIM13_IRQHandler
                0x08003554                I2C3_ER_IRQHandler
                0x08003554                I2C2_EV_IRQHandler
                0x08003554                CAN1_RX0_IRQHandler
                0x08003554                FPU_IRQHandler
                0x08003554                OTG_HS_WKUP_IRQHandler
                0x08003554                UsageFault_Handler
                0x08003554                CAN2_SCE_IRQHandler
                0x08003554                SPI1_IRQHandler
                0x08003554                TIM6_DAC_IRQHandler
                0x08003554                TIM1_BRK_TIM9_IRQHandler
                0x08003554                DCMI_IRQHandler
                0x08003554                CAN2_RX0_IRQHandler
                0x08003554                USART6_IRQHandler
                0x08003554                USART3_IRQHandler
                0x08003554                CRYP_IRQHandler
                0x08003554                CAN1_RX1_IRQHandler
                0x08003554                UART5_IRQHandler
                0x08003554                TIM4_IRQHandler
                0x08003554                I2C1_EV_IRQHandler
                0x08003554                TIM3_IRQHandler
                0x08003554                RCC_IRQHandler
                0x08003554                TIM8_BRK_TIM12_IRQHandler
                0x08003554                Default_Handler
                0x08003554                ADC_IRQHandler
                0x08003554                TIM7_IRQHandler
                0x08003554                CAN2_TX_IRQHandler
                0x08003554                TIM5_IRQHandler
                0x08003554                I2C3_EV_IRQHandler
                0x08003554                RTC_WKUP_IRQHandler
                0x08003554                ETH_WKUP_IRQHandler
                0x08003554                SPI2_IRQHandler
                0x08003554                OTG_HS_EP1_IN_IRQHandler
                0x08003554                MemManage_Handler
                0x08003554                CAN1_TX_IRQHandler
                0x08003554                SVC_Handler
                0x08003554                FSMC_IRQHandler
                0x08003554                ETH_IRQHandler
                0x08003554                OTG_HS_EP1_OUT_IRQHandler
                0x08003554                WWDG_IRQHandler
                0x08003554                TIM2_IRQHandler
                0x08003554                OTG_FS_WKUP_IRQHandler
                0x08003554                TIM1_TRG_COM_TIM11_IRQHandler
                0x08003554                OTG_HS_IRQHandler
                0x08003554                USART2_IRQHandler
                0x08003554                I2C2_ER_IRQHandler
                0x08003554                CAN1_SCE_IRQHandler
                0x08003554                BusFault_Handler
                0x08003554                OTG_FS_IRQHandler
                0x08003554                SPI3_IRQHandler
                0x08003554                I2C1_ER_IRQHandler
 *fill*         0x08003556        0x2 
 .text.__libc_init_array
                0x08003558       0x48 C:/ST/STM32CubeIDE_1.17.0/STM32CubeIDE/plugins/com.st.stm32cube.ide.mcu.externaltools.gnu-tools-for-stm32.12.3.rel1.win32_1.1.0.202410251130/tools/bin/../lib/gcc/arm-none-eabi/12.3.1/../../../../arm-none-eabi/lib/thumb/v7e-m+fp/hard\libc_nano.a(libc_a-init.o)
                0x08003558                __libc_init_array
 .text.memcpy   0x080035a0       0x1c C:/ST/STM32CubeIDE_1.17.0/STM32CubeIDE/plugins/com.st.stm32cube.ide.mcu.externaltools.gnu-tools-for-stm32.12.3.rel1.win32_1.1.0.202410251130/tools/bin/../lib/gcc/arm-none-eabi/12.3.1/../../../../arm-none-eabi/lib/thumb/v7e-m+fp/hard\libc_nano.a(libc_a-memcpy-stub.o)
                0x080035a0                memcpy
 *fill*         0x080035bc        0x4 
 .text.ceil     0x080035c0       0xf8 C:/ST/STM32CubeIDE_1.17.0/STM32CubeIDE/plugins/com.st.stm32cube.ide.mcu.externaltools.gnu-tools-for-stm32.12.3.rel1.win32_1.1.0.202410251130/tools/bin/../lib/gcc/arm-none-eabi/12.3.1/../../../../arm-none-eabi/lib/thumb/v7e-m+fp/hard\libm.a(libm_a-s_ceil.o)
                0x080035c0                ceil
 *(.glue_7)
 .glue_7        0x080036b8        0x0 linker stubs
 *(.glue_7t)
 .glue_7t       0x080036b8        0x0 linker stubs
 *(.eh_frame)
 .eh_frame      0x080036b8        0x0 C:/ST/STM32CubeIDE_1.17.0/STM32CubeIDE/plugins/com.st.stm32cube.ide.mcu.externaltools.gnu-tools-for-stm32.12.3.rel1.win32_1.1.0.202410251130/tools/bin/../lib/gcc/arm-none-eabi/12.3.1/thumb/v7e-m+fp/hard/crtbegin.o
 *(.init)
 .init          0x080036b8        0x4 C:/ST/STM32CubeIDE_1.17.0/STM32CubeIDE/plugins/com.st.stm32cube.ide.mcu.externaltools.gnu-tools-for-stm32.12.3.rel1.win32_1.1.0.202410251130/tools/bin/../lib/gcc/arm-none-eabi/12.3.1/thumb/v7e-m+fp/hard/crti.o
                0x080036b8                _init
 .init          0x080036bc        0x8 C:/ST/STM32CubeIDE_1.17.0/STM32CubeIDE/plugins/com.st.stm32cube.ide.mcu.externaltools.gnu-tools-for-stm32.12.3.rel1.win32_1.1.0.202410251130/tools/bin/../lib/gcc/arm-none-eabi/12.3.1/thumb/v7e-m+fp/hard/crtn.o
 *(.fini)
 .fini          0x080036c4        0x4 C:/ST/STM32CubeIDE_1.17.0/STM32CubeIDE/plugins/com.st.stm32cube.ide.mcu.externaltools.gnu-tools-for-stm32.12.3.rel1.win32_1.1.0.202410251130/tools/bin/../lib/gcc/arm-none-eabi/12.3.1/thumb/v7e-m+fp/hard/crti.o
                0x080036c4                _fini
 .fini          0x080036c8        0x8 C:/ST/STM32CubeIDE_1.17.0/STM32CubeIDE/plugins/com.st.stm32cube.ide.mcu.externaltools.gnu-tools-for-stm32.12.3.rel1.win32_1.1.0.202410251130/tools/bin/../lib/gcc/arm-none-eabi/12.3.1/thumb/v7e-m+fp/hard/crtn.o
                0x080036d0                        . = ALIGN (0x4)
                0x080036d0                        _etext = .

.vfp11_veneer   0x080036d0        0x0
 .vfp11_veneer  0x080036d0        0x0 linker stubs

.v4_bx          0x080036d0        0x0
 .v4_bx         0x080036d0        0x0 linker stubs

.iplt           0x080036d0        0x0
 .iplt          0x080036d0        0x0 C:/ST/STM32CubeIDE_1.17.0/STM32CubeIDE/plugins/com.st.stm32cube.ide.mcu.externaltools.gnu-tools-for-stm32.12.3.rel1.win32_1.1.0.202410251130/tools/bin/../lib/gcc/arm-none-eabi/12.3.1/thumb/v7e-m+fp/hard/crtbegin.o

.app_section    0x08008000       0x48
                0x08008000                        . = ALIGN (0x4)
                0x08008000                        __app_section_start__ = .
 *(.app_section*)
 .app_section   0x08008000       0x48 ./Src/main.o
                0x08008000                Blink_App
                0x08008048                        __app_section_end__ = .

.rodata         0x080036d0      0x420
                0x080036d0                        . = ALIGN (0x4)
 *(.rodata)
 *(.rodata*)
 .rodata.LIFCR_Shifts.1
                0x080036d0        0x4 ./Drivers/DMA/DMA.o
 .rodata.DMA_Configuration
                0x080036d4      0x404 ./Drivers/USART/USART.o
 .rodata.APBPrescTable
                0x08003ad8        0x8 ./Src/system_stm32f4xx.o
                0x08003ad8                APBPrescTable
 .rodata.AHBPrescTable
                0x08003ae0       0x10 ./Src/system_stm32f4xx.o
                0x08003ae0                AHBPrescTable
                0x08003af0                        . = ALIGN (0x4)

.ARM.extab      0x08003af0        0x0
                0x08003af0                        . = ALIGN (0x4)
 *(.ARM.extab* .gnu.linkonce.armextab.*)
                0x08003af0                        . = ALIGN (0x4)

.ARM            0x08003af0        0x0
                0x08003af0                        . = ALIGN (0x4)
                0x08003af0                        __exidx_start = .
 *(.ARM.exidx*)
                0x08003af0                        __exidx_end = .
                0x08003af0                        . = ALIGN (0x4)

.preinit_array  0x08003af0        0x0
                0x08003af0                        . = ALIGN (0x4)
                0x08003af0                        PROVIDE (__preinit_array_start = .)
 *(.preinit_array*)
                0x08003af0                        PROVIDE (__preinit_array_end = .)
                0x08003af0                        . = ALIGN (0x4)

.init_array     0x08003af0        0x4
                0x08003af0                        . = ALIGN (0x4)
                0x08003af0                        PROVIDE (__init_array_start = .)
 *(SORT_BY_NAME(.init_array.*))
 *(.init_array*)
 .init_array    0x08003af0        0x4 C:/ST/STM32CubeIDE_1.17.0/STM32CubeIDE/plugins/com.st.stm32cube.ide.mcu.externaltools.gnu-tools-for-stm32.12.3.rel1.win32_1.1.0.202410251130/tools/bin/../lib/gcc/arm-none-eabi/12.3.1/thumb/v7e-m+fp/hard/crtbegin.o
                0x08003af4                        PROVIDE (__init_array_end = .)
                0x08003af4                        . = ALIGN (0x4)

.fini_array     0x08003af4        0x4
                0x08003af4                        . = ALIGN (0x4)
                [!provide]                        PROVIDE (__fini_array_start = .)
 *(SORT_BY_NAME(.fini_array.*))
 *(.fini_array*)
 .fini_array    0x08003af4        0x4 C:/ST/STM32CubeIDE_1.17.0/STM32CubeIDE/plugins/com.st.stm32cube.ide.mcu.externaltools.gnu-tools-for-stm32.12.3.rel1.win32_1.1.0.202410251130/tools/bin/../lib/gcc/arm-none-eabi/12.3.1/thumb/v7e-m+fp/hard/crtbegin.o
                [!provide]                        PROVIDE (__fini_array_end = .)
                0x08003af8                        . = ALIGN (0x4)
                0x08003af8                        _sidata = LOADADDR (.data)

.rel.dyn        0x08003af8        0x0
 .rel.iplt      0x08003af8        0x0 C:/ST/STM32CubeIDE_1.17.0/STM32CubeIDE/plugins/com.st.stm32cube.ide.mcu.externaltools.gnu-tools-for-stm32.12.3.rel1.win32_1.1.0.202410251130/tools/bin/../lib/gcc/arm-none-eabi/12.3.1/thumb/v7e-m+fp/hard/crtbegin.o

.data           0x20000000        0x4 load address 0x08003af8
                0x20000000                        . = ALIGN (0x4)
                0x20000000                        _sdata = .
 *(.data)
 *(.data*)
 .data.SystemCoreClock
                0x20000000        0x4 ./Src/system_stm32f4xx.o
                0x20000000                SystemCoreClock
 *(.RamFunc)
 *(.RamFunc*)
                0x20000004                        . = ALIGN (0x4)
                0x20000004                        _edata = .
                0x08003afc                        _siccmram = LOADADDR (.ccmram)

.igot.plt       0x20000004        0x0 load address 0x08003afc
 .igot.plt      0x20000004        0x0 C:/ST/STM32CubeIDE_1.17.0/STM32CubeIDE/plugins/com.st.stm32cube.ide.mcu.externaltools.gnu-tools-for-stm32.12.3.rel1.win32_1.1.0.202410251130/tools/bin/../lib/gcc/arm-none-eabi/12.3.1/thumb/v7e-m+fp/hard/crtbegin.o

.ccmram         0x10000000        0x0 load address 0x08003afc
                0x10000000                        . = ALIGN (0x4)
                0x10000000                        _sccmram = .
 *(.ccmram)
 *(.ccmram*)
                0x10000000                        . = ALIGN (0x4)
                0x10000000                        _eccmram = .
                0x10000000                        . = ALIGN (0x4)

.bss            0x20000004      0x7ec
                0x20000004                        _sbss = .
                0x20000004                        __bss_start__ = _sbss
 *(.bss)
 .bss           0x20000004       0x1c C:/ST/STM32CubeIDE_1.17.0/STM32CubeIDE/plugins/com.st.stm32cube.ide.mcu.externaltools.gnu-tools-for-stm32.12.3.rel1.win32_1.1.0.202410251130/tools/bin/../lib/gcc/arm-none-eabi/12.3.1/thumb/v7e-m+fp/hard/crtbegin.o
 *(.bss*)
 .bss.Custom_Comm
                0x20000020       0xe4 ./Drivers/Custom_RS485_Comm/Custom_RS485_Comm.o
                0x20000020                Custom_Comm
 .bss.Custom_TRX_Buffer
                0x20000104      0x100 ./Drivers/Custom_RS485_Comm/Custom_RS485_Comm.o
                0x20000104                Custom_TRX_Buffer
 .bss.Custom_RX_Length
                0x20000204        0x4 ./Drivers/Custom_RS485_Comm/Custom_RS485_Comm.o
                0x20000204                Custom_RX_Length
 .bss.custom_rx_flag
                0x20000208        0x4 ./Drivers/Custom_RS485_Comm/Custom_RS485_Comm.o
                0x20000208                custom_rx_flag
 .bss.custom_rx_get_flag
                0x2000020c        0x4 ./Drivers/Custom_RS485_Comm/Custom_RS485_Comm.o
                0x2000020c                custom_rx_get_flag
 .bss.DMA_HISR  0x20000210        0x4 ./Drivers/DMA/DMA.o
                0x20000210                DMA_HISR
 .bss.DMA_LISR  0x20000214        0x4 ./Drivers/DMA/DMA.o
                0x20000214                DMA_LISR
 .bss.__DMA2_Stream7_Config__
                0x20000218        0x4 ./Drivers/DMA/DMA.o
                0x20000218                __DMA2_Stream7_Config__
 .bss.__DMA2_Stream6_Config__
                0x2000021c        0x4 ./Drivers/DMA/DMA.o
                0x2000021c                __DMA2_Stream6_Config__
 .bss.__DMA2_Stream5_Config__
                0x20000220        0x4 ./Drivers/DMA/DMA.o
                0x20000220                __DMA2_Stream5_Config__
 .bss.__DMA2_Stream4_Config__
                0x20000224        0x4 ./Drivers/DMA/DMA.o
                0x20000224                __DMA2_Stream4_Config__
 .bss.__DMA2_Stream3_Config__
                0x20000228        0x4 ./Drivers/DMA/DMA.o
                0x20000228                __DMA2_Stream3_Config__
 .bss.__DMA2_Stream2_Config__
                0x2000022c        0x4 ./Drivers/DMA/DMA.o
                0x2000022c                __DMA2_Stream2_Config__
 .bss.__DMA2_Stream1_Config__
                0x20000230        0x4 ./Drivers/DMA/DMA.o
                0x20000230                __DMA2_Stream1_Config__
 .bss.__DMA2_Stream0_Config__
                0x20000234        0x4 ./Drivers/DMA/DMA.o
                0x20000234                __DMA2_Stream0_Config__
 .bss.__DMA1_Stream7_Config__
                0x20000238        0x4 ./Drivers/DMA/DMA.o
                0x20000238                __DMA1_Stream7_Config__
 .bss.__DMA1_Stream6_Config__
                0x2000023c        0x4 ./Drivers/DMA/DMA.o
                0x2000023c                __DMA1_Stream6_Config__
 .bss.__DMA1_Stream5_Config__
                0x20000240        0x4 ./Drivers/DMA/DMA.o
                0x20000240                __DMA1_Stream5_Config__
 .bss.__DMA1_Stream4_Config__
                0x20000244        0x4 ./Drivers/DMA/DMA.o
                0x20000244                __DMA1_Stream4_Config__
 .bss.__DMA1_Stream3_Config__
                0x20000248        0x4 ./Drivers/DMA/DMA.o
                0x20000248                __DMA1_Stream3_Config__
 .bss.__DMA1_Stream2_Config__
                0x2000024c        0x4 ./Drivers/DMA/DMA.o
                0x2000024c                __DMA1_Stream2_Config__
 .bss.__DMA1_Stream1_Config__
                0x20000250        0x4 ./Drivers/DMA/DMA.o
                0x20000250                __DMA1_Stream1_Config__
 .bss.__DMA1_Stream0_Config__
                0x20000254        0x4 ./Drivers/DMA/DMA.o
                0x20000254                __DMA1_Stream0_Config__
 .bss.EXTI_ISR  0x20000258       0x40 ./Drivers/GPIO/GPIO.o
                0x20000258                EXTI_ISR
 .bss.U6RX_Complete
                0x20000298        0x1 ./Drivers/USART/USART.o
                0x20000298                U6RX_Complete
 .bss.U6TX_Complete
                0x20000299        0x1 ./Drivers/USART/USART.o
                0x20000299                U6TX_Complete
 .bss.U5RX_Complete
                0x2000029a        0x1 ./Drivers/USART/USART.o
                0x2000029a                U5RX_Complete
 .bss.U5TX_Complete
                0x2000029b        0x1 ./Drivers/USART/USART.o
                0x2000029b                U5TX_Complete
 .bss.U4RX_Complete
                0x2000029c        0x1 ./Drivers/USART/USART.o
                0x2000029c                U4RX_Complete
 .bss.U4TX_Complete
                0x2000029d        0x1 ./Drivers/USART/USART.o
                0x2000029d                U4TX_Complete
 .bss.U3RX_Complete
                0x2000029e        0x1 ./Drivers/USART/USART.o
                0x2000029e                U3RX_Complete
 .bss.U3TX_Complete
                0x2000029f        0x1 ./Drivers/USART/USART.o
                0x2000029f                U3TX_Complete
 .bss.U2RX_Complete
                0x200002a0        0x1 ./Drivers/USART/USART.o
                0x200002a0                U2RX_Complete
 .bss.U2TX_Complete
                0x200002a1        0x1 ./Drivers/USART/USART.o
                0x200002a1                U2TX_Complete
 .bss.U1RX_Complete
                0x200002a2        0x1 ./Drivers/USART/USART.o
                0x200002a2                U1RX_Complete
 .bss.U1TX_Complete
                0x200002a3        0x1 ./Drivers/USART/USART.o
                0x200002a3                U1TX_Complete
 .bss.USART_SR  0x200002a4        0x2 ./Drivers/USART/USART.o
                0x200002a4                USART_SR
 *fill*         0x200002a6        0x2 
 .bss.__usart_5_config__
                0x200002a8        0x4 ./Drivers/USART/USART.o
                0x200002a8                __usart_5_config__
 .bss.__usart_4_config__
                0x200002ac        0x4 ./Drivers/USART/USART.o
                0x200002ac                __usart_4_config__
 .bss.__usart_3_config__
                0x200002b0        0x4 ./Drivers/USART/USART.o
                0x200002b0                __usart_3_config__
 .bss.__usart_2_config__
                0x200002b4        0x4 ./Drivers/USART/USART.o
                0x200002b4                __usart_2_config__
 .bss.__usart_1_config__
                0x200002b8        0x4 ./Drivers/USART/USART.o
                0x200002b8                __usart_1_config__
 .bss.usart_dma_instance_number
                0x200002bc        0x1 ./Drivers/USART/USART.o
                0x200002bc                usart_dma_instance_number
 *fill*         0x200002bd        0x3 
 .bss.xUSART_TX
                0x200002c0      0x210 ./Drivers/USART/USART.o
                0x200002c0                xUSART_TX
 .bss.xUSART_RX
                0x200004d0      0x210 ./Drivers/USART/USART.o
                0x200004d0                xUSART_RX
 .bss.CRC_Rec2  0x200006e0        0x4 ./Src/main.o
                0x200006e0                CRC_Rec2
 .bss.CRC_Rec1  0x200006e4        0x4 ./Src/main.o
                0x200006e4                CRC_Rec1
 .bss.Req_RX    0x200006e8        0x1 ./Src/main.o
                0x200006e8                Req_RX
 .bss.Command_RX
                0x200006e9        0x1 ./Src/main.o
                0x200006e9                Command_RX
 .bss.buffer    0x200006ea      0x100 ./Src/main.o
                0x200006ea                buffer
 .bss.buffer1   0x200007ea        0x3 ./Src/main.o
                0x200007ea                buffer1
 *(COMMON)
                0x200007f0                        . = ALIGN (0x4)
 *fill*         0x200007ed        0x3 
                0x200007f0                        _ebss = .
                0x200007f0                        __bss_end__ = _ebss

._user_heap_stack
                0x200007f0      0x600
                0x200007f0                        . = ALIGN (0x8)
                [!provide]                        PROVIDE (end = .)
                0x200007f0                        PROVIDE (_end = .)
                0x200009f0                        . = (. + _Min_Heap_Size)
 *fill*         0x200007f0      0x200 
                0x20000df0                        . = (. + _Min_Stack_Size)
 *fill*         0x200009f0      0x400 
                0x20000df0                        . = ALIGN (0x8)

/DISCARD/
 libc.a(*)
 libm.a(*)
 libgcc.a(*)

.ARM.attributes
                0x00000000       0x30
 *(.ARM.attributes)
 .ARM.attributes
                0x00000000       0x22 C:/ST/STM32CubeIDE_1.17.0/STM32CubeIDE/plugins/com.st.stm32cube.ide.mcu.externaltools.gnu-tools-for-stm32.12.3.rel1.win32_1.1.0.202410251130/tools/bin/../lib/gcc/arm-none-eabi/12.3.1/thumb/v7e-m+fp/hard/crti.o
 .ARM.attributes
                0x00000022       0x34 C:/ST/STM32CubeIDE_1.17.0/STM32CubeIDE/plugins/com.st.stm32cube.ide.mcu.externaltools.gnu-tools-for-stm32.12.3.rel1.win32_1.1.0.202410251130/tools/bin/../lib/gcc/arm-none-eabi/12.3.1/thumb/v7e-m+fp/hard/crtbegin.o
 .ARM.attributes
                0x00000056       0x34 ./Drivers/CRC/CRC.o
 .ARM.attributes
                0x0000008a       0x34 ./Drivers/Custom_RS485_Comm/Custom_RS485_Comm.o
 .ARM.attributes
                0x000000be       0x34 ./Drivers/DMA/DMA.o
 .ARM.attributes
                0x000000f2       0x34 ./Drivers/GPIO/GPIO.o
 .ARM.attributes
                0x00000126       0x34 ./Drivers/USART/USART.o
 .ARM.attributes
                0x0000015a       0x34 ./Src/main.o
 .ARM.attributes
                0x0000018e       0x34 ./Src/system_stm32f4xx.o
 .ARM.attributes
                0x000001c2       0x21 ./Startup/startup_stm32f407vgtx.o
 .ARM.attributes
                0x000001e3       0x34 C:/ST/STM32CubeIDE_1.17.0/STM32CubeIDE/plugins/com.st.stm32cube.ide.mcu.externaltools.gnu-tools-for-stm32.12.3.rel1.win32_1.1.0.202410251130/tools/bin/../lib/gcc/arm-none-eabi/12.3.1/../../../../arm-none-eabi/lib/thumb/v7e-m+fp/hard\libc_nano.a(libc_a-init.o)
 .ARM.attributes
                0x00000217       0x34 C:/ST/STM32CubeIDE_1.17.0/STM32CubeIDE/plugins/com.st.stm32cube.ide.mcu.externaltools.gnu-tools-for-stm32.12.3.rel1.win32_1.1.0.202410251130/tools/bin/../lib/gcc/arm-none-eabi/12.3.1/../../../../arm-none-eabi/lib/thumb/v7e-m+fp/hard\libc_nano.a(libc_a-memcpy-stub.o)
 .ARM.attributes
                0x0000024b       0x34 C:/ST/STM32CubeIDE_1.17.0/STM32CubeIDE/plugins/com.st.stm32cube.ide.mcu.externaltools.gnu-tools-for-stm32.12.3.rel1.win32_1.1.0.202410251130/tools/bin/../lib/gcc/arm-none-eabi/12.3.1/../../../../arm-none-eabi/lib/thumb/v7e-m+fp/hard\libm.a(libm_a-s_ceil.o)
 .ARM.attributes
                0x0000027f       0x22 C:/ST/STM32CubeIDE_1.17.0/STM32CubeIDE/plugins/com.st.stm32cube.ide.mcu.externaltools.gnu-tools-for-stm32.12.3.rel1.win32_1.1.0.202410251130/tools/bin/../lib/gcc/arm-none-eabi/12.3.1/thumb/v7e-m+fp/hard\libgcc.a(_arm_addsubdf3.o)
 .ARM.attributes
                0x000002a1       0x22 C:/ST/STM32CubeIDE_1.17.0/STM32CubeIDE/plugins/com.st.stm32cube.ide.mcu.externaltools.gnu-tools-for-stm32.12.3.rel1.win32_1.1.0.202410251130/tools/bin/../lib/gcc/arm-none-eabi/12.3.1/thumb/v7e-m+fp/hard\libgcc.a(_arm_muldivdf3.o)
 .ARM.attributes
                0x000002c3       0x22 C:/ST/STM32CubeIDE_1.17.0/STM32CubeIDE/plugins/com.st.stm32cube.ide.mcu.externaltools.gnu-tools-for-stm32.12.3.rel1.win32_1.1.0.202410251130/tools/bin/../lib/gcc/arm-none-eabi/12.3.1/thumb/v7e-m+fp/hard\libgcc.a(_arm_cmpdf2.o)
 .ARM.attributes
                0x000002e5       0x22 C:/ST/STM32CubeIDE_1.17.0/STM32CubeIDE/plugins/com.st.stm32cube.ide.mcu.externaltools.gnu-tools-for-stm32.12.3.rel1.win32_1.1.0.202410251130/tools/bin/../lib/gcc/arm-none-eabi/12.3.1/thumb/v7e-m+fp/hard\libgcc.a(_arm_fixdfsi.o)
 .ARM.attributes
                0x00000307       0x34 C:/ST/STM32CubeIDE_1.17.0/STM32CubeIDE/plugins/com.st.stm32cube.ide.mcu.externaltools.gnu-tools-for-stm32.12.3.rel1.win32_1.1.0.202410251130/tools/bin/../lib/gcc/arm-none-eabi/12.3.1/thumb/v7e-m+fp/hard\libgcc.a(_fixdfdi.o)
 .ARM.attributes
                0x0000033b       0x34 C:/ST/STM32CubeIDE_1.17.0/STM32CubeIDE/plugins/com.st.stm32cube.ide.mcu.externaltools.gnu-tools-for-stm32.12.3.rel1.win32_1.1.0.202410251130/tools/bin/../lib/gcc/arm-none-eabi/12.3.1/thumb/v7e-m+fp/hard\libgcc.a(_fixunsdfdi.o)
 .ARM.attributes
                0x0000036f       0x22 C:/ST/STM32CubeIDE_1.17.0/STM32CubeIDE/plugins/com.st.stm32cube.ide.mcu.externaltools.gnu-tools-for-stm32.12.3.rel1.win32_1.1.0.202410251130/tools/bin/../lib/gcc/arm-none-eabi/12.3.1/thumb/v7e-m+fp/hard\libgcc.a(_arm_fixunsdfsi.o)
 .ARM.attributes
                0x00000391       0x22 C:/ST/STM32CubeIDE_1.17.0/STM32CubeIDE/plugins/com.st.stm32cube.ide.mcu.externaltools.gnu-tools-for-stm32.12.3.rel1.win32_1.1.0.202410251130/tools/bin/../lib/gcc/arm-none-eabi/12.3.1/thumb/v7e-m+fp/hard/crtn.o
OUTPUT(Blackshield_Bootloader.elf elf32-littlearm)
LOAD linker stubs
LOAD C:/ST/STM32CubeIDE_1.17.0/STM32CubeIDE/plugins/com.st.stm32cube.ide.mcu.externaltools.gnu-tools-for-stm32.12.3.rel1.win32_1.1.0.202410251130/tools/bin/../lib/gcc/arm-none-eabi/12.3.1/../../../../arm-none-eabi/lib/thumb/v7e-m+fp/hard\libc.a
LOAD C:/ST/STM32CubeIDE_1.17.0/STM32CubeIDE/plugins/com.st.stm32cube.ide.mcu.externaltools.gnu-tools-for-stm32.12.3.rel1.win32_1.1.0.202410251130/tools/bin/../lib/gcc/arm-none-eabi/12.3.1/../../../../arm-none-eabi/lib/thumb/v7e-m+fp/hard\libm.a
LOAD C:/ST/STM32CubeIDE_1.17.0/STM32CubeIDE/plugins/com.st.stm32cube.ide.mcu.externaltools.gnu-tools-for-stm32.12.3.rel1.win32_1.1.0.202410251130/tools/bin/../lib/gcc/arm-none-eabi/12.3.1/thumb/v7e-m+fp/hard\libgcc.a

.debug_info     0x00000000     0xacef
 .debug_info    0x00000000      0x408 ./Drivers/CRC/CRC.o
 .debug_info    0x00000408     0x1f67 ./Drivers/Custom_RS485_Comm/Custom_RS485_Comm.o
 .debug_info    0x0000236f     0x1a04 ./Drivers/DMA/DMA.o
 .debug_info    0x00003d73     0x109e ./Drivers/GPIO/GPIO.o
 .debug_info    0x00004e11     0x2d43 ./Drivers/USART/USART.o
 .debug_info    0x00007b54     0x2c47 ./Src/main.o
 .debug_info    0x0000a79b      0x524 ./Src/system_stm32f4xx.o
 .debug_info    0x0000acbf       0x30 ./Startup/startup_stm32f407vgtx.o

.debug_abbrev   0x00000000     0x1428
 .debug_abbrev  0x00000000      0x144 ./Drivers/CRC/CRC.o
 .debug_abbrev  0x00000144      0x29e ./Drivers/Custom_RS485_Comm/Custom_RS485_Comm.o
 .debug_abbrev  0x000003e2      0x300 ./Drivers/DMA/DMA.o
 .debug_abbrev  0x000006e2      0x2c6 ./Drivers/GPIO/GPIO.o
 .debug_abbrev  0x000009a8      0x490 ./Drivers/USART/USART.o
 .debug_abbrev  0x00000e38      0x4ac ./Src/main.o
 .debug_abbrev  0x000012e4      0x120 ./Src/system_stm32f4xx.o
 .debug_abbrev  0x00001404       0x24 ./Startup/startup_stm32f407vgtx.o

.debug_loclists
                0x00000000      0xb9c
 .debug_loclists
                0x00000000       0xd6 ./Drivers/CRC/CRC.o
 .debug_loclists
                0x000000d6       0x97 ./Drivers/Custom_RS485_Comm/Custom_RS485_Comm.o
 .debug_loclists
                0x0000016d      0x28a ./Drivers/DMA/DMA.o
 .debug_loclists
                0x000003f7      0x307 ./Drivers/GPIO/GPIO.o
 .debug_loclists
                0x000006fe      0x2b6 ./Drivers/USART/USART.o
 .debug_loclists
                0x000009b4      0x124 ./Src/main.o
 .debug_loclists
                0x00000ad8       0xc4 ./Src/system_stm32f4xx.o

.debug_aranges  0x00000000      0x358
 .debug_aranges
                0x00000000       0x40 ./Drivers/CRC/CRC.o
 .debug_aranges
                0x00000040       0x38 ./Drivers/Custom_RS485_Comm/Custom_RS485_Comm.o
 .debug_aranges
                0x00000078       0xd8 ./Drivers/DMA/DMA.o
 .debug_aranges
                0x00000150       0x70 ./Drivers/GPIO/GPIO.o
 .debug_aranges
                0x000001c0       0xd8 ./Drivers/USART/USART.o
 .debug_aranges
                0x00000298       0x70 ./Src/main.o
 .debug_aranges
                0x00000308       0x28 ./Src/system_stm32f4xx.o
 .debug_aranges
                0x00000330       0x28 ./Startup/startup_stm32f407vgtx.o

.debug_rnglists
                0x00000000      0x46c
 .debug_rnglists
                0x00000000       0x43 ./Drivers/CRC/CRC.o
 .debug_rnglists
                0x00000043       0x25 ./Drivers/Custom_RS485_Comm/Custom_RS485_Comm.o
 .debug_rnglists
                0x00000068      0x183 ./Drivers/DMA/DMA.o
 .debug_rnglists
                0x000001eb       0x6b ./Drivers/GPIO/GPIO.o
 .debug_rnglists
                0x00000256      0x11d ./Drivers/USART/USART.o
 .debug_rnglists
                0x00000373       0xc7 ./Src/main.o
 .debug_rnglists
                0x0000043a       0x19 ./Src/system_stm32f4xx.o
 .debug_rnglists
                0x00000453       0x19 ./Startup/startup_stm32f407vgtx.o

.debug_macro    0x00000000     0x109a
 .debug_macro   0x00000000      0x264 ./Drivers/CRC/CRC.o
 .debug_macro   0x00000264      0x2a0 ./Drivers/Custom_RS485_Comm/Custom_RS485_Comm.o
 .debug_macro   0x00000504      0x268 ./Drivers/DMA/DMA.o
 .debug_macro   0x0000076c      0x27a ./Drivers/GPIO/GPIO.o
 .debug_macro   0x000009e6      0x290 ./Drivers/USART/USART.o
 .debug_macro   0x00000c76      0x2af ./Src/main.o
 .debug_macro   0x00000f25       0xda ./Src/system_stm32f4xx.o
 .debug_macro   0x00000fff       0x2e ./Src/system_stm32f4xx.o
 .debug_macro   0x0000102d       0x6d ./Src/system_stm32f4xx.o

.debug_line     0x00000000     0x6dbe
 .debug_line    0x00000000      0x7a5 ./Drivers/CRC/CRC.o
 .debug_line    0x000007a5      0x949 ./Drivers/Custom_RS485_Comm/Custom_RS485_Comm.o
 .debug_line    0x000010ee     0x21a3 ./Drivers/DMA/DMA.o
 .debug_line    0x00003291      0xbfd ./Drivers/GPIO/GPIO.o
 .debug_line    0x00003e8e     0x18a6 ./Drivers/USART/USART.o
 .debug_line    0x00005734     0x10d2 ./Src/main.o
 .debug_line    0x00006806      0x53d ./Src/system_stm32f4xx.o
 .debug_line    0x00006d43       0x7b ./Startup/startup_stm32f407vgtx.o

.debug_str      0x00000000    0x8fc76
 .debug_str     0x00000000    0x8d8a6 ./Drivers/CRC/CRC.o
                              0x8db06 (size before relaxing)
 .debug_str     0x0008d8a6      0xf4f ./Drivers/Custom_RS485_Comm/Custom_RS485_Comm.o
                              0x8e9bb (size before relaxing)
 .debug_str     0x0008e7f5      0x915 ./Drivers/DMA/DMA.o
                              0x8ea5a (size before relaxing)
 .debug_str     0x0008f10a      0x377 ./Drivers/GPIO/GPIO.o
                              0x8e5d7 (size before relaxing)
 .debug_str     0x0008f481      0x403 ./Drivers/USART/USART.o
                              0x8f3e9 (size before relaxing)
 .debug_str     0x0008f884      0x333 ./Src/main.o
                              0x8f045 (size before relaxing)
 .debug_str     0x0008fbb7       0x80 ./Src/system_stm32f4xx.o
                              0x885a2 (size before relaxing)
 .debug_str     0x0008fc37       0x3f ./Startup/startup_stm32f407vgtx.o
                                 0x72 (size before relaxing)

.comment        0x00000000       0x43
 .comment       0x00000000       0x43 ./Drivers/CRC/CRC.o
                                 0x44 (size before relaxing)
 .comment       0x00000043       0x44 ./Drivers/Custom_RS485_Comm/Custom_RS485_Comm.o
 .comment       0x00000043       0x44 ./Drivers/DMA/DMA.o
 .comment       0x00000043       0x44 ./Drivers/GPIO/GPIO.o
 .comment       0x00000043       0x44 ./Drivers/USART/USART.o
 .comment       0x00000043       0x44 ./Src/main.o
 .comment       0x00000043       0x44 ./Src/system_stm32f4xx.o

.debug_frame    0x00000000      0xb98
 .debug_frame   0x00000000       0x78 ./Drivers/CRC/CRC.o
 .debug_frame   0x00000078       0x90 ./Drivers/Custom_RS485_Comm/Custom_RS485_Comm.o
 .debug_frame   0x00000108      0x330 ./Drivers/DMA/DMA.o
 .debug_frame   0x00000438      0x128 ./Drivers/GPIO/GPIO.o
 .debug_frame   0x00000560      0x1e8 ./Drivers/USART/USART.o
 .debug_frame   0x00000748      0x130 ./Src/main.o
 .debug_frame   0x00000878       0x30 ./Src/system_stm32f4xx.o
 .debug_frame   0x000008a8       0x2c C:/ST/STM32CubeIDE_1.17.0/STM32CubeIDE/plugins/com.st.stm32cube.ide.mcu.externaltools.gnu-tools-for-stm32.12.3.rel1.win32_1.1.0.202410251130/tools/bin/../lib/gcc/arm-none-eabi/12.3.1/../../../../arm-none-eabi/lib/thumb/v7e-m+fp/hard\libc_nano.a(libc_a-init.o)
 .debug_frame   0x000008d4       0x28 C:/ST/STM32CubeIDE_1.17.0/STM32CubeIDE/plugins/com.st.stm32cube.ide.mcu.externaltools.gnu-tools-for-stm32.12.3.rel1.win32_1.1.0.202410251130/tools/bin/../lib/gcc/arm-none-eabi/12.3.1/../../../../arm-none-eabi/lib/thumb/v7e-m+fp/hard\libc_nano.a(libc_a-memcpy-stub.o)
 .debug_frame   0x000008fc       0x30 C:/ST/STM32CubeIDE_1.17.0/STM32CubeIDE/plugins/com.st.stm32cube.ide.mcu.externaltools.gnu-tools-for-stm32.12.3.rel1.win32_1.1.0.202410251130/tools/bin/../lib/gcc/arm-none-eabi/12.3.1/../../../../arm-none-eabi/lib/thumb/v7e-m+fp/hard\libm.a(libm_a-s_ceil.o)
 .debug_frame   0x0000092c       0xac C:/ST/STM32CubeIDE_1.17.0/STM32CubeIDE/plugins/com.st.stm32cube.ide.mcu.externaltools.gnu-tools-for-stm32.12.3.rel1.win32_1.1.0.202410251130/tools/bin/../lib/gcc/arm-none-eabi/12.3.1/thumb/v7e-m+fp/hard\libgcc.a(_arm_addsubdf3.o)
 .debug_frame   0x000009d8       0x50 C:/ST/STM32CubeIDE_1.17.0/STM32CubeIDE/plugins/com.st.stm32cube.ide.mcu.externaltools.gnu-tools-for-stm32.12.3.rel1.win32_1.1.0.202410251130/tools/bin/../lib/gcc/arm-none-eabi/12.3.1/thumb/v7e-m+fp/hard\libgcc.a(_arm_muldivdf3.o)
 .debug_frame   0x00000a28       0xc4 C:/ST/STM32CubeIDE_1.17.0/STM32CubeIDE/plugins/com.st.stm32cube.ide.mcu.externaltools.gnu-tools-for-stm32.12.3.rel1.win32_1.1.0.202410251130/tools/bin/../lib/gcc/arm-none-eabi/12.3.1/thumb/v7e-m+fp/hard\libgcc.a(_arm_cmpdf2.o)
 .debug_frame   0x00000aec       0x24 C:/ST/STM32CubeIDE_1.17.0/STM32CubeIDE/plugins/com.st.stm32cube.ide.mcu.externaltools.gnu-tools-for-stm32.12.3.rel1.win32_1.1.0.202410251130/tools/bin/../lib/gcc/arm-none-eabi/12.3.1/thumb/v7e-m+fp/hard\libgcc.a(_arm_fixdfsi.o)
 .debug_frame   0x00000b10       0x38 C:/ST/STM32CubeIDE_1.17.0/STM32CubeIDE/plugins/com.st.stm32cube.ide.mcu.externaltools.gnu-tools-for-stm32.12.3.rel1.win32_1.1.0.202410251130/tools/bin/../lib/gcc/arm-none-eabi/12.3.1/thumb/v7e-m+fp/hard\libgcc.a(_fixdfdi.o)
 .debug_frame   0x00000b48       0x2c C:/ST/STM32CubeIDE_1.17.0/STM32CubeIDE/plugins/com.st.stm32cube.ide.mcu.externaltools.gnu-tools-for-stm32.12.3.rel1.win32_1.1.0.202410251130/tools/bin/../lib/gcc/arm-none-eabi/12.3.1/thumb/v7e-m+fp/hard\libgcc.a(_fixunsdfdi.o)
 .debug_frame   0x00000b74       0x24 C:/ST/STM32CubeIDE_1.17.0/STM32CubeIDE/plugins/com.st.stm32cube.ide.mcu.externaltools.gnu-tools-for-stm32.12.3.rel1.win32_1.1.0.202410251130/tools/bin/../lib/gcc/arm-none-eabi/12.3.1/thumb/v7e-m+fp/hard\libgcc.a(_arm_fixunsdfsi.o)

.debug_line_str
                0x00000000       0x56
 .debug_line_str
                0x00000000       0x56 ./Startup/startup_stm32f407vgtx.o
