Archive member included to satisfy reference by file (symbol)

C:/ST/STM32CubeIDE_1.17.0/STM32CubeIDE/plugins/com.st.stm32cube.ide.mcu.externaltools.gnu-tools-for-stm32.12.3.rel1.win32_1.1.0.202410251130/tools/bin/../lib/gcc/arm-none-eabi/12.3.1/../../../../arm-none-eabi/lib/thumb/v7e-m+fp/hard\libc_nano.a(libc_a-exit.o)
                              C:/ST/STM32CubeIDE_1.17.0/STM32CubeIDE/plugins/com.st.stm32cube.ide.mcu.externaltools.gnu-tools-for-stm32.12.3.rel1.win32_1.1.0.202410251130/tools/bin/../lib/gcc/arm-none-eabi/12.3.1/../../../../arm-none-eabi/lib/thumb/v7e-m+fp/hard/crt0.o (exit)
C:/ST/STM32CubeIDE_1.17.0/STM32CubeIDE/plugins/com.st.stm32cube.ide.mcu.externaltools.gnu-tools-for-stm32.12.3.rel1.win32_1.1.0.202410251130/tools/bin/../lib/gcc/arm-none-eabi/12.3.1/../../../../arm-none-eabi/lib/thumb/v7e-m+fp/hard\libc_nano.a(libc_a-findfp.o)
                              C:/ST/STM32CubeIDE_1.17.0/STM32CubeIDE/plugins/com.st.stm32cube.ide.mcu.externaltools.gnu-tools-for-stm32.12.3.rel1.win32_1.1.0.202410251130/tools/bin/../lib/gcc/arm-none-eabi/12.3.1/../../../../arm-none-eabi/lib/thumb/v7e-m+fp/hard\libc_nano.a(libc_a-exit.o) (__stdio_exit_handler)
C:/ST/STM32CubeIDE_1.17.0/STM32CubeIDE/plugins/com.st.stm32cube.ide.mcu.externaltools.gnu-tools-for-stm32.12.3.rel1.win32_1.1.0.202410251130/tools/bin/../lib/gcc/arm-none-eabi/12.3.1/../../../../arm-none-eabi/lib/thumb/v7e-m+fp/hard\libc_nano.a(libc_a-fwalk.o)
                              C:/ST/STM32CubeIDE_1.17.0/STM32CubeIDE/plugins/com.st.stm32cube.ide.mcu.externaltools.gnu-tools-for-stm32.12.3.rel1.win32_1.1.0.202410251130/tools/bin/../lib/gcc/arm-none-eabi/12.3.1/../../../../arm-none-eabi/lib/thumb/v7e-m+fp/hard\libc_nano.a(libc_a-findfp.o) (_fwalk_sglue)
C:/ST/STM32CubeIDE_1.17.0/STM32CubeIDE/plugins/com.st.stm32cube.ide.mcu.externaltools.gnu-tools-for-stm32.12.3.rel1.win32_1.1.0.202410251130/tools/bin/../lib/gcc/arm-none-eabi/12.3.1/../../../../arm-none-eabi/lib/thumb/v7e-m+fp/hard\libc_nano.a(libc_a-stdio.o)
                              C:/ST/STM32CubeIDE_1.17.0/STM32CubeIDE/plugins/com.st.stm32cube.ide.mcu.externaltools.gnu-tools-for-stm32.12.3.rel1.win32_1.1.0.202410251130/tools/bin/../lib/gcc/arm-none-eabi/12.3.1/../../../../arm-none-eabi/lib/thumb/v7e-m+fp/hard\libc_nano.a(libc_a-findfp.o) (__sread)
C:/ST/STM32CubeIDE_1.17.0/STM32CubeIDE/plugins/com.st.stm32cube.ide.mcu.externaltools.gnu-tools-for-stm32.12.3.rel1.win32_1.1.0.202410251130/tools/bin/../lib/gcc/arm-none-eabi/12.3.1/../../../../arm-none-eabi/lib/thumb/v7e-m+fp/hard\libc_nano.a(libc_a-vsnprintf.o)
                              ./Drivers/Console/Console.o (vsnprintf)
C:/ST/STM32CubeIDE_1.17.0/STM32CubeIDE/plugins/com.st.stm32cube.ide.mcu.externaltools.gnu-tools-for-stm32.12.3.rel1.win32_1.1.0.202410251130/tools/bin/../lib/gcc/arm-none-eabi/12.3.1/../../../../arm-none-eabi/lib/thumb/v7e-m+fp/hard\libc_nano.a(libc_a-vsscanf.o)
                              ./Drivers/Console/Console.o (vsscanf)
C:/ST/STM32CubeIDE_1.17.0/STM32CubeIDE/plugins/com.st.stm32cube.ide.mcu.externaltools.gnu-tools-for-stm32.12.3.rel1.win32_1.1.0.202410251130/tools/bin/../lib/gcc/arm-none-eabi/12.3.1/../../../../arm-none-eabi/lib/thumb/v7e-m+fp/hard\libc_nano.a(libc_a-memset.o)
                              C:/ST/STM32CubeIDE_1.17.0/STM32CubeIDE/plugins/com.st.stm32cube.ide.mcu.externaltools.gnu-tools-for-stm32.12.3.rel1.win32_1.1.0.202410251130/tools/bin/../lib/gcc/arm-none-eabi/12.3.1/../../../../arm-none-eabi/lib/thumb/v7e-m+fp/hard/crt0.o (memset)
C:/ST/STM32CubeIDE_1.17.0/STM32CubeIDE/plugins/com.st.stm32cube.ide.mcu.externaltools.gnu-tools-for-stm32.12.3.rel1.win32_1.1.0.202410251130/tools/bin/../lib/gcc/arm-none-eabi/12.3.1/../../../../arm-none-eabi/lib/thumb/v7e-m+fp/hard\libc_nano.a(libc_a-closer.o)
                              C:/ST/STM32CubeIDE_1.17.0/STM32CubeIDE/plugins/com.st.stm32cube.ide.mcu.externaltools.gnu-tools-for-stm32.12.3.rel1.win32_1.1.0.202410251130/tools/bin/../lib/gcc/arm-none-eabi/12.3.1/../../../../arm-none-eabi/lib/thumb/v7e-m+fp/hard\libc_nano.a(libc_a-stdio.o) (_close_r)
C:/ST/STM32CubeIDE_1.17.0/STM32CubeIDE/plugins/com.st.stm32cube.ide.mcu.externaltools.gnu-tools-for-stm32.12.3.rel1.win32_1.1.0.202410251130/tools/bin/../lib/gcc/arm-none-eabi/12.3.1/../../../../arm-none-eabi/lib/thumb/v7e-m+fp/hard\libc_nano.a(libc_a-reent.o)
                              C:/ST/STM32CubeIDE_1.17.0/STM32CubeIDE/plugins/com.st.stm32cube.ide.mcu.externaltools.gnu-tools-for-stm32.12.3.rel1.win32_1.1.0.202410251130/tools/bin/../lib/gcc/arm-none-eabi/12.3.1/../../../../arm-none-eabi/lib/thumb/v7e-m+fp/hard\libc_nano.a(libc_a-closer.o) (errno)
C:/ST/STM32CubeIDE_1.17.0/STM32CubeIDE/plugins/com.st.stm32cube.ide.mcu.externaltools.gnu-tools-for-stm32.12.3.rel1.win32_1.1.0.202410251130/tools/bin/../lib/gcc/arm-none-eabi/12.3.1/../../../../arm-none-eabi/lib/thumb/v7e-m+fp/hard\libc_nano.a(libc_a-impure.o)
[...]
Memory Configuration

Name             Origin             Length             Attributes
CCMRAM           0x10000000         0x00010000         xrw
RAM              0x20000000         0x00020000         xrw
FLASH            0x08000000         0x00100000         xr
*default*        0x00000000         0xffffffff

Linker script and memory map

LOAD C:/ST/STM32CubeIDE_1.17.0/STM32CubeIDE/plugins/com.st.stm32cube.ide.mcu.externaltools.gnu-tools-for-stm32.12.3.rel1.win32_1.1.0.202410251130/tools/bin/../lib/gcc/arm-none-eabi/12.3.1/thumb/v7e-m+fp/hard/crti.o
LOAD C:/ST/STM32CubeIDE_1.17.0/STM32CubeIDE/plugins/com.st.stm32cube.ide.mcu.externaltools.gnu-tools-for-stm32.12.3.rel1.win32_1.1.0.202410251130/tools/bin/../lib/gcc/arm-none-eabi/12.3.1/thumb/v7e-m+fp/hard/crtbegin.o
LOAD C:/ST/STM32CubeIDE_1.17.0/STM32CubeIDE/plugins/com.st.stm32cube.ide.mcu.externaltools.gnu-tools-for-stm32.12.3.rel1.win32_1.1.0.202410251130/tools/bin/../lib/gcc/arm-none-eabi/12.3.1/../../../../arm-none-eabi/lib/thumb/v7e-m+fp/hard/crt0.o
LOAD ./Drivers/CAN/CAN.o
LOAD ./Drivers/CRC/CRC.o
LOAD ./Drivers/Console/Console.o
LOAD ./Drivers/DMA/DMA.o
LOAD ./Drivers/GPIO/GPIO.o
LOAD ./Drivers/USART/USART.o
LOAD ./Src/main.o
LOAD ./Src/syscalls.o
LOAD ./Src/sysmem.o
LOAD ./Src/system_stm32f4xx.o
LOAD ./Startup/startup_stm32f407vgtx.o
START GROUP
LOAD C:/ST/STM32CubeIDE_1.17.0/STM32CubeIDE/plugins/com.st.stm32cube.ide.mcu.externaltools.gnu-tools-for-stm32.12.3.rel1.win32_1.1.0.202410251130/tools/bin/../lib/gcc/arm-none-eabi/12.3.1/../../../../arm-none-eabi/lib/thumb/v7e-m+fp/hard\libc_nano.a
LOAD C:/ST/STM32CubeIDE_1.17.0/STM32CubeIDE/plugins/com.st.stm32cube.ide.mcu.externaltools.gnu-tools-for-stm32.12.3.rel1.win32_1.1.0.202410251130/tools/bin/../lib/gcc/arm-none-eabi/12.3.1/../../../../arm-none-eabi/lib/thumb/v7e-m+fp/hard\libm.a
END GROUP
START GROUP
LOAD C:/ST/STM32CubeIDE_1.17.0/STM32CubeIDE/plugins/com.st.stm32cube.ide.mcu.externaltools.gnu-tools-for-stm32.12.3.rel1.win32_1.1.0.202410251130/tools/bin/../lib/gcc/arm-none-eabi/12.3.1/thumb/v7e-m+fp/hard\libgcc.a
LOAD C:/ST/STM32CubeIDE_1.17.0/STM32CubeIDE/plugins/com.st.stm32cube.ide.mcu.externaltools.gnu-tools-for-stm32.12.3.rel1.win32_1.1.0.202410251130/tools/bin/../lib/gcc/arm-none-eabi/12.3.1/../../../../arm-none-eabi/lib/thumb/v7e-m+fp/hard\libc_nano.a
END GROUP
START GROUP
LOAD C:/ST/STM32CubeIDE_1.17.0/STM32CubeIDE/plugins/com.st.stm32cube.ide.mcu.externaltools.gnu-tools-for-stm32.12.3.rel1.win32_1.1.0.202410251130/tools/bin/../lib/gcc/arm-none-eabi/12.3.1/thumb/v7e-m+fp/hard\libgcc.a
LOAD C:/ST/STM32CubeIDE_1.17.0/STM32CubeIDE/plugins/com.st.stm32cube.ide.mcu.externaltools.gnu-tools-for-stm32.12.3.rel1.win32_1.1.0.202410251130/tools/bin/../lib/gcc/arm-none-eabi/12.3.1/../../../../arm-none-eabi/lib/thumb/v7e-m+fp/hard\libc_nano.a
LOAD C:/ST/STM32CubeIDE_1.17.0/STM32CubeIDE/plugins/com.st.stm32cube.ide.mcu.externaltools.gnu-tools-for-stm32.12.3.rel1.win32_1.1.0.202410251130/tools/bin/../lib/gcc/arm-none-eabi/12.3.1/../../../../arm-none-eabi/lib/thumb/v7e-m+fp/hard\libnosys.a
END GROUP
START GROUP
LOAD C:/ST/STM32CubeIDE_1.17.0/STM32CubeIDE/plugins/com.st.stm32cube.ide.mcu.externaltools.gnu-tools-for-stm32.12.3.rel1.win32_1.1.0.202410251130/tools/bin/../lib/gcc/arm-none-eabi/12.3.1/thumb/v7e-m+fp/hard\libgcc.a
LOAD C:/ST/STM32CubeIDE_1.17.0/STM32CubeIDE/plugins/com.st.stm32cube.ide.mcu.externaltools.gnu-tools-for-stm32.12.3.rel1.win32_1.1.0.202410251130/tools/bin/../lib/gcc/arm-none-eabi/12.3.1/../../../../arm-none-eabi/lib/thumb/v7e-m+fp/hard\libc_nano.a
LOAD C:/ST/STM32CubeIDE_1.17.0/STM32CubeIDE/plugins/com.st.stm32cube.ide.mcu.externaltools.gnu-tools-for-stm32.12.3.rel1.win32_1.1.0.202410251130/tools/bin/../lib/gcc/arm-none-eabi/12.3.1/../../../../arm-none-eabi/lib/thumb/v7e-m+fp/hard\libnosys.a
END GROUP
LOAD C:/ST/STM32CubeIDE_1.17.0/STM32CubeIDE/plugins/com.st.stm32cube.ide.mcu.externaltools.gnu-tools-for-stm32.12.3.rel1.win32_1.1.0.202410251130/tools/bin/../lib/gcc/arm-none-eabi/12.3.1/thumb/v7e-m+fp/hard/crtend.o
LOAD C:/ST/STM32CubeIDE_1.17.0/STM32CubeIDE/plugins/com.st.stm32cube.ide.mcu.externaltools.gnu-tools-for-stm32.12.3.rel1.win32_1.1.0.202410251130/tools/bin/../lib/gcc/arm-none-eabi/12.3.1/thumb/v7e-m+fp/hard/crtn.o
                0x20020000                        _estack = (ORIGIN (RAM) + LENGTH (RAM))
                0x00000200                        _Min_Heap_Size = 0x200
                0x00000400                        _Min_Stack_Size = 0x400

.isr_vector     0x08000000      0x188
                0x08000000                        . = ALIGN (0x4)
 *(.isr_vector)
 .isr_vector    0x08000000      0x188 ./Startup/startup_stm32f407vgtx.o
                0x08000000                g_pfnVectors
                0x08000188                        . = ALIGN (0x4)

.text           0x08000190     0x6638
                0x08000190                        . = ALIGN (0x4)
 *(.text)
 .text          0x08000190       0x40 C:/ST/STM32CubeIDE_1.17.0/STM32CubeIDE/plugins/com.st.stm32cube.ide.mcu.externaltools.gnu-tools-for-stm32.12.3.rel1.win32_1.1.0.202410251130/tools/bin/../lib/gcc/arm-none-eabi/12.3.1/thumb/v7e-m+fp/hard/crtbegin.o
 .text          0x080001d0       0x10 C:/ST/STM32CubeIDE_1.17.0/STM32CubeIDE/plugins/com.st.stm32cube.ide.mcu.externaltools.gnu-tools-for-stm32.12.3.rel1.win32_1.1.0.202410251130/tools/bin/../lib/gcc/arm-none-eabi/12.3.1/../../../../arm-none-eabi/lib/thumb/v7e-m+fp/hard\libc_nano.a(libc_a-strlen.o)
                0x080001d0                strlen
 .text          0x080001e0       0xa0 C:/ST/STM32CubeIDE_1.17.0/STM32CubeIDE/plugins/com.st.stm32cube.ide.mcu.externaltools.gnu-tools-for-stm32.12.3.rel1.win32_1.1.0.202410251130/tools/bin/../lib/gcc/arm-none-eabi/12.3.1/../../../../arm-none-eabi/lib/thumb/v7e-m+fp/hard\libc_nano.a(libc_a-memchr.o)
                0x080001e0                memchr
 .text          0x08000280      0x378 C:/ST/STM32CubeIDE_1.17.0/STM32CubeIDE/plugins/com.st.stm32cube.ide.mcu.externaltools.gnu-tools-for-stm32.12.3.rel1.win32_1.1.0.202410251130/tools/bin/../lib/gcc/arm-none-eabi/12.3.1/thumb/v7e-m+fp/hard\libgcc.a(_arm_addsubdf3.o)
                0x08000280                __aeabi_drsub
                0x08000288                __aeabi_dsub
                0x08000288                __subdf3
                0x0800028c                __aeabi_dadd
                0x0800028c                __adddf3
                0x08000504                __floatunsidf
                0x08000504                __aeabi_ui2d
                0x08000524                __floatsidf
                0x08000524                __aeabi_i2d
                0x08000548                __aeabi_f2d
                0x08000548                __extendsfdf2
                0x0800058c                __floatundidf
                0x0800058c                __aeabi_ul2d
                0x0800059c                __floatdidf
                0x0800059c                __aeabi_l2d
 .text          0x080005f8      0x424 C:/ST/STM32CubeIDE_1.17.0/STM32CubeIDE/plugins/com.st.stm32cube.ide.mcu.externaltools.gnu-tools-for-stm32.12.3.rel1.win32_1.1.0.202410251130/tools/bin/../lib/gcc/arm-none-eabi/12.3.1/thumb/v7e-m+fp/hard\libgcc.a(_arm_muldivdf3.o)
                0x080005f8                __aeabi_dmul
                0x080005f8                __muldf3
                0x0800084c                __divdf3
                0x0800084c                __aeabi_ddiv
 .text          0x08000a1c      0x110 C:/ST/STM32CubeIDE_1.17.0/STM32CubeIDE/plugins/com.st.stm32cube.ide.mcu.externaltools.gnu-tools-for-stm32.12.3.rel1.win32_1.1.0.202410251130/tools/bin/../lib/gcc/arm-none-eabi/12.3.1/thumb/v7e-m+fp/hard\libgcc.a(_arm_cmpdf2.o)
                0x08000a1c                __gtdf2
                0x08000a1c                __gedf2
                0x08000a24                __ltdf2
                0x08000a24                __ledf2
                0x08000a2c                __nedf2
                0x08000a2c                __eqdf2
                0x08000a2c                __cmpdf2
                0x08000aa8                __aeabi_cdrcmple
                0x08000ab8                __aeabi_cdcmpeq
                0x08000ab8                __aeabi_cdcmple
                0x08000ac8                __aeabi_dcmpeq
                0x08000adc                __aeabi_dcmplt
                0x08000af0                __aeabi_dcmple
                0x08000b04                __aeabi_dcmpge
                0x08000b18                __aeabi_dcmpgt
 .text          0x08000b2c       0x50 C:/ST/STM32CubeIDE_1.17.0/STM32CubeIDE/plugins/com.st.stm32cube.ide.mcu.externaltools.gnu-tools-for-stm32.12.3.rel1.win32_1.1.0.202410251130/tools/bin/../lib/gcc/arm-none-eabi/12.3.1/thumb/v7e-m+fp/hard\libgcc.a(_arm_fixdfsi.o)
                0x08000b2c                __aeabi_d2iz
                0x08000b2c                __fixdfsi
 .text          0x08000b7c       0x30 C:/ST/STM32CubeIDE_1.17.0/STM32CubeIDE/plugins/com.st.stm32cube.ide.mcu.externaltools.gnu-tools-for-stm32.12.3.rel1.win32_1.1.0.202410251130/tools/bin/../lib/gcc/arm-none-eabi/12.3.1/thumb/v7e-m+fp/hard\libgcc.a(_fixdfdi.o)
                0x08000b7c                __fixdfdi
                0x08000b7c                __aeabi_d2lz
 .text          0x08000bac       0x3c C:/ST/STM32CubeIDE_1.17.0/STM32CubeIDE/plugins/com.st.stm32cube.ide.mcu.externaltools.gnu-tools-for-stm32.12.3.rel1.win32_1.1.0.202410251130/tools/bin/../lib/gcc/arm-none-eabi/12.3.1/thumb/v7e-m+fp/hard\libgcc.a(_fixunsdfdi.o)
                0x08000bac                __fixunsdfdi
                0x08000bac                __aeabi_d2ulz
 .text          0x08000be8       0x40 C:/ST/STM32CubeIDE_1.17.0/STM32CubeIDE/plugins/com.st.stm32cube.ide.mcu.externaltools.gnu-tools-for-stm32.12.3.rel1.win32_1.1.0.202410251130/tools/bin/../lib/gcc/arm-none-eabi/12.3.1/thumb/v7e-m+fp/hard\libgcc.a(_arm_fixunsdfsi.o)
                0x08000be8                __aeabi_d2uiz
                0x08000be8                __fixunsdfsi
 *(.text*)
 .text.CRC_Init
                0x08000c28       0x20 ./Drivers/CRC/CRC.o
                0x08000c28                CRC_Init
 .text.Console_IRQ
                0x08000c48       0x88 ./Drivers/Console/Console.o
                0x08000c48                Console_IRQ
 .text.Console_Init
                0x08000cd0       0x6c ./Drivers/Console/Console.o
                0x08000cd0                Console_Init
 .text.printConsole
                0x08000d3c       0x48 ./Drivers/Console/Console.o
                0x08000d3c                printConsole
 .text.readConsole
                0x08000d84       0x8c ./Drivers/Console/Console.o
                0x08000d84                readConsole
 .text.__NVIC_EnableIRQ
                0x08000e10       0x3c ./Drivers/DMA/DMA.o
 .text.DMA1_Stream0_IRQHandler
                0x08000e4c      0x194 ./Drivers/DMA/DMA.o
                0x08000e4c                DMA1_Stream0_IRQHandler
 .text.DMA1_Stream1_IRQHandler
                0x08000fe0      0x194 ./Drivers/DMA/DMA.o
                0x08000fe0                DMA1_Stream1_IRQHandler
 .text.DMA1_Stream2_IRQHandler
                0x08001174      0x1a4 ./Drivers/DMA/DMA.o
                0x08001174                DMA1_Stream2_IRQHandler
 .text.DMA1_Stream3_IRQHandler
                0x08001318      0x194 ./Drivers/DMA/DMA.o
                0x08001318                DMA1_Stream3_IRQHandler
 .text.DMA1_Stream4_IRQHandler
                0x080014ac      0x150 ./Drivers/DMA/DMA.o
                0x080014ac                DMA1_Stream4_IRQHandler
 .text.DMA1_Stream5_IRQHandler
                0x080015fc      0x150 ./Drivers/DMA/DMA.o
                0x080015fc                DMA1_Stream5_IRQHandler
 .text.DMA1_Stream6_IRQHandler
                0x0800174c      0x150 ./Drivers/DMA/DMA.o
                0x0800174c                DMA1_Stream6_IRQHandler
 .text.DMA1_Stream7_IRQHandler
                0x0800189c      0x150 ./Drivers/DMA/DMA.o
                0x0800189c                DMA1_Stream7_IRQHandler
 .text.DMA2_Stream0_IRQHandler
                0x080019ec      0x194 ./Drivers/DMA/DMA.o
                0x080019ec                DMA2_Stream0_IRQHandler
 .text.DMA2_Stream1_IRQHandler
                0x08001b80      0x150 ./Drivers/DMA/DMA.o
                0x08001b80                DMA2_Stream1_IRQHandler
 .text.DMA2_Stream2_IRQHandler
                0x08001cd0      0x150 ./Drivers/DMA/DMA.o
                0x08001cd0                DMA2_Stream2_IRQHandler
 .text.DMA2_Stream3_IRQHandler
                0x08001e20      0x194 ./Drivers/DMA/DMA.o
                0x08001e20                DMA2_Stream3_IRQHandler
 .text.DMA2_Stream4_IRQHandler
                0x08001fb4      0x150 ./Drivers/DMA/DMA.o
                0x08001fb4                DMA2_Stream4_IRQHandler
 .text.DMA2_Stream5_IRQHandler
                0x08002104      0x150 ./Drivers/DMA/DMA.o
                0x08002104                DMA2_Stream5_IRQHandler
 .text.DMA2_Stream6_IRQHandler
                0x08002254      0x150 ./Drivers/DMA/DMA.o
                0x08002254                DMA2_Stream6_IRQHandler
 .text.DMA2_Stream7_IRQHandler
                0x080023a4      0x150 ./Drivers/DMA/DMA.o
                0x080023a4                DMA2_Stream7_IRQHandler
 .text.DMA_Clock_Enable
                0x080024f4       0x4c ./Drivers/DMA/DMA.o
                0x080024f4                DMA_Clock_Enable
 .text.DMA_Init
                0x08002540      0x3e4 ./Drivers/DMA/DMA.o
                0x08002540                DMA_Init
 .text.DMA_Set_Target
                0x08002924       0xbe ./Drivers/DMA/DMA.o
                0x08002924                DMA_Set_Target
 *fill*         0x080029e2        0x2 
 .text.DMA_Set_Trigger
                0x080029e4      0x168 ./Drivers/DMA/DMA.o
                0x080029e4                DMA_Set_Trigger
 .text.EXTI0_IRQHandler
                0x08002b4c       0x2c ./Drivers/GPIO/GPIO.o
                0x08002b4c                EXTI0_IRQHandler
 .text.EXTI1_IRQHandler
                0x08002b78       0x2c ./Drivers/GPIO/GPIO.o
                0x08002b78                EXTI1_IRQHandler
 .text.EXTI2_IRQHandler
                0x08002ba4       0x2c ./Drivers/GPIO/GPIO.o
                0x08002ba4                EXTI2_IRQHandler
 .text.EXTI3_IRQHandler
                0x08002bd0       0x2c ./Drivers/GPIO/GPIO.o
                0x08002bd0                EXTI3_IRQHandler
 .text.EXTI4_IRQHandler
                0x08002bfc       0x2c ./Drivers/GPIO/GPIO.o
                0x08002bfc                EXTI4_IRQHandler
 .text.EXTI9_5_IRQHandler
                0x08002c28       0x68 ./Drivers/GPIO/GPIO.o
                0x08002c28                EXTI9_5_IRQHandler
 .text.EXTI15_10_IRQHandler
                0x08002c90       0x68 ./Drivers/GPIO/GPIO.o
                0x08002c90                EXTI15_10_IRQHandler
 .text.GPIO_Clock_Enable
                0x08002cf8       0xec ./Drivers/GPIO/GPIO.o
                0x08002cf8                GPIO_Clock_Enable
 .text.GPIO_Pin_Init
                0x08002de4      0x14e ./Drivers/GPIO/GPIO.o
                0x08002de4                GPIO_Pin_Init
 *fill*         0x08002f32        0x2 
 .text.__NVIC_EnableIRQ
                0x08002f34       0x3c ./Drivers/USART/USART.o
 .text.__NVIC_SetPriority
                0x08002f70       0x54 ./Drivers/USART/USART.o
 .text.SystemAPB1_Clock_Speed
                0x08002fc4       0x30 ./Drivers/USART/USART.o
 .text.SystemAPB2_Clock_Speed
                0x08002ff4       0x30 ./Drivers/USART/USART.o
 .text.separateFractionAndIntegral
                0x08003024       0x4c ./Drivers/USART/USART.o
 .text.USART1_TX_ISR
                0x08003070       0x18 ./Drivers/USART/USART.o
                0x08003070                USART1_TX_ISR
 .text.USART1_RX_ISR
                0x08003088       0x18 ./Drivers/USART/USART.o
                0x08003088                USART1_RX_ISR
 .text.USART2_TX_ISR
                0x080030a0       0x18 ./Drivers/USART/USART.o
                0x080030a0                USART2_TX_ISR
 .text.USART2_RX_ISR
                0x080030b8       0x18 ./Drivers/USART/USART.o
                0x080030b8                USART2_RX_ISR
 .text.USART3_TX_ISR
                0x080030d0       0x18 ./Drivers/USART/USART.o
                0x080030d0                USART3_TX_ISR
 .text.USART3_RX_ISR
                0x080030e8       0x18 ./Drivers/USART/USART.o
                0x080030e8                USART3_RX_ISR
 .text.USART4_TX_ISR
                0x08003100       0x18 ./Drivers/USART/USART.o
                0x08003100                USART4_TX_ISR
 .text.USART4_RX_ISR
                0x08003118       0x18 ./Drivers/USART/USART.o
                0x08003118                USART4_RX_ISR
 .text.USART5_TX_ISR
                0x08003130       0x18 ./Drivers/USART/USART.o
                0x08003130                USART5_TX_ISR
 .text.USART5_RX_ISR
                0x08003148       0x18 ./Drivers/USART/USART.o
                0x08003148                USART5_RX_ISR
 .text.USART6_TX_ISR
                0x08003160       0x18 ./Drivers/USART/USART.o
                0x08003160                USART6_TX_ISR
 .text.USART6_RX_ISR
                0x08003178       0x18 ./Drivers/USART/USART.o
                0x08003178                USART6_RX_ISR
 .text.UART4_IRQHandler
                0x08003190      0x170 ./Drivers/USART/USART.o
                0x08003190                UART4_IRQHandler
 .text.USART1_IRQHandler
                0x08003300      0x170 ./Drivers/USART/USART.o
                0x08003300                USART1_IRQHandler
 .text.USART_Get_Instance_Number
                0x08003470       0x84 ./Drivers/USART/USART.o
                0x08003470                USART_Get_Instance_Number
 .text.USART_Config_Reset
                0x080034f4       0x3c ./Drivers/USART/USART.o
                0x080034f4                USART_Config_Reset
 .text.USART_Clock_Enable
                0x08003530       0xc8 ./Drivers/USART/USART.o
                0x08003530                USART_Clock_Enable
 .text.PIN_Setup
                0x080035f8      0xb78 ./Drivers/USART/USART.o
 .text.USART_Init
                0x08004170      0x8c4 ./Drivers/USART/USART.o
                0x08004170                USART_Init
 .text.USART_TX_Buffer
                0x08004a34      0x220 ./Drivers/USART/USART.o
                0x08004a34                USART_TX_Buffer
 .text.USART_RX_Buffer
                0x08004c54      0x244 ./Drivers/USART/USART.o
                0x08004c54                USART_RX_Buffer
 .text.__NVIC_SetPriority
                0x08004e98       0x54 ./Src/main.o
 .text.SysTick_Config
                0x08004eec       0x44 ./Src/main.o
 .text.MCU_Clock_Setup
                0x08004f30      0x124 ./Src/main.o
 .text.Delay_Config
                0x08005054       0x30 ./Src/main.o
 .text.main     0x08005084      0x198 ./Src/main.o
                0x08005084                main
 .text._sbrk    0x0800521c       0x6c ./Src/sysmem.o
                0x0800521c                _sbrk
 .text.SystemInit
                0x08005288       0x24 ./Src/system_stm32f4xx.o
                0x08005288                SystemInit
 .text.SystemCoreClockUpdate
                0x080052ac      0x100 ./Src/system_stm32f4xx.o
                0x080052ac                SystemCoreClockUpdate
 .text.Reset_Handler
                0x080053ac       0x50 ./Startup/startup_stm32f407vgtx.o
                0x080053ac                Reset_Handler
 .text.Default_Handler
                0x080053fc        0x2 ./Startup/startup_stm32f407vgtx.o
                0x080053fc                RTC_Alarm_IRQHandler
                0x080053fc                HASH_RNG_IRQHandler
                0x080053fc                TIM8_CC_IRQHandler
                0x080053fc                DebugMon_Handler
                0x080053fc                TIM1_CC_IRQHandler
                0x080053fc                HardFault_Handler
                0x080053fc                SysTick_Handler
                0x080053fc                PVD_IRQHandler
                0x080053fc                SDIO_IRQHandler
                0x080053fc                TAMP_STAMP_IRQHandler
                0x080053fc                PendSV_Handler
                0x080053fc                NMI_Handler
                0x080053fc                CAN2_RX1_IRQHandler
                0x080053fc                TIM8_TRG_COM_TIM14_IRQHandler
                0x080053fc                TIM1_UP_TIM10_IRQHandler
                0x080053fc                TIM8_UP_TIM13_IRQHandler
                0x080053fc                I2C3_ER_IRQHandler
                0x080053fc                I2C2_EV_IRQHandler
                0x080053fc                CAN1_RX0_IRQHandler
                0x080053fc                FPU_IRQHandler
                0x080053fc                OTG_HS_WKUP_IRQHandler
                0x080053fc                UsageFault_Handler
                0x080053fc                CAN2_SCE_IRQHandler
                0x080053fc                SPI1_IRQHandler
                0x080053fc                TIM6_DAC_IRQHandler
                0x080053fc                TIM1_BRK_TIM9_IRQHandler
                0x080053fc                DCMI_IRQHandler
                0x080053fc                CAN2_RX0_IRQHandler
                0x080053fc                USART6_IRQHandler
                0x080053fc                USART3_IRQHandler
                0x080053fc                CRYP_IRQHandler
                0x080053fc                CAN1_RX1_IRQHandler
                0x080053fc                UART5_IRQHandler
                0x080053fc                TIM4_IRQHandler
                0x080053fc                I2C1_EV_IRQHandler
                0x080053fc                TIM3_IRQHandler
                0x080053fc                RCC_IRQHandler
                0x080053fc                TIM8_BRK_TIM12_IRQHandler
                0x080053fc                Default_Handler
                0x080053fc                ADC_IRQHandler
                0x080053fc                TIM7_IRQHandler
                0x080053fc                CAN2_TX_IRQHandler
                0x080053fc                TIM5_IRQHandler
                0x080053fc                I2C3_EV_IRQHandler
                0x080053fc                RTC_WKUP_IRQHandler
                0x080053fc                ETH_WKUP_IRQHandler
                0x080053fc                SPI2_IRQHandler
                0x080053fc                OTG_HS_EP1_IN_IRQHandler
                0x080053fc                MemManage_Handler
                0x080053fc                CAN1_TX_IRQHandler
                0x080053fc                SVC_Handler
                0x080053fc                FSMC_IRQHandler
                0x080053fc                ETH_IRQHandler
                0x080053fc                OTG_HS_EP1_OUT_IRQHandler
                0x080053fc                WWDG_IRQHandler
                0x080053fc                TIM2_IRQHandler
                0x080053fc                OTG_FS_WKUP_IRQHandler
                0x080053fc                TIM1_TRG_COM_TIM11_IRQHandler
                0x080053fc                OTG_HS_IRQHandler
                0x080053fc                USART2_IRQHandler
                0x080053fc                I2C2_ER_IRQHandler
                0x080053fc                CAN1_SCE_IRQHandler
                0x080053fc                BusFault_Handler
                0x080053fc                OTG_FS_IRQHandler
                0x080053fc                SPI3_IRQHandler
                0x080053fc                I2C1_ER_IRQHandler
 .text.__seofread
                0x080053fe        0x4 C:/ST/STM32CubeIDE_1.17.0/STM32CubeIDE/plugins/com.st.stm32cube.ide.mcu.externaltools.gnu-tools-for-stm32.12.3.rel1.win32_1.1.0.202410251130/tools/bin/../lib/gcc/arm-none-eabi/12.3.1/../../../../arm-none-eabi/lib/thumb/v7e-m+fp/hard\libc_nano.a(libc_a-stdio.o)
                0x080053fe                __seofread
 .text._vsnprintf_r
                0x08005402       0x56 C:/ST/STM32CubeIDE_1.17.0/STM32CubeIDE/plugins/com.st.stm32cube.ide.mcu.externaltools.gnu-tools-for-stm32.12.3.rel1.win32_1.1.0.202410251130/tools/bin/../lib/gcc/arm-none-eabi/12.3.1/../../../../arm-none-eabi/lib/thumb/v7e-m+fp/hard\libc_nano.a(libc_a-vsnprintf.o)
                0x08005402                _vsniprintf_r
                0x08005402                _vsnprintf_r
 .text.vsnprintf
                0x08005458       0x1c C:/ST/STM32CubeIDE_1.17.0/STM32CubeIDE/plugins/com.st.stm32cube.ide.mcu.externaltools.gnu-tools-for-stm32.12.3.rel1.win32_1.1.0.202410251130/tools/bin/../lib/gcc/arm-none-eabi/12.3.1/../../../../arm-none-eabi/lib/thumb/v7e-m+fp/hard\libc_nano.a(libc_a-vsnprintf.o)
                0x08005458                vsniprintf
                0x08005458                vsnprintf
 .text._vsscanf_r
                0x08005474       0x48 C:/ST/STM32CubeIDE_1.17.0/STM32CubeIDE/plugins/com.st.stm32cube.ide.mcu.externaltools.gnu-tools-for-stm32.12.3.rel1.win32_1.1.0.202410251130/tools/bin/../lib/gcc/arm-none-eabi/12.3.1/../../../../arm-none-eabi/lib/thumb/v7e-m+fp/hard\libc_nano.a(libc_a-vsscanf.o)
                0x08005474                _vsscanf_r
                0x08005474                _vsiscanf_r
 .text.vsscanf  0x080054bc       0x14 C:/ST/STM32CubeIDE_1.17.0/STM32CubeIDE/plugins/com.st.stm32cube.ide.mcu.externaltools.gnu-tools-for-stm32.12.3.rel1.win32_1.1.0.202410251130/tools/bin/../lib/gcc/arm-none-eabi/12.3.1/../../../../arm-none-eabi/lib/thumb/v7e-m+fp/hard\libc_nano.a(libc_a-vsscanf.o)
                0x080054bc                vsiscanf
                0x080054bc                vsscanf
 .text.__errno  0x080054d0        0xc C:/ST/STM32CubeIDE_1.17.0/STM32CubeIDE/plugins/com.st.stm32cube.ide.mcu.externaltools.gnu-tools-for-stm32.12.3.rel1.win32_1.1.0.202410251130/tools/bin/../lib/gcc/arm-none-eabi/12.3.1/../../../../arm-none-eabi/lib/thumb/v7e-m+fp/hard\libc_nano.a(libc_a-errno.o)
                0x080054d0                __errno
 .text.__libc_init_array
                0x080054dc       0x48 C:/ST/STM32CubeIDE_1.17.0/STM32CubeIDE/plugins/com.st.stm32cube.ide.mcu.externaltools.gnu-tools-for-stm32.12.3.rel1.win32_1.1.0.202410251130/tools/bin/../lib/gcc/arm-none-eabi/12.3.1/../../../../arm-none-eabi/lib/thumb/v7e-m+fp/hard\libc_nano.a(libc_a-init.o)
                0x080054dc                __libc_init_array
 .text.__retarget_lock_acquire_recursive
                0x08005524        0x2 C:/ST/STM32CubeIDE_1.17.0/STM32CubeIDE/plugins/com.st.stm32cube.ide.mcu.externaltools.gnu-tools-for-stm32.12.3.rel1.win32_1.1.0.202410251130/tools/bin/../lib/gcc/arm-none-eabi/12.3.1/../../../../arm-none-eabi/lib/thumb/v7e-m+fp/hard\libc_nano.a(libc_a-lock.o)
                0x08005524                __retarget_lock_acquire_recursive
 .text.__retarget_lock_release_recursive
                0x08005526        0x2 C:/ST/STM32CubeIDE_1.17.0/STM32CubeIDE/plugins/com.st.stm32cube.ide.mcu.externaltools.gnu-tools-for-stm32.12.3.rel1.win32_1.1.0.202410251130/tools/bin/../lib/gcc/arm-none-eabi/12.3.1/../../../../arm-none-eabi/lib/thumb/v7e-m+fp/hard\libc_nano.a(libc_a-lock.o)
                0x08005526                __retarget_lock_release_recursive
 .text.memcpy   0x08005528       0x1c C:/ST/STM32CubeIDE_1.17.0/STM32CubeIDE/plugins/com.st.stm32cube.ide.mcu.externaltools.gnu-tools-for-stm32.12.3.rel1.win32_1.1.0.202410251130/tools/bin/../lib/gcc/arm-none-eabi/12.3.1/../../../../arm-none-eabi/lib/thumb/v7e-m+fp/hard\libc_nano.a(libc_a-memcpy-stub.o)
                0x08005528                memcpy
 .text._free_r  0x08005544       0x94 C:/ST/STM32CubeIDE_1.17.0/STM32CubeIDE/plugins/com.st.stm32cube.ide.mcu.externaltools.gnu-tools-for-stm32.12.3.rel1.win32_1.1.0.202410251130/tools/bin/../lib/gcc/arm-none-eabi/12.3.1/../../../../arm-none-eabi/lib/thumb/v7e-m+fp/hard\libc_nano.a(libc_a-freer.o)
                0x08005544                _free_r
 .text.sbrk_aligned
                0x080055d8       0x44 C:/ST/STM32CubeIDE_1.17.0/STM32CubeIDE/plugins/com.st.stm32cube.ide.mcu.externaltools.gnu-tools-for-stm32.12.3.rel1.win32_1.1.0.202410251130/tools/bin/../lib/gcc/arm-none-eabi/12.3.1/../../../../arm-none-eabi/lib/thumb/v7e-m+fp/hard\libc_nano.a(libc_a-mallocr.o)
 .text._malloc_r
                0x0800561c      0x100 C:/ST/STM32CubeIDE_1.17.0/STM32CubeIDE/plugins/com.st.stm32cube.ide.mcu.externaltools.gnu-tools-for-stm32.12.3.rel1.win32_1.1.0.202410251130/tools/bin/../lib/gcc/arm-none-eabi/12.3.1/../../../../arm-none-eabi/lib/thumb/v7e-m+fp/hard\libc_nano.a(libc_a-mallocr.o)
                0x0800561c                _malloc_r
 .text.__malloc_lock
                0x0800571c        0xc C:/ST/STM32CubeIDE_1.17.0/STM32CubeIDE/plugins/com.st.stm32cube.ide.mcu.externaltools.gnu-tools-for-stm32.12.3.rel1.win32_1.1.0.202410251130/tools/bin/../lib/gcc/arm-none-eabi/12.3.1/../../../../arm-none-eabi/lib/thumb/v7e-m+fp/hard\libc_nano.a(libc_a-mlock.o)
                0x0800571c                __malloc_lock
 .text.__malloc_unlock
                0x08005728        0xc C:/ST/STM32CubeIDE_1.17.0/STM32CubeIDE/plugins/com.st.stm32cube.ide.mcu.externaltools.gnu-tools-for-stm32.12.3.rel1.win32_1.1.0.202410251130/tools/bin/../lib/gcc/arm-none-eabi/12.3.1/../../../../arm-none-eabi/lib/thumb/v7e-m+fp/hard\libc_nano.a(libc_a-mlock.o)
                0x08005728                __malloc_unlock
 .text.__ssputs_r
                0x08005734       0xb6 C:/ST/STM32CubeIDE_1.17.0/STM32CubeIDE/plugins/com.st.stm32cube.ide.mcu.externaltools.gnu-tools-for-stm32.12.3.rel1.win32_1.1.0.202410251130/tools/bin/../lib/gcc/arm-none-eabi/12.3.1/../../../../arm-none-eabi/lib/thumb/v7e-m+fp/hard\libc_nano.a(libc_a-nano-svfprintf.o)
                0x08005734                __ssputs_r
 *fill*         0x080057ea        0x2 
 .text._svfprintf_r
                0x080057ec      0x1f8 C:/ST/STM32CubeIDE_1.17.0/STM32CubeIDE/plugins/com.st.stm32cube.ide.mcu.externaltools.gnu-tools-for-stm32.12.3.rel1.win32_1.1.0.202410251130/tools/bin/../lib/gcc/arm-none-eabi/12.3.1/../../../../arm-none-eabi/lib/thumb/v7e-m+fp/hard\libc_nano.a(libc_a-nano-svfprintf.o)
                0x080057ec                _svfiprintf_r
                0x080057ec                _svfprintf_r
 .text._sungetc_r
                0x080059e4       0x76 C:/ST/STM32CubeIDE_1.17.0/STM32CubeIDE/plugins/com.st.stm32cube.ide.mcu.externaltools.gnu-tools-for-stm32.12.3.rel1.win32_1.1.0.202410251130/tools/bin/../lib/gcc/arm-none-eabi/12.3.1/../../../../arm-none-eabi/lib/thumb/v7e-m+fp/hard\libc_nano.a(libc_a-nano-svfscanf.o)
                0x080059e4                _sungetc_r
 .text.__ssrefill_r
                0x08005a5a       0x3a C:/ST/STM32CubeIDE_1.17.0/STM32CubeIDE/plugins/com.st.stm32cube.ide.mcu.externaltools.gnu-tools-for-stm32.12.3.rel1.win32_1.1.0.202410251130/tools/bin/../lib/gcc/arm-none-eabi/12.3.1/../../../../arm-none-eabi/lib/thumb/v7e-m+fp/hard\libc_nano.a(libc_a-nano-svfscanf.o)
                0x08005a5a                __ssrefill_r
 .text.__ssvfscanf_r
                0x08005a94      0x2e8 C:/ST/STM32CubeIDE_1.17.0/STM32CubeIDE/plugins/com.st.stm32cube.ide.mcu.externaltools.gnu-tools-for-stm32.12.3.rel1.win32_1.1.0.202410251130/tools/bin/../lib/gcc/arm-none-eabi/12.3.1/../../../../arm-none-eabi/lib/thumb/v7e-m+fp/hard\libc_nano.a(libc_a-nano-svfscanf.o)
                0x08005a94                __ssvfiscanf_r
                0x08005a94                __ssvfscanf_r
 .text._printf_common
                0x08005d7c       0xda C:/ST/STM32CubeIDE_1.17.0/STM32CubeIDE/plugins/com.st.stm32cube.ide.mcu.externaltools.gnu-tools-for-stm32.12.3.rel1.win32_1.1.0.202410251130/tools/bin/../lib/gcc/arm-none-eabi/12.3.1/../../../../arm-none-eabi/lib/thumb/v7e-m+fp/hard\libc_nano.a(libc_a-nano-vfprintf_i.o)
                0x08005d7c                _printf_common
 *fill*         0x08005e56        0x2 
 .text._printf_i
                0x08005e58      0x240 C:/ST/STM32CubeIDE_1.17.0/STM32CubeIDE/plugins/com.st.stm32cube.ide.mcu.externaltools.gnu-tools-for-stm32.12.3.rel1.win32_1.1.0.202410251130/tools/bin/../lib/gcc/arm-none-eabi/12.3.1/../../../../arm-none-eabi/lib/thumb/v7e-m+fp/hard\libc_nano.a(libc_a-nano-vfprintf_i.o)
                0x08005e58                _printf_i
 .text._scanf_chars
                0x08006098       0xb4 C:/ST/STM32CubeIDE_1.17.0/STM32CubeIDE/plugins/com.st.stm32cube.ide.mcu.externaltools.gnu-tools-for-stm32.12.3.rel1.win32_1.1.0.202410251130/tools/bin/../lib/gcc/arm-none-eabi/12.3.1/../../../../arm-none-eabi/lib/thumb/v7e-m+fp/hard\libc_nano.a(libc_a-nano-vfscanf_i.o)
                0x08006098                _scanf_chars
 .text._scanf_i
                0x0800614c      0x1e8 C:/ST/STM32CubeIDE_1.17.0/STM32CubeIDE/plugins/com.st.stm32cube.ide.mcu.externaltools.gnu-tools-for-stm32.12.3.rel1.win32_1.1.0.202410251130/tools/bin/../lib/gcc/arm-none-eabi/12.3.1/../../../../arm-none-eabi/lib/thumb/v7e-m+fp/hard\libc_nano.a(libc_a-nano-vfscanf_i.o)
                0x0800614c                _scanf_i
 .text.__sccl   0x08006334       0x72 C:/ST/STM32CubeIDE_1.17.0/STM32CubeIDE/plugins/com.st.stm32cube.ide.mcu.externaltools.gnu-tools-for-stm32.12.3.rel1.win32_1.1.0.202410251130/tools/bin/../lib/gcc/arm-none-eabi/12.3.1/../../../../arm-none-eabi/lib/thumb/v7e-m+fp/hard\libc_nano.a(libc_a-sccl.o)
                0x08006334                __sccl
 .text.__submore
                0x080063a6       0x74 C:/ST/STM32CubeIDE_1.17.0/STM32CubeIDE/plugins/com.st.stm32cube.ide.mcu.externaltools.gnu-tools-for-stm32.12.3.rel1.win32_1.1.0.202410251130/tools/bin/../lib/gcc/arm-none-eabi/12.3.1/../../../../arm-none-eabi/lib/thumb/v7e-m+fp/hard\libc_nano.a(libc_a-ungetc.o)
                0x080063a6                __submore
 .text.memmove  0x0800641a       0x34 C:/ST/STM32CubeIDE_1.17.0/STM32CubeIDE/plugins/com.st.stm32cube.ide.mcu.externaltools.gnu-tools-for-stm32.12.3.rel1.win32_1.1.0.202410251130/tools/bin/../lib/gcc/arm-none-eabi/12.3.1/../../../../arm-none-eabi/lib/thumb/v7e-m+fp/hard\libc_nano.a(libc_a-memmove.o)
                0x0800641a                memmove
 *fill*         0x0800644e        0x2 
 .text._sbrk_r  0x08006450       0x20 C:/ST/STM32CubeIDE_1.17.0/STM32CubeIDE/plugins/com.st.stm32cube.ide.mcu.externaltools.gnu-tools-for-stm32.12.3.rel1.win32_1.1.0.202410251130/tools/bin/../lib/gcc/arm-none-eabi/12.3.1/../../../../arm-none-eabi/lib/thumb/v7e-m+fp/hard\libc_nano.a(libc_a-sbrkr.o)
                0x08006450                _sbrk_r
 .text._realloc_r
                0x08006470       0x5c C:/ST/STM32CubeIDE_1.17.0/STM32CubeIDE/plugins/com.st.stm32cube.ide.mcu.externaltools.gnu-tools-for-stm32.12.3.rel1.win32_1.1.0.202410251130/tools/bin/../lib/gcc/arm-none-eabi/12.3.1/../../../../arm-none-eabi/lib/thumb/v7e-m+fp/hard\libc_nano.a(libc_a-reallocr.o)
                0x08006470                _realloc_r
 .text._strtol_l.constprop.0
                0x080064cc       0xf4 C:/ST/STM32CubeIDE_1.17.0/STM32CubeIDE/plugins/com.st.stm32cube.ide.mcu.externaltools.gnu-tools-for-stm32.12.3.rel1.win32_1.1.0.202410251130/tools/bin/../lib/gcc/arm-none-eabi/12.3.1/../../../../arm-none-eabi/lib/thumb/v7e-m+fp/hard\libc_nano.a(libc_a-strtol.o)
 .text._strtol_r
                0x080065c0        0x4 C:/ST/STM32CubeIDE_1.17.0/STM32CubeIDE/plugins/com.st.stm32cube.ide.mcu.externaltools.gnu-tools-for-stm32.12.3.rel1.win32_1.1.0.202410251130/tools/bin/../lib/gcc/arm-none-eabi/12.3.1/../../../../arm-none-eabi/lib/thumb/v7e-m+fp/hard\libc_nano.a(libc_a-strtol.o)
                0x080065c0                _strtol_r
 .text._strtoul_l.constprop.0
                0x080065c4       0xdc C:/ST/STM32CubeIDE_1.17.0/STM32CubeIDE/plugins/com.st.stm32cube.ide.mcu.externaltools.gnu-tools-for-stm32.12.3.rel1.win32_1.1.0.202410251130/tools/bin/../lib/gcc/arm-none-eabi/12.3.1/../../../../arm-none-eabi/lib/thumb/v7e-m+fp/hard\libc_nano.a(libc_a-strtoul.o)
 .text._strtoul_r
                0x080066a0        0x4 C:/ST/STM32CubeIDE_1.17.0/STM32CubeIDE/plugins/com.st.stm32cube.ide.mcu.externaltools.gnu-tools-for-stm32.12.3.rel1.win32_1.1.0.202410251130/tools/bin/../lib/gcc/arm-none-eabi/12.3.1/../../../../arm-none-eabi/lib/thumb/v7e-m+fp/hard\libc_nano.a(libc_a-strtoul.o)
                0x080066a0                _strtoul_r
 .text._malloc_usable_size_r
                0x080066a4       0x10 C:/ST/STM32CubeIDE_1.17.0/STM32CubeIDE/plugins/com.st.stm32cube.ide.mcu.externaltools.gnu-tools-for-stm32.12.3.rel1.win32_1.1.0.202410251130/tools/bin/../lib/gcc/arm-none-eabi/12.3.1/../../../../arm-none-eabi/lib/thumb/v7e-m+fp/hard\libc_nano.a(libc_a-msizer.o)
                0x080066a4                _malloc_usable_size_r
 *fill*         0x080066b4        0x4 
 .text.ceil     0x080066b8       0xf8 C:/ST/STM32CubeIDE_1.17.0/STM32CubeIDE/plugins/com.st.stm32cube.ide.mcu.externaltools.gnu-tools-for-stm32.12.3.rel1.win32_1.1.0.202410251130/tools/bin/../lib/gcc/arm-none-eabi/12.3.1/../../../../arm-none-eabi/lib/thumb/v7e-m+fp/hard\libm.a(libm_a-s_ceil.o)
                0x080066b8                ceil
 *(.glue_7)
 .glue_7        0x080067b0        0x0 linker stubs
 *(.glue_7t)
 .glue_7t       0x080067b0        0x0 linker stubs
 *(.eh_frame)
 .eh_frame      0x080067b0        0x0 C:/ST/STM32CubeIDE_1.17.0/STM32CubeIDE/plugins/com.st.stm32cube.ide.mcu.externaltools.gnu-tools-for-stm32.12.3.rel1.win32_1.1.0.202410251130/tools/bin/../lib/gcc/arm-none-eabi/12.3.1/thumb/v7e-m+fp/hard/crtbegin.o
 *(.init)
 .init          0x080067b0        0x4 C:/ST/STM32CubeIDE_1.17.0/STM32CubeIDE/plugins/com.st.stm32cube.ide.mcu.externaltools.gnu-tools-for-stm32.12.3.rel1.win32_1.1.0.202410251130/tools/bin/../lib/gcc/arm-none-eabi/12.3.1/thumb/v7e-m+fp/hard/crti.o
                0x080067b0                _init
 .init          0x080067b4        0x8 C:/ST/STM32CubeIDE_1.17.0/STM32CubeIDE/plugins/com.st.stm32cube.ide.mcu.externaltools.gnu-tools-for-stm32.12.3.rel1.win32_1.1.0.202410251130/tools/bin/../lib/gcc/arm-none-eabi/12.3.1/thumb/v7e-m+fp/hard/crtn.o
 *(.fini)
 .fini          0x080067bc        0x4 C:/ST/STM32CubeIDE_1.17.0/STM32CubeIDE/plugins/com.st.stm32cube.ide.mcu.externaltools.gnu-tools-for-stm32.12.3.rel1.win32_1.1.0.202410251130/tools/bin/../lib/gcc/arm-none-eabi/12.3.1/thumb/v7e-m+fp/hard/crti.o
                0x080067bc                _fini
 .fini          0x080067c0        0x8 C:/ST/STM32CubeIDE_1.17.0/STM32CubeIDE/plugins/com.st.stm32cube.ide.mcu.externaltools.gnu-tools-for-stm32.12.3.rel1.win32_1.1.0.202410251130/tools/bin/../lib/gcc/arm-none-eabi/12.3.1/thumb/v7e-m+fp/hard/crtn.o
                0x080067c8                        . = ALIGN (0x4)
                0x080067c8                        _etext = .

.vfp11_veneer   0x080067c8        0x0
 .vfp11_veneer  0x080067c8        0x0 linker stubs

.v4_bx          0x080067c8        0x0
 .v4_bx         0x080067c8        0x0 linker stubs

.iplt           0x080067c8        0x0
 .iplt          0x080067c8        0x0 C:/ST/STM32CubeIDE_1.17.0/STM32CubeIDE/plugins/com.st.stm32cube.ide.mcu.externaltools.gnu-tools-for-stm32.12.3.rel1.win32_1.1.0.202410251130/tools/bin/../lib/gcc/arm-none-eabi/12.3.1/thumb/v7e-m+fp/hard/crtbegin.o

.rodata         0x080067c8      0x764
                0x080067c8                        . = ALIGN (0x4)
 *(.rodata)
 .rodata        0x080067c8      0x1e4 ./Src/main.o
 .rodata        0x080069ac        0xc C:/ST/STM32CubeIDE_1.17.0/STM32CubeIDE/plugins/com.st.stm32cube.ide.mcu.externaltools.gnu-tools-for-stm32.12.3.rel1.win32_1.1.0.202410251130/tools/bin/../lib/gcc/arm-none-eabi/12.3.1/../../../../arm-none-eabi/lib/thumb/v7e-m+fp/hard\libc_nano.a(libc_a-nano-vfscanf_i.o)
 *(.rodata*)
 .rodata.LIFCR_Shifts.1
                0x080069b8        0x4 ./Drivers/DMA/DMA.o
 .rodata.HIFCR_Shifts.0
                0x080069bc        0x4 ./Drivers/DMA/DMA.o
 .rodata.DMA_Configuration
                0x080069c0      0x404 ./Drivers/USART/USART.o
 .rodata.AHBPrescTable
                0x08006dc4       0x10 ./Src/system_stm32f4xx.o
                0x08006dc4                AHBPrescTable
 .rodata.APBPrescTable
                0x08006dd4        0x8 ./Src/system_stm32f4xx.o
                0x08006dd4                APBPrescTable
 .rodata._svfprintf_r.str1.1
                0x08006ddc       0x11 C:/ST/STM32CubeIDE_1.17.0/STM32CubeIDE/plugins/com.st.stm32cube.ide.mcu.externaltools.gnu-tools-for-stm32.12.3.rel1.win32_1.1.0.202410251130/tools/bin/../lib/gcc/arm-none-eabi/12.3.1/../../../../arm-none-eabi/lib/thumb/v7e-m+fp/hard\libc_nano.a(libc_a-nano-svfprintf.o)
 .rodata.__ssvfscanf_r.str1.1
                0x08006ded        0x4 C:/ST/STM32CubeIDE_1.17.0/STM32CubeIDE/plugins/com.st.stm32cube.ide.mcu.externaltools.gnu-tools-for-stm32.12.3.rel1.win32_1.1.0.202410251130/tools/bin/../lib/gcc/arm-none-eabi/12.3.1/../../../../arm-none-eabi/lib/thumb/v7e-m+fp/hard\libc_nano.a(libc_a-nano-svfscanf.o)
 .rodata._printf_i.str1.1
                0x08006ded       0x22 C:/ST/STM32CubeIDE_1.17.0/STM32CubeIDE/plugins/com.st.stm32cube.ide.mcu.externaltools.gnu-tools-for-stm32.12.3.rel1.win32_1.1.0.202410251130/tools/bin/../lib/gcc/arm-none-eabi/12.3.1/../../../../arm-none-eabi/lib/thumb/v7e-m+fp/hard\libc_nano.a(libc_a-nano-vfprintf_i.o)
 .rodata._scanf_i.str1.1
                0x08006e0f       0x12 C:/ST/STM32CubeIDE_1.17.0/STM32CubeIDE/plugins/com.st.stm32cube.ide.mcu.externaltools.gnu-tools-for-stm32.12.3.rel1.win32_1.1.0.202410251130/tools/bin/../lib/gcc/arm-none-eabi/12.3.1/../../../../arm-none-eabi/lib/thumb/v7e-m+fp/hard\libc_nano.a(libc_a-nano-vfscanf_i.o)
 .rodata.str1.1
                0x08006e21        0x9 C:/ST/STM32CubeIDE_1.17.0/STM32CubeIDE/plugins/com.st.stm32cube.ide.mcu.externaltools.gnu-tools-for-stm32.12.3.rel1.win32_1.1.0.202410251130/tools/bin/../lib/gcc/arm-none-eabi/12.3.1/../../../../arm-none-eabi/lib/thumb/v7e-m+fp/hard\libc_nano.a(libc_a-nano-vfscanf_i.o)
 .rodata._ctype_
                0x08006e2a      0x101 C:/ST/STM32CubeIDE_1.17.0/STM32CubeIDE/plugins/com.st.stm32cube.ide.mcu.externaltools.gnu-tools-for-stm32.12.3.rel1.win32_1.1.0.202410251130/tools/bin/../lib/gcc/arm-none-eabi/12.3.1/../../../../arm-none-eabi/lib/thumb/v7e-m+fp/hard\libc_nano.a(libc_a-ctype_.o)
                0x08006e2a                _ctype_
                0x08006f2c                        . = ALIGN (0x4)
 *fill*         0x08006f2b        0x1 

.ARM.extab      0x08006f2c        0x0
                0x08006f2c                        . = ALIGN (0x4)
 *(.ARM.extab* .gnu.linkonce.armextab.*)
                0x08006f2c                        . = ALIGN (0x4)

.ARM            0x08006f2c        0x8
                0x08006f2c                        . = ALIGN (0x4)
                0x08006f2c                        __exidx_start = .
 *(.ARM.exidx*)
 .ARM.exidx     0x08006f2c        0x8 C:/ST/STM32CubeIDE_1.17.0/STM32CubeIDE/plugins/com.st.stm32cube.ide.mcu.externaltools.gnu-tools-for-stm32.12.3.rel1.win32_1.1.0.202410251130/tools/bin/../lib/gcc/arm-none-eabi/12.3.1/../../../../arm-none-eabi/lib/thumb/v7e-m+fp/hard\libc_nano.a(libc_a-strlen.o)
 .ARM.exidx     0x08006f34        0x0 C:/ST/STM32CubeIDE_1.17.0/STM32CubeIDE/plugins/com.st.stm32cube.ide.mcu.externaltools.gnu-tools-for-stm32.12.3.rel1.win32_1.1.0.202410251130/tools/bin/../lib/gcc/arm-none-eabi/12.3.1/../../../../arm-none-eabi/lib/thumb/v7e-m+fp/hard\libc_nano.a(libc_a-memchr.o)
                                  0x8 (size before relaxing)
                0x08006f34                        __exidx_end = .
                0x08006f34                        . = ALIGN (0x4)

.preinit_array  0x08006f34        0x0
                0x08006f34                        . = ALIGN (0x4)
                0x08006f34                        PROVIDE (__preinit_array_start = .)
 *(.preinit_array*)
                0x08006f34                        PROVIDE (__preinit_array_end = .)
                0x08006f34                        . = ALIGN (0x4)

.init_array     0x08006f34        0x4
                0x08006f34                        . = ALIGN (0x4)
                0x08006f34                        PROVIDE (__init_array_start = .)
 *(SORT_BY_NAME(.init_array.*))
 *(.init_array*)
 .init_array    0x08006f34        0x4 C:/ST/STM32CubeIDE_1.17.0/STM32CubeIDE/plugins/com.st.stm32cube.ide.mcu.externaltools.gnu-tools-for-stm32.12.3.rel1.win32_1.1.0.202410251130/tools/bin/../lib/gcc/arm-none-eabi/12.3.1/thumb/v7e-m+fp/hard/crtbegin.o
                0x08006f38                        PROVIDE (__init_array_end = .)
                0x08006f38                        . = ALIGN (0x4)

.fini_array     0x08006f38        0x4
                0x08006f38                        . = ALIGN (0x4)
                [!provide]                        PROVIDE (__fini_array_start = .)
 *(SORT_BY_NAME(.fini_array.*))
 *(.fini_array*)
 .fini_array    0x08006f38        0x4 C:/ST/STM32CubeIDE_1.17.0/STM32CubeIDE/plugins/com.st.stm32cube.ide.mcu.externaltools.gnu-tools-for-stm32.12.3.rel1.win32_1.1.0.202410251130/tools/bin/../lib/gcc/arm-none-eabi/12.3.1/thumb/v7e-m+fp/hard/crtbegin.o
                [!provide]                        PROVIDE (__fini_array_end = .)
                0x08006f3c                        . = ALIGN (0x4)
                0x08006f3c                        _sidata = LOADADDR (.data)

.rel.dyn        0x08006f3c        0x0
 .rel.iplt      0x08006f3c        0x0 C:/ST/STM32CubeIDE_1.17.0/STM32CubeIDE/plugins/com.st.stm32cube.ide.mcu.externaltools.gnu-tools-for-stm32.12.3.rel1.win32_1.1.0.202410251130/tools/bin/../lib/gcc/arm-none-eabi/12.3.1/thumb/v7e-m+fp/hard/crtbegin.o

.data           0x20000000       0x54 load address 0x08006f3c
                0x20000000                        . = ALIGN (0x4)
                0x20000000                        _sdata = .
 *(.data)
 *(.data*)
 .data.SystemCoreClock
                0x20000000        0x4 ./Src/system_stm32f4xx.o
                0x20000000                SystemCoreClock
 .data._impure_ptr
                0x20000004        0x4 C:/ST/STM32CubeIDE_1.17.0/STM32CubeIDE/plugins/com.st.stm32cube.ide.mcu.externaltools.gnu-tools-for-stm32.12.3.rel1.win32_1.1.0.202410251130/tools/bin/../lib/gcc/arm-none-eabi/12.3.1/../../../../arm-none-eabi/lib/thumb/v7e-m+fp/hard\libc_nano.a(libc_a-impure.o)
                0x20000004                _impure_ptr
 .data._impure_data
                0x20000008       0x4c C:/ST/STM32CubeIDE_1.17.0/STM32CubeIDE/plugins/com.st.stm32cube.ide.mcu.externaltools.gnu-tools-for-stm32.12.3.rel1.win32_1.1.0.202410251130/tools/bin/../lib/gcc/arm-none-eabi/12.3.1/../../../../arm-none-eabi/lib/thumb/v7e-m+fp/hard\libc_nano.a(libc_a-impure.o)
                0x20000008                _impure_data
 *(.RamFunc)
 *(.RamFunc*)
                0x20000054                        . = ALIGN (0x4)
                0x20000054                        _edata = .
                0x08006f90                        _siccmram = LOADADDR (.ccmram)

.igot.plt       0x20000054        0x0 load address 0x08006f90
 .igot.plt      0x20000054        0x0 C:/ST/STM32CubeIDE_1.17.0/STM32CubeIDE/plugins/com.st.stm32cube.ide.mcu.externaltools.gnu-tools-for-stm32.12.3.rel1.win32_1.1.0.202410251130/tools/bin/../lib/gcc/arm-none-eabi/12.3.1/thumb/v7e-m+fp/hard/crtbegin.o

.ccmram         0x10000000        0x0 load address 0x08006f90
                0x10000000                        . = ALIGN (0x4)
                0x10000000                        _sccmram = .
 *(.ccmram)
 *(.ccmram*)
                0x10000000                        . = ALIGN (0x4)
                0x10000000                        _eccmram = .
                0x10000000                        . = ALIGN (0x4)

.bss            0x20000054      0x7f0
                0x20000054                        _sbss = .
                0x20000054                        __bss_start__ = _sbss
 *(.bss)
 .bss           0x20000054       0x1c C:/ST/STM32CubeIDE_1.17.0/STM32CubeIDE/plugins/com.st.stm32cube.ide.mcu.externaltools.gnu-tools-for-stm32.12.3.rel1.win32_1.1.0.202410251130/tools/bin/../lib/gcc/arm-none-eabi/12.3.1/thumb/v7e-m+fp/hard/crtbegin.o
 *(.bss*)
 .bss.rx_get_flag
                0x20000070        0x4 ./Drivers/Console/Console.o
                0x20000070                rx_get_flag
 .bss.rx_flag   0x20000074        0x4 ./Drivers/Console/Console.o
                0x20000074                rx_flag
 .bss.RX_Length
                0x20000078        0x4 ./Drivers/Console/Console.o
                0x20000078                RX_Length
 .bss.TRX_Buffer
                0x2000007c       0xc8 ./Drivers/Console/Console.o
                0x2000007c                TRX_Buffer
 .bss.serial    0x20000144       0xe4 ./Drivers/Console/Console.o
                0x20000144                serial
 .bss.__DMA1_Stream0_Config__
                0x20000228        0x4 ./Drivers/DMA/DMA.o
                0x20000228                __DMA1_Stream0_Config__
 .bss.__DMA1_Stream1_Config__
                0x2000022c        0x4 ./Drivers/DMA/DMA.o
                0x2000022c                __DMA1_Stream1_Config__
 .bss.__DMA1_Stream2_Config__
                0x20000230        0x4 ./Drivers/DMA/DMA.o
                0x20000230                __DMA1_Stream2_Config__
 .bss.__DMA1_Stream3_Config__
                0x20000234        0x4 ./Drivers/DMA/DMA.o
                0x20000234                __DMA1_Stream3_Config__
 .bss.__DMA1_Stream4_Config__
                0x20000238        0x4 ./Drivers/DMA/DMA.o
                0x20000238                __DMA1_Stream4_Config__
 .bss.__DMA1_Stream5_Config__
                0x2000023c        0x4 ./Drivers/DMA/DMA.o
                0x2000023c                __DMA1_Stream5_Config__
 .bss.__DMA1_Stream6_Config__
                0x20000240        0x4 ./Drivers/DMA/DMA.o
                0x20000240                __DMA1_Stream6_Config__
 .bss.__DMA1_Stream7_Config__
                0x20000244        0x4 ./Drivers/DMA/DMA.o
                0x20000244                __DMA1_Stream7_Config__
 .bss.__DMA2_Stream0_Config__
                0x20000248        0x4 ./Drivers/DMA/DMA.o
                0x20000248                __DMA2_Stream0_Config__
 .bss.__DMA2_Stream1_Config__
                0x2000024c        0x4 ./Drivers/DMA/DMA.o
                0x2000024c                __DMA2_Stream1_Config__
 .bss.__DMA2_Stream2_Config__
                0x20000250        0x4 ./Drivers/DMA/DMA.o
                0x20000250                __DMA2_Stream2_Config__
 .bss.__DMA2_Stream3_Config__
                0x20000254        0x4 ./Drivers/DMA/DMA.o
                0x20000254                __DMA2_Stream3_Config__
 .bss.__DMA2_Stream4_Config__
                0x20000258        0x4 ./Drivers/DMA/DMA.o
                0x20000258                __DMA2_Stream4_Config__
 .bss.__DMA2_Stream5_Config__
                0x2000025c        0x4 ./Drivers/DMA/DMA.o
                0x2000025c                __DMA2_Stream5_Config__
 .bss.__DMA2_Stream6_Config__
                0x20000260        0x4 ./Drivers/DMA/DMA.o
                0x20000260                __DMA2_Stream6_Config__
 .bss.__DMA2_Stream7_Config__
                0x20000264        0x4 ./Drivers/DMA/DMA.o
                0x20000264                __DMA2_Stream7_Config__
 .bss.DMA_LISR  0x20000268        0x4 ./Drivers/DMA/DMA.o
                0x20000268                DMA_LISR
 .bss.DMA_HISR  0x2000026c        0x4 ./Drivers/DMA/DMA.o
                0x2000026c                DMA_HISR
 .bss.EXTI_ISR  0x20000270       0x40 ./Drivers/GPIO/GPIO.o
                0x20000270                EXTI_ISR
 .bss.xUSART_RX
                0x200002b0      0x210 ./Drivers/USART/USART.o
                0x200002b0                xUSART_RX
 .bss.xUSART_TX
                0x200004c0      0x210 ./Drivers/USART/USART.o
                0x200004c0                xUSART_TX
 .bss.usart_dma_instance_number
                0x200006d0        0x1 ./Drivers/USART/USART.o
                0x200006d0                usart_dma_instance_number
 *fill*         0x200006d1        0x3 
 .bss.__usart_1_config__
                0x200006d4        0x4 ./Drivers/USART/USART.o
                0x200006d4                __usart_1_config__
 .bss.__usart_2_config__
                0x200006d8        0x4 ./Drivers/USART/USART.o
                0x200006d8                __usart_2_config__
 .bss.__usart_3_config__
                0x200006dc        0x4 ./Drivers/USART/USART.o
                0x200006dc                __usart_3_config__
 .bss.__usart_4_config__
                0x200006e0        0x4 ./Drivers/USART/USART.o
                0x200006e0                __usart_4_config__
 .bss.__usart_5_config__
                0x200006e4        0x4 ./Drivers/USART/USART.o
                0x200006e4                __usart_5_config__
 .bss.USART_SR  0x200006e8        0x2 ./Drivers/USART/USART.o
                0x200006e8                USART_SR
 .bss.U1TX_Complete
                0x200006ea        0x1 ./Drivers/USART/USART.o
                0x200006ea                U1TX_Complete
 .bss.U1RX_Complete
                0x200006eb        0x1 ./Drivers/USART/USART.o
                0x200006eb                U1RX_Complete
 .bss.U2TX_Complete
                0x200006ec        0x1 ./Drivers/USART/USART.o
                0x200006ec                U2TX_Complete
 .bss.U2RX_Complete
                0x200006ed        0x1 ./Drivers/USART/USART.o
                0x200006ed                U2RX_Complete
 .bss.U3TX_Complete
                0x200006ee        0x1 ./Drivers/USART/USART.o
                0x200006ee                U3TX_Complete
 .bss.U3RX_Complete
                0x200006ef        0x1 ./Drivers/USART/USART.o
                0x200006ef                U3RX_Complete
 .bss.U4TX_Complete
                0x200006f0        0x1 ./Drivers/USART/USART.o
                0x200006f0                U4TX_Complete
 .bss.U4RX_Complete
                0x200006f1        0x1 ./Drivers/USART/USART.o
                0x200006f1                U4RX_Complete
 .bss.U5TX_Complete
                0x200006f2        0x1 ./Drivers/USART/USART.o
                0x200006f2                U5TX_Complete
 .bss.U5RX_Complete
                0x200006f3        0x1 ./Drivers/USART/USART.o
                0x200006f3                U5RX_Complete
 .bss.U6TX_Complete
                0x200006f4        0x1 ./Drivers/USART/USART.o
                0x200006f4                U6TX_Complete
 .bss.U6RX_Complete
                0x200006f5        0x1 ./Drivers/USART/USART.o
                0x200006f5                U6RX_Complete
 .bss.Current_State
                0x200006f6        0x1 ./Src/main.o
                0x200006f6                Current_State
 *fill*         0x200006f7        0x1 
 .bss.__sbrk_heap_end
                0x200006f8        0x4 ./Src/sysmem.o
 .bss.__sf      0x200006fc      0x138 C:/ST/STM32CubeIDE_1.17.0/STM32CubeIDE/plugins/com.st.stm32cube.ide.mcu.externaltools.gnu-tools-for-stm32.12.3.rel1.win32_1.1.0.202410251130/tools/bin/../lib/gcc/arm-none-eabi/12.3.1/../../../../arm-none-eabi/lib/thumb/v7e-m+fp/hard\libc_nano.a(libc_a-findfp.o)
                0x200006fc                __sf
 .bss.errno     0x20000834        0x4 C:/ST/STM32CubeIDE_1.17.0/STM32CubeIDE/plugins/com.st.stm32cube.ide.mcu.externaltools.gnu-tools-for-stm32.12.3.rel1.win32_1.1.0.202410251130/tools/bin/../lib/gcc/arm-none-eabi/12.3.1/../../../../arm-none-eabi/lib/thumb/v7e-m+fp/hard\libc_nano.a(libc_a-reent.o)
                0x20000834                errno
 .bss.__lock___malloc_recursive_mutex
                0x20000838        0x1 C:/ST/STM32CubeIDE_1.17.0/STM32CubeIDE/plugins/com.st.stm32cube.ide.mcu.externaltools.gnu-tools-for-stm32.12.3.rel1.win32_1.1.0.202410251130/tools/bin/../lib/gcc/arm-none-eabi/12.3.1/../../../../arm-none-eabi/lib/thumb/v7e-m+fp/hard\libc_nano.a(libc_a-lock.o)
                0x20000838                __lock___malloc_recursive_mutex
 *fill*         0x20000839        0x3 
 .bss.__malloc_sbrk_start
                0x2000083c        0x4 C:/ST/STM32CubeIDE_1.17.0/STM32CubeIDE/plugins/com.st.stm32cube.ide.mcu.externaltools.gnu-tools-for-stm32.12.3.rel1.win32_1.1.0.202410251130/tools/bin/../lib/gcc/arm-none-eabi/12.3.1/../../../../arm-none-eabi/lib/thumb/v7e-m+fp/hard\libc_nano.a(libc_a-mallocr.o)
                0x2000083c                __malloc_sbrk_start
 .bss.__malloc_free_list
                0x20000840        0x4 C:/ST/STM32CubeIDE_1.17.0/STM32CubeIDE/plugins/com.st.stm32cube.ide.mcu.externaltools.gnu-tools-for-stm32.12.3.rel1.win32_1.1.0.202410251130/tools/bin/../lib/gcc/arm-none-eabi/12.3.1/../../../../arm-none-eabi/lib/thumb/v7e-m+fp/hard\libc_nano.a(libc_a-mallocr.o)
                0x20000840                __malloc_free_list
 *(COMMON)
                0x20000844                        . = ALIGN (0x4)
                0x20000844                        _ebss = .
                0x20000844                        __bss_end__ = _ebss

._user_heap_stack
                0x20000844      0x604
                0x20000848                        . = ALIGN (0x8)
 *fill*         0x20000844        0x4 
                [!provide]                        PROVIDE (end = .)
                0x20000848                        PROVIDE (_end = .)
                0x20000a48                        . = (. + _Min_Heap_Size)
 *fill*         0x20000848      0x200 
                0x20000e48                        . = (. + _Min_Stack_Size)
 *fill*         0x20000a48      0x400 
                0x20000e48                        . = ALIGN (0x8)

/DISCARD/
 libc.a(*)
 libm.a(*)
 libgcc.a(*)

.ARM.attributes
                0x00000000       0x30
 *(.ARM.attributes)
 .ARM.attributes
                0x00000000       0x22 C:/ST/STM32CubeIDE_1.17.0/STM32CubeIDE/plugins/com.st.stm32cube.ide.mcu.externaltools.gnu-tools-for-stm32.12.3.rel1.win32_1.1.0.202410251130/tools/bin/../lib/gcc/arm-none-eabi/12.3.1/thumb/v7e-m+fp/hard/crti.o
 .ARM.attributes
                0x00000022       0x34 C:/ST/STM32CubeIDE_1.17.0/STM32CubeIDE/plugins/com.st.stm32cube.ide.mcu.externaltools.gnu-tools-for-stm32.12.3.rel1.win32_1.1.0.202410251130/tools/bin/../lib/gcc/arm-none-eabi/12.3.1/thumb/v7e-m+fp/hard/crtbegin.o
 .ARM.attributes
                0x00000056       0x34 ./Drivers/CRC/CRC.o
 .ARM.attributes
                0x0000008a       0x34 ./Drivers/Console/Console.o
 .ARM.attributes
                0x000000be       0x34 ./Drivers/DMA/DMA.o
 .ARM.attributes
                0x000000f2       0x34 ./Drivers/GPIO/GPIO.o
 .ARM.attributes
                0x00000126       0x34 ./Drivers/USART/USART.o
 .ARM.attributes
                0x0000015a       0x34 ./Src/main.o
 .ARM.attributes
                0x0000018e       0x34 ./Src/sysmem.o
 .ARM.attributes
                0x000001c2       0x34 ./Src/system_stm32f4xx.o
 .ARM.attributes
                0x000001f6       0x21 ./Startup/startup_stm32f407vgtx.o
 .ARM.attributes
                0x00000217       0x34 C:/ST/STM32CubeIDE_1.17.0/STM32CubeIDE/plugins/com.st.stm32cube.ide.mcu.externaltools.gnu-tools-for-stm32.12.3.rel1.win32_1.1.0.202410251130/tools/bin/../lib/gcc/arm-none-eabi/12.3.1/../../../../arm-none-eabi/lib/thumb/v7e-m+fp/hard\libc_nano.a(libc_a-findfp.o)
 .ARM.attributes
                0x0000024b       0x34 C:/ST/STM32CubeIDE_1.17.0/STM32CubeIDE/plugins/com.st.stm32cube.ide.mcu.externaltools.gnu-tools-for-stm32.12.3.rel1.win32_1.1.0.202410251130/tools/bin/../lib/gcc/arm-none-eabi/12.3.1/../../../../arm-none-eabi/lib/thumb/v7e-m+fp/hard\libc_nano.a(libc_a-stdio.o)
 .ARM.attributes
                0x0000027f       0x34 C:/ST/STM32CubeIDE_1.17.0/STM32CubeIDE/plugins/com.st.stm32cube.ide.mcu.externaltools.gnu-tools-for-stm32.12.3.rel1.win32_1.1.0.202410251130/tools/bin/../lib/gcc/arm-none-eabi/12.3.1/../../../../arm-none-eabi/lib/thumb/v7e-m+fp/hard\libc_nano.a(libc_a-vsnprintf.o)
 .ARM.attributes
                0x000002b3       0x34 C:/ST/STM32CubeIDE_1.17.0/STM32CubeIDE/plugins/com.st.stm32cube.ide.mcu.externaltools.gnu-tools-for-stm32.12.3.rel1.win32_1.1.0.202410251130/tools/bin/../lib/gcc/arm-none-eabi/12.3.1/../../../../arm-none-eabi/lib/thumb/v7e-m+fp/hard\libc_nano.a(libc_a-vsscanf.o)
 .ARM.attributes
                0x000002e7       0x34 C:/ST/STM32CubeIDE_1.17.0/STM32CubeIDE/plugins/com.st.stm32cube.ide.mcu.externaltools.gnu-tools-for-stm32.12.3.rel1.win32_1.1.0.202410251130/tools/bin/../lib/gcc/arm-none-eabi/12.3.1/../../../../arm-none-eabi/lib/thumb/v7e-m+fp/hard\libc_nano.a(libc_a-reent.o)
 .ARM.attributes
                0x0000031b       0x34 C:/ST/STM32CubeIDE_1.17.0/STM32CubeIDE/plugins/com.st.stm32cube.ide.mcu.externaltools.gnu-tools-for-stm32.12.3.rel1.win32_1.1.0.202410251130/tools/bin/../lib/gcc/arm-none-eabi/12.3.1/../../../../arm-none-eabi/lib/thumb/v7e-m+fp/hard\libc_nano.a(libc_a-impure.o)
 .ARM.attributes
                0x0000034f       0x34 C:/ST/STM32CubeIDE_1.17.0/STM32CubeIDE/plugins/com.st.stm32cube.ide.mcu.externaltools.gnu-tools-for-stm32.12.3.rel1.win32_1.1.0.202410251130/tools/bin/../lib/gcc/arm-none-eabi/12.3.1/../../../../arm-none-eabi/lib/thumb/v7e-m+fp/hard\libc_nano.a(libc_a-errno.o)
 .ARM.attributes
                0x00000383       0x34 C:/ST/STM32CubeIDE_1.17.0/STM32CubeIDE/plugins/com.st.stm32cube.ide.mcu.externaltools.gnu-tools-for-stm32.12.3.rel1.win32_1.1.0.202410251130/tools/bin/../lib/gcc/arm-none-eabi/12.3.1/../../../../arm-none-eabi/lib/thumb/v7e-m+fp/hard\libc_nano.a(libc_a-init.o)
 .ARM.attributes
                0x000003b7       0x34 C:/ST/STM32CubeIDE_1.17.0/STM32CubeIDE/plugins/com.st.stm32cube.ide.mcu.externaltools.gnu-tools-for-stm32.12.3.rel1.win32_1.1.0.202410251130/tools/bin/../lib/gcc/arm-none-eabi/12.3.1/../../../../arm-none-eabi/lib/thumb/v7e-m+fp/hard\libc_nano.a(libc_a-lock.o)
 .ARM.attributes
                0x000003eb       0x34 C:/ST/STM32CubeIDE_1.17.0/STM32CubeIDE/plugins/com.st.stm32cube.ide.mcu.externaltools.gnu-tools-for-stm32.12.3.rel1.win32_1.1.0.202410251130/tools/bin/../lib/gcc/arm-none-eabi/12.3.1/../../../../arm-none-eabi/lib/thumb/v7e-m+fp/hard\libc_nano.a(libc_a-memcpy-stub.o)
 .ARM.attributes
                0x0000041f       0x17 C:/ST/STM32CubeIDE_1.17.0/STM32CubeIDE/plugins/com.st.stm32cube.ide.mcu.externaltools.gnu-tools-for-stm32.12.3.rel1.win32_1.1.0.202410251130/tools/bin/../lib/gcc/arm-none-eabi/12.3.1/../../../../arm-none-eabi/lib/thumb/v7e-m+fp/hard\libc_nano.a(libc_a-strlen.o)
 .ARM.attributes
                0x00000436       0x34 C:/ST/STM32CubeIDE_1.17.0/STM32CubeIDE/plugins/com.st.stm32cube.ide.mcu.externaltools.gnu-tools-for-stm32.12.3.rel1.win32_1.1.0.202410251130/tools/bin/../lib/gcc/arm-none-eabi/12.3.1/../../../../arm-none-eabi/lib/thumb/v7e-m+fp/hard\libc_nano.a(libc_a-freer.o)
 .ARM.attributes
                0x0000046a       0x34 C:/ST/STM32CubeIDE_1.17.0/STM32CubeIDE/plugins/com.st.stm32cube.ide.mcu.externaltools.gnu-tools-for-stm32.12.3.rel1.win32_1.1.0.202410251130/tools/bin/../lib/gcc/arm-none-eabi/12.3.1/../../../../arm-none-eabi/lib/thumb/v7e-m+fp/hard\libc_nano.a(libc_a-mallocr.o)
 .ARM.attributes
                0x0000049e       0x34 C:/ST/STM32CubeIDE_1.17.0/STM32CubeIDE/plugins/com.st.stm32cube.ide.mcu.externaltools.gnu-tools-for-stm32.12.3.rel1.win32_1.1.0.202410251130/tools/bin/../lib/gcc/arm-none-eabi/12.3.1/../../../../arm-none-eabi/lib/thumb/v7e-m+fp/hard\libc_nano.a(libc_a-mlock.o)
 .ARM.attributes
                0x000004d2       0x34 C:/ST/STM32CubeIDE_1.17.0/STM32CubeIDE/plugins/com.st.stm32cube.ide.mcu.externaltools.gnu-tools-for-stm32.12.3.rel1.win32_1.1.0.202410251130/tools/bin/../lib/gcc/arm-none-eabi/12.3.1/../../../../arm-none-eabi/lib/thumb/v7e-m+fp/hard\libc_nano.a(libc_a-nano-svfprintf.o)
 .ARM.attributes
                0x00000506       0x34 C:/ST/STM32CubeIDE_1.17.0/STM32CubeIDE/plugins/com.st.stm32cube.ide.mcu.externaltools.gnu-tools-for-stm32.12.3.rel1.win32_1.1.0.202410251130/tools/bin/../lib/gcc/arm-none-eabi/12.3.1/../../../../arm-none-eabi/lib/thumb/v7e-m+fp/hard\libc_nano.a(libc_a-nano-svfscanf.o)
 .ARM.attributes
                0x0000053a       0x34 C:/ST/STM32CubeIDE_1.17.0/STM32CubeIDE/plugins/com.st.stm32cube.ide.mcu.externaltools.gnu-tools-for-stm32.12.3.rel1.win32_1.1.0.202410251130/tools/bin/../lib/gcc/arm-none-eabi/12.3.1/../../../../arm-none-eabi/lib/thumb/v7e-m+fp/hard\libc_nano.a(libc_a-nano-vfprintf_i.o)
 .ARM.attributes
                0x0000056e       0x34 C:/ST/STM32CubeIDE_1.17.0/STM32CubeIDE/plugins/com.st.stm32cube.ide.mcu.externaltools.gnu-tools-for-stm32.12.3.rel1.win32_1.1.0.202410251130/tools/bin/../lib/gcc/arm-none-eabi/12.3.1/../../../../arm-none-eabi/lib/thumb/v7e-m+fp/hard\libc_nano.a(libc_a-nano-vfscanf_i.o)
 .ARM.attributes
                0x000005a2       0x34 C:/ST/STM32CubeIDE_1.17.0/STM32CubeIDE/plugins/com.st.stm32cube.ide.mcu.externaltools.gnu-tools-for-stm32.12.3.rel1.win32_1.1.0.202410251130/tools/bin/../lib/gcc/arm-none-eabi/12.3.1/../../../../arm-none-eabi/lib/thumb/v7e-m+fp/hard\libc_nano.a(libc_a-sccl.o)
 .ARM.attributes
                0x000005d6       0x34 C:/ST/STM32CubeIDE_1.17.0/STM32CubeIDE/plugins/com.st.stm32cube.ide.mcu.externaltools.gnu-tools-for-stm32.12.3.rel1.win32_1.1.0.202410251130/tools/bin/../lib/gcc/arm-none-eabi/12.3.1/../../../../arm-none-eabi/lib/thumb/v7e-m+fp/hard\libc_nano.a(libc_a-ungetc.o)
 .ARM.attributes
                0x0000060a       0x34 C:/ST/STM32CubeIDE_1.17.0/STM32CubeIDE/plugins/com.st.stm32cube.ide.mcu.externaltools.gnu-tools-for-stm32.12.3.rel1.win32_1.1.0.202410251130/tools/bin/../lib/gcc/arm-none-eabi/12.3.1/../../../../arm-none-eabi/lib/thumb/v7e-m+fp/hard\libc_nano.a(libc_a-memmove.o)
 .ARM.attributes
                0x0000063e       0x34 C:/ST/STM32CubeIDE_1.17.0/STM32CubeIDE/plugins/com.st.stm32cube.ide.mcu.externaltools.gnu-tools-for-stm32.12.3.rel1.win32_1.1.0.202410251130/tools/bin/../lib/gcc/arm-none-eabi/12.3.1/../../../../arm-none-eabi/lib/thumb/v7e-m+fp/hard\libc_nano.a(libc_a-sbrkr.o)
 .ARM.attributes
                0x00000672       0x1c C:/ST/STM32CubeIDE_1.17.0/STM32CubeIDE/plugins/com.st.stm32cube.ide.mcu.externaltools.gnu-tools-for-stm32.12.3.rel1.win32_1.1.0.202410251130/tools/bin/../lib/gcc/arm-none-eabi/12.3.1/../../../../arm-none-eabi/lib/thumb/v7e-m+fp/hard\libc_nano.a(libc_a-memchr.o)
 .ARM.attributes
                0x0000068e       0x34 C:/ST/STM32CubeIDE_1.17.0/STM32CubeIDE/plugins/com.st.stm32cube.ide.mcu.externaltools.gnu-tools-for-stm32.12.3.rel1.win32_1.1.0.202410251130/tools/bin/../lib/gcc/arm-none-eabi/12.3.1/../../../../arm-none-eabi/lib/thumb/v7e-m+fp/hard\libc_nano.a(libc_a-reallocr.o)
 .ARM.attributes
                0x000006c2       0x34 C:/ST/STM32CubeIDE_1.17.0/STM32CubeIDE/plugins/com.st.stm32cube.ide.mcu.externaltools.gnu-tools-for-stm32.12.3.rel1.win32_1.1.0.202410251130/tools/bin/../lib/gcc/arm-none-eabi/12.3.1/../../../../arm-none-eabi/lib/thumb/v7e-m+fp/hard\libc_nano.a(libc_a-strtol.o)
 .ARM.attributes
                0x000006f6       0x34 C:/ST/STM32CubeIDE_1.17.0/STM32CubeIDE/plugins/com.st.stm32cube.ide.mcu.externaltools.gnu-tools-for-stm32.12.3.rel1.win32_1.1.0.202410251130/tools/bin/../lib/gcc/arm-none-eabi/12.3.1/../../../../arm-none-eabi/lib/thumb/v7e-m+fp/hard\libc_nano.a(libc_a-strtoul.o)
 .ARM.attributes
                0x0000072a       0x34 C:/ST/STM32CubeIDE_1.17.0/STM32CubeIDE/plugins/com.st.stm32cube.ide.mcu.externaltools.gnu-tools-for-stm32.12.3.rel1.win32_1.1.0.202410251130/tools/bin/../lib/gcc/arm-none-eabi/12.3.1/../../../../arm-none-eabi/lib/thumb/v7e-m+fp/hard\libc_nano.a(libc_a-ctype_.o)
 .ARM.attributes
                0x0000075e       0x34 C:/ST/STM32CubeIDE_1.17.0/STM32CubeIDE/plugins/com.st.stm32cube.ide.mcu.externaltools.gnu-tools-for-stm32.12.3.rel1.win32_1.1.0.202410251130/tools/bin/../lib/gcc/arm-none-eabi/12.3.1/../../../../arm-none-eabi/lib/thumb/v7e-m+fp/hard\libc_nano.a(libc_a-msizer.o)
 .ARM.attributes
                0x00000792       0x34 C:/ST/STM32CubeIDE_1.17.0/STM32CubeIDE/plugins/com.st.stm32cube.ide.mcu.externaltools.gnu-tools-for-stm32.12.3.rel1.win32_1.1.0.202410251130/tools/bin/../lib/gcc/arm-none-eabi/12.3.1/../../../../arm-none-eabi/lib/thumb/v7e-m+fp/hard\libm.a(libm_a-s_ceil.o)
 .ARM.attributes
                0x000007c6       0x22 C:/ST/STM32CubeIDE_1.17.0/STM32CubeIDE/plugins/com.st.stm32cube.ide.mcu.externaltools.gnu-tools-for-stm32.12.3.rel1.win32_1.1.0.202410251130/tools/bin/../lib/gcc/arm-none-eabi/12.3.1/thumb/v7e-m+fp/hard\libgcc.a(_arm_addsubdf3.o)
 .ARM.attributes
                0x000007e8       0x22 C:/ST/STM32CubeIDE_1.17.0/STM32CubeIDE/plugins/com.st.stm32cube.ide.mcu.externaltools.gnu-tools-for-stm32.12.3.rel1.win32_1.1.0.202410251130/tools/bin/../lib/gcc/arm-none-eabi/12.3.1/thumb/v7e-m+fp/hard\libgcc.a(_arm_muldivdf3.o)
 .ARM.attributes
                0x0000080a       0x22 C:/ST/STM32CubeIDE_1.17.0/STM32CubeIDE/plugins/com.st.stm32cube.ide.mcu.externaltools.gnu-tools-for-stm32.12.3.rel1.win32_1.1.0.202410251130/tools/bin/../lib/gcc/arm-none-eabi/12.3.1/thumb/v7e-m+fp/hard\libgcc.a(_arm_cmpdf2.o)
 .ARM.attributes
                0x0000082c       0x22 C:/ST/STM32CubeIDE_1.17.0/STM32CubeIDE/plugins/com.st.stm32cube.ide.mcu.externaltools.gnu-tools-for-stm32.12.3.rel1.win32_1.1.0.202410251130/tools/bin/../lib/gcc/arm-none-eabi/12.3.1/thumb/v7e-m+fp/hard\libgcc.a(_arm_fixdfsi.o)
 .ARM.attributes
                0x0000084e       0x34 C:/ST/STM32CubeIDE_1.17.0/STM32CubeIDE/plugins/com.st.stm32cube.ide.mcu.externaltools.gnu-tools-for-stm32.12.3.rel1.win32_1.1.0.202410251130/tools/bin/../lib/gcc/arm-none-eabi/12.3.1/thumb/v7e-m+fp/hard\libgcc.a(_fixdfdi.o)
 .ARM.attributes
                0x00000882       0x34 C:/ST/STM32CubeIDE_1.17.0/STM32CubeIDE/plugins/com.st.stm32cube.ide.mcu.externaltools.gnu-tools-for-stm32.12.3.rel1.win32_1.1.0.202410251130/tools/bin/../lib/gcc/arm-none-eabi/12.3.1/thumb/v7e-m+fp/hard\libgcc.a(_fixunsdfdi.o)
 .ARM.attributes
                0x000008b6       0x22 C:/ST/STM32CubeIDE_1.17.0/STM32CubeIDE/plugins/com.st.stm32cube.ide.mcu.externaltools.gnu-tools-for-stm32.12.3.rel1.win32_1.1.0.202410251130/tools/bin/../lib/gcc/arm-none-eabi/12.3.1/thumb/v7e-m+fp/hard\libgcc.a(_arm_fixunsdfsi.o)
 .ARM.attributes
                0x000008d8       0x22 C:/ST/STM32CubeIDE_1.17.0/STM32CubeIDE/plugins/com.st.stm32cube.ide.mcu.externaltools.gnu-tools-for-stm32.12.3.rel1.win32_1.1.0.202410251130/tools/bin/../lib/gcc/arm-none-eabi/12.3.1/thumb/v7e-m+fp/hard/crtn.o
OUTPUT(Blackshield_Bootloader.elf elf32-littlearm)
LOAD linker stubs
LOAD C:/ST/STM32CubeIDE_1.17.0/STM32CubeIDE/plugins/com.st.stm32cube.ide.mcu.externaltools.gnu-tools-for-stm32.12.3.rel1.win32_1.1.0.202410251130/tools/bin/../lib/gcc/arm-none-eabi/12.3.1/../../../../arm-none-eabi/lib/thumb/v7e-m+fp/hard\libc.a
LOAD C:/ST/STM32CubeIDE_1.17.0/STM32CubeIDE/plugins/com.st.stm32cube.ide.mcu.externaltools.gnu-tools-for-stm32.12.3.rel1.win32_1.1.0.202410251130/tools/bin/../lib/gcc/arm-none-eabi/12.3.1/../../../../arm-none-eabi/lib/thumb/v7e-m+fp/hard\libm.a
LOAD C:/ST/STM32CubeIDE_1.17.0/STM32CubeIDE/plugins/com.st.stm32cube.ide.mcu.externaltools.gnu-tools-for-stm32.12.3.rel1.win32_1.1.0.202410251130/tools/bin/../lib/gcc/arm-none-eabi/12.3.1/thumb/v7e-m+fp/hard\libgcc.a

.debug_info     0x00000000     0x8e42
 .debug_info    0x00000000      0x364 ./Drivers/CRC/CRC.o
 .debug_info    0x00000364     0x1aba ./Drivers/Console/Console.o
 .debug_info    0x00001e1e     0x135f ./Drivers/DMA/DMA.o
 .debug_info    0x0000317d      0xfca ./Drivers/GPIO/GPIO.o
 .debug_info    0x00004147     0x2706 ./Drivers/USART/USART.o
 .debug_info    0x0000684d     0x1f52 ./Src/main.o
 .debug_info    0x0000879f      0x168 ./Src/sysmem.o
 .debug_info    0x00008907      0x50b ./Src/system_stm32f4xx.o
 .debug_info    0x00008e12       0x30 ./Startup/startup_stm32f407vgtx.o

.debug_abbrev   0x00000000     0x10a7
 .debug_abbrev  0x00000000      0x10b ./Drivers/CRC/CRC.o
 .debug_abbrev  0x0000010b      0x285 ./Drivers/Console/Console.o
 .debug_abbrev  0x00000390      0x237 ./Drivers/DMA/DMA.o
 .debug_abbrev  0x000005c7      0x275 ./Drivers/GPIO/GPIO.o
 .debug_abbrev  0x0000083c      0x394 ./Drivers/USART/USART.o
 .debug_abbrev  0x00000bd0      0x2dd ./Src/main.o
 .debug_abbrev  0x00000ead       0xbc ./Src/sysmem.o
 .debug_abbrev  0x00000f69      0x11a ./Src/system_stm32f4xx.o
 .debug_abbrev  0x00001083       0x24 ./Startup/startup_stm32f407vgtx.o

.debug_aranges  0x00000000      0x380
 .debug_aranges
                0x00000000       0x38 ./Drivers/CRC/CRC.o
 .debug_aranges
                0x00000038       0x38 ./Drivers/Console/Console.o
 .debug_aranges
                0x00000070       0xd8 ./Drivers/DMA/DMA.o
 .debug_aranges
                0x00000148       0x80 ./Drivers/GPIO/GPIO.o
 .debug_aranges
                0x000001c8      0x108 ./Drivers/USART/USART.o
 .debug_aranges
                0x000002d0       0x40 ./Src/main.o
 .debug_aranges
                0x00000310       0x20 ./Src/sysmem.o
 .debug_aranges
                0x00000330       0x28 ./Src/system_stm32f4xx.o
 .debug_aranges
                0x00000358       0x28 ./Startup/startup_stm32f407vgtx.o

.debug_rnglists
                0x00000000      0x2b5
 .debug_rnglists
                0x00000000       0x25 ./Drivers/CRC/CRC.o
 .debug_rnglists
                0x00000025       0x27 ./Drivers/Console/Console.o
 .debug_rnglists
                0x0000004c       0xb1 ./Drivers/DMA/DMA.o
 .debug_rnglists
                0x000000fd       0x5f ./Drivers/GPIO/GPIO.o
 .debug_rnglists
                0x0000015c       0xca ./Drivers/USART/USART.o
 .debug_rnglists
                0x00000226       0x49 ./Src/main.o
 .debug_rnglists
                0x0000026f       0x13 ./Src/sysmem.o
 .debug_rnglists
                0x00000282       0x1a ./Src/system_stm32f4xx.o
 .debug_rnglists
                0x0000029c       0x19 ./Startup/startup_stm32f407vgtx.o

.debug_macro    0x00000000     0x13d9
 .debug_macro   0x00000000      0x264 ./Drivers/CRC/CRC.o
 .debug_macro   0x00000264      0x2a0 ./Drivers/Console/Console.o
 .debug_macro   0x00000504      0x268 ./Drivers/DMA/DMA.o
 .debug_macro   0x0000076c      0x27a ./Drivers/GPIO/GPIO.o
 .debug_macro   0x000009e6      0x290 ./Drivers/USART/USART.o
 .debug_macro   0x00000c76      0x2a3 ./Src/main.o
 .debug_macro   0x00000f19       0x10 ./Src/main.o
 .debug_macro   0x00000f29       0xff ./Src/sysmem.o
 .debug_macro   0x00001028      0x23c ./Src/sysmem.o
 .debug_macro   0x00001264       0xda ./Src/system_stm32f4xx.o
 .debug_macro   0x0000133e       0x2e ./Src/system_stm32f4xx.o
 .debug_macro   0x0000136c       0x6d ./Src/system_stm32f4xx.o

.debug_line     0x00000000     0x70b1
 .debug_line    0x00000000      0x706 ./Drivers/CRC/CRC.o
 .debug_line    0x00000706      0x8b7 ./Drivers/Console/Console.o
 .debug_line    0x00000fbd     0x1df9 ./Drivers/DMA/DMA.o
 .debug_line    0x00002db6      0xb7c ./Drivers/GPIO/GPIO.o
 .debug_line    0x00003932     0x224f ./Drivers/USART/USART.o
 .debug_line    0x00005b81      0xa10 ./Src/main.o
 .debug_line    0x00006591      0x574 ./Src/sysmem.o
 .debug_line    0x00006b05      0x531 ./Src/system_stm32f4xx.o
 .debug_line    0x00007036       0x7b ./Startup/startup_stm32f407vgtx.o

.debug_str      0x00000000    0x8ff60
 .debug_str     0x00000000    0x8d876 ./Drivers/CRC/CRC.o
                              0x8dad6 (size before relaxing)
 .debug_str     0x0008d876      0xec4 ./Drivers/Console/Console.o
                              0x8e937 (size before relaxing)
 .debug_str     0x0008e73a      0x933 ./Drivers/DMA/DMA.o
                              0x8ea47 (size before relaxing)
 .debug_str     0x0008f06d      0x377 ./Drivers/GPIO/GPIO.o
                              0x8e5c4 (size before relaxing)
 .debug_str     0x0008f3e4      0x3ad ./Drivers/USART/USART.o
                              0x8f364 (size before relaxing)
 .debug_str     0x0008f791      0x239 ./Src/main.o
                              0x8ee17 (size before relaxing)
 .debug_str     0x0008f9ca      0x4d7 ./Src/sysmem.o
                               0x60c2 (size before relaxing)
 .debug_str     0x0008fea1       0x80 ./Src/system_stm32f4xx.o
                              0x8858f (size before relaxing)
 .debug_str     0x0008ff21       0x3f ./Startup/startup_stm32f407vgtx.o
                                 0x72 (size before relaxing)

.comment        0x00000000       0x43
 .comment       0x00000000       0x43 ./Drivers/CRC/CRC.o
                                 0x44 (size before relaxing)
 .comment       0x00000043       0x44 ./Drivers/Console/Console.o
 .comment       0x00000043       0x44 ./Drivers/DMA/DMA.o
 .comment       0x00000043       0x44 ./Drivers/GPIO/GPIO.o
 .comment       0x00000043       0x44 ./Drivers/USART/USART.o
 .comment       0x00000043       0x44 ./Src/main.o
 .comment       0x00000043       0x44 ./Src/sysmem.o
 .comment       0x00000043       0x44 ./Src/system_stm32f4xx.o

.debug_frame    0x00000000     0x1698
 .debug_frame   0x00000000       0x98 ./Drivers/CRC/CRC.o
 .debug_frame   0x00000098       0xcc ./Drivers/Console/Console.o
 .debug_frame   0x00000164      0x310 ./Drivers/DMA/DMA.o
 .debug_frame   0x00000474      0x1cc ./Drivers/GPIO/GPIO.o
 .debug_frame   0x00000640      0x438 ./Drivers/USART/USART.o
 .debug_frame   0x00000a78       0xc0 ./Src/main.o
 .debug_frame   0x00000b38       0x34 ./Src/sysmem.o
 .debug_frame   0x00000b6c       0x58 ./Src/system_stm32f4xx.o
 .debug_frame   0x00000bc4      0x144 C:/ST/STM32CubeIDE_1.17.0/STM32CubeIDE/plugins/com.st.stm32cube.ide.mcu.externaltools.gnu-tools-for-stm32.12.3.rel1.win32_1.1.0.202410251130/tools/bin/../lib/gcc/arm-none-eabi/12.3.1/../../../../arm-none-eabi/lib/thumb/v7e-m+fp/hard\libc_nano.a(libc_a-findfp.o)
 .debug_frame   0x00000d08       0x88 C:/ST/STM32CubeIDE_1.17.0/STM32CubeIDE/plugins/com.st.stm32cube.ide.mcu.externaltools.gnu-tools-for-stm32.12.3.rel1.win32_1.1.0.202410251130/tools/bin/../lib/gcc/arm-none-eabi/12.3.1/../../../../arm-none-eabi/lib/thumb/v7e-m+fp/hard\libc_nano.a(libc_a-stdio.o)
 .debug_frame   0x00000d90       0x4c C:/ST/STM32CubeIDE_1.17.0/STM32CubeIDE/plugins/com.st.stm32cube.ide.mcu.externaltools.gnu-tools-for-stm32.12.3.rel1.win32_1.1.0.202410251130/tools/bin/../lib/gcc/arm-none-eabi/12.3.1/../../../../arm-none-eabi/lib/thumb/v7e-m+fp/hard\libc_nano.a(libc_a-vsnprintf.o)
 .debug_frame   0x00000ddc       0x44 C:/ST/STM32CubeIDE_1.17.0/STM32CubeIDE/plugins/com.st.stm32cube.ide.mcu.externaltools.gnu-tools-for-stm32.12.3.rel1.win32_1.1.0.202410251130/tools/bin/../lib/gcc/arm-none-eabi/12.3.1/../../../../arm-none-eabi/lib/thumb/v7e-m+fp/hard\libc_nano.a(libc_a-vsscanf.o)
 .debug_frame   0x00000e20       0x38 C:/ST/STM32CubeIDE_1.17.0/STM32CubeIDE/plugins/com.st.stm32cube.ide.mcu.externaltools.gnu-tools-for-stm32.12.3.rel1.win32_1.1.0.202410251130/tools/bin/../lib/gcc/arm-none-eabi/12.3.1/../../../../arm-none-eabi/lib/thumb/v7e-m+fp/hard\libc_nano.a(libc_a-reent.o)
 .debug_frame   0x00000e58       0x20 C:/ST/STM32CubeIDE_1.17.0/STM32CubeIDE/plugins/com.st.stm32cube.ide.mcu.externaltools.gnu-tools-for-stm32.12.3.rel1.win32_1.1.0.202410251130/tools/bin/../lib/gcc/arm-none-eabi/12.3.1/../../../../arm-none-eabi/lib/thumb/v7e-m+fp/hard\libc_nano.a(libc_a-errno.o)
 .debug_frame   0x00000e78       0x2c C:/ST/STM32CubeIDE_1.17.0/STM32CubeIDE/plugins/com.st.stm32cube.ide.mcu.externaltools.gnu-tools-for-stm32.12.3.rel1.win32_1.1.0.202410251130/tools/bin/../lib/gcc/arm-none-eabi/12.3.1/../../../../arm-none-eabi/lib/thumb/v7e-m+fp/hard\libc_nano.a(libc_a-init.o)
 .debug_frame   0x00000ea4       0xb0 C:/ST/STM32CubeIDE_1.17.0/STM32CubeIDE/plugins/com.st.stm32cube.ide.mcu.externaltools.gnu-tools-for-stm32.12.3.rel1.win32_1.1.0.202410251130/tools/bin/../lib/gcc/arm-none-eabi/12.3.1/../../../../arm-none-eabi/lib/thumb/v7e-m+fp/hard\libc_nano.a(libc_a-lock.o)
 .debug_frame   0x00000f54       0x28 C:/ST/STM32CubeIDE_1.17.0/STM32CubeIDE/plugins/com.st.stm32cube.ide.mcu.externaltools.gnu-tools-for-stm32.12.3.rel1.win32_1.1.0.202410251130/tools/bin/../lib/gcc/arm-none-eabi/12.3.1/../../../../arm-none-eabi/lib/thumb/v7e-m+fp/hard\libc_nano.a(libc_a-memcpy-stub.o)
 .debug_frame   0x00000f7c       0x38 C:/ST/STM32CubeIDE_1.17.0/STM32CubeIDE/plugins/com.st.stm32cube.ide.mcu.externaltools.gnu-tools-for-stm32.12.3.rel1.win32_1.1.0.202410251130/tools/bin/../lib/gcc/arm-none-eabi/12.3.1/../../../../arm-none-eabi/lib/thumb/v7e-m+fp/hard\libc_nano.a(libc_a-freer.o)
 .debug_frame   0x00000fb4       0x50 C:/ST/STM32CubeIDE_1.17.0/STM32CubeIDE/plugins/com.st.stm32cube.ide.mcu.externaltools.gnu-tools-for-stm32.12.3.rel1.win32_1.1.0.202410251130/tools/bin/../lib/gcc/arm-none-eabi/12.3.1/../../../../arm-none-eabi/lib/thumb/v7e-m+fp/hard\libc_nano.a(libc_a-mallocr.o)
 .debug_frame   0x00001004       0x30 C:/ST/STM32CubeIDE_1.17.0/STM32CubeIDE/plugins/com.st.stm32cube.ide.mcu.externaltools.gnu-tools-for-stm32.12.3.rel1.win32_1.1.0.202410251130/tools/bin/../lib/gcc/arm-none-eabi/12.3.1/../../../../arm-none-eabi/lib/thumb/v7e-m+fp/hard\libc_nano.a(libc_a-mlock.o)
 .debug_frame   0x00001034       0x90 C:/ST/STM32CubeIDE_1.17.0/STM32CubeIDE/plugins/com.st.stm32cube.ide.mcu.externaltools.gnu-tools-for-stm32.12.3.rel1.win32_1.1.0.202410251130/tools/bin/../lib/gcc/arm-none-eabi/12.3.1/../../../../arm-none-eabi/lib/thumb/v7e-m+fp/hard\libc_nano.a(libc_a-nano-svfprintf.o)
 .debug_frame   0x000010c4       0x74 C:/ST/STM32CubeIDE_1.17.0/STM32CubeIDE/plugins/com.st.stm32cube.ide.mcu.externaltools.gnu-tools-for-stm32.12.3.rel1.win32_1.1.0.202410251130/tools/bin/../lib/gcc/arm-none-eabi/12.3.1/../../../../arm-none-eabi/lib/thumb/v7e-m+fp/hard\libc_nano.a(libc_a-nano-svfscanf.o)
 .debug_frame   0x00001138       0x60 C:/ST/STM32CubeIDE_1.17.0/STM32CubeIDE/plugins/com.st.stm32cube.ide.mcu.externaltools.gnu-tools-for-stm32.12.3.rel1.win32_1.1.0.202410251130/tools/bin/../lib/gcc/arm-none-eabi/12.3.1/../../../../arm-none-eabi/lib/thumb/v7e-m+fp/hard\libc_nano.a(libc_a-nano-vfprintf_i.o)
 .debug_frame   0x00001198       0x64 C:/ST/STM32CubeIDE_1.17.0/STM32CubeIDE/plugins/com.st.stm32cube.ide.mcu.externaltools.gnu-tools-for-stm32.12.3.rel1.win32_1.1.0.202410251130/tools/bin/../lib/gcc/arm-none-eabi/12.3.1/../../../../arm-none-eabi/lib/thumb/v7e-m+fp/hard\libc_nano.a(libc_a-nano-vfscanf_i.o)
 .debug_frame   0x000011fc       0x2c C:/ST/STM32CubeIDE_1.17.0/STM32CubeIDE/plugins/com.st.stm32cube.ide.mcu.externaltools.gnu-tools-for-stm32.12.3.rel1.win32_1.1.0.202410251130/tools/bin/../lib/gcc/arm-none-eabi/12.3.1/../../../../arm-none-eabi/lib/thumb/v7e-m+fp/hard\libc_nano.a(libc_a-sccl.o)
 .debug_frame   0x00001228       0x5c C:/ST/STM32CubeIDE_1.17.0/STM32CubeIDE/plugins/com.st.stm32cube.ide.mcu.externaltools.gnu-tools-for-stm32.12.3.rel1.win32_1.1.0.202410251130/tools/bin/../lib/gcc/arm-none-eabi/12.3.1/../../../../arm-none-eabi/lib/thumb/v7e-m+fp/hard\libc_nano.a(libc_a-ungetc.o)
 .debug_frame   0x00001284       0x28 C:/ST/STM32CubeIDE_1.17.0/STM32CubeIDE/plugins/com.st.stm32cube.ide.mcu.externaltools.gnu-tools-for-stm32.12.3.rel1.win32_1.1.0.202410251130/tools/bin/../lib/gcc/arm-none-eabi/12.3.1/../../../../arm-none-eabi/lib/thumb/v7e-m+fp/hard\libc_nano.a(libc_a-memmove.o)
 .debug_frame   0x000012ac       0x2c C:/ST/STM32CubeIDE_1.17.0/STM32CubeIDE/plugins/com.st.stm32cube.ide.mcu.externaltools.gnu-tools-for-stm32.12.3.rel1.win32_1.1.0.202410251130/tools/bin/../lib/gcc/arm-none-eabi/12.3.1/../../../../arm-none-eabi/lib/thumb/v7e-m+fp/hard\libc_nano.a(libc_a-sbrkr.o)
 .debug_frame   0x000012d8       0x3c C:/ST/STM32CubeIDE_1.17.0/STM32CubeIDE/plugins/com.st.stm32cube.ide.mcu.externaltools.gnu-tools-for-stm32.12.3.rel1.win32_1.1.0.202410251130/tools/bin/../lib/gcc/arm-none-eabi/12.3.1/../../../../arm-none-eabi/lib/thumb/v7e-m+fp/hard\libc_nano.a(libc_a-reallocr.o)
 .debug_frame   0x00001314       0x64 C:/ST/STM32CubeIDE_1.17.0/STM32CubeIDE/plugins/com.st.stm32cube.ide.mcu.externaltools.gnu-tools-for-stm32.12.3.rel1.win32_1.1.0.202410251130/tools/bin/../lib/gcc/arm-none-eabi/12.3.1/../../../../arm-none-eabi/lib/thumb/v7e-m+fp/hard\libc_nano.a(libc_a-strtol.o)
 .debug_frame   0x00001378       0x64 C:/ST/STM32CubeIDE_1.17.0/STM32CubeIDE/plugins/com.st.stm32cube.ide.mcu.externaltools.gnu-tools-for-stm32.12.3.rel1.win32_1.1.0.202410251130/tools/bin/../lib/gcc/arm-none-eabi/12.3.1/../../../../arm-none-eabi/lib/thumb/v7e-m+fp/hard\libc_nano.a(libc_a-strtoul.o)
 .debug_frame   0x000013dc       0x20 C:/ST/STM32CubeIDE_1.17.0/STM32CubeIDE/plugins/com.st.stm32cube.ide.mcu.externaltools.gnu-tools-for-stm32.12.3.rel1.win32_1.1.0.202410251130/tools/bin/../lib/gcc/arm-none-eabi/12.3.1/../../../../arm-none-eabi/lib/thumb/v7e-m+fp/hard\libc_nano.a(libc_a-msizer.o)
 .debug_frame   0x000013fc       0x30 C:/ST/STM32CubeIDE_1.17.0/STM32CubeIDE/plugins/com.st.stm32cube.ide.mcu.externaltools.gnu-tools-for-stm32.12.3.rel1.win32_1.1.0.202410251130/tools/bin/../lib/gcc/arm-none-eabi/12.3.1/../../../../arm-none-eabi/lib/thumb/v7e-m+fp/hard\libm.a(libm_a-s_ceil.o)
 .debug_frame   0x0000142c       0xac C:/ST/STM32CubeIDE_1.17.0/STM32CubeIDE/plugins/com.st.stm32cube.ide.mcu.externaltools.gnu-tools-for-stm32.12.3.rel1.win32_1.1.0.202410251130/tools/bin/../lib/gcc/arm-none-eabi/12.3.1/thumb/v7e-m+fp/hard\libgcc.a(_arm_addsubdf3.o)
 .debug_frame   0x000014d8       0x50 C:/ST/STM32CubeIDE_1.17.0/STM32CubeIDE/plugins/com.st.stm32cube.ide.mcu.externaltools.gnu-tools-for-stm32.12.3.rel1.win32_1.1.0.202410251130/tools/bin/../lib/gcc/arm-none-eabi/12.3.1/thumb/v7e-m+fp/hard\libgcc.a(_arm_muldivdf3.o)
 .debug_frame   0x00001528       0xc4 C:/ST/STM32CubeIDE_1.17.0/STM32CubeIDE/plugins/com.st.stm32cube.ide.mcu.externaltools.gnu-tools-for-stm32.12.3.rel1.win32_1.1.0.202410251130/tools/bin/../lib/gcc/arm-none-eabi/12.3.1/thumb/v7e-m+fp/hard\libgcc.a(_arm_cmpdf2.o)
 .debug_frame   0x000015ec       0x24 C:/ST/STM32CubeIDE_1.17.0/STM32CubeIDE/plugins/com.st.stm32cube.ide.mcu.externaltools.gnu-tools-for-stm32.12.3.rel1.win32_1.1.0.202410251130/tools/bin/../lib/gcc/arm-none-eabi/12.3.1/thumb/v7e-m+fp/hard\libgcc.a(_arm_fixdfsi.o)
 .debug_frame   0x00001610       0x38 C:/ST/STM32CubeIDE_1.17.0/STM32CubeIDE/plugins/com.st.stm32cube.ide.mcu.externaltools.gnu-tools-for-stm32.12.3.rel1.win32_1.1.0.202410251130/tools/bin/../lib/gcc/arm-none-eabi/12.3.1/thumb/v7e-m+fp/hard\libgcc.a(_fixdfdi.o)
 .debug_frame   0x00001648       0x2c C:/ST/STM32CubeIDE_1.17.0/STM32CubeIDE/plugins/com.st.stm32cube.ide.mcu.externaltools.gnu-tools-for-stm32.12.3.rel1.win32_1.1.0.202410251130/tools/bin/../lib/gcc/arm-none-eabi/12.3.1/thumb/v7e-m+fp/hard\libgcc.a(_fixunsdfdi.o)
 .debug_frame   0x00001674       0x24 C:/ST/STM32CubeIDE_1.17.0/STM32CubeIDE/plugins/com.st.stm32cube.ide.mcu.externaltools.gnu-tools-for-stm32.12.3.rel1.win32_1.1.0.202410251130/tools/bin/../lib/gcc/arm-none-eabi/12.3.1/thumb/v7e-m+fp/hard\libgcc.a(_arm_fixunsdfsi.o)

.debug_line_str
                0x00000000       0x56
 .debug_line_str
                0x00000000       0x56 ./Startup/startup_stm32f407vgtx.o
