Archive member included to satisfy reference by file (symbol)

C:/ST/STM32CubeIDE_1.17.0/STM32CubeIDE/plugins/com.st.stm32cube.ide.mcu.externaltools.gnu-tools-for-stm32.13.3.rel1.win32_1.0.0.202411081344/tools/bin/../lib/gcc/arm-none-eabi/13.3.1/../../../../arm-none-eabi/lib/thumb/v7e-m+fp/hard\libc_nano.a(libc_a-exit.o)
                              C:/ST/STM32CubeIDE_1.17.0/STM32CubeIDE/plugins/com.st.stm32cube.ide.mcu.externaltools.gnu-tools-for-stm32.13.3.rel1.win32_1.0.0.202411081344/tools/bin/../lib/gcc/arm-none-eabi/13.3.1/../../../../arm-none-eabi/lib/thumb/v7e-m+fp/hard/crt0.o (exit)
C:/ST/STM32CubeIDE_1.17.0/STM32CubeIDE/plugins/com.st.stm32cube.ide.mcu.externaltools.gnu-tools-for-stm32.13.3.rel1.win32_1.0.0.202411081344/tools/bin/../lib/gcc/arm-none-eabi/13.3.1/../../../../arm-none-eabi/lib/thumb/v7e-m+fp/hard\libc_nano.a(libc_a-findfp.o)
                              C:/ST/STM32CubeIDE_1.17.0/STM32CubeIDE/plugins/com.st.stm32cube.ide.mcu.externaltools.gnu-tools-for-stm32.13.3.rel1.win32_1.0.0.202411081344/tools/bin/../lib/gcc/arm-none-eabi/13.3.1/../../../../arm-none-eabi/lib/thumb/v7e-m+fp/hard\libc_nano.a(libc_a-exit.o) (__stdio_exit_handler)
C:/ST/STM32CubeIDE_1.17.0/STM32CubeIDE/plugins/com.st.stm32cube.ide.mcu.externaltools.gnu-tools-for-stm32.13.3.rel1.win32_1.0.0.202411081344/tools/bin/../lib/gcc/arm-none-eabi/13.3.1/../../../../arm-none-eabi/lib/thumb/v7e-m+fp/hard\libc_nano.a(libc_a-fwalk.o)
                              C:/ST/STM32CubeIDE_1.17.0/STM32CubeIDE/plugins/com.st.stm32cube.ide.mcu.externaltools.gnu-tools-for-stm32.13.3.rel1.win32_1.0.0.202411081344/tools/bin/../lib/gcc/arm-none-eabi/13.3.1/../../../../arm-none-eabi/lib/thumb/v7e-m+fp/hard\libc_nano.a(libc_a-findfp.o) (_fwalk_sglue)
C:/ST/STM32CubeIDE_1.17.0/STM32CubeIDE/plugins/com.st.stm32cube.ide.mcu.externaltools.gnu-tools-for-stm32.13.3.rel1.win32_1.0.0.202411081344/tools/bin/../lib/gcc/arm-none-eabi/13.3.1/../../../../arm-none-eabi/lib/thumb/v7e-m+fp/hard\libc_nano.a(libc_a-stdio.o)
                              C:/ST/STM32CubeIDE_1.17.0/STM32CubeIDE/plugins/com.st.stm32cube.ide.mcu.externaltools.gnu-tools-for-stm32.13.3.rel1.win32_1.0.0.202411081344/tools/bin/../lib/gcc/arm-none-eabi/13.3.1/../../../../arm-none-eabi/lib/thumb/v7e-m+fp/hard\libc_nano.a(libc_a-findfp.o) (__sread)
C:/ST/STM32CubeIDE_1.17.0/STM32CubeIDE/plugins/com.st.stm32cube.ide.mcu.externaltools.gnu-tools-for-stm32.13.3.rel1.win32_1.0.0.202411081344/tools/bin/../lib/gcc/arm-none-eabi/13.3.1/../../../../arm-none-eabi/lib/thumb/v7e-m+fp/hard\libc_nano.a(libc_a-vsnprintf.o)
                              ./Drivers/Console/Console.o (vsnprintf)
C:/ST/STM32CubeIDE_1.17.0/STM32CubeIDE/plugins/com.st.stm32cube.ide.mcu.externaltools.gnu-tools-for-stm32.13.3.rel1.win32_1.0.0.202411081344/tools/bin/../lib/gcc/arm-none-eabi/13.3.1/../../../../arm-none-eabi/lib/thumb/v7e-m+fp/hard\libc_nano.a(libc_a-vsscanf.o)
                              ./Drivers/Console/Console.o (vsscanf)
C:/ST/STM32CubeIDE_1.17.0/STM32CubeIDE/plugins/com.st.stm32cube.ide.mcu.externaltools.gnu-tools-for-stm32.13.3.rel1.win32_1.0.0.202411081344/tools/bin/../lib/gcc/arm-none-eabi/13.3.1/../../../../arm-none-eabi/lib/thumb/v7e-m+fp/hard\libc_nano.a(libc_a-memset.o)
                              C:/ST/STM32CubeIDE_1.17.0/STM32CubeIDE/plugins/com.st.stm32cube.ide.mcu.externaltools.gnu-tools-for-stm32.13.3.rel1.win32_1.0.0.202411081344/tools/bin/../lib/gcc/arm-none-eabi/13.3.1/../../../../arm-none-eabi/lib/thumb/v7e-m+fp/hard/crt0.o (memset)
C:/ST/STM32CubeIDE_1.17.0/STM32CubeIDE/plugins/com.st.stm32cube.ide.mcu.externaltools.gnu-tools-for-stm32.13.3.rel1.win32_1.0.0.202411081344/tools/bin/../lib/gcc/arm-none-eabi/13.3.1/../../../../arm-none-eabi/lib/thumb/v7e-m+fp/hard\libc_nano.a(libc_a-closer.o)
                              C:/ST/STM32CubeIDE_1.17.0/STM32CubeIDE/plugins/com.st.stm32cube.ide.mcu.externaltools.gnu-tools-for-stm32.13.3.rel1.win32_1.0.0.202411081344/tools/bin/../lib/gcc/arm-none-eabi/13.3.1/../../../../arm-none-eabi/lib/thumb/v7e-m+fp/hard\libc_nano.a(libc_a-stdio.o) (_close_r)
C:/ST/STM32CubeIDE_1.17.0/STM32CubeIDE/plugins/com.st.stm32cube.ide.mcu.externaltools.gnu-tools-for-stm32.13.3.rel1.win32_1.0.0.202411081344/tools/bin/../lib/gcc/arm-none-eabi/13.3.1/../../../../arm-none-eabi/lib/thumb/v7e-m+fp/hard\libc_nano.a(libc_a-reent.o)
                              C:/ST/STM32CubeIDE_1.17.0/STM32CubeIDE/plugins/com.st.stm32cube.ide.mcu.externaltools.gnu-tools-for-stm32.13.3.rel1.win32_1.0.0.202411081344/tools/bin/../lib/gcc/arm-none-eabi/13.3.1/../../../../arm-none-eabi/lib/thumb/v7e-m+fp/hard\libc_nano.a(libc_a-closer.o) (errno)
C:/ST/STM32CubeIDE_1.17.0/STM32CubeIDE/plugins/com.st.stm32cube.ide.mcu.externaltools.gnu-tools-for-stm32.13.3.rel1.win32_1.0.0.202411081344/tools/bin/../lib/gcc/arm-none-eabi/13.3.1/../../../../arm-none-eabi/lib/thumb/v7e-m+fp/hard\libc_nano.a(libc_a-impure.o)
[...]
Memory Configuration

Name             Origin             Length             Attributes
CCMRAM           0x10000000         0x00010000         xrw
RAM              0x20000000         0x00020000         xrw
FLASH            0x08000000         0x000f8000         xr
APP_MEMORY       0x08008000         0x00008000         xr
*default*        0x00000000         0xffffffff

Linker script and memory map

LOAD C:/ST/STM32CubeIDE_1.17.0/STM32CubeIDE/plugins/com.st.stm32cube.ide.mcu.externaltools.gnu-tools-for-stm32.13.3.rel1.win32_1.0.0.202411081344/tools/bin/../lib/gcc/arm-none-eabi/13.3.1/thumb/v7e-m+fp/hard/crti.o
LOAD C:/ST/STM32CubeIDE_1.17.0/STM32CubeIDE/plugins/com.st.stm32cube.ide.mcu.externaltools.gnu-tools-for-stm32.13.3.rel1.win32_1.0.0.202411081344/tools/bin/../lib/gcc/arm-none-eabi/13.3.1/thumb/v7e-m+fp/hard/crtbegin.o
LOAD C:/ST/STM32CubeIDE_1.17.0/STM32CubeIDE/plugins/com.st.stm32cube.ide.mcu.externaltools.gnu-tools-for-stm32.13.3.rel1.win32_1.0.0.202411081344/tools/bin/../lib/gcc/arm-none-eabi/13.3.1/../../../../arm-none-eabi/lib/thumb/v7e-m+fp/hard/crt0.o
LOAD ./Drivers/CAN/CAN.o
LOAD ./Drivers/CRC/CRC.o
LOAD ./Drivers/Console/Console.o
LOAD ./Drivers/Custom_RS485_Comm/Custom_RS485_Comm.o
LOAD ./Drivers/DMA/DMA.o
LOAD ./Drivers/Flash/Flash.o
LOAD ./Drivers/GPIO/GPIO.o
LOAD ./Drivers/USART/USART.o
LOAD ./Src/main.o
LOAD ./Src/syscalls.o
LOAD ./Src/sysmem.o
LOAD ./Src/system_stm32f4xx.o
LOAD ./Startup/startup_stm32f407vgtx.o
START GROUP
LOAD C:/ST/STM32CubeIDE_1.17.0/STM32CubeIDE/plugins/com.st.stm32cube.ide.mcu.externaltools.gnu-tools-for-stm32.13.3.rel1.win32_1.0.0.202411081344/tools/bin/../lib/gcc/arm-none-eabi/13.3.1/../../../../arm-none-eabi/lib/thumb/v7e-m+fp/hard\libc_nano.a
LOAD C:/ST/STM32CubeIDE_1.17.0/STM32CubeIDE/plugins/com.st.stm32cube.ide.mcu.externaltools.gnu-tools-for-stm32.13.3.rel1.win32_1.0.0.202411081344/tools/bin/../lib/gcc/arm-none-eabi/13.3.1/../../../../arm-none-eabi/lib/thumb/v7e-m+fp/hard\libm.a
END GROUP
START GROUP
LOAD C:/ST/STM32CubeIDE_1.17.0/STM32CubeIDE/plugins/com.st.stm32cube.ide.mcu.externaltools.gnu-tools-for-stm32.13.3.rel1.win32_1.0.0.202411081344/tools/bin/../lib/gcc/arm-none-eabi/13.3.1/thumb/v7e-m+fp/hard\libgcc.a
LOAD C:/ST/STM32CubeIDE_1.17.0/STM32CubeIDE/plugins/com.st.stm32cube.ide.mcu.externaltools.gnu-tools-for-stm32.13.3.rel1.win32_1.0.0.202411081344/tools/bin/../lib/gcc/arm-none-eabi/13.3.1/../../../../arm-none-eabi/lib/thumb/v7e-m+fp/hard\libc_nano.a
END GROUP
START GROUP
LOAD C:/ST/STM32CubeIDE_1.17.0/STM32CubeIDE/plugins/com.st.stm32cube.ide.mcu.externaltools.gnu-tools-for-stm32.13.3.rel1.win32_1.0.0.202411081344/tools/bin/../lib/gcc/arm-none-eabi/13.3.1/thumb/v7e-m+fp/hard\libgcc.a
LOAD C:/ST/STM32CubeIDE_1.17.0/STM32CubeIDE/plugins/com.st.stm32cube.ide.mcu.externaltools.gnu-tools-for-stm32.13.3.rel1.win32_1.0.0.202411081344/tools/bin/../lib/gcc/arm-none-eabi/13.3.1/../../../../arm-none-eabi/lib/thumb/v7e-m+fp/hard\libc_nano.a
LOAD C:/ST/STM32CubeIDE_1.17.0/STM32CubeIDE/plugins/com.st.stm32cube.ide.mcu.externaltools.gnu-tools-for-stm32.13.3.rel1.win32_1.0.0.202411081344/tools/bin/../lib/gcc/arm-none-eabi/13.3.1/../../../../arm-none-eabi/lib/thumb/v7e-m+fp/hard\libnosys.a
END GROUP
START GROUP
LOAD C:/ST/STM32CubeIDE_1.17.0/STM32CubeIDE/plugins/com.st.stm32cube.ide.mcu.externaltools.gnu-tools-for-stm32.13.3.rel1.win32_1.0.0.202411081344/tools/bin/../lib/gcc/arm-none-eabi/13.3.1/thumb/v7e-m+fp/hard\libgcc.a
LOAD C:/ST/STM32CubeIDE_1.17.0/STM32CubeIDE/plugins/com.st.stm32cube.ide.mcu.externaltools.gnu-tools-for-stm32.13.3.rel1.win32_1.0.0.202411081344/tools/bin/../lib/gcc/arm-none-eabi/13.3.1/../../../../arm-none-eabi/lib/thumb/v7e-m+fp/hard\libc_nano.a
LOAD C:/ST/STM32CubeIDE_1.17.0/STM32CubeIDE/plugins/com.st.stm32cube.ide.mcu.externaltools.gnu-tools-for-stm32.13.3.rel1.win32_1.0.0.202411081344/tools/bin/../lib/gcc/arm-none-eabi/13.3.1/../../../../arm-none-eabi/lib/thumb/v7e-m+fp/hard\libnosys.a
END GROUP
LOAD C:/ST/STM32CubeIDE_1.17.0/STM32CubeIDE/plugins/com.st.stm32cube.ide.mcu.externaltools.gnu-tools-for-stm32.13.3.rel1.win32_1.0.0.202411081344/tools/bin/../lib/gcc/arm-none-eabi/13.3.1/thumb/v7e-m+fp/hard/crtend.o
LOAD C:/ST/STM32CubeIDE_1.17.0/STM32CubeIDE/plugins/com.st.stm32cube.ide.mcu.externaltools.gnu-tools-for-stm32.13.3.rel1.win32_1.0.0.202411081344/tools/bin/../lib/gcc/arm-none-eabi/13.3.1/thumb/v7e-m+fp/hard/crtn.o
                0x20020000                        _estack = (ORIGIN (RAM) + LENGTH (RAM))
                0x00000200                        _Min_Heap_Size = 0x200
                0x00000400                        _Min_Stack_Size = 0x400

.isr_vector     0x08000000      0x188
                0x08000000                        . = ALIGN (0x4)
 *(.isr_vector)
 .isr_vector    0x08000000      0x188 ./Startup/startup_stm32f407vgtx.o
                0x08000000                g_pfnVectors
                0x08000188                        . = ALIGN (0x4)

.text           0x08000188     0x1450
                0x08000188                        . = ALIGN (0x4)
 *(.text)
 .text          0x08000188       0x40 C:/ST/STM32CubeIDE_1.17.0/STM32CubeIDE/plugins/com.st.stm32cube.ide.mcu.externaltools.gnu-tools-for-stm32.13.3.rel1.win32_1.0.0.202411081344/tools/bin/../lib/gcc/arm-none-eabi/13.3.1/thumb/v7e-m+fp/hard/crtbegin.o
 *(.text*)
 .text.CRC_Init
                0x080001c8       0x10 ./Drivers/CRC/CRC.o
                0x080001c8                CRC_Init
 .text.DMA1_Stream0_IRQHandler
                0x080001d8       0xec ./Drivers/DMA/DMA.o
                0x080001d8                DMA1_Stream0_IRQHandler
 .text.DMA1_Stream1_IRQHandler
                0x080002c4       0xec ./Drivers/DMA/DMA.o
                0x080002c4                DMA1_Stream1_IRQHandler
 .text.DMA1_Stream2_IRQHandler
                0x080003b0       0xec ./Drivers/DMA/DMA.o
                0x080003b0                DMA1_Stream2_IRQHandler
 .text.DMA1_Stream3_IRQHandler
                0x0800049c       0xec ./Drivers/DMA/DMA.o
                0x0800049c                DMA1_Stream3_IRQHandler
 .text.DMA1_Stream4_IRQHandler
                0x08000588       0xcc ./Drivers/DMA/DMA.o
                0x08000588                DMA1_Stream4_IRQHandler
 .text.DMA1_Stream5_IRQHandler
                0x08000654       0xcc ./Drivers/DMA/DMA.o
                0x08000654                DMA1_Stream5_IRQHandler
 .text.DMA1_Stream6_IRQHandler
                0x08000720       0xcc ./Drivers/DMA/DMA.o
                0x08000720                DMA1_Stream6_IRQHandler
 .text.DMA1_Stream7_IRQHandler
                0x080007ec       0xcc ./Drivers/DMA/DMA.o
                0x080007ec                DMA1_Stream7_IRQHandler
 .text.DMA2_Stream0_IRQHandler
                0x080008b8       0xec ./Drivers/DMA/DMA.o
                0x080008b8                DMA2_Stream0_IRQHandler
 .text.DMA2_Stream1_IRQHandler
                0x080009a4       0xcc ./Drivers/DMA/DMA.o
                0x080009a4                DMA2_Stream1_IRQHandler
 .text.DMA2_Stream2_IRQHandler
                0x08000a70       0xcc ./Drivers/DMA/DMA.o
                0x08000a70                DMA2_Stream2_IRQHandler
 .text.DMA2_Stream3_IRQHandler
                0x08000b3c       0xec ./Drivers/DMA/DMA.o
                0x08000b3c                DMA2_Stream3_IRQHandler
 .text.DMA2_Stream4_IRQHandler
                0x08000c28       0xcc ./Drivers/DMA/DMA.o
                0x08000c28                DMA2_Stream4_IRQHandler
 .text.DMA2_Stream5_IRQHandler
                0x08000cf4       0xcc ./Drivers/DMA/DMA.o
                0x08000cf4                DMA2_Stream5_IRQHandler
 .text.DMA2_Stream6_IRQHandler
                0x08000dc0       0xcc ./Drivers/DMA/DMA.o
                0x08000dc0                DMA2_Stream6_IRQHandler
 .text.DMA2_Stream7_IRQHandler
                0x08000e8c       0xcc ./Drivers/DMA/DMA.o
                0x08000e8c                DMA2_Stream7_IRQHandler
 .text.EXTI0_IRQHandler
                0x08000f58       0x20 ./Drivers/GPIO/GPIO.o
                0x08000f58                EXTI0_IRQHandler
 .text.EXTI1_IRQHandler
                0x08000f78       0x20 ./Drivers/GPIO/GPIO.o
                0x08000f78                EXTI1_IRQHandler
 .text.EXTI2_IRQHandler
                0x08000f98       0x20 ./Drivers/GPIO/GPIO.o
                0x08000f98                EXTI2_IRQHandler
 .text.EXTI3_IRQHandler
                0x08000fb8       0x20 ./Drivers/GPIO/GPIO.o
                0x08000fb8                EXTI3_IRQHandler
 .text.EXTI4_IRQHandler
                0x08000fd8       0x20 ./Drivers/GPIO/GPIO.o
                0x08000fd8                EXTI4_IRQHandler
 .text.EXTI9_5_IRQHandler
                0x08000ff8       0x38 ./Drivers/GPIO/GPIO.o
                0x08000ff8                EXTI9_5_IRQHandler
 .text.EXTI15_10_IRQHandler
                0x08001030       0x38 ./Drivers/GPIO/GPIO.o
                0x08001030                EXTI15_10_IRQHandler
 .text.GPIO_Clock_Enable
                0x08001068       0x94 ./Drivers/GPIO/GPIO.o
                0x08001068                GPIO_Clock_Enable
 .text.GPIO_Pin_Init
                0x080010fc       0xd0 ./Drivers/GPIO/GPIO.o
                0x080010fc                GPIO_Pin_Init
 .text.UART4_IRQHandler
                0x080011cc       0xdc ./Drivers/USART/USART.o
                0x080011cc                UART4_IRQHandler
 .text.USART1_IRQHandler
                0x080012a8       0xd0 ./Drivers/USART/USART.o
                0x080012a8                USART1_IRQHandler
 .text.Delay_ms.constprop.0.isra.0
                0x08001378       0x20 ./Src/main.o
 .text.startup.main
                0x08001398      0x10c ./Src/main.o
                0x08001398                main
 .text.SystemInit
                0x080014a4       0x14 ./Src/system_stm32f4xx.o
                0x080014a4                SystemInit
 .text.SystemCoreClockUpdate
                0x080014b8       0x6c ./Src/system_stm32f4xx.o
                0x080014b8                SystemCoreClockUpdate
 .text.Reset_Handler
                0x08001524       0x50 ./Startup/startup_stm32f407vgtx.o
                0x08001524                Reset_Handler
 .text.Default_Handler
                0x08001574        0x2 ./Startup/startup_stm32f407vgtx.o
                0x08001574                RTC_Alarm_IRQHandler
                0x08001574                HASH_RNG_IRQHandler
                0x08001574                TIM8_CC_IRQHandler
                0x08001574                DebugMon_Handler
                0x08001574                TIM1_CC_IRQHandler
                0x08001574                HardFault_Handler
                0x08001574                SysTick_Handler
                0x08001574                PVD_IRQHandler
                0x08001574                SDIO_IRQHandler
                0x08001574                TAMP_STAMP_IRQHandler
                0x08001574                PendSV_Handler
                0x08001574                NMI_Handler
                0x08001574                CAN2_RX1_IRQHandler
                0x08001574                TIM8_TRG_COM_TIM14_IRQHandler
                0x08001574                TIM1_UP_TIM10_IRQHandler
                0x08001574                TIM8_UP_TIM13_IRQHandler
                0x08001574                I2C3_ER_IRQHandler
                0x08001574                I2C2_EV_IRQHandler
                0x08001574                CAN1_RX0_IRQHandler
                0x08001574                FPU_IRQHandler
                0x08001574                OTG_HS_WKUP_IRQHandler
                0x08001574                UsageFault_Handler
                0x08001574                CAN2_SCE_IRQHandler
                0x08001574                SPI1_IRQHandler
                0x08001574                TIM6_DAC_IRQHandler
                0x08001574                TIM1_BRK_TIM9_IRQHandler
                0x08001574                DCMI_IRQHandler
                0x08001574                CAN2_RX0_IRQHandler
                0x08001574                USART6_IRQHandler
                0x08001574                USART3_IRQHandler
                0x08001574                CRYP_IRQHandler
                0x08001574                CAN1_RX1_IRQHandler
                0x08001574                UART5_IRQHandler
                0x08001574                TIM4_IRQHandler
                0x08001574                I2C1_EV_IRQHandler
                0x08001574                TIM3_IRQHandler
                0x08001574                RCC_IRQHandler
                0x08001574                TIM8_BRK_TIM12_IRQHandler
                0x08001574                Default_Handler
                0x08001574                ADC_IRQHandler
                0x08001574                TIM7_IRQHandler
                0x08001574                CAN2_TX_IRQHandler
                0x08001574                TIM5_IRQHandler
                0x08001574                I2C3_EV_IRQHandler
                0x08001574                RTC_WKUP_IRQHandler
                0x08001574                ETH_WKUP_IRQHandler
                0x08001574                SPI2_IRQHandler
                0x08001574                OTG_HS_EP1_IN_IRQHandler
                0x08001574                MemManage_Handler
                0x08001574                CAN1_TX_IRQHandler
                0x08001574                SVC_Handler
                0x08001574                FSMC_IRQHandler
                0x08001574                ETH_IRQHandler
                0x08001574                OTG_HS_EP1_OUT_IRQHandler
                0x08001574                WWDG_IRQHandler
                0x08001574                TIM2_IRQHandler
                0x08001574                OTG_FS_WKUP_IRQHandler
                0x08001574                TIM1_TRG_COM_TIM11_IRQHandler
                0x08001574                OTG_HS_IRQHandler
                0x08001574                USART2_IRQHandler
                0x08001574                I2C2_ER_IRQHandler
                0x08001574                CAN1_SCE_IRQHandler
                0x08001574                BusFault_Handler
                0x08001574                OTG_FS_IRQHandler
                0x08001574                SPI3_IRQHandler
                0x08001574                I2C1_ER_IRQHandler
 *fill*         0x08001576        0x2 
 .text.__libc_init_array
                0x08001578       0x48 C:/ST/STM32CubeIDE_1.17.0/STM32CubeIDE/plugins/com.st.stm32cube.ide.mcu.externaltools.gnu-tools-for-stm32.13.3.rel1.win32_1.0.0.202411081344/tools/bin/../lib/gcc/arm-none-eabi/13.3.1/../../../../arm-none-eabi/lib/thumb/v7e-m+fp/hard\libc_nano.a(libc_a-init.o)
                0x08001578                __libc_init_array
 *(.glue_7)
 .glue_7        0x080015c0        0x0 linker stubs
 *(.glue_7t)
 .glue_7t       0x080015c0        0x0 linker stubs
 *(.eh_frame)
 .eh_frame      0x080015c0        0x0 C:/ST/STM32CubeIDE_1.17.0/STM32CubeIDE/plugins/com.st.stm32cube.ide.mcu.externaltools.gnu-tools-for-stm32.13.3.rel1.win32_1.0.0.202411081344/tools/bin/../lib/gcc/arm-none-eabi/13.3.1/thumb/v7e-m+fp/hard/crtbegin.o
 *(.init)
 .init          0x080015c0        0x4 C:/ST/STM32CubeIDE_1.17.0/STM32CubeIDE/plugins/com.st.stm32cube.ide.mcu.externaltools.gnu-tools-for-stm32.13.3.rel1.win32_1.0.0.202411081344/tools/bin/../lib/gcc/arm-none-eabi/13.3.1/thumb/v7e-m+fp/hard/crti.o
                0x080015c0                _init
 .init          0x080015c4        0x8 C:/ST/STM32CubeIDE_1.17.0/STM32CubeIDE/plugins/com.st.stm32cube.ide.mcu.externaltools.gnu-tools-for-stm32.13.3.rel1.win32_1.0.0.202411081344/tools/bin/../lib/gcc/arm-none-eabi/13.3.1/thumb/v7e-m+fp/hard/crtn.o
 *(.fini)
 .fini          0x080015cc        0x4 C:/ST/STM32CubeIDE_1.17.0/STM32CubeIDE/plugins/com.st.stm32cube.ide.mcu.externaltools.gnu-tools-for-stm32.13.3.rel1.win32_1.0.0.202411081344/tools/bin/../lib/gcc/arm-none-eabi/13.3.1/thumb/v7e-m+fp/hard/crti.o
                0x080015cc                _fini
 .fini          0x080015d0        0x8 C:/ST/STM32CubeIDE_1.17.0/STM32CubeIDE/plugins/com.st.stm32cube.ide.mcu.externaltools.gnu-tools-for-stm32.13.3.rel1.win32_1.0.0.202411081344/tools/bin/../lib/gcc/arm-none-eabi/13.3.1/thumb/v7e-m+fp/hard/crtn.o
                0x080015d8                        . = ALIGN (0x4)
                0x080015d8                        _etext = .

.vfp11_veneer   0x080015d8        0x0
 .vfp11_veneer  0x080015d8        0x0 linker stubs

.v4_bx          0x080015d8        0x0
 .v4_bx         0x080015d8        0x0 linker stubs

.iplt           0x080015d8        0x0
 .iplt          0x080015d8        0x0 C:/ST/STM32CubeIDE_1.17.0/STM32CubeIDE/plugins/com.st.stm32cube.ide.mcu.externaltools.gnu-tools-for-stm32.13.3.rel1.win32_1.0.0.202411081344/tools/bin/../lib/gcc/arm-none-eabi/13.3.1/thumb/v7e-m+fp/hard/crtbegin.o

.app_section    0x08008000       0x48
                0x08008000                        . = ALIGN (0x4)
                0x08008000                        __app_section_start__ = .
 *(.app_section*)
 .app_section   0x08008000       0x48 ./Src/main.o
                0x08008000                Blink_App
                0x08008048                        __app_section_end__ = .

.rodata         0x080015d8       0x10
                0x080015d8                        . = ALIGN (0x4)
 *(.rodata)
 *(.rodata*)
 .rodata.AHBPrescTable
                0x080015d8       0x10 ./Src/system_stm32f4xx.o
                0x080015d8                AHBPrescTable
                0x080015e8                        . = ALIGN (0x4)

.ARM.extab      0x080015e8        0x0
                0x080015e8                        . = ALIGN (0x4)
 *(.ARM.extab* .gnu.linkonce.armextab.*)
                0x080015e8                        . = ALIGN (0x4)

.ARM            0x080015e8        0x0
                0x080015e8                        . = ALIGN (0x4)
                0x080015e8                        __exidx_start = .
 *(.ARM.exidx*)
                0x080015e8                        __exidx_end = .
                0x080015e8                        . = ALIGN (0x4)

.preinit_array  0x080015e8        0x0
                0x080015e8                        . = ALIGN (0x4)
                0x080015e8                        PROVIDE (__preinit_array_start = .)
 *(.preinit_array*)
                0x080015e8                        PROVIDE (__preinit_array_end = .)
                0x080015e8                        . = ALIGN (0x4)

.init_array     0x080015e8        0x4
                0x080015e8                        . = ALIGN (0x4)
                0x080015e8                        PROVIDE (__init_array_start = .)
 *(SORT_BY_NAME(.init_array.*))
 *(.init_array*)
 .init_array    0x080015e8        0x4 C:/ST/STM32CubeIDE_1.17.0/STM32CubeIDE/plugins/com.st.stm32cube.ide.mcu.externaltools.gnu-tools-for-stm32.13.3.rel1.win32_1.0.0.202411081344/tools/bin/../lib/gcc/arm-none-eabi/13.3.1/thumb/v7e-m+fp/hard/crtbegin.o
                0x080015ec                        PROVIDE (__init_array_end = .)
                0x080015ec                        . = ALIGN (0x4)

.fini_array     0x080015ec        0x4
                0x080015ec                        . = ALIGN (0x4)
                [!provide]                        PROVIDE (__fini_array_start = .)
 *(SORT_BY_NAME(.fini_array.*))
 *(.fini_array*)
 .fini_array    0x080015ec        0x4 C:/ST/STM32CubeIDE_1.17.0/STM32CubeIDE/plugins/com.st.stm32cube.ide.mcu.externaltools.gnu-tools-for-stm32.13.3.rel1.win32_1.0.0.202411081344/tools/bin/../lib/gcc/arm-none-eabi/13.3.1/thumb/v7e-m+fp/hard/crtbegin.o
                [!provide]                        PROVIDE (__fini_array_end = .)
                0x080015f0                        . = ALIGN (0x4)
                0x080015f0                        _sidata = LOADADDR (.data)

.rel.dyn        0x080015f0        0x0
 .rel.iplt      0x080015f0        0x0 C:/ST/STM32CubeIDE_1.17.0/STM32CubeIDE/plugins/com.st.stm32cube.ide.mcu.externaltools.gnu-tools-for-stm32.13.3.rel1.win32_1.0.0.202411081344/tools/bin/../lib/gcc/arm-none-eabi/13.3.1/thumb/v7e-m+fp/hard/crtbegin.o

.data           0x20000000        0x4 load address 0x080015f0
                0x20000000                        . = ALIGN (0x4)
                0x20000000                        _sdata = .
 *(.data)
 *(.data*)
 .data.SystemCoreClock
                0x20000000        0x4 ./Src/system_stm32f4xx.o
                0x20000000                SystemCoreClock
 *(.RamFunc)
 *(.RamFunc*)
                0x20000004                        . = ALIGN (0x4)
                0x20000004                        _edata = .
                0x080015f4                        _siccmram = LOADADDR (.ccmram)

.igot.plt       0x20000004        0x0 load address 0x080015f4
 .igot.plt      0x20000004        0x0 C:/ST/STM32CubeIDE_1.17.0/STM32CubeIDE/plugins/com.st.stm32cube.ide.mcu.externaltools.gnu-tools-for-stm32.13.3.rel1.win32_1.0.0.202411081344/tools/bin/../lib/gcc/arm-none-eabi/13.3.1/thumb/v7e-m+fp/hard/crtbegin.o

.ccmram         0x10000000        0x0 load address 0x080015f4
                0x10000000                        . = ALIGN (0x4)
                0x10000000                        _sccmram = .
 *(.ccmram)
 *(.ccmram*)
                0x10000000                        . = ALIGN (0x4)
                0x10000000                        _eccmram = .
                0x10000000                        . = ALIGN (0x4)

.bss            0x20000004       0xb0
                0x20000004                        _sbss = .
                0x20000004                        __bss_start__ = _sbss
 *(.bss)
 .bss           0x20000004       0x1c C:/ST/STM32CubeIDE_1.17.0/STM32CubeIDE/plugins/com.st.stm32cube.ide.mcu.externaltools.gnu-tools-for-stm32.13.3.rel1.win32_1.0.0.202411081344/tools/bin/../lib/gcc/arm-none-eabi/13.3.1/thumb/v7e-m+fp/hard/crtbegin.o
 *(.bss*)
 .bss.DMA_HISR  0x20000020        0x4 ./Drivers/DMA/DMA.o
                0x20000020                DMA_HISR
 .bss.DMA_LISR  0x20000024        0x4 ./Drivers/DMA/DMA.o
                0x20000024                DMA_LISR
 .bss.__DMA2_Stream7_Config__
                0x20000028        0x4 ./Drivers/DMA/DMA.o
                0x20000028                __DMA2_Stream7_Config__
 .bss.__DMA2_Stream6_Config__
                0x2000002c        0x4 ./Drivers/DMA/DMA.o
                0x2000002c                __DMA2_Stream6_Config__
 .bss.__DMA2_Stream5_Config__
                0x20000030        0x4 ./Drivers/DMA/DMA.o
                0x20000030                __DMA2_Stream5_Config__
 .bss.__DMA2_Stream4_Config__
                0x20000034        0x4 ./Drivers/DMA/DMA.o
                0x20000034                __DMA2_Stream4_Config__
 .bss.__DMA2_Stream3_Config__
                0x20000038        0x4 ./Drivers/DMA/DMA.o
                0x20000038                __DMA2_Stream3_Config__
 .bss.__DMA2_Stream2_Config__
                0x2000003c        0x4 ./Drivers/DMA/DMA.o
                0x2000003c                __DMA2_Stream2_Config__
 .bss.__DMA2_Stream1_Config__
                0x20000040        0x4 ./Drivers/DMA/DMA.o
                0x20000040                __DMA2_Stream1_Config__
 .bss.__DMA2_Stream0_Config__
                0x20000044        0x4 ./Drivers/DMA/DMA.o
                0x20000044                __DMA2_Stream0_Config__
 .bss.__DMA1_Stream7_Config__
                0x20000048        0x4 ./Drivers/DMA/DMA.o
                0x20000048                __DMA1_Stream7_Config__
 .bss.__DMA1_Stream6_Config__
                0x2000004c        0x4 ./Drivers/DMA/DMA.o
                0x2000004c                __DMA1_Stream6_Config__
 .bss.__DMA1_Stream5_Config__
                0x20000050        0x4 ./Drivers/DMA/DMA.o
                0x20000050                __DMA1_Stream5_Config__
 .bss.__DMA1_Stream4_Config__
                0x20000054        0x4 ./Drivers/DMA/DMA.o
                0x20000054                __DMA1_Stream4_Config__
 .bss.__DMA1_Stream3_Config__
                0x20000058        0x4 ./Drivers/DMA/DMA.o
                0x20000058                __DMA1_Stream3_Config__
 .bss.__DMA1_Stream2_Config__
                0x2000005c        0x4 ./Drivers/DMA/DMA.o
                0x2000005c                __DMA1_Stream2_Config__
 .bss.__DMA1_Stream1_Config__
                0x20000060        0x4 ./Drivers/DMA/DMA.o
                0x20000060                __DMA1_Stream1_Config__
 .bss.__DMA1_Stream0_Config__
                0x20000064        0x4 ./Drivers/DMA/DMA.o
                0x20000064                __DMA1_Stream0_Config__
 .bss.EXTI_ISR  0x20000068       0x40 ./Drivers/GPIO/GPIO.o
                0x20000068                EXTI_ISR
 .bss.USART_SR  0x200000a8        0x2 ./Drivers/USART/USART.o
                0x200000a8                USART_SR
 *fill*         0x200000aa        0x2 
 .bss.__usart_4_config__
                0x200000ac        0x4 ./Drivers/USART/USART.o
                0x200000ac                __usart_4_config__
 .bss.__usart_1_config__
                0x200000b0        0x4 ./Drivers/USART/USART.o
                0x200000b0                __usart_1_config__
 *(COMMON)
                0x200000b4                        . = ALIGN (0x4)
                0x200000b4                        _ebss = .
                0x200000b4                        __bss_end__ = _ebss

._user_heap_stack
                0x200000b4      0x604
                0x200000b8                        . = ALIGN (0x8)
 *fill*         0x200000b4        0x4 
                [!provide]                        PROVIDE (end = .)
                0x200000b8                        PROVIDE (_end = .)
                0x200002b8                        . = (. + _Min_Heap_Size)
 *fill*         0x200000b8      0x200 
                0x200006b8                        . = (. + _Min_Stack_Size)
 *fill*         0x200002b8      0x400 
                0x200006b8                        . = ALIGN (0x8)

/DISCARD/
 libc.a(*)
 libm.a(*)
 libgcc.a(*)

.ARM.attributes
                0x00000000       0x30
 *(.ARM.attributes)
 .ARM.attributes
                0x00000000       0x22 C:/ST/STM32CubeIDE_1.17.0/STM32CubeIDE/plugins/com.st.stm32cube.ide.mcu.externaltools.gnu-tools-for-stm32.13.3.rel1.win32_1.0.0.202411081344/tools/bin/../lib/gcc/arm-none-eabi/13.3.1/thumb/v7e-m+fp/hard/crti.o
 .ARM.attributes
                0x00000022       0x34 C:/ST/STM32CubeIDE_1.17.0/STM32CubeIDE/plugins/com.st.stm32cube.ide.mcu.externaltools.gnu-tools-for-stm32.13.3.rel1.win32_1.0.0.202411081344/tools/bin/../lib/gcc/arm-none-eabi/13.3.1/thumb/v7e-m+fp/hard/crtbegin.o
 .ARM.attributes
                0x00000056       0x34 ./Drivers/CRC/CRC.o
 .ARM.attributes
                0x0000008a       0x34 ./Drivers/DMA/DMA.o
 .ARM.attributes
                0x000000be       0x34 ./Drivers/GPIO/GPIO.o
 .ARM.attributes
                0x000000f2       0x34 ./Drivers/USART/USART.o
 .ARM.attributes
                0x00000126       0x34 ./Src/main.o
 .ARM.attributes
                0x0000015a       0x34 ./Src/system_stm32f4xx.o
 .ARM.attributes
                0x0000018e       0x21 ./Startup/startup_stm32f407vgtx.o
 .ARM.attributes
                0x000001af       0x34 C:/ST/STM32CubeIDE_1.17.0/STM32CubeIDE/plugins/com.st.stm32cube.ide.mcu.externaltools.gnu-tools-for-stm32.13.3.rel1.win32_1.0.0.202411081344/tools/bin/../lib/gcc/arm-none-eabi/13.3.1/../../../../arm-none-eabi/lib/thumb/v7e-m+fp/hard\libc_nano.a(libc_a-init.o)
 .ARM.attributes
                0x000001e3       0x22 C:/ST/STM32CubeIDE_1.17.0/STM32CubeIDE/plugins/com.st.stm32cube.ide.mcu.externaltools.gnu-tools-for-stm32.13.3.rel1.win32_1.0.0.202411081344/tools/bin/../lib/gcc/arm-none-eabi/13.3.1/thumb/v7e-m+fp/hard/crtn.o
OUTPUT(Blackshield_Bootloader.elf elf32-littlearm)
LOAD linker stubs
LOAD C:/ST/STM32CubeIDE_1.17.0/STM32CubeIDE/plugins/com.st.stm32cube.ide.mcu.externaltools.gnu-tools-for-stm32.13.3.rel1.win32_1.0.0.202411081344/tools/bin/../lib/gcc/arm-none-eabi/13.3.1/../../../../arm-none-eabi/lib/thumb/v7e-m+fp/hard\libc.a
LOAD C:/ST/STM32CubeIDE_1.17.0/STM32CubeIDE/plugins/com.st.stm32cube.ide.mcu.externaltools.gnu-tools-for-stm32.13.3.rel1.win32_1.0.0.202411081344/tools/bin/../lib/gcc/arm-none-eabi/13.3.1/../../../../arm-none-eabi/lib/thumb/v7e-m+fp/hard\libm.a
LOAD C:/ST/STM32CubeIDE_1.17.0/STM32CubeIDE/plugins/com.st.stm32cube.ide.mcu.externaltools.gnu-tools-for-stm32.13.3.rel1.win32_1.0.0.202411081344/tools/bin/../lib/gcc/arm-none-eabi/13.3.1/thumb/v7e-m+fp/hard\libgcc.a

.debug_info     0x00000000     0x8e9a
 .debug_info    0x00000000      0x4f3 ./Drivers/CRC/CRC.o
 .debug_info    0x000004f3     0x1a04 ./Drivers/DMA/DMA.o
 .debug_info    0x00001ef7     0x109e ./Drivers/GPIO/GPIO.o
 .debug_info    0x00002f95     0x2d43 ./Drivers/USART/USART.o
 .debug_info    0x00005cd8     0x2c6e ./Src/main.o
 .debug_info    0x00008946      0x524 ./Src/system_stm32f4xx.o
 .debug_info    0x00008e6a       0x30 ./Startup/startup_stm32f407vgtx.o

.debug_abbrev   0x00000000     0x119e
 .debug_abbrev  0x00000000      0x144 ./Drivers/CRC/CRC.o
 .debug_abbrev  0x00000144      0x300 ./Drivers/DMA/DMA.o
 .debug_abbrev  0x00000444      0x2c6 ./Drivers/GPIO/GPIO.o
 .debug_abbrev  0x0000070a      0x490 ./Drivers/USART/USART.o
 .debug_abbrev  0x00000b9a      0x4c0 ./Src/main.o
 .debug_abbrev  0x0000105a      0x120 ./Src/system_stm32f4xx.o
 .debug_abbrev  0x0000117a       0x24 ./Startup/startup_stm32f407vgtx.o

.debug_loclists
                0x00000000      0xc7c
 .debug_loclists
                0x00000000      0x10a ./Drivers/CRC/CRC.o
 .debug_loclists
                0x0000010a      0x2cc ./Drivers/DMA/DMA.o
 .debug_loclists
                0x000003d6      0x3b0 ./Drivers/GPIO/GPIO.o
 .debug_loclists
                0x00000786      0x303 ./Drivers/USART/USART.o
 .debug_loclists
                0x00000a89      0x12f ./Src/main.o
 .debug_loclists
                0x00000bb8       0xc4 ./Src/system_stm32f4xx.o

.debug_aranges  0x00000000      0x328
 .debug_aranges
                0x00000000       0x48 ./Drivers/CRC/CRC.o
 .debug_aranges
                0x00000048       0xd8 ./Drivers/DMA/DMA.o
 .debug_aranges
                0x00000120       0x70 ./Drivers/GPIO/GPIO.o
 .debug_aranges
                0x00000190       0xd8 ./Drivers/USART/USART.o
 .debug_aranges
                0x00000268       0x70 ./Src/main.o
 .debug_aranges
                0x000002d8       0x28 ./Src/system_stm32f4xx.o
 .debug_aranges
                0x00000300       0x28 ./Startup/startup_stm32f407vgtx.o

.debug_rnglists
                0x00000000      0x44e
 .debug_rnglists
                0x00000000       0x49 ./Drivers/CRC/CRC.o
 .debug_rnglists
                0x00000049      0x183 ./Drivers/DMA/DMA.o
 .debug_rnglists
                0x000001cc       0x6b ./Drivers/GPIO/GPIO.o
 .debug_rnglists
                0x00000237      0x11d ./Drivers/USART/USART.o
 .debug_rnglists
                0x00000354       0xc8 ./Src/main.o
 .debug_rnglists
                0x0000041c       0x19 ./Src/system_stm32f4xx.o
 .debug_rnglists
                0x00000435       0x19 ./Startup/startup_stm32f407vgtx.o

.debug_macro    0x00000000      0xe06
 .debug_macro   0x00000000      0x264 ./Drivers/CRC/CRC.o
 .debug_macro   0x00000264      0x268 ./Drivers/DMA/DMA.o
 .debug_macro   0x000004cc      0x27a ./Drivers/GPIO/GPIO.o
 .debug_macro   0x00000746      0x290 ./Drivers/USART/USART.o
 .debug_macro   0x000009d6      0x2bb ./Src/main.o
 .debug_macro   0x00000c91       0xda ./Src/system_stm32f4xx.o
 .debug_macro   0x00000d6b       0x2e ./Src/system_stm32f4xx.o
 .debug_macro   0x00000d99       0x6d ./Src/system_stm32f4xx.o

.debug_line     0x00000000     0x66c0
 .debug_line    0x00000000      0x83a ./Drivers/CRC/CRC.o
 .debug_line    0x0000083a     0x21a3 ./Drivers/DMA/DMA.o
 .debug_line    0x000029dd      0xbfa ./Drivers/GPIO/GPIO.o
 .debug_line    0x000035d7     0x19f0 ./Drivers/USART/USART.o
 .debug_line    0x00004fc7     0x1141 ./Src/main.o
 .debug_line    0x00006108      0x53d ./Src/system_stm32f4xx.o
 .debug_line    0x00006645       0x7b ./Startup/startup_stm32f407vgtx.o

.debug_str      0x00000000    0x8fd24
 .debug_str     0x00000000    0x8fd24 ./Drivers/CRC/CRC.o
                              0x8dca4 (size before relaxing)
 .debug_str     0x0008fd24    0x8eb85 ./Drivers/DMA/DMA.o
 .debug_str     0x0008fd24    0x8e702 ./Drivers/GPIO/GPIO.o
 .debug_str     0x0008fd24    0x8f514 ./Drivers/USART/USART.o
 .debug_str     0x0008fd24    0x8f1a8 ./Src/main.o
 .debug_str     0x0008fd24    0x88621 ./Src/system_stm32f4xx.o
 .debug_str     0x0008fd24       0x72 ./Startup/startup_stm32f407vgtx.o

.comment        0x00000000       0x43
 .comment       0x00000000       0x43 ./Drivers/CRC/CRC.o
                                 0x44 (size before relaxing)
 .comment       0x00000043       0x44 ./Drivers/DMA/DMA.o
 .comment       0x00000043       0x44 ./Drivers/GPIO/GPIO.o
 .comment       0x00000043       0x44 ./Drivers/USART/USART.o
 .comment       0x00000043       0x44 ./Src/main.o
 .comment       0x00000043       0x44 ./Src/system_stm32f4xx.o

.debug_frame    0x00000000      0x860
 .debug_frame   0x00000000       0x90 ./Drivers/CRC/CRC.o
 .debug_frame   0x00000090      0x330 ./Drivers/DMA/DMA.o
 .debug_frame   0x000003c0      0x128 ./Drivers/GPIO/GPIO.o
 .debug_frame   0x000004e8      0x1e8 ./Drivers/USART/USART.o
 .debug_frame   0x000006d0      0x134 ./Src/main.o
 .debug_frame   0x00000804       0x30 ./Src/system_stm32f4xx.o
 .debug_frame   0x00000834       0x2c C:/ST/STM32CubeIDE_1.17.0/STM32CubeIDE/plugins/com.st.stm32cube.ide.mcu.externaltools.gnu-tools-for-stm32.13.3.rel1.win32_1.0.0.202411081344/tools/bin/../lib/gcc/arm-none-eabi/13.3.1/../../../../arm-none-eabi/lib/thumb/v7e-m+fp/hard\libc_nano.a(libc_a-init.o)

.debug_line_str
                0x00000000       0x56
 .debug_line_str
                0x00000000       0x56 ./Startup/startup_stm32f407vgtx.o
