Archive member included to satisfy reference by file (symbol)

C:/ST/STM32CubeIDE_1.17.0/STM32CubeIDE/plugins/com.st.stm32cube.ide.mcu.externaltools.gnu-tools-for-stm32.12.3.rel1.win32_1.1.0.202410251130/tools/bin/../lib/gcc/arm-none-eabi/12.3.1/../../../../arm-none-eabi/lib/thumb/v7e-m+fp/hard\libc_nano.a(libc_a-exit.o)
                              C:/ST/STM32CubeIDE_1.17.0/STM32CubeIDE/plugins/com.st.stm32cube.ide.mcu.externaltools.gnu-tools-for-stm32.12.3.rel1.win32_1.1.0.202410251130/tools/bin/../lib/gcc/arm-none-eabi/12.3.1/../../../../arm-none-eabi/lib/thumb/v7e-m+fp/hard/crt0.o (exit)
C:/ST/STM32CubeIDE_1.17.0/STM32CubeIDE/plugins/com.st.stm32cube.ide.mcu.externaltools.gnu-tools-for-stm32.12.3.rel1.win32_1.1.0.202410251130/tools/bin/../lib/gcc/arm-none-eabi/12.3.1/../../../../arm-none-eabi/lib/thumb/v7e-m+fp/hard\libc_nano.a(libc_a-findfp.o)
                              C:/ST/STM32CubeIDE_1.17.0/STM32CubeIDE/plugins/com.st.stm32cube.ide.mcu.externaltools.gnu-tools-for-stm32.12.3.rel1.win32_1.1.0.202410251130/tools/bin/../lib/gcc/arm-none-eabi/12.3.1/../../../../arm-none-eabi/lib/thumb/v7e-m+fp/hard\libc_nano.a(libc_a-exit.o) (__stdio_exit_handler)
C:/ST/STM32CubeIDE_1.17.0/STM32CubeIDE/plugins/com.st.stm32cube.ide.mcu.externaltools.gnu-tools-for-stm32.12.3.rel1.win32_1.1.0.202410251130/tools/bin/../lib/gcc/arm-none-eabi/12.3.1/../../../../arm-none-eabi/lib/thumb/v7e-m+fp/hard\libc_nano.a(libc_a-fwalk.o)
                              C:/ST/STM32CubeIDE_1.17.0/STM32CubeIDE/plugins/com.st.stm32cube.ide.mcu.externaltools.gnu-tools-for-stm32.12.3.rel1.win32_1.1.0.202410251130/tools/bin/../lib/gcc/arm-none-eabi/12.3.1/../../../../arm-none-eabi/lib/thumb/v7e-m+fp/hard\libc_nano.a(libc_a-findfp.o) (_fwalk_sglue)
C:/ST/STM32CubeIDE_1.17.0/STM32CubeIDE/plugins/com.st.stm32cube.ide.mcu.externaltools.gnu-tools-for-stm32.12.3.rel1.win32_1.1.0.202410251130/tools/bin/../lib/gcc/arm-none-eabi/12.3.1/../../../../arm-none-eabi/lib/thumb/v7e-m+fp/hard\libc_nano.a(libc_a-stdio.o)
                              C:/ST/STM32CubeIDE_1.17.0/STM32CubeIDE/plugins/com.st.stm32cube.ide.mcu.externaltools.gnu-tools-for-stm32.12.3.rel1.win32_1.1.0.202410251130/tools/bin/../lib/gcc/arm-none-eabi/12.3.1/../../../../arm-none-eabi/lib/thumb/v7e-m+fp/hard\libc_nano.a(libc_a-findfp.o) (__sread)
C:/ST/STM32CubeIDE_1.17.0/STM32CubeIDE/plugins/com.st.stm32cube.ide.mcu.externaltools.gnu-tools-for-stm32.12.3.rel1.win32_1.1.0.202410251130/tools/bin/../lib/gcc/arm-none-eabi/12.3.1/../../../../arm-none-eabi/lib/thumb/v7e-m+fp/hard\libc_nano.a(libc_a-vsnprintf.o)
                              ./Drivers/Console/Console.o (vsnprintf)
C:/ST/STM32CubeIDE_1.17.0/STM32CubeIDE/plugins/com.st.stm32cube.ide.mcu.externaltools.gnu-tools-for-stm32.12.3.rel1.win32_1.1.0.202410251130/tools/bin/../lib/gcc/arm-none-eabi/12.3.1/../../../../arm-none-eabi/lib/thumb/v7e-m+fp/hard\libc_nano.a(libc_a-vsscanf.o)
                              ./Drivers/Console/Console.o (vsscanf)
C:/ST/STM32CubeIDE_1.17.0/STM32CubeIDE/plugins/com.st.stm32cube.ide.mcu.externaltools.gnu-tools-for-stm32.12.3.rel1.win32_1.1.0.202410251130/tools/bin/../lib/gcc/arm-none-eabi/12.3.1/../../../../arm-none-eabi/lib/thumb/v7e-m+fp/hard\libc_nano.a(libc_a-memset.o)
                              C:/ST/STM32CubeIDE_1.17.0/STM32CubeIDE/plugins/com.st.stm32cube.ide.mcu.externaltools.gnu-tools-for-stm32.12.3.rel1.win32_1.1.0.202410251130/tools/bin/../lib/gcc/arm-none-eabi/12.3.1/../../../../arm-none-eabi/lib/thumb/v7e-m+fp/hard/crt0.o (memset)
C:/ST/STM32CubeIDE_1.17.0/STM32CubeIDE/plugins/com.st.stm32cube.ide.mcu.externaltools.gnu-tools-for-stm32.12.3.rel1.win32_1.1.0.202410251130/tools/bin/../lib/gcc/arm-none-eabi/12.3.1/../../../../arm-none-eabi/lib/thumb/v7e-m+fp/hard\libc_nano.a(libc_a-closer.o)
                              C:/ST/STM32CubeIDE_1.17.0/STM32CubeIDE/plugins/com.st.stm32cube.ide.mcu.externaltools.gnu-tools-for-stm32.12.3.rel1.win32_1.1.0.202410251130/tools/bin/../lib/gcc/arm-none-eabi/12.3.1/../../../../arm-none-eabi/lib/thumb/v7e-m+fp/hard\libc_nano.a(libc_a-stdio.o) (_close_r)
C:/ST/STM32CubeIDE_1.17.0/STM32CubeIDE/plugins/com.st.stm32cube.ide.mcu.externaltools.gnu-tools-for-stm32.12.3.rel1.win32_1.1.0.202410251130/tools/bin/../lib/gcc/arm-none-eabi/12.3.1/../../../../arm-none-eabi/lib/thumb/v7e-m+fp/hard\libc_nano.a(libc_a-reent.o)
                              C:/ST/STM32CubeIDE_1.17.0/STM32CubeIDE/plugins/com.st.stm32cube.ide.mcu.externaltools.gnu-tools-for-stm32.12.3.rel1.win32_1.1.0.202410251130/tools/bin/../lib/gcc/arm-none-eabi/12.3.1/../../../../arm-none-eabi/lib/thumb/v7e-m+fp/hard\libc_nano.a(libc_a-closer.o) (errno)
C:/ST/STM32CubeIDE_1.17.0/STM32CubeIDE/plugins/com.st.stm32cube.ide.mcu.externaltools.gnu-tools-for-stm32.12.3.rel1.win32_1.1.0.202410251130/tools/bin/../lib/gcc/arm-none-eabi/12.3.1/../../../../arm-none-eabi/lib/thumb/v7e-m+fp/hard\libc_nano.a(libc_a-impure.o)
[...]
Memory Configuration

Name             Origin             Length             Attributes
CCMRAM           0x10000000         0x00010000         xrw
RAM              0x20000000         0x00020000         xrw
FLASH            0x08000000         0x00100000         xr
*default*        0x00000000         0xffffffff

Linker script and memory map

LOAD C:/ST/STM32CubeIDE_1.17.0/STM32CubeIDE/plugins/com.st.stm32cube.ide.mcu.externaltools.gnu-tools-for-stm32.12.3.rel1.win32_1.1.0.202410251130/tools/bin/../lib/gcc/arm-none-eabi/12.3.1/thumb/v7e-m+fp/hard/crti.o
LOAD C:/ST/STM32CubeIDE_1.17.0/STM32CubeIDE/plugins/com.st.stm32cube.ide.mcu.externaltools.gnu-tools-for-stm32.12.3.rel1.win32_1.1.0.202410251130/tools/bin/../lib/gcc/arm-none-eabi/12.3.1/thumb/v7e-m+fp/hard/crtbegin.o
LOAD C:/ST/STM32CubeIDE_1.17.0/STM32CubeIDE/plugins/com.st.stm32cube.ide.mcu.externaltools.gnu-tools-for-stm32.12.3.rel1.win32_1.1.0.202410251130/tools/bin/../lib/gcc/arm-none-eabi/12.3.1/../../../../arm-none-eabi/lib/thumb/v7e-m+fp/hard/crt0.o
LOAD ./Drivers/CAN/CAN.o
LOAD ./Drivers/CRC/CRC.o
LOAD ./Drivers/Console/Console.o
LOAD ./Drivers/DMA/DMA.o
LOAD ./Drivers/GPIO/GPIO.o
LOAD ./Drivers/USART/USART.o
LOAD ./Src/main.o
LOAD ./Src/syscalls.o
LOAD ./Src/sysmem.o
LOAD ./Src/system_stm32f4xx.o
LOAD ./Startup/startup_stm32f407vgtx.o
START GROUP
LOAD C:/ST/STM32CubeIDE_1.17.0/STM32CubeIDE/plugins/com.st.stm32cube.ide.mcu.externaltools.gnu-tools-for-stm32.12.3.rel1.win32_1.1.0.202410251130/tools/bin/../lib/gcc/arm-none-eabi/12.3.1/../../../../arm-none-eabi/lib/thumb/v7e-m+fp/hard\libc_nano.a
LOAD C:/ST/STM32CubeIDE_1.17.0/STM32CubeIDE/plugins/com.st.stm32cube.ide.mcu.externaltools.gnu-tools-for-stm32.12.3.rel1.win32_1.1.0.202410251130/tools/bin/../lib/gcc/arm-none-eabi/12.3.1/../../../../arm-none-eabi/lib/thumb/v7e-m+fp/hard\libm.a
END GROUP
START GROUP
LOAD C:/ST/STM32CubeIDE_1.17.0/STM32CubeIDE/plugins/com.st.stm32cube.ide.mcu.externaltools.gnu-tools-for-stm32.12.3.rel1.win32_1.1.0.202410251130/tools/bin/../lib/gcc/arm-none-eabi/12.3.1/thumb/v7e-m+fp/hard\libgcc.a
LOAD C:/ST/STM32CubeIDE_1.17.0/STM32CubeIDE/plugins/com.st.stm32cube.ide.mcu.externaltools.gnu-tools-for-stm32.12.3.rel1.win32_1.1.0.202410251130/tools/bin/../lib/gcc/arm-none-eabi/12.3.1/../../../../arm-none-eabi/lib/thumb/v7e-m+fp/hard\libc_nano.a
END GROUP
START GROUP
LOAD C:/ST/STM32CubeIDE_1.17.0/STM32CubeIDE/plugins/com.st.stm32cube.ide.mcu.externaltools.gnu-tools-for-stm32.12.3.rel1.win32_1.1.0.202410251130/tools/bin/../lib/gcc/arm-none-eabi/12.3.1/thumb/v7e-m+fp/hard\libgcc.a
LOAD C:/ST/STM32CubeIDE_1.17.0/STM32CubeIDE/plugins/com.st.stm32cube.ide.mcu.externaltools.gnu-tools-for-stm32.12.3.rel1.win32_1.1.0.202410251130/tools/bin/../lib/gcc/arm-none-eabi/12.3.1/../../../../arm-none-eabi/lib/thumb/v7e-m+fp/hard\libc_nano.a
LOAD C:/ST/STM32CubeIDE_1.17.0/STM32CubeIDE/plugins/com.st.stm32cube.ide.mcu.externaltools.gnu-tools-for-stm32.12.3.rel1.win32_1.1.0.202410251130/tools/bin/../lib/gcc/arm-none-eabi/12.3.1/../../../../arm-none-eabi/lib/thumb/v7e-m+fp/hard\libnosys.a
END GROUP
START GROUP
LOAD C:/ST/STM32CubeIDE_1.17.0/STM32CubeIDE/plugins/com.st.stm32cube.ide.mcu.externaltools.gnu-tools-for-stm32.12.3.rel1.win32_1.1.0.202410251130/tools/bin/../lib/gcc/arm-none-eabi/12.3.1/thumb/v7e-m+fp/hard\libgcc.a
LOAD C:/ST/STM32CubeIDE_1.17.0/STM32CubeIDE/plugins/com.st.stm32cube.ide.mcu.externaltools.gnu-tools-for-stm32.12.3.rel1.win32_1.1.0.202410251130/tools/bin/../lib/gcc/arm-none-eabi/12.3.1/../../../../arm-none-eabi/lib/thumb/v7e-m+fp/hard\libc_nano.a
LOAD C:/ST/STM32CubeIDE_1.17.0/STM32CubeIDE/plugins/com.st.stm32cube.ide.mcu.externaltools.gnu-tools-for-stm32.12.3.rel1.win32_1.1.0.202410251130/tools/bin/../lib/gcc/arm-none-eabi/12.3.1/../../../../arm-none-eabi/lib/thumb/v7e-m+fp/hard\libnosys.a
END GROUP
LOAD C:/ST/STM32CubeIDE_1.17.0/STM32CubeIDE/plugins/com.st.stm32cube.ide.mcu.externaltools.gnu-tools-for-stm32.12.3.rel1.win32_1.1.0.202410251130/tools/bin/../lib/gcc/arm-none-eabi/12.3.1/thumb/v7e-m+fp/hard/crtend.o
LOAD C:/ST/STM32CubeIDE_1.17.0/STM32CubeIDE/plugins/com.st.stm32cube.ide.mcu.externaltools.gnu-tools-for-stm32.12.3.rel1.win32_1.1.0.202410251130/tools/bin/../lib/gcc/arm-none-eabi/12.3.1/thumb/v7e-m+fp/hard/crtn.o
                0x20020000                        _estack = (ORIGIN (RAM) + LENGTH (RAM))
                0x00000200                        _Min_Heap_Size = 0x200
                0x00000400                        _Min_Stack_Size = 0x400

.isr_vector     0x08000000      0x188
                0x08000000                        . = ALIGN (0x4)
 *(.isr_vector)
 .isr_vector    0x08000000      0x188 ./Startup/startup_stm32f407vgtx.o
                0x08000000                g_pfnVectors
                0x08000188                        . = ALIGN (0x4)

.text           0x08000190     0x5ac0
                0x08000190                        . = ALIGN (0x4)
 *(.text)
 .text          0x08000190       0x40 C:/ST/STM32CubeIDE_1.17.0/STM32CubeIDE/plugins/com.st.stm32cube.ide.mcu.externaltools.gnu-tools-for-stm32.12.3.rel1.win32_1.1.0.202410251130/tools/bin/../lib/gcc/arm-none-eabi/12.3.1/thumb/v7e-m+fp/hard/crtbegin.o
 .text          0x080001d0       0x10 C:/ST/STM32CubeIDE_1.17.0/STM32CubeIDE/plugins/com.st.stm32cube.ide.mcu.externaltools.gnu-tools-for-stm32.12.3.rel1.win32_1.1.0.202410251130/tools/bin/../lib/gcc/arm-none-eabi/12.3.1/../../../../arm-none-eabi/lib/thumb/v7e-m+fp/hard\libc_nano.a(libc_a-strlen.o)
                0x080001d0                strlen
 .text          0x080001e0       0xa0 C:/ST/STM32CubeIDE_1.17.0/STM32CubeIDE/plugins/com.st.stm32cube.ide.mcu.externaltools.gnu-tools-for-stm32.12.3.rel1.win32_1.1.0.202410251130/tools/bin/../lib/gcc/arm-none-eabi/12.3.1/../../../../arm-none-eabi/lib/thumb/v7e-m+fp/hard\libc_nano.a(libc_a-memchr.o)
                0x080001e0                memchr
 .text          0x08000280      0x378 C:/ST/STM32CubeIDE_1.17.0/STM32CubeIDE/plugins/com.st.stm32cube.ide.mcu.externaltools.gnu-tools-for-stm32.12.3.rel1.win32_1.1.0.202410251130/tools/bin/../lib/gcc/arm-none-eabi/12.3.1/thumb/v7e-m+fp/hard\libgcc.a(_arm_addsubdf3.o)
                0x08000280                __aeabi_drsub
                0x08000288                __aeabi_dsub
                0x08000288                __subdf3
                0x0800028c                __aeabi_dadd
                0x0800028c                __adddf3
                0x08000504                __floatunsidf
                0x08000504                __aeabi_ui2d
                0x08000524                __floatsidf
                0x08000524                __aeabi_i2d
                0x08000548                __aeabi_f2d
                0x08000548                __extendsfdf2
                0x0800058c                __floatundidf
                0x0800058c                __aeabi_ul2d
                0x0800059c                __floatdidf
                0x0800059c                __aeabi_l2d
 .text          0x080005f8      0x424 C:/ST/STM32CubeIDE_1.17.0/STM32CubeIDE/plugins/com.st.stm32cube.ide.mcu.externaltools.gnu-tools-for-stm32.12.3.rel1.win32_1.1.0.202410251130/tools/bin/../lib/gcc/arm-none-eabi/12.3.1/thumb/v7e-m+fp/hard\libgcc.a(_arm_muldivdf3.o)
                0x080005f8                __aeabi_dmul
                0x080005f8                __muldf3
                0x0800084c                __divdf3
                0x0800084c                __aeabi_ddiv
 .text          0x08000a1c      0x110 C:/ST/STM32CubeIDE_1.17.0/STM32CubeIDE/plugins/com.st.stm32cube.ide.mcu.externaltools.gnu-tools-for-stm32.12.3.rel1.win32_1.1.0.202410251130/tools/bin/../lib/gcc/arm-none-eabi/12.3.1/thumb/v7e-m+fp/hard\libgcc.a(_arm_cmpdf2.o)
                0x08000a1c                __gtdf2
                0x08000a1c                __gedf2
                0x08000a24                __ltdf2
                0x08000a24                __ledf2
                0x08000a2c                __nedf2
                0x08000a2c                __eqdf2
                0x08000a2c                __cmpdf2
                0x08000aa8                __aeabi_cdrcmple
                0x08000ab8                __aeabi_cdcmpeq
                0x08000ab8                __aeabi_cdcmple
                0x08000ac8                __aeabi_dcmpeq
                0x08000adc                __aeabi_dcmplt
                0x08000af0                __aeabi_dcmple
                0x08000b04                __aeabi_dcmpge
                0x08000b18                __aeabi_dcmpgt
 .text          0x08000b2c       0x50 C:/ST/STM32CubeIDE_1.17.0/STM32CubeIDE/plugins/com.st.stm32cube.ide.mcu.externaltools.gnu-tools-for-stm32.12.3.rel1.win32_1.1.0.202410251130/tools/bin/../lib/gcc/arm-none-eabi/12.3.1/thumb/v7e-m+fp/hard\libgcc.a(_arm_fixdfsi.o)
                0x08000b2c                __aeabi_d2iz
                0x08000b2c                __fixdfsi
 .text          0x08000b7c       0x30 C:/ST/STM32CubeIDE_1.17.0/STM32CubeIDE/plugins/com.st.stm32cube.ide.mcu.externaltools.gnu-tools-for-stm32.12.3.rel1.win32_1.1.0.202410251130/tools/bin/../lib/gcc/arm-none-eabi/12.3.1/thumb/v7e-m+fp/hard\libgcc.a(_fixdfdi.o)
                0x08000b7c                __fixdfdi
                0x08000b7c                __aeabi_d2lz
 .text          0x08000bac       0x3c C:/ST/STM32CubeIDE_1.17.0/STM32CubeIDE/plugins/com.st.stm32cube.ide.mcu.externaltools.gnu-tools-for-stm32.12.3.rel1.win32_1.1.0.202410251130/tools/bin/../lib/gcc/arm-none-eabi/12.3.1/thumb/v7e-m+fp/hard\libgcc.a(_fixunsdfdi.o)
                0x08000bac                __fixunsdfdi
                0x08000bac                __aeabi_d2ulz
 .text          0x08000be8       0x40 C:/ST/STM32CubeIDE_1.17.0/STM32CubeIDE/plugins/com.st.stm32cube.ide.mcu.externaltools.gnu-tools-for-stm32.12.3.rel1.win32_1.1.0.202410251130/tools/bin/../lib/gcc/arm-none-eabi/12.3.1/thumb/v7e-m+fp/hard\libgcc.a(_arm_fixunsdfsi.o)
                0x08000be8                __aeabi_d2uiz
                0x08000be8                __fixunsdfsi
 *(.text*)
 .text.Delay_us
                0x08000c28       0x4c ./Drivers/CRC/CRC.o
 .text.CRC_Init
                0x08000c74       0x20 ./Drivers/CRC/CRC.o
                0x08000c74                CRC_Init
 .text.CRC_Reset
                0x08000c94       0x20 ./Drivers/CRC/CRC.o
                0x08000c94                CRC_Reset
 .text.CRC_Compute_8Bit_Block
                0x08000cb4       0x48 ./Drivers/CRC/CRC.o
                0x08000cb4                CRC_Compute_8Bit_Block
 .text.Console_IRQ
                0x08000cfc       0x88 ./Drivers/Console/Console.o
                0x08000cfc                Console_IRQ
 .text.Console_Init
                0x08000d84       0x6c ./Drivers/Console/Console.o
                0x08000d84                Console_Init
 .text.printConsole
                0x08000df0       0x48 ./Drivers/Console/Console.o
                0x08000df0                printConsole
 .text.__NVIC_EnableIRQ
                0x08000e38       0x3c ./Drivers/DMA/DMA.o
 .text.DMA1_Stream0_IRQHandler
                0x08000e74      0x194 ./Drivers/DMA/DMA.o
                0x08000e74                DMA1_Stream0_IRQHandler
 .text.DMA1_Stream1_IRQHandler
                0x08001008      0x194 ./Drivers/DMA/DMA.o
                0x08001008                DMA1_Stream1_IRQHandler
 .text.DMA1_Stream2_IRQHandler
                0x0800119c      0x1a4 ./Drivers/DMA/DMA.o
                0x0800119c                DMA1_Stream2_IRQHandler
 .text.DMA1_Stream3_IRQHandler
                0x08001340      0x194 ./Drivers/DMA/DMA.o
                0x08001340                DMA1_Stream3_IRQHandler
 .text.DMA1_Stream4_IRQHandler
                0x080014d4      0x150 ./Drivers/DMA/DMA.o
                0x080014d4                DMA1_Stream4_IRQHandler
 .text.DMA1_Stream5_IRQHandler
                0x08001624      0x150 ./Drivers/DMA/DMA.o
                0x08001624                DMA1_Stream5_IRQHandler
 .text.DMA1_Stream6_IRQHandler
                0x08001774      0x150 ./Drivers/DMA/DMA.o
                0x08001774                DMA1_Stream6_IRQHandler
 .text.DMA1_Stream7_IRQHandler
                0x080018c4      0x150 ./Drivers/DMA/DMA.o
                0x080018c4                DMA1_Stream7_IRQHandler
 .text.DMA2_Stream0_IRQHandler
                0x08001a14      0x194 ./Drivers/DMA/DMA.o
                0x08001a14                DMA2_Stream0_IRQHandler
 .text.DMA2_Stream1_IRQHandler
                0x08001ba8      0x150 ./Drivers/DMA/DMA.o
                0x08001ba8                DMA2_Stream1_IRQHandler
 .text.DMA2_Stream2_IRQHandler
                0x08001cf8      0x150 ./Drivers/DMA/DMA.o
                0x08001cf8                DMA2_Stream2_IRQHandler
 .text.DMA2_Stream3_IRQHandler
                0x08001e48      0x194 ./Drivers/DMA/DMA.o
                0x08001e48                DMA2_Stream3_IRQHandler
 .text.DMA2_Stream4_IRQHandler
                0x08001fdc      0x150 ./Drivers/DMA/DMA.o
                0x08001fdc                DMA2_Stream4_IRQHandler
 .text.DMA2_Stream5_IRQHandler
                0x0800212c      0x150 ./Drivers/DMA/DMA.o
                0x0800212c                DMA2_Stream5_IRQHandler
 .text.DMA2_Stream6_IRQHandler
                0x0800227c      0x150 ./Drivers/DMA/DMA.o
                0x0800227c                DMA2_Stream6_IRQHandler
 .text.DMA2_Stream7_IRQHandler
                0x080023cc      0x150 ./Drivers/DMA/DMA.o
                0x080023cc                DMA2_Stream7_IRQHandler
 .text.DMA_Clock_Enable
                0x0800251c       0x4c ./Drivers/DMA/DMA.o
                0x0800251c                DMA_Clock_Enable
 .text.DMA_Init
                0x08002568      0x3e4 ./Drivers/DMA/DMA.o
                0x08002568                DMA_Init
 .text.DMA_Set_Target
                0x0800294c       0xbe ./Drivers/DMA/DMA.o
                0x0800294c                DMA_Set_Target
 *fill*         0x08002a0a        0x2 
 .text.DMA_Set_Trigger
                0x08002a0c      0x168 ./Drivers/DMA/DMA.o
                0x08002a0c                DMA_Set_Trigger
 .text.EXTI0_IRQHandler
                0x08002b74       0x2c ./Drivers/GPIO/GPIO.o
                0x08002b74                EXTI0_IRQHandler
 .text.EXTI1_IRQHandler
                0x08002ba0       0x2c ./Drivers/GPIO/GPIO.o
                0x08002ba0                EXTI1_IRQHandler
 .text.EXTI2_IRQHandler
                0x08002bcc       0x2c ./Drivers/GPIO/GPIO.o
                0x08002bcc                EXTI2_IRQHandler
 .text.EXTI3_IRQHandler
                0x08002bf8       0x2c ./Drivers/GPIO/GPIO.o
                0x08002bf8                EXTI3_IRQHandler
 .text.EXTI4_IRQHandler
                0x08002c24       0x2c ./Drivers/GPIO/GPIO.o
                0x08002c24                EXTI4_IRQHandler
 .text.EXTI9_5_IRQHandler
                0x08002c50       0x68 ./Drivers/GPIO/GPIO.o
                0x08002c50                EXTI9_5_IRQHandler
 .text.EXTI15_10_IRQHandler
                0x08002cb8       0x68 ./Drivers/GPIO/GPIO.o
                0x08002cb8                EXTI15_10_IRQHandler
 .text.GPIO_Clock_Enable
                0x08002d20       0xec ./Drivers/GPIO/GPIO.o
                0x08002d20                GPIO_Clock_Enable
 .text.GPIO_Pin_Init
                0x08002e0c      0x14e ./Drivers/GPIO/GPIO.o
                0x08002e0c                GPIO_Pin_Init
 *fill*         0x08002f5a        0x2 
 .text.__NVIC_EnableIRQ
                0x08002f5c       0x3c ./Drivers/USART/USART.o
 .text.__NVIC_SetPriority
                0x08002f98       0x54 ./Drivers/USART/USART.o
 .text.SystemAPB1_Clock_Speed
                0x08002fec       0x30 ./Drivers/USART/USART.o
 .text.SystemAPB2_Clock_Speed
                0x0800301c       0x30 ./Drivers/USART/USART.o
 .text.separateFractionAndIntegral
                0x0800304c       0x4c ./Drivers/USART/USART.o
 .text.USART1_TX_ISR
                0x08003098       0x18 ./Drivers/USART/USART.o
                0x08003098                USART1_TX_ISR
 .text.USART1_RX_ISR
                0x080030b0       0x18 ./Drivers/USART/USART.o
                0x080030b0                USART1_RX_ISR
 .text.USART2_TX_ISR
                0x080030c8       0x18 ./Drivers/USART/USART.o
                0x080030c8                USART2_TX_ISR
 .text.USART2_RX_ISR
                0x080030e0       0x18 ./Drivers/USART/USART.o
                0x080030e0                USART2_RX_ISR
 .text.USART3_TX_ISR
                0x080030f8       0x18 ./Drivers/USART/USART.o
                0x080030f8                USART3_TX_ISR
 .text.USART3_RX_ISR
                0x08003110       0x18 ./Drivers/USART/USART.o
                0x08003110                USART3_RX_ISR
 .text.USART4_TX_ISR
                0x08003128       0x18 ./Drivers/USART/USART.o
                0x08003128                USART4_TX_ISR
 .text.USART4_RX_ISR
                0x08003140       0x18 ./Drivers/USART/USART.o
                0x08003140                USART4_RX_ISR
 .text.USART5_TX_ISR
                0x08003158       0x18 ./Drivers/USART/USART.o
                0x08003158                USART5_TX_ISR
 .text.USART5_RX_ISR
                0x08003170       0x18 ./Drivers/USART/USART.o
                0x08003170                USART5_RX_ISR
 .text.USART6_TX_ISR
                0x08003188       0x18 ./Drivers/USART/USART.o
                0x08003188                USART6_TX_ISR
 .text.USART6_RX_ISR
                0x080031a0       0x18 ./Drivers/USART/USART.o
                0x080031a0                USART6_RX_ISR
 .text.UART4_IRQHandler
                0x080031b8      0x170 ./Drivers/USART/USART.o
                0x080031b8                UART4_IRQHandler
 .text.USART1_IRQHandler
                0x08003328      0x170 ./Drivers/USART/USART.o
                0x08003328                USART1_IRQHandler
 .text.USART_Get_Instance_Number
                0x08003498       0x84 ./Drivers/USART/USART.o
                0x08003498                USART_Get_Instance_Number
 .text.USART_Config_Reset
                0x0800351c       0x3c ./Drivers/USART/USART.o
                0x0800351c                USART_Config_Reset
 .text.USART_Clock_Enable
                0x08003558       0xc8 ./Drivers/USART/USART.o
                0x08003558                USART_Clock_Enable
 .text.PIN_Setup
                0x08003620      0xb78 ./Drivers/USART/USART.o
 .text.USART_Init
                0x08004198      0x8c4 ./Drivers/USART/USART.o
                0x08004198                USART_Init
 .text.USART_TX_Buffer
                0x08004a5c      0x220 ./Drivers/USART/USART.o
                0x08004a5c                USART_TX_Buffer
 .text.__NVIC_SetPriority
                0x08004c7c       0x54 ./Src/main.o
 .text.SysTick_Config
                0x08004cd0       0x44 ./Src/main.o
 .text.MCU_Clock_Setup
                0x08004d14      0x124 ./Src/main.o
 .text.Delay_Config
                0x08004e38       0x30 ./Src/main.o
 .text.Delay_ms
                0x08004e68       0x5c ./Src/main.o
 .text.Delay_milli
                0x08004ec4       0x46 ./Src/main.o
 *fill*         0x08004f0a        0x2 
 .text.main     0x08004f0c       0xf0 ./Src/main.o
                0x08004f0c                main
 .text._sbrk    0x08004ffc       0x6c ./Src/sysmem.o
                0x08004ffc                _sbrk
 .text.SystemInit
                0x08005068       0x24 ./Src/system_stm32f4xx.o
                0x08005068                SystemInit
 .text.SystemCoreClockUpdate
                0x0800508c      0x100 ./Src/system_stm32f4xx.o
                0x0800508c                SystemCoreClockUpdate
 .text.Reset_Handler
                0x0800518c       0x50 ./Startup/startup_stm32f407vgtx.o
                0x0800518c                Reset_Handler
 .text.Default_Handler
                0x080051dc        0x2 ./Startup/startup_stm32f407vgtx.o
                0x080051dc                RTC_Alarm_IRQHandler
                0x080051dc                HASH_RNG_IRQHandler
                0x080051dc                TIM8_CC_IRQHandler
                0x080051dc                DebugMon_Handler
                0x080051dc                TIM1_CC_IRQHandler
                0x080051dc                HardFault_Handler
                0x080051dc                SysTick_Handler
                0x080051dc                PVD_IRQHandler
                0x080051dc                SDIO_IRQHandler
                0x080051dc                TAMP_STAMP_IRQHandler
                0x080051dc                PendSV_Handler
                0x080051dc                NMI_Handler
                0x080051dc                CAN2_RX1_IRQHandler
                0x080051dc                TIM8_TRG_COM_TIM14_IRQHandler
                0x080051dc                TIM1_UP_TIM10_IRQHandler
                0x080051dc                TIM8_UP_TIM13_IRQHandler
                0x080051dc                I2C3_ER_IRQHandler
                0x080051dc                I2C2_EV_IRQHandler
                0x080051dc                CAN1_RX0_IRQHandler
                0x080051dc                FPU_IRQHandler
                0x080051dc                OTG_HS_WKUP_IRQHandler
                0x080051dc                UsageFault_Handler
                0x080051dc                CAN2_SCE_IRQHandler
                0x080051dc                SPI1_IRQHandler
                0x080051dc                TIM6_DAC_IRQHandler
                0x080051dc                TIM1_BRK_TIM9_IRQHandler
                0x080051dc                DCMI_IRQHandler
                0x080051dc                CAN2_RX0_IRQHandler
                0x080051dc                USART6_IRQHandler
                0x080051dc                USART3_IRQHandler
                0x080051dc                CRYP_IRQHandler
                0x080051dc                CAN1_RX1_IRQHandler
                0x080051dc                UART5_IRQHandler
                0x080051dc                TIM4_IRQHandler
                0x080051dc                I2C1_EV_IRQHandler
                0x080051dc                TIM3_IRQHandler
                0x080051dc                RCC_IRQHandler
                0x080051dc                TIM8_BRK_TIM12_IRQHandler
                0x080051dc                Default_Handler
                0x080051dc                ADC_IRQHandler
                0x080051dc                TIM7_IRQHandler
                0x080051dc                CAN2_TX_IRQHandler
                0x080051dc                TIM5_IRQHandler
                0x080051dc                I2C3_EV_IRQHandler
                0x080051dc                RTC_WKUP_IRQHandler
                0x080051dc                ETH_WKUP_IRQHandler
                0x080051dc                SPI2_IRQHandler
                0x080051dc                OTG_HS_EP1_IN_IRQHandler
                0x080051dc                MemManage_Handler
                0x080051dc                CAN1_TX_IRQHandler
                0x080051dc                SVC_Handler
                0x080051dc                FSMC_IRQHandler
                0x080051dc                ETH_IRQHandler
                0x080051dc                OTG_HS_EP1_OUT_IRQHandler
                0x080051dc                WWDG_IRQHandler
                0x080051dc                TIM2_IRQHandler
                0x080051dc                OTG_FS_WKUP_IRQHandler
                0x080051dc                TIM1_TRG_COM_TIM11_IRQHandler
                0x080051dc                OTG_HS_IRQHandler
                0x080051dc                USART2_IRQHandler
                0x080051dc                I2C2_ER_IRQHandler
                0x080051dc                CAN1_SCE_IRQHandler
                0x080051dc                BusFault_Handler
                0x080051dc                OTG_FS_IRQHandler
                0x080051dc                SPI3_IRQHandler
                0x080051dc                I2C1_ER_IRQHandler
 .text._vsnprintf_r
                0x080051de       0x56 C:/ST/STM32CubeIDE_1.17.0/STM32CubeIDE/plugins/com.st.stm32cube.ide.mcu.externaltools.gnu-tools-for-stm32.12.3.rel1.win32_1.1.0.202410251130/tools/bin/../lib/gcc/arm-none-eabi/12.3.1/../../../../arm-none-eabi/lib/thumb/v7e-m+fp/hard\libc_nano.a(libc_a-vsnprintf.o)
                0x080051de                _vsniprintf_r
                0x080051de                _vsnprintf_r
 .text.vsnprintf
                0x08005234       0x1c C:/ST/STM32CubeIDE_1.17.0/STM32CubeIDE/plugins/com.st.stm32cube.ide.mcu.externaltools.gnu-tools-for-stm32.12.3.rel1.win32_1.1.0.202410251130/tools/bin/../lib/gcc/arm-none-eabi/12.3.1/../../../../arm-none-eabi/lib/thumb/v7e-m+fp/hard\libc_nano.a(libc_a-vsnprintf.o)
                0x08005234                vsniprintf
                0x08005234                vsnprintf
 .text.__errno  0x08005250        0xc C:/ST/STM32CubeIDE_1.17.0/STM32CubeIDE/plugins/com.st.stm32cube.ide.mcu.externaltools.gnu-tools-for-stm32.12.3.rel1.win32_1.1.0.202410251130/tools/bin/../lib/gcc/arm-none-eabi/12.3.1/../../../../arm-none-eabi/lib/thumb/v7e-m+fp/hard\libc_nano.a(libc_a-errno.o)
                0x08005250                __errno
 .text.__libc_init_array
                0x0800525c       0x48 C:/ST/STM32CubeIDE_1.17.0/STM32CubeIDE/plugins/com.st.stm32cube.ide.mcu.externaltools.gnu-tools-for-stm32.12.3.rel1.win32_1.1.0.202410251130/tools/bin/../lib/gcc/arm-none-eabi/12.3.1/../../../../arm-none-eabi/lib/thumb/v7e-m+fp/hard\libc_nano.a(libc_a-init.o)
                0x0800525c                __libc_init_array
 .text.__retarget_lock_acquire_recursive
                0x080052a4        0x2 C:/ST/STM32CubeIDE_1.17.0/STM32CubeIDE/plugins/com.st.stm32cube.ide.mcu.externaltools.gnu-tools-for-stm32.12.3.rel1.win32_1.1.0.202410251130/tools/bin/../lib/gcc/arm-none-eabi/12.3.1/../../../../arm-none-eabi/lib/thumb/v7e-m+fp/hard\libc_nano.a(libc_a-lock.o)
                0x080052a4                __retarget_lock_acquire_recursive
 .text.__retarget_lock_release_recursive
                0x080052a6        0x2 C:/ST/STM32CubeIDE_1.17.0/STM32CubeIDE/plugins/com.st.stm32cube.ide.mcu.externaltools.gnu-tools-for-stm32.12.3.rel1.win32_1.1.0.202410251130/tools/bin/../lib/gcc/arm-none-eabi/12.3.1/../../../../arm-none-eabi/lib/thumb/v7e-m+fp/hard\libc_nano.a(libc_a-lock.o)
                0x080052a6                __retarget_lock_release_recursive
 .text.memcpy   0x080052a8       0x1c C:/ST/STM32CubeIDE_1.17.0/STM32CubeIDE/plugins/com.st.stm32cube.ide.mcu.externaltools.gnu-tools-for-stm32.12.3.rel1.win32_1.1.0.202410251130/tools/bin/../lib/gcc/arm-none-eabi/12.3.1/../../../../arm-none-eabi/lib/thumb/v7e-m+fp/hard\libc_nano.a(libc_a-memcpy-stub.o)
                0x080052a8                memcpy
 .text._free_r  0x080052c4       0x94 C:/ST/STM32CubeIDE_1.17.0/STM32CubeIDE/plugins/com.st.stm32cube.ide.mcu.externaltools.gnu-tools-for-stm32.12.3.rel1.win32_1.1.0.202410251130/tools/bin/../lib/gcc/arm-none-eabi/12.3.1/../../../../arm-none-eabi/lib/thumb/v7e-m+fp/hard\libc_nano.a(libc_a-freer.o)
                0x080052c4                _free_r
 .text.sbrk_aligned
                0x08005358       0x44 C:/ST/STM32CubeIDE_1.17.0/STM32CubeIDE/plugins/com.st.stm32cube.ide.mcu.externaltools.gnu-tools-for-stm32.12.3.rel1.win32_1.1.0.202410251130/tools/bin/../lib/gcc/arm-none-eabi/12.3.1/../../../../arm-none-eabi/lib/thumb/v7e-m+fp/hard\libc_nano.a(libc_a-mallocr.o)
 .text._malloc_r
                0x0800539c      0x100 C:/ST/STM32CubeIDE_1.17.0/STM32CubeIDE/plugins/com.st.stm32cube.ide.mcu.externaltools.gnu-tools-for-stm32.12.3.rel1.win32_1.1.0.202410251130/tools/bin/../lib/gcc/arm-none-eabi/12.3.1/../../../../arm-none-eabi/lib/thumb/v7e-m+fp/hard\libc_nano.a(libc_a-mallocr.o)
                0x0800539c                _malloc_r
 .text.__malloc_lock
                0x0800549c        0xc C:/ST/STM32CubeIDE_1.17.0/STM32CubeIDE/plugins/com.st.stm32cube.ide.mcu.externaltools.gnu-tools-for-stm32.12.3.rel1.win32_1.1.0.202410251130/tools/bin/../lib/gcc/arm-none-eabi/12.3.1/../../../../arm-none-eabi/lib/thumb/v7e-m+fp/hard\libc_nano.a(libc_a-mlock.o)
                0x0800549c                __malloc_lock
 .text.__malloc_unlock
                0x080054a8        0xc C:/ST/STM32CubeIDE_1.17.0/STM32CubeIDE/plugins/com.st.stm32cube.ide.mcu.externaltools.gnu-tools-for-stm32.12.3.rel1.win32_1.1.0.202410251130/tools/bin/../lib/gcc/arm-none-eabi/12.3.1/../../../../arm-none-eabi/lib/thumb/v7e-m+fp/hard\libc_nano.a(libc_a-mlock.o)
                0x080054a8                __malloc_unlock
 .text.__ssputs_r
                0x080054b4       0xb6 C:/ST/STM32CubeIDE_1.17.0/STM32CubeIDE/plugins/com.st.stm32cube.ide.mcu.externaltools.gnu-tools-for-stm32.12.3.rel1.win32_1.1.0.202410251130/tools/bin/../lib/gcc/arm-none-eabi/12.3.1/../../../../arm-none-eabi/lib/thumb/v7e-m+fp/hard\libc_nano.a(libc_a-nano-svfprintf.o)
                0x080054b4                __ssputs_r
 *fill*         0x0800556a        0x2 
 .text._svfprintf_r
                0x0800556c      0x1f8 C:/ST/STM32CubeIDE_1.17.0/STM32CubeIDE/plugins/com.st.stm32cube.ide.mcu.externaltools.gnu-tools-for-stm32.12.3.rel1.win32_1.1.0.202410251130/tools/bin/../lib/gcc/arm-none-eabi/12.3.1/../../../../arm-none-eabi/lib/thumb/v7e-m+fp/hard\libc_nano.a(libc_a-nano-svfprintf.o)
                0x0800556c                _svfiprintf_r
                0x0800556c                _svfprintf_r
 .text._printf_common
                0x08005764       0xda C:/ST/STM32CubeIDE_1.17.0/STM32CubeIDE/plugins/com.st.stm32cube.ide.mcu.externaltools.gnu-tools-for-stm32.12.3.rel1.win32_1.1.0.202410251130/tools/bin/../lib/gcc/arm-none-eabi/12.3.1/../../../../arm-none-eabi/lib/thumb/v7e-m+fp/hard\libc_nano.a(libc_a-nano-vfprintf_i.o)
                0x08005764                _printf_common
 *fill*         0x0800583e        0x2 
 .text._printf_i
                0x08005840      0x240 C:/ST/STM32CubeIDE_1.17.0/STM32CubeIDE/plugins/com.st.stm32cube.ide.mcu.externaltools.gnu-tools-for-stm32.12.3.rel1.win32_1.1.0.202410251130/tools/bin/../lib/gcc/arm-none-eabi/12.3.1/../../../../arm-none-eabi/lib/thumb/v7e-m+fp/hard\libc_nano.a(libc_a-nano-vfprintf_i.o)
                0x08005840                _printf_i
 .text.memmove  0x08005a80       0x34 C:/ST/STM32CubeIDE_1.17.0/STM32CubeIDE/plugins/com.st.stm32cube.ide.mcu.externaltools.gnu-tools-for-stm32.12.3.rel1.win32_1.1.0.202410251130/tools/bin/../lib/gcc/arm-none-eabi/12.3.1/../../../../arm-none-eabi/lib/thumb/v7e-m+fp/hard\libc_nano.a(libc_a-memmove.o)
                0x08005a80                memmove
 .text._sbrk_r  0x08005ab4       0x20 C:/ST/STM32CubeIDE_1.17.0/STM32CubeIDE/plugins/com.st.stm32cube.ide.mcu.externaltools.gnu-tools-for-stm32.12.3.rel1.win32_1.1.0.202410251130/tools/bin/../lib/gcc/arm-none-eabi/12.3.1/../../../../arm-none-eabi/lib/thumb/v7e-m+fp/hard\libc_nano.a(libc_a-sbrkr.o)
                0x08005ab4                _sbrk_r
 .text._realloc_r
                0x08005ad4       0x5c C:/ST/STM32CubeIDE_1.17.0/STM32CubeIDE/plugins/com.st.stm32cube.ide.mcu.externaltools.gnu-tools-for-stm32.12.3.rel1.win32_1.1.0.202410251130/tools/bin/../lib/gcc/arm-none-eabi/12.3.1/../../../../arm-none-eabi/lib/thumb/v7e-m+fp/hard\libc_nano.a(libc_a-reallocr.o)
                0x08005ad4                _realloc_r
 .text._malloc_usable_size_r
                0x08005b30       0x10 C:/ST/STM32CubeIDE_1.17.0/STM32CubeIDE/plugins/com.st.stm32cube.ide.mcu.externaltools.gnu-tools-for-stm32.12.3.rel1.win32_1.1.0.202410251130/tools/bin/../lib/gcc/arm-none-eabi/12.3.1/../../../../arm-none-eabi/lib/thumb/v7e-m+fp/hard\libc_nano.a(libc_a-msizer.o)
                0x08005b30                _malloc_usable_size_r
 .text.ceil     0x08005b40       0xf8 C:/ST/STM32CubeIDE_1.17.0/STM32CubeIDE/plugins/com.st.stm32cube.ide.mcu.externaltools.gnu-tools-for-stm32.12.3.rel1.win32_1.1.0.202410251130/tools/bin/../lib/gcc/arm-none-eabi/12.3.1/../../../../arm-none-eabi/lib/thumb/v7e-m+fp/hard\libm.a(libm_a-s_ceil.o)
                0x08005b40                ceil
 *(.glue_7)
 .glue_7        0x08005c38        0x0 linker stubs
 *(.glue_7t)
 .glue_7t       0x08005c38        0x0 linker stubs
 *(.eh_frame)
 .eh_frame      0x08005c38        0x0 C:/ST/STM32CubeIDE_1.17.0/STM32CubeIDE/plugins/com.st.stm32cube.ide.mcu.externaltools.gnu-tools-for-stm32.12.3.rel1.win32_1.1.0.202410251130/tools/bin/../lib/gcc/arm-none-eabi/12.3.1/thumb/v7e-m+fp/hard/crtbegin.o
 *(.init)
 .init          0x08005c38        0x4 C:/ST/STM32CubeIDE_1.17.0/STM32CubeIDE/plugins/com.st.stm32cube.ide.mcu.externaltools.gnu-tools-for-stm32.12.3.rel1.win32_1.1.0.202410251130/tools/bin/../lib/gcc/arm-none-eabi/12.3.1/thumb/v7e-m+fp/hard/crti.o
                0x08005c38                _init
 .init          0x08005c3c        0x8 C:/ST/STM32CubeIDE_1.17.0/STM32CubeIDE/plugins/com.st.stm32cube.ide.mcu.externaltools.gnu-tools-for-stm32.12.3.rel1.win32_1.1.0.202410251130/tools/bin/../lib/gcc/arm-none-eabi/12.3.1/thumb/v7e-m+fp/hard/crtn.o
 *(.fini)
 .fini          0x08005c44        0x4 C:/ST/STM32CubeIDE_1.17.0/STM32CubeIDE/plugins/com.st.stm32cube.ide.mcu.externaltools.gnu-tools-for-stm32.12.3.rel1.win32_1.1.0.202410251130/tools/bin/../lib/gcc/arm-none-eabi/12.3.1/thumb/v7e-m+fp/hard/crti.o
                0x08005c44                _fini
 .fini          0x08005c48        0x8 C:/ST/STM32CubeIDE_1.17.0/STM32CubeIDE/plugins/com.st.stm32cube.ide.mcu.externaltools.gnu-tools-for-stm32.12.3.rel1.win32_1.1.0.202410251130/tools/bin/../lib/gcc/arm-none-eabi/12.3.1/thumb/v7e-m+fp/hard/crtn.o
                0x08005c50                        . = ALIGN (0x4)
                0x08005c50                        _etext = .

.vfp11_veneer   0x08005c50        0x0
 .vfp11_veneer  0x08005c50        0x0 linker stubs

.v4_bx          0x08005c50        0x0
 .v4_bx         0x08005c50        0x0 linker stubs

.iplt           0x08005c50        0x0
 .iplt          0x08005c50        0x0 C:/ST/STM32CubeIDE_1.17.0/STM32CubeIDE/plugins/com.st.stm32cube.ide.mcu.externaltools.gnu-tools-for-stm32.12.3.rel1.win32_1.1.0.202410251130/tools/bin/../lib/gcc/arm-none-eabi/12.3.1/thumb/v7e-m+fp/hard/crtbegin.o

.rodata         0x08005c50      0x498
                0x08005c50                        . = ALIGN (0x4)
 *(.rodata)
 .rodata        0x08005c50       0x3e ./Src/main.o
 *(.rodata*)
 *fill*         0x08005c8e        0x2 
 .rodata.LIFCR_Shifts.1
                0x08005c90        0x4 ./Drivers/DMA/DMA.o
 .rodata.HIFCR_Shifts.0
                0x08005c94        0x4 ./Drivers/DMA/DMA.o
 .rodata.DMA_Configuration
                0x08005c98      0x404 ./Drivers/USART/USART.o
 .rodata.AHBPrescTable
                0x0800609c       0x10 ./Src/system_stm32f4xx.o
                0x0800609c                AHBPrescTable
 .rodata.APBPrescTable
                0x080060ac        0x8 ./Src/system_stm32f4xx.o
                0x080060ac                APBPrescTable
 .rodata._svfprintf_r.str1.1
                0x080060b4       0x11 C:/ST/STM32CubeIDE_1.17.0/STM32CubeIDE/plugins/com.st.stm32cube.ide.mcu.externaltools.gnu-tools-for-stm32.12.3.rel1.win32_1.1.0.202410251130/tools/bin/../lib/gcc/arm-none-eabi/12.3.1/../../../../arm-none-eabi/lib/thumb/v7e-m+fp/hard\libc_nano.a(libc_a-nano-svfprintf.o)
 .rodata._printf_i.str1.1
                0x080060c5       0x22 C:/ST/STM32CubeIDE_1.17.0/STM32CubeIDE/plugins/com.st.stm32cube.ide.mcu.externaltools.gnu-tools-for-stm32.12.3.rel1.win32_1.1.0.202410251130/tools/bin/../lib/gcc/arm-none-eabi/12.3.1/../../../../arm-none-eabi/lib/thumb/v7e-m+fp/hard\libc_nano.a(libc_a-nano-vfprintf_i.o)
                0x080060e8                        . = ALIGN (0x4)
 *fill*         0x080060e7        0x1 

.ARM.extab      0x080060e8        0x0
                0x080060e8                        . = ALIGN (0x4)
 *(.ARM.extab* .gnu.linkonce.armextab.*)
                0x080060e8                        . = ALIGN (0x4)

.ARM            0x080060e8        0x8
                0x080060e8                        . = ALIGN (0x4)
                0x080060e8                        __exidx_start = .
 *(.ARM.exidx*)
 .ARM.exidx     0x080060e8        0x8 C:/ST/STM32CubeIDE_1.17.0/STM32CubeIDE/plugins/com.st.stm32cube.ide.mcu.externaltools.gnu-tools-for-stm32.12.3.rel1.win32_1.1.0.202410251130/tools/bin/../lib/gcc/arm-none-eabi/12.3.1/../../../../arm-none-eabi/lib/thumb/v7e-m+fp/hard\libc_nano.a(libc_a-strlen.o)
 .ARM.exidx     0x080060f0        0x0 C:/ST/STM32CubeIDE_1.17.0/STM32CubeIDE/plugins/com.st.stm32cube.ide.mcu.externaltools.gnu-tools-for-stm32.12.3.rel1.win32_1.1.0.202410251130/tools/bin/../lib/gcc/arm-none-eabi/12.3.1/../../../../arm-none-eabi/lib/thumb/v7e-m+fp/hard\libc_nano.a(libc_a-memchr.o)
                                  0x8 (size before relaxing)
                0x080060f0                        __exidx_end = .
                0x080060f0                        . = ALIGN (0x4)

.preinit_array  0x080060f0        0x0
                0x080060f0                        . = ALIGN (0x4)
                0x080060f0                        PROVIDE (__preinit_array_start = .)
 *(.preinit_array*)
                0x080060f0                        PROVIDE (__preinit_array_end = .)
                0x080060f0                        . = ALIGN (0x4)

.init_array     0x080060f0        0x4
                0x080060f0                        . = ALIGN (0x4)
                0x080060f0                        PROVIDE (__init_array_start = .)
 *(SORT_BY_NAME(.init_array.*))
 *(.init_array*)
 .init_array    0x080060f0        0x4 C:/ST/STM32CubeIDE_1.17.0/STM32CubeIDE/plugins/com.st.stm32cube.ide.mcu.externaltools.gnu-tools-for-stm32.12.3.rel1.win32_1.1.0.202410251130/tools/bin/../lib/gcc/arm-none-eabi/12.3.1/thumb/v7e-m+fp/hard/crtbegin.o
                0x080060f4                        PROVIDE (__init_array_end = .)
                0x080060f4                        . = ALIGN (0x4)

.fini_array     0x080060f4        0x4
                0x080060f4                        . = ALIGN (0x4)
                [!provide]                        PROVIDE (__fini_array_start = .)
 *(SORT_BY_NAME(.fini_array.*))
 *(.fini_array*)
 .fini_array    0x080060f4        0x4 C:/ST/STM32CubeIDE_1.17.0/STM32CubeIDE/plugins/com.st.stm32cube.ide.mcu.externaltools.gnu-tools-for-stm32.12.3.rel1.win32_1.1.0.202410251130/tools/bin/../lib/gcc/arm-none-eabi/12.3.1/thumb/v7e-m+fp/hard/crtbegin.o
                [!provide]                        PROVIDE (__fini_array_end = .)
                0x080060f8                        . = ALIGN (0x4)
                0x080060f8                        _sidata = LOADADDR (.data)

.rel.dyn        0x080060f8        0x0
 .rel.iplt      0x080060f8        0x0 C:/ST/STM32CubeIDE_1.17.0/STM32CubeIDE/plugins/com.st.stm32cube.ide.mcu.externaltools.gnu-tools-for-stm32.12.3.rel1.win32_1.1.0.202410251130/tools/bin/../lib/gcc/arm-none-eabi/12.3.1/thumb/v7e-m+fp/hard/crtbegin.o

.data           0x20000000       0x54 load address 0x080060f8
                0x20000000                        . = ALIGN (0x4)
                0x20000000                        _sdata = .
 *(.data)
 *(.data*)
 .data.SystemCoreClock
                0x20000000        0x4 ./Src/system_stm32f4xx.o
                0x20000000                SystemCoreClock
 .data._impure_ptr
                0x20000004        0x4 C:/ST/STM32CubeIDE_1.17.0/STM32CubeIDE/plugins/com.st.stm32cube.ide.mcu.externaltools.gnu-tools-for-stm32.12.3.rel1.win32_1.1.0.202410251130/tools/bin/../lib/gcc/arm-none-eabi/12.3.1/../../../../arm-none-eabi/lib/thumb/v7e-m+fp/hard\libc_nano.a(libc_a-impure.o)
                0x20000004                _impure_ptr
 .data._impure_data
                0x20000008       0x4c C:/ST/STM32CubeIDE_1.17.0/STM32CubeIDE/plugins/com.st.stm32cube.ide.mcu.externaltools.gnu-tools-for-stm32.12.3.rel1.win32_1.1.0.202410251130/tools/bin/../lib/gcc/arm-none-eabi/12.3.1/../../../../arm-none-eabi/lib/thumb/v7e-m+fp/hard\libc_nano.a(libc_a-impure.o)
                0x20000008                _impure_data
 *(.RamFunc)
 *(.RamFunc*)
                0x20000054                        . = ALIGN (0x4)
                0x20000054                        _edata = .
                0x0800614c                        _siccmram = LOADADDR (.ccmram)

.igot.plt       0x20000054        0x0 load address 0x0800614c
 .igot.plt      0x20000054        0x0 C:/ST/STM32CubeIDE_1.17.0/STM32CubeIDE/plugins/com.st.stm32cube.ide.mcu.externaltools.gnu-tools-for-stm32.12.3.rel1.win32_1.1.0.202410251130/tools/bin/../lib/gcc/arm-none-eabi/12.3.1/thumb/v7e-m+fp/hard/crtbegin.o

.ccmram         0x10000000        0x0 load address 0x0800614c
                0x10000000                        . = ALIGN (0x4)
                0x10000000                        _sccmram = .
 *(.ccmram)
 *(.ccmram*)
                0x10000000                        . = ALIGN (0x4)
                0x10000000                        _eccmram = .
                0x10000000                        . = ALIGN (0x4)

.bss            0x20000054      0x7f0
                0x20000054                        _sbss = .
                0x20000054                        __bss_start__ = _sbss
 *(.bss)
 .bss           0x20000054       0x1c C:/ST/STM32CubeIDE_1.17.0/STM32CubeIDE/plugins/com.st.stm32cube.ide.mcu.externaltools.gnu-tools-for-stm32.12.3.rel1.win32_1.1.0.202410251130/tools/bin/../lib/gcc/arm-none-eabi/12.3.1/thumb/v7e-m+fp/hard/crtbegin.o
 *(.bss*)
 .bss.rx_get_flag
                0x20000070        0x4 ./Drivers/Console/Console.o
                0x20000070                rx_get_flag
 .bss.rx_flag   0x20000074        0x4 ./Drivers/Console/Console.o
                0x20000074                rx_flag
 .bss.RX_Length
                0x20000078        0x4 ./Drivers/Console/Console.o
                0x20000078                RX_Length
 .bss.TRX_Buffer
                0x2000007c       0xc8 ./Drivers/Console/Console.o
                0x2000007c                TRX_Buffer
 .bss.serial    0x20000144       0xe4 ./Drivers/Console/Console.o
                0x20000144                serial
 .bss.__DMA1_Stream0_Config__
                0x20000228        0x4 ./Drivers/DMA/DMA.o
                0x20000228                __DMA1_Stream0_Config__
 .bss.__DMA1_Stream1_Config__
                0x2000022c        0x4 ./Drivers/DMA/DMA.o
                0x2000022c                __DMA1_Stream1_Config__
 .bss.__DMA1_Stream2_Config__
                0x20000230        0x4 ./Drivers/DMA/DMA.o
                0x20000230                __DMA1_Stream2_Config__
 .bss.__DMA1_Stream3_Config__
                0x20000234        0x4 ./Drivers/DMA/DMA.o
                0x20000234                __DMA1_Stream3_Config__
 .bss.__DMA1_Stream4_Config__
                0x20000238        0x4 ./Drivers/DMA/DMA.o
                0x20000238                __DMA1_Stream4_Config__
 .bss.__DMA1_Stream5_Config__
                0x2000023c        0x4 ./Drivers/DMA/DMA.o
                0x2000023c                __DMA1_Stream5_Config__
 .bss.__DMA1_Stream6_Config__
                0x20000240        0x4 ./Drivers/DMA/DMA.o
                0x20000240                __DMA1_Stream6_Config__
 .bss.__DMA1_Stream7_Config__
                0x20000244        0x4 ./Drivers/DMA/DMA.o
                0x20000244                __DMA1_Stream7_Config__
 .bss.__DMA2_Stream0_Config__
                0x20000248        0x4 ./Drivers/DMA/DMA.o
                0x20000248                __DMA2_Stream0_Config__
 .bss.__DMA2_Stream1_Config__
                0x2000024c        0x4 ./Drivers/DMA/DMA.o
                0x2000024c                __DMA2_Stream1_Config__
 .bss.__DMA2_Stream2_Config__
                0x20000250        0x4 ./Drivers/DMA/DMA.o
                0x20000250                __DMA2_Stream2_Config__
 .bss.__DMA2_Stream3_Config__
                0x20000254        0x4 ./Drivers/DMA/DMA.o
                0x20000254                __DMA2_Stream3_Config__
 .bss.__DMA2_Stream4_Config__
                0x20000258        0x4 ./Drivers/DMA/DMA.o
                0x20000258                __DMA2_Stream4_Config__
 .bss.__DMA2_Stream5_Config__
                0x2000025c        0x4 ./Drivers/DMA/DMA.o
                0x2000025c                __DMA2_Stream5_Config__
 .bss.__DMA2_Stream6_Config__
                0x20000260        0x4 ./Drivers/DMA/DMA.o
                0x20000260                __DMA2_Stream6_Config__
 .bss.__DMA2_Stream7_Config__
                0x20000264        0x4 ./Drivers/DMA/DMA.o
                0x20000264                __DMA2_Stream7_Config__
 .bss.DMA_LISR  0x20000268        0x4 ./Drivers/DMA/DMA.o
                0x20000268                DMA_LISR
 .bss.DMA_HISR  0x2000026c        0x4 ./Drivers/DMA/DMA.o
                0x2000026c                DMA_HISR
 .bss.EXTI_ISR  0x20000270       0x40 ./Drivers/GPIO/GPIO.o
                0x20000270                EXTI_ISR
 .bss.xUSART_RX
                0x200002b0      0x210 ./Drivers/USART/USART.o
                0x200002b0                xUSART_RX
 .bss.xUSART_TX
                0x200004c0      0x210 ./Drivers/USART/USART.o
                0x200004c0                xUSART_TX
 .bss.usart_dma_instance_number
                0x200006d0        0x1 ./Drivers/USART/USART.o
                0x200006d0                usart_dma_instance_number
 *fill*         0x200006d1        0x3 
 .bss.__usart_1_config__
                0x200006d4        0x4 ./Drivers/USART/USART.o
                0x200006d4                __usart_1_config__
 .bss.__usart_2_config__
                0x200006d8        0x4 ./Drivers/USART/USART.o
                0x200006d8                __usart_2_config__
 .bss.__usart_3_config__
                0x200006dc        0x4 ./Drivers/USART/USART.o
                0x200006dc                __usart_3_config__
 .bss.__usart_4_config__
                0x200006e0        0x4 ./Drivers/USART/USART.o
                0x200006e0                __usart_4_config__
 .bss.__usart_5_config__
                0x200006e4        0x4 ./Drivers/USART/USART.o
                0x200006e4                __usart_5_config__
 .bss.USART_SR  0x200006e8        0x2 ./Drivers/USART/USART.o
                0x200006e8                USART_SR
 .bss.U1TX_Complete
                0x200006ea        0x1 ./Drivers/USART/USART.o
                0x200006ea                U1TX_Complete
 .bss.U1RX_Complete
                0x200006eb        0x1 ./Drivers/USART/USART.o
                0x200006eb                U1RX_Complete
 .bss.U2TX_Complete
                0x200006ec        0x1 ./Drivers/USART/USART.o
                0x200006ec                U2TX_Complete
 .bss.U2RX_Complete
                0x200006ed        0x1 ./Drivers/USART/USART.o
                0x200006ed                U2RX_Complete
 .bss.U3TX_Complete
                0x200006ee        0x1 ./Drivers/USART/USART.o
                0x200006ee                U3TX_Complete
 .bss.U3RX_Complete
                0x200006ef        0x1 ./Drivers/USART/USART.o
                0x200006ef                U3RX_Complete
 .bss.U4TX_Complete
                0x200006f0        0x1 ./Drivers/USART/USART.o
                0x200006f0                U4TX_Complete
 .bss.U4RX_Complete
                0x200006f1        0x1 ./Drivers/USART/USART.o
                0x200006f1                U4RX_Complete
 .bss.U5TX_Complete
                0x200006f2        0x1 ./Drivers/USART/USART.o
                0x200006f2                U5TX_Complete
 .bss.U5RX_Complete
                0x200006f3        0x1 ./Drivers/USART/USART.o
                0x200006f3                U5RX_Complete
 .bss.U6TX_Complete
                0x200006f4        0x1 ./Drivers/USART/USART.o
                0x200006f4                U6TX_Complete
 .bss.U6RX_Complete
                0x200006f5        0x1 ./Drivers/USART/USART.o
                0x200006f5                U6RX_Complete
 *fill*         0x200006f6        0x2 
 .bss.__sbrk_heap_end
                0x200006f8        0x4 ./Src/sysmem.o
 .bss.__sf      0x200006fc      0x138 C:/ST/STM32CubeIDE_1.17.0/STM32CubeIDE/plugins/com.st.stm32cube.ide.mcu.externaltools.gnu-tools-for-stm32.12.3.rel1.win32_1.1.0.202410251130/tools/bin/../lib/gcc/arm-none-eabi/12.3.1/../../../../arm-none-eabi/lib/thumb/v7e-m+fp/hard\libc_nano.a(libc_a-findfp.o)
                0x200006fc                __sf
 .bss.errno     0x20000834        0x4 C:/ST/STM32CubeIDE_1.17.0/STM32CubeIDE/plugins/com.st.stm32cube.ide.mcu.externaltools.gnu-tools-for-stm32.12.3.rel1.win32_1.1.0.202410251130/tools/bin/../lib/gcc/arm-none-eabi/12.3.1/../../../../arm-none-eabi/lib/thumb/v7e-m+fp/hard\libc_nano.a(libc_a-reent.o)
                0x20000834                errno
 .bss.__lock___malloc_recursive_mutex
                0x20000838        0x1 C:/ST/STM32CubeIDE_1.17.0/STM32CubeIDE/plugins/com.st.stm32cube.ide.mcu.externaltools.gnu-tools-for-stm32.12.3.rel1.win32_1.1.0.202410251130/tools/bin/../lib/gcc/arm-none-eabi/12.3.1/../../../../arm-none-eabi/lib/thumb/v7e-m+fp/hard\libc_nano.a(libc_a-lock.o)
                0x20000838                __lock___malloc_recursive_mutex
 *fill*         0x20000839        0x3 
 .bss.__malloc_sbrk_start
                0x2000083c        0x4 C:/ST/STM32CubeIDE_1.17.0/STM32CubeIDE/plugins/com.st.stm32cube.ide.mcu.externaltools.gnu-tools-for-stm32.12.3.rel1.win32_1.1.0.202410251130/tools/bin/../lib/gcc/arm-none-eabi/12.3.1/../../../../arm-none-eabi/lib/thumb/v7e-m+fp/hard\libc_nano.a(libc_a-mallocr.o)
                0x2000083c                __malloc_sbrk_start
 .bss.__malloc_free_list
                0x20000840        0x4 C:/ST/STM32CubeIDE_1.17.0/STM32CubeIDE/plugins/com.st.stm32cube.ide.mcu.externaltools.gnu-tools-for-stm32.12.3.rel1.win32_1.1.0.202410251130/tools/bin/../lib/gcc/arm-none-eabi/12.3.1/../../../../arm-none-eabi/lib/thumb/v7e-m+fp/hard\libc_nano.a(libc_a-mallocr.o)
                0x20000840                __malloc_free_list
 *(COMMON)
                0x20000844                        . = ALIGN (0x4)
                0x20000844                        _ebss = .
                0x20000844                        __bss_end__ = _ebss

._user_heap_stack
                0x20000844      0x604
                0x20000848                        . = ALIGN (0x8)
 *fill*         0x20000844        0x4 
                [!provide]                        PROVIDE (end = .)
                0x20000848                        PROVIDE (_end = .)
                0x20000a48                        . = (. + _Min_Heap_Size)
 *fill*         0x20000848      0x200 
                0x20000e48                        . = (. + _Min_Stack_Size)
 *fill*         0x20000a48      0x400 
                0x20000e48                        . = ALIGN (0x8)

/DISCARD/
 libc.a(*)
 libm.a(*)
 libgcc.a(*)

.ARM.attributes
                0x00000000       0x30
 *(.ARM.attributes)
 .ARM.attributes
                0x00000000       0x22 C:/ST/STM32CubeIDE_1.17.0/STM32CubeIDE/plugins/com.st.stm32cube.ide.mcu.externaltools.gnu-tools-for-stm32.12.3.rel1.win32_1.1.0.202410251130/tools/bin/../lib/gcc/arm-none-eabi/12.3.1/thumb/v7e-m+fp/hard/crti.o
 .ARM.attributes
                0x00000022       0x34 C:/ST/STM32CubeIDE_1.17.0/STM32CubeIDE/plugins/com.st.stm32cube.ide.mcu.externaltools.gnu-tools-for-stm32.12.3.rel1.win32_1.1.0.202410251130/tools/bin/../lib/gcc/arm-none-eabi/12.3.1/thumb/v7e-m+fp/hard/crtbegin.o
 .ARM.attributes
                0x00000056       0x34 ./Drivers/CRC/CRC.o
 .ARM.attributes
                0x0000008a       0x34 ./Drivers/Console/Console.o
 .ARM.attributes
                0x000000be       0x34 ./Drivers/DMA/DMA.o
 .ARM.attributes
                0x000000f2       0x34 ./Drivers/GPIO/GPIO.o
 .ARM.attributes
                0x00000126       0x34 ./Drivers/USART/USART.o
 .ARM.attributes
                0x0000015a       0x34 ./Src/main.o
 .ARM.attributes
                0x0000018e       0x34 ./Src/sysmem.o
 .ARM.attributes
                0x000001c2       0x34 ./Src/system_stm32f4xx.o
 .ARM.attributes
                0x000001f6       0x21 ./Startup/startup_stm32f407vgtx.o
 .ARM.attributes
                0x00000217       0x34 C:/ST/STM32CubeIDE_1.17.0/STM32CubeIDE/plugins/com.st.stm32cube.ide.mcu.externaltools.gnu-tools-for-stm32.12.3.rel1.win32_1.1.0.202410251130/tools/bin/../lib/gcc/arm-none-eabi/12.3.1/../../../../arm-none-eabi/lib/thumb/v7e-m+fp/hard\libc_nano.a(libc_a-findfp.o)
 .ARM.attributes
                0x0000024b       0x34 C:/ST/STM32CubeIDE_1.17.0/STM32CubeIDE/plugins/com.st.stm32cube.ide.mcu.externaltools.gnu-tools-for-stm32.12.3.rel1.win32_1.1.0.202410251130/tools/bin/../lib/gcc/arm-none-eabi/12.3.1/../../../../arm-none-eabi/lib/thumb/v7e-m+fp/hard\libc_nano.a(libc_a-vsnprintf.o)
 .ARM.attributes
                0x0000027f       0x34 C:/ST/STM32CubeIDE_1.17.0/STM32CubeIDE/plugins/com.st.stm32cube.ide.mcu.externaltools.gnu-tools-for-stm32.12.3.rel1.win32_1.1.0.202410251130/tools/bin/../lib/gcc/arm-none-eabi/12.3.1/../../../../arm-none-eabi/lib/thumb/v7e-m+fp/hard\libc_nano.a(libc_a-reent.o)
 .ARM.attributes
                0x000002b3       0x34 C:/ST/STM32CubeIDE_1.17.0/STM32CubeIDE/plugins/com.st.stm32cube.ide.mcu.externaltools.gnu-tools-for-stm32.12.3.rel1.win32_1.1.0.202410251130/tools/bin/../lib/gcc/arm-none-eabi/12.3.1/../../../../arm-none-eabi/lib/thumb/v7e-m+fp/hard\libc_nano.a(libc_a-impure.o)
 .ARM.attributes
                0x000002e7       0x34 C:/ST/STM32CubeIDE_1.17.0/STM32CubeIDE/plugins/com.st.stm32cube.ide.mcu.externaltools.gnu-tools-for-stm32.12.3.rel1.win32_1.1.0.202410251130/tools/bin/../lib/gcc/arm-none-eabi/12.3.1/../../../../arm-none-eabi/lib/thumb/v7e-m+fp/hard\libc_nano.a(libc_a-errno.o)
 .ARM.attributes
                0x0000031b       0x34 C:/ST/STM32CubeIDE_1.17.0/STM32CubeIDE/plugins/com.st.stm32cube.ide.mcu.externaltools.gnu-tools-for-stm32.12.3.rel1.win32_1.1.0.202410251130/tools/bin/../lib/gcc/arm-none-eabi/12.3.1/../../../../arm-none-eabi/lib/thumb/v7e-m+fp/hard\libc_nano.a(libc_a-init.o)
 .ARM.attributes
                0x0000034f       0x34 C:/ST/STM32CubeIDE_1.17.0/STM32CubeIDE/plugins/com.st.stm32cube.ide.mcu.externaltools.gnu-tools-for-stm32.12.3.rel1.win32_1.1.0.202410251130/tools/bin/../lib/gcc/arm-none-eabi/12.3.1/../../../../arm-none-eabi/lib/thumb/v7e-m+fp/hard\libc_nano.a(libc_a-lock.o)
 .ARM.attributes
                0x00000383       0x34 C:/ST/STM32CubeIDE_1.17.0/STM32CubeIDE/plugins/com.st.stm32cube.ide.mcu.externaltools.gnu-tools-for-stm32.12.3.rel1.win32_1.1.0.202410251130/tools/bin/../lib/gcc/arm-none-eabi/12.3.1/../../../../arm-none-eabi/lib/thumb/v7e-m+fp/hard\libc_nano.a(libc_a-memcpy-stub.o)
 .ARM.attributes
                0x000003b7       0x17 C:/ST/STM32CubeIDE_1.17.0/STM32CubeIDE/plugins/com.st.stm32cube.ide.mcu.externaltools.gnu-tools-for-stm32.12.3.rel1.win32_1.1.0.202410251130/tools/bin/../lib/gcc/arm-none-eabi/12.3.1/../../../../arm-none-eabi/lib/thumb/v7e-m+fp/hard\libc_nano.a(libc_a-strlen.o)
 .ARM.attributes
                0x000003ce       0x34 C:/ST/STM32CubeIDE_1.17.0/STM32CubeIDE/plugins/com.st.stm32cube.ide.mcu.externaltools.gnu-tools-for-stm32.12.3.rel1.win32_1.1.0.202410251130/tools/bin/../lib/gcc/arm-none-eabi/12.3.1/../../../../arm-none-eabi/lib/thumb/v7e-m+fp/hard\libc_nano.a(libc_a-freer.o)
 .ARM.attributes
                0x00000402       0x34 C:/ST/STM32CubeIDE_1.17.0/STM32CubeIDE/plugins/com.st.stm32cube.ide.mcu.externaltools.gnu-tools-for-stm32.12.3.rel1.win32_1.1.0.202410251130/tools/bin/../lib/gcc/arm-none-eabi/12.3.1/../../../../arm-none-eabi/lib/thumb/v7e-m+fp/hard\libc_nano.a(libc_a-mallocr.o)
 .ARM.attributes
                0x00000436       0x34 C:/ST/STM32CubeIDE_1.17.0/STM32CubeIDE/plugins/com.st.stm32cube.ide.mcu.externaltools.gnu-tools-for-stm32.12.3.rel1.win32_1.1.0.202410251130/tools/bin/../lib/gcc/arm-none-eabi/12.3.1/../../../../arm-none-eabi/lib/thumb/v7e-m+fp/hard\libc_nano.a(libc_a-mlock.o)
 .ARM.attributes
                0x0000046a       0x34 C:/ST/STM32CubeIDE_1.17.0/STM32CubeIDE/plugins/com.st.stm32cube.ide.mcu.externaltools.gnu-tools-for-stm32.12.3.rel1.win32_1.1.0.202410251130/tools/bin/../lib/gcc/arm-none-eabi/12.3.1/../../../../arm-none-eabi/lib/thumb/v7e-m+fp/hard\libc_nano.a(libc_a-nano-svfprintf.o)
 .ARM.attributes
                0x0000049e       0x34 C:/ST/STM32CubeIDE_1.17.0/STM32CubeIDE/plugins/com.st.stm32cube.ide.mcu.externaltools.gnu-tools-for-stm32.12.3.rel1.win32_1.1.0.202410251130/tools/bin/../lib/gcc/arm-none-eabi/12.3.1/../../../../arm-none-eabi/lib/thumb/v7e-m+fp/hard\libc_nano.a(libc_a-nano-vfprintf_i.o)
 .ARM.attributes
                0x000004d2       0x34 C:/ST/STM32CubeIDE_1.17.0/STM32CubeIDE/plugins/com.st.stm32cube.ide.mcu.externaltools.gnu-tools-for-stm32.12.3.rel1.win32_1.1.0.202410251130/tools/bin/../lib/gcc/arm-none-eabi/12.3.1/../../../../arm-none-eabi/lib/thumb/v7e-m+fp/hard\libc_nano.a(libc_a-memmove.o)
 .ARM.attributes
                0x00000506       0x34 C:/ST/STM32CubeIDE_1.17.0/STM32CubeIDE/plugins/com.st.stm32cube.ide.mcu.externaltools.gnu-tools-for-stm32.12.3.rel1.win32_1.1.0.202410251130/tools/bin/../lib/gcc/arm-none-eabi/12.3.1/../../../../arm-none-eabi/lib/thumb/v7e-m+fp/hard\libc_nano.a(libc_a-sbrkr.o)
 .ARM.attributes
                0x0000053a       0x1c C:/ST/STM32CubeIDE_1.17.0/STM32CubeIDE/plugins/com.st.stm32cube.ide.mcu.externaltools.gnu-tools-for-stm32.12.3.rel1.win32_1.1.0.202410251130/tools/bin/../lib/gcc/arm-none-eabi/12.3.1/../../../../arm-none-eabi/lib/thumb/v7e-m+fp/hard\libc_nano.a(libc_a-memchr.o)
 .ARM.attributes
                0x00000556       0x34 C:/ST/STM32CubeIDE_1.17.0/STM32CubeIDE/plugins/com.st.stm32cube.ide.mcu.externaltools.gnu-tools-for-stm32.12.3.rel1.win32_1.1.0.202410251130/tools/bin/../lib/gcc/arm-none-eabi/12.3.1/../../../../arm-none-eabi/lib/thumb/v7e-m+fp/hard\libc_nano.a(libc_a-reallocr.o)
 .ARM.attributes
                0x0000058a       0x34 C:/ST/STM32CubeIDE_1.17.0/STM32CubeIDE/plugins/com.st.stm32cube.ide.mcu.externaltools.gnu-tools-for-stm32.12.3.rel1.win32_1.1.0.202410251130/tools/bin/../lib/gcc/arm-none-eabi/12.3.1/../../../../arm-none-eabi/lib/thumb/v7e-m+fp/hard\libc_nano.a(libc_a-msizer.o)
 .ARM.attributes
                0x000005be       0x34 C:/ST/STM32CubeIDE_1.17.0/STM32CubeIDE/plugins/com.st.stm32cube.ide.mcu.externaltools.gnu-tools-for-stm32.12.3.rel1.win32_1.1.0.202410251130/tools/bin/../lib/gcc/arm-none-eabi/12.3.1/../../../../arm-none-eabi/lib/thumb/v7e-m+fp/hard\libm.a(libm_a-s_ceil.o)
 .ARM.attributes
                0x000005f2       0x22 C:/ST/STM32CubeIDE_1.17.0/STM32CubeIDE/plugins/com.st.stm32cube.ide.mcu.externaltools.gnu-tools-for-stm32.12.3.rel1.win32_1.1.0.202410251130/tools/bin/../lib/gcc/arm-none-eabi/12.3.1/thumb/v7e-m+fp/hard\libgcc.a(_arm_addsubdf3.o)
 .ARM.attributes
                0x00000614       0x22 C:/ST/STM32CubeIDE_1.17.0/STM32CubeIDE/plugins/com.st.stm32cube.ide.mcu.externaltools.gnu-tools-for-stm32.12.3.rel1.win32_1.1.0.202410251130/tools/bin/../lib/gcc/arm-none-eabi/12.3.1/thumb/v7e-m+fp/hard\libgcc.a(_arm_muldivdf3.o)
 .ARM.attributes
                0x00000636       0x22 C:/ST/STM32CubeIDE_1.17.0/STM32CubeIDE/plugins/com.st.stm32cube.ide.mcu.externaltools.gnu-tools-for-stm32.12.3.rel1.win32_1.1.0.202410251130/tools/bin/../lib/gcc/arm-none-eabi/12.3.1/thumb/v7e-m+fp/hard\libgcc.a(_arm_cmpdf2.o)
 .ARM.attributes
                0x00000658       0x22 C:/ST/STM32CubeIDE_1.17.0/STM32CubeIDE/plugins/com.st.stm32cube.ide.mcu.externaltools.gnu-tools-for-stm32.12.3.rel1.win32_1.1.0.202410251130/tools/bin/../lib/gcc/arm-none-eabi/12.3.1/thumb/v7e-m+fp/hard\libgcc.a(_arm_fixdfsi.o)
 .ARM.attributes
                0x0000067a       0x34 C:/ST/STM32CubeIDE_1.17.0/STM32CubeIDE/plugins/com.st.stm32cube.ide.mcu.externaltools.gnu-tools-for-stm32.12.3.rel1.win32_1.1.0.202410251130/tools/bin/../lib/gcc/arm-none-eabi/12.3.1/thumb/v7e-m+fp/hard\libgcc.a(_fixdfdi.o)
 .ARM.attributes
                0x000006ae       0x34 C:/ST/STM32CubeIDE_1.17.0/STM32CubeIDE/plugins/com.st.stm32cube.ide.mcu.externaltools.gnu-tools-for-stm32.12.3.rel1.win32_1.1.0.202410251130/tools/bin/../lib/gcc/arm-none-eabi/12.3.1/thumb/v7e-m+fp/hard\libgcc.a(_fixunsdfdi.o)
 .ARM.attributes
                0x000006e2       0x22 C:/ST/STM32CubeIDE_1.17.0/STM32CubeIDE/plugins/com.st.stm32cube.ide.mcu.externaltools.gnu-tools-for-stm32.12.3.rel1.win32_1.1.0.202410251130/tools/bin/../lib/gcc/arm-none-eabi/12.3.1/thumb/v7e-m+fp/hard\libgcc.a(_arm_fixunsdfsi.o)
 .ARM.attributes
                0x00000704       0x22 C:/ST/STM32CubeIDE_1.17.0/STM32CubeIDE/plugins/com.st.stm32cube.ide.mcu.externaltools.gnu-tools-for-stm32.12.3.rel1.win32_1.1.0.202410251130/tools/bin/../lib/gcc/arm-none-eabi/12.3.1/thumb/v7e-m+fp/hard/crtn.o
OUTPUT(Blackshield_Bootloader.elf elf32-littlearm)
LOAD linker stubs
LOAD C:/ST/STM32CubeIDE_1.17.0/STM32CubeIDE/plugins/com.st.stm32cube.ide.mcu.externaltools.gnu-tools-for-stm32.12.3.rel1.win32_1.1.0.202410251130/tools/bin/../lib/gcc/arm-none-eabi/12.3.1/../../../../arm-none-eabi/lib/thumb/v7e-m+fp/hard\libc.a
LOAD C:/ST/STM32CubeIDE_1.17.0/STM32CubeIDE/plugins/com.st.stm32cube.ide.mcu.externaltools.gnu-tools-for-stm32.12.3.rel1.win32_1.1.0.202410251130/tools/bin/../lib/gcc/arm-none-eabi/12.3.1/../../../../arm-none-eabi/lib/thumb/v7e-m+fp/hard\libm.a
LOAD C:/ST/STM32CubeIDE_1.17.0/STM32CubeIDE/plugins/com.st.stm32cube.ide.mcu.externaltools.gnu-tools-for-stm32.12.3.rel1.win32_1.1.0.202410251130/tools/bin/../lib/gcc/arm-none-eabi/12.3.1/thumb/v7e-m+fp/hard\libgcc.a

.debug_info     0x00000000     0x8edb
 .debug_info    0x00000000      0x42b ./Drivers/CRC/CRC.o
 .debug_info    0x0000042b     0x1aba ./Drivers/Console/Console.o
 .debug_info    0x00001ee5     0x135f ./Drivers/DMA/DMA.o
 .debug_info    0x00003244      0xfca ./Drivers/GPIO/GPIO.o
 .debug_info    0x0000420e     0x2706 ./Drivers/USART/USART.o
 .debug_info    0x00006914     0x1f24 ./Src/main.o
 .debug_info    0x00008838      0x168 ./Src/sysmem.o
 .debug_info    0x000089a0      0x50b ./Src/system_stm32f4xx.o
 .debug_info    0x00008eab       0x30 ./Startup/startup_stm32f407vgtx.o

.debug_abbrev   0x00000000     0x10fa
 .debug_abbrev  0x00000000      0x136 ./Drivers/CRC/CRC.o
 .debug_abbrev  0x00000136      0x285 ./Drivers/Console/Console.o
 .debug_abbrev  0x000003bb      0x237 ./Drivers/DMA/DMA.o
 .debug_abbrev  0x000005f2      0x275 ./Drivers/GPIO/GPIO.o
 .debug_abbrev  0x00000867      0x394 ./Drivers/USART/USART.o
 .debug_abbrev  0x00000bfb      0x305 ./Src/main.o
 .debug_abbrev  0x00000f00       0xbc ./Src/sysmem.o
 .debug_abbrev  0x00000fbc      0x11a ./Src/system_stm32f4xx.o
 .debug_abbrev  0x000010d6       0x24 ./Startup/startup_stm32f407vgtx.o

.debug_aranges  0x00000000      0x398
 .debug_aranges
                0x00000000       0x40 ./Drivers/CRC/CRC.o
 .debug_aranges
                0x00000040       0x38 ./Drivers/Console/Console.o
 .debug_aranges
                0x00000078       0xd8 ./Drivers/DMA/DMA.o
 .debug_aranges
                0x00000150       0x80 ./Drivers/GPIO/GPIO.o
 .debug_aranges
                0x000001d0      0x108 ./Drivers/USART/USART.o
 .debug_aranges
                0x000002d8       0x50 ./Src/main.o
 .debug_aranges
                0x00000328       0x20 ./Src/sysmem.o
 .debug_aranges
                0x00000348       0x28 ./Src/system_stm32f4xx.o
 .debug_aranges
                0x00000370       0x28 ./Startup/startup_stm32f407vgtx.o

.debug_rnglists
                0x00000000      0x2ab
 .debug_rnglists
                0x00000000       0x2b ./Drivers/CRC/CRC.o
 .debug_rnglists
                0x0000002b       0x27 ./Drivers/Console/Console.o
 .debug_rnglists
                0x00000052       0xb1 ./Drivers/DMA/DMA.o
 .debug_rnglists
                0x00000103       0x5f ./Drivers/GPIO/GPIO.o
 .debug_rnglists
                0x00000162       0xca ./Drivers/USART/USART.o
 .debug_rnglists
                0x0000022c       0x39 ./Src/main.o
 .debug_rnglists
                0x00000265       0x13 ./Src/sysmem.o
 .debug_rnglists
                0x00000278       0x1a ./Src/system_stm32f4xx.o
 .debug_rnglists
                0x00000292       0x19 ./Startup/startup_stm32f407vgtx.o

.debug_macro    0x00000000     0x13d9
 .debug_macro   0x00000000      0x264 ./Drivers/CRC/CRC.o
 .debug_macro   0x00000264      0x2a0 ./Drivers/Console/Console.o
 .debug_macro   0x00000504      0x268 ./Drivers/DMA/DMA.o
 .debug_macro   0x0000076c      0x27a ./Drivers/GPIO/GPIO.o
 .debug_macro   0x000009e6      0x290 ./Drivers/USART/USART.o
 .debug_macro   0x00000c76      0x2a3 ./Src/main.o
 .debug_macro   0x00000f19       0x10 ./Src/main.o
 .debug_macro   0x00000f29       0xff ./Src/sysmem.o
 .debug_macro   0x00001028      0x23c ./Src/sysmem.o
 .debug_macro   0x00001264       0xda ./Src/system_stm32f4xx.o
 .debug_macro   0x0000133e       0x2e ./Src/system_stm32f4xx.o
 .debug_macro   0x0000136c       0x6d ./Src/system_stm32f4xx.o

.debug_line     0x00000000     0x717b
 .debug_line    0x00000000      0x74e ./Drivers/CRC/CRC.o
 .debug_line    0x0000074e      0x8b7 ./Drivers/Console/Console.o
 .debug_line    0x00001005     0x1df9 ./Drivers/DMA/DMA.o
 .debug_line    0x00002dfe      0xb7c ./Drivers/GPIO/GPIO.o
 .debug_line    0x0000397a     0x224f ./Drivers/USART/USART.o
 .debug_line    0x00005bc9      0xa92 ./Src/main.o
 .debug_line    0x0000665b      0x574 ./Src/sysmem.o
 .debug_line    0x00006bcf      0x531 ./Src/system_stm32f4xx.o
 .debug_line    0x00007100       0x7b ./Startup/startup_stm32f407vgtx.o

.debug_str      0x00000000    0x8fe20
 .debug_str     0x00000000    0x8d89c ./Drivers/CRC/CRC.o
                              0x8dafc (size before relaxing)
 .debug_str     0x0008d89c      0xec4 ./Drivers/Console/Console.o
                              0x8e937 (size before relaxing)
 .debug_str     0x0008e760      0x933 ./Drivers/DMA/DMA.o
                              0x8ea47 (size before relaxing)
 .debug_str     0x0008f093      0x377 ./Drivers/GPIO/GPIO.o
                              0x8e5c4 (size before relaxing)
 .debug_str     0x0008f40a      0x3ad ./Drivers/USART/USART.o
                              0x8f364 (size before relaxing)
 .debug_str     0x0008f7b7       0xd3 ./Src/main.o
                              0x8ecd9 (size before relaxing)
 .debug_str     0x0008f88a      0x4d7 ./Src/sysmem.o
                               0x60c2 (size before relaxing)
 .debug_str     0x0008fd61       0x80 ./Src/system_stm32f4xx.o
                              0x8858f (size before relaxing)
 .debug_str     0x0008fde1       0x3f ./Startup/startup_stm32f407vgtx.o
                                 0x72 (size before relaxing)

.comment        0x00000000       0x43
 .comment       0x00000000       0x43 ./Drivers/CRC/CRC.o
                                 0x44 (size before relaxing)
 .comment       0x00000043       0x44 ./Drivers/Console/Console.o
 .comment       0x00000043       0x44 ./Drivers/DMA/DMA.o
 .comment       0x00000043       0x44 ./Drivers/GPIO/GPIO.o
 .comment       0x00000043       0x44 ./Drivers/USART/USART.o
 .comment       0x00000043       0x44 ./Src/main.o
 .comment       0x00000043       0x44 ./Src/sysmem.o
 .comment       0x00000043       0x44 ./Src/system_stm32f4xx.o

.debug_frame    0x00000000     0x1418
 .debug_frame   0x00000000       0xc0 ./Drivers/CRC/CRC.o
 .debug_frame   0x000000c0       0xcc ./Drivers/Console/Console.o
 .debug_frame   0x0000018c      0x310 ./Drivers/DMA/DMA.o
 .debug_frame   0x0000049c      0x1cc ./Drivers/GPIO/GPIO.o
 .debug_frame   0x00000668      0x438 ./Drivers/USART/USART.o
 .debug_frame   0x00000aa0      0x10c ./Src/main.o
 .debug_frame   0x00000bac       0x34 ./Src/sysmem.o
 .debug_frame   0x00000be0       0x58 ./Src/system_stm32f4xx.o
 .debug_frame   0x00000c38      0x144 C:/ST/STM32CubeIDE_1.17.0/STM32CubeIDE/plugins/com.st.stm32cube.ide.mcu.externaltools.gnu-tools-for-stm32.12.3.rel1.win32_1.1.0.202410251130/tools/bin/../lib/gcc/arm-none-eabi/12.3.1/../../../../arm-none-eabi/lib/thumb/v7e-m+fp/hard\libc_nano.a(libc_a-findfp.o)
 .debug_frame   0x00000d7c       0x4c C:/ST/STM32CubeIDE_1.17.0/STM32CubeIDE/plugins/com.st.stm32cube.ide.mcu.externaltools.gnu-tools-for-stm32.12.3.rel1.win32_1.1.0.202410251130/tools/bin/../lib/gcc/arm-none-eabi/12.3.1/../../../../arm-none-eabi/lib/thumb/v7e-m+fp/hard\libc_nano.a(libc_a-vsnprintf.o)
 .debug_frame   0x00000dc8       0x38 C:/ST/STM32CubeIDE_1.17.0/STM32CubeIDE/plugins/com.st.stm32cube.ide.mcu.externaltools.gnu-tools-for-stm32.12.3.rel1.win32_1.1.0.202410251130/tools/bin/../lib/gcc/arm-none-eabi/12.3.1/../../../../arm-none-eabi/lib/thumb/v7e-m+fp/hard\libc_nano.a(libc_a-reent.o)
 .debug_frame   0x00000e00       0x20 C:/ST/STM32CubeIDE_1.17.0/STM32CubeIDE/plugins/com.st.stm32cube.ide.mcu.externaltools.gnu-tools-for-stm32.12.3.rel1.win32_1.1.0.202410251130/tools/bin/../lib/gcc/arm-none-eabi/12.3.1/../../../../arm-none-eabi/lib/thumb/v7e-m+fp/hard\libc_nano.a(libc_a-errno.o)
 .debug_frame   0x00000e20       0x2c C:/ST/STM32CubeIDE_1.17.0/STM32CubeIDE/plugins/com.st.stm32cube.ide.mcu.externaltools.gnu-tools-for-stm32.12.3.rel1.win32_1.1.0.202410251130/tools/bin/../lib/gcc/arm-none-eabi/12.3.1/../../../../arm-none-eabi/lib/thumb/v7e-m+fp/hard\libc_nano.a(libc_a-init.o)
 .debug_frame   0x00000e4c       0xb0 C:/ST/STM32CubeIDE_1.17.0/STM32CubeIDE/plugins/com.st.stm32cube.ide.mcu.externaltools.gnu-tools-for-stm32.12.3.rel1.win32_1.1.0.202410251130/tools/bin/../lib/gcc/arm-none-eabi/12.3.1/../../../../arm-none-eabi/lib/thumb/v7e-m+fp/hard\libc_nano.a(libc_a-lock.o)
 .debug_frame   0x00000efc       0x28 C:/ST/STM32CubeIDE_1.17.0/STM32CubeIDE/plugins/com.st.stm32cube.ide.mcu.externaltools.gnu-tools-for-stm32.12.3.rel1.win32_1.1.0.202410251130/tools/bin/../lib/gcc/arm-none-eabi/12.3.1/../../../../arm-none-eabi/lib/thumb/v7e-m+fp/hard\libc_nano.a(libc_a-memcpy-stub.o)
 .debug_frame   0x00000f24       0x38 C:/ST/STM32CubeIDE_1.17.0/STM32CubeIDE/plugins/com.st.stm32cube.ide.mcu.externaltools.gnu-tools-for-stm32.12.3.rel1.win32_1.1.0.202410251130/tools/bin/../lib/gcc/arm-none-eabi/12.3.1/../../../../arm-none-eabi/lib/thumb/v7e-m+fp/hard\libc_nano.a(libc_a-freer.o)
 .debug_frame   0x00000f5c       0x50 C:/ST/STM32CubeIDE_1.17.0/STM32CubeIDE/plugins/com.st.stm32cube.ide.mcu.externaltools.gnu-tools-for-stm32.12.3.rel1.win32_1.1.0.202410251130/tools/bin/../lib/gcc/arm-none-eabi/12.3.1/../../../../arm-none-eabi/lib/thumb/v7e-m+fp/hard\libc_nano.a(libc_a-mallocr.o)
 .debug_frame   0x00000fac       0x30 C:/ST/STM32CubeIDE_1.17.0/STM32CubeIDE/plugins/com.st.stm32cube.ide.mcu.externaltools.gnu-tools-for-stm32.12.3.rel1.win32_1.1.0.202410251130/tools/bin/../lib/gcc/arm-none-eabi/12.3.1/../../../../arm-none-eabi/lib/thumb/v7e-m+fp/hard\libc_nano.a(libc_a-mlock.o)
 .debug_frame   0x00000fdc       0x90 C:/ST/STM32CubeIDE_1.17.0/STM32CubeIDE/plugins/com.st.stm32cube.ide.mcu.externaltools.gnu-tools-for-stm32.12.3.rel1.win32_1.1.0.202410251130/tools/bin/../lib/gcc/arm-none-eabi/12.3.1/../../../../arm-none-eabi/lib/thumb/v7e-m+fp/hard\libc_nano.a(libc_a-nano-svfprintf.o)
 .debug_frame   0x0000106c       0x60 C:/ST/STM32CubeIDE_1.17.0/STM32CubeIDE/plugins/com.st.stm32cube.ide.mcu.externaltools.gnu-tools-for-stm32.12.3.rel1.win32_1.1.0.202410251130/tools/bin/../lib/gcc/arm-none-eabi/12.3.1/../../../../arm-none-eabi/lib/thumb/v7e-m+fp/hard\libc_nano.a(libc_a-nano-vfprintf_i.o)
 .debug_frame   0x000010cc       0x28 C:/ST/STM32CubeIDE_1.17.0/STM32CubeIDE/plugins/com.st.stm32cube.ide.mcu.externaltools.gnu-tools-for-stm32.12.3.rel1.win32_1.1.0.202410251130/tools/bin/../lib/gcc/arm-none-eabi/12.3.1/../../../../arm-none-eabi/lib/thumb/v7e-m+fp/hard\libc_nano.a(libc_a-memmove.o)
 .debug_frame   0x000010f4       0x2c C:/ST/STM32CubeIDE_1.17.0/STM32CubeIDE/plugins/com.st.stm32cube.ide.mcu.externaltools.gnu-tools-for-stm32.12.3.rel1.win32_1.1.0.202410251130/tools/bin/../lib/gcc/arm-none-eabi/12.3.1/../../../../arm-none-eabi/lib/thumb/v7e-m+fp/hard\libc_nano.a(libc_a-sbrkr.o)
 .debug_frame   0x00001120       0x3c C:/ST/STM32CubeIDE_1.17.0/STM32CubeIDE/plugins/com.st.stm32cube.ide.mcu.externaltools.gnu-tools-for-stm32.12.3.rel1.win32_1.1.0.202410251130/tools/bin/../lib/gcc/arm-none-eabi/12.3.1/../../../../arm-none-eabi/lib/thumb/v7e-m+fp/hard\libc_nano.a(libc_a-reallocr.o)
 .debug_frame   0x0000115c       0x20 C:/ST/STM32CubeIDE_1.17.0/STM32CubeIDE/plugins/com.st.stm32cube.ide.mcu.externaltools.gnu-tools-for-stm32.12.3.rel1.win32_1.1.0.202410251130/tools/bin/../lib/gcc/arm-none-eabi/12.3.1/../../../../arm-none-eabi/lib/thumb/v7e-m+fp/hard\libc_nano.a(libc_a-msizer.o)
 .debug_frame   0x0000117c       0x30 C:/ST/STM32CubeIDE_1.17.0/STM32CubeIDE/plugins/com.st.stm32cube.ide.mcu.externaltools.gnu-tools-for-stm32.12.3.rel1.win32_1.1.0.202410251130/tools/bin/../lib/gcc/arm-none-eabi/12.3.1/../../../../arm-none-eabi/lib/thumb/v7e-m+fp/hard\libm.a(libm_a-s_ceil.o)
 .debug_frame   0x000011ac       0xac C:/ST/STM32CubeIDE_1.17.0/STM32CubeIDE/plugins/com.st.stm32cube.ide.mcu.externaltools.gnu-tools-for-stm32.12.3.rel1.win32_1.1.0.202410251130/tools/bin/../lib/gcc/arm-none-eabi/12.3.1/thumb/v7e-m+fp/hard\libgcc.a(_arm_addsubdf3.o)
 .debug_frame   0x00001258       0x50 C:/ST/STM32CubeIDE_1.17.0/STM32CubeIDE/plugins/com.st.stm32cube.ide.mcu.externaltools.gnu-tools-for-stm32.12.3.rel1.win32_1.1.0.202410251130/tools/bin/../lib/gcc/arm-none-eabi/12.3.1/thumb/v7e-m+fp/hard\libgcc.a(_arm_muldivdf3.o)
 .debug_frame   0x000012a8       0xc4 C:/ST/STM32CubeIDE_1.17.0/STM32CubeIDE/plugins/com.st.stm32cube.ide.mcu.externaltools.gnu-tools-for-stm32.12.3.rel1.win32_1.1.0.202410251130/tools/bin/../lib/gcc/arm-none-eabi/12.3.1/thumb/v7e-m+fp/hard\libgcc.a(_arm_cmpdf2.o)
 .debug_frame   0x0000136c       0x24 C:/ST/STM32CubeIDE_1.17.0/STM32CubeIDE/plugins/com.st.stm32cube.ide.mcu.externaltools.gnu-tools-for-stm32.12.3.rel1.win32_1.1.0.202410251130/tools/bin/../lib/gcc/arm-none-eabi/12.3.1/thumb/v7e-m+fp/hard\libgcc.a(_arm_fixdfsi.o)
 .debug_frame   0x00001390       0x38 C:/ST/STM32CubeIDE_1.17.0/STM32CubeIDE/plugins/com.st.stm32cube.ide.mcu.externaltools.gnu-tools-for-stm32.12.3.rel1.win32_1.1.0.202410251130/tools/bin/../lib/gcc/arm-none-eabi/12.3.1/thumb/v7e-m+fp/hard\libgcc.a(_fixdfdi.o)
 .debug_frame   0x000013c8       0x2c C:/ST/STM32CubeIDE_1.17.0/STM32CubeIDE/plugins/com.st.stm32cube.ide.mcu.externaltools.gnu-tools-for-stm32.12.3.rel1.win32_1.1.0.202410251130/tools/bin/../lib/gcc/arm-none-eabi/12.3.1/thumb/v7e-m+fp/hard\libgcc.a(_fixunsdfdi.o)
 .debug_frame   0x000013f4       0x24 C:/ST/STM32CubeIDE_1.17.0/STM32CubeIDE/plugins/com.st.stm32cube.ide.mcu.externaltools.gnu-tools-for-stm32.12.3.rel1.win32_1.1.0.202410251130/tools/bin/../lib/gcc/arm-none-eabi/12.3.1/thumb/v7e-m+fp/hard\libgcc.a(_arm_fixunsdfsi.o)

.debug_line_str
                0x00000000       0x56
 .debug_line_str
                0x00000000       0x56 ./Startup/startup_stm32f407vgtx.o
