Archive member included to satisfy reference by file (symbol)

C:/ST/STM32CubeIDE_1.17.0/STM32CubeIDE/plugins/com.st.stm32cube.ide.mcu.externaltools.gnu-tools-for-stm32.13.3.rel1.win32_1.0.0.202411081344/tools/bin/../lib/gcc/arm-none-eabi/13.3.1/../../../../arm-none-eabi/lib/thumb/v7e-m+fp/hard\libc_nano.a(libc_a-exit.o)
                              C:/ST/STM32CubeIDE_1.17.0/STM32CubeIDE/plugins/com.st.stm32cube.ide.mcu.externaltools.gnu-tools-for-stm32.13.3.rel1.win32_1.0.0.202411081344/tools/bin/../lib/gcc/arm-none-eabi/13.3.1/../../../../arm-none-eabi/lib/thumb/v7e-m+fp/hard/crt0.o (exit)
C:/ST/STM32CubeIDE_1.17.0/STM32CubeIDE/plugins/com.st.stm32cube.ide.mcu.externaltools.gnu-tools-for-stm32.13.3.rel1.win32_1.0.0.202411081344/tools/bin/../lib/gcc/arm-none-eabi/13.3.1/../../../../arm-none-eabi/lib/thumb/v7e-m+fp/hard\libc_nano.a(libc_a-findfp.o)
                              C:/ST/STM32CubeIDE_1.17.0/STM32CubeIDE/plugins/com.st.stm32cube.ide.mcu.externaltools.gnu-tools-for-stm32.13.3.rel1.win32_1.0.0.202411081344/tools/bin/../lib/gcc/arm-none-eabi/13.3.1/../../../../arm-none-eabi/lib/thumb/v7e-m+fp/hard\libc_nano.a(libc_a-exit.o) (__stdio_exit_handler)
C:/ST/STM32CubeIDE_1.17.0/STM32CubeIDE/plugins/com.st.stm32cube.ide.mcu.externaltools.gnu-tools-for-stm32.13.3.rel1.win32_1.0.0.202411081344/tools/bin/../lib/gcc/arm-none-eabi/13.3.1/../../../../arm-none-eabi/lib/thumb/v7e-m+fp/hard\libc_nano.a(libc_a-fwalk.o)
                              C:/ST/STM32CubeIDE_1.17.0/STM32CubeIDE/plugins/com.st.stm32cube.ide.mcu.externaltools.gnu-tools-for-stm32.13.3.rel1.win32_1.0.0.202411081344/tools/bin/../lib/gcc/arm-none-eabi/13.3.1/../../../../arm-none-eabi/lib/thumb/v7e-m+fp/hard\libc_nano.a(libc_a-findfp.o) (_fwalk_sglue)
C:/ST/STM32CubeIDE_1.17.0/STM32CubeIDE/plugins/com.st.stm32cube.ide.mcu.externaltools.gnu-tools-for-stm32.13.3.rel1.win32_1.0.0.202411081344/tools/bin/../lib/gcc/arm-none-eabi/13.3.1/../../../../arm-none-eabi/lib/thumb/v7e-m+fp/hard\libc_nano.a(libc_a-stdio.o)
                              C:/ST/STM32CubeIDE_1.17.0/STM32CubeIDE/plugins/com.st.stm32cube.ide.mcu.externaltools.gnu-tools-for-stm32.13.3.rel1.win32_1.0.0.202411081344/tools/bin/../lib/gcc/arm-none-eabi/13.3.1/../../../../arm-none-eabi/lib/thumb/v7e-m+fp/hard\libc_nano.a(libc_a-findfp.o) (__sread)
C:/ST/STM32CubeIDE_1.17.0/STM32CubeIDE/plugins/com.st.stm32cube.ide.mcu.externaltools.gnu-tools-for-stm32.13.3.rel1.win32_1.0.0.202411081344/tools/bin/../lib/gcc/arm-none-eabi/13.3.1/../../../../arm-none-eabi/lib/thumb/v7e-m+fp/hard\libc_nano.a(libc_a-vsnprintf.o)
                              ./Drivers/Console/Console.o (vsnprintf)
C:/ST/STM32CubeIDE_1.17.0/STM32CubeIDE/plugins/com.st.stm32cube.ide.mcu.externaltools.gnu-tools-for-stm32.13.3.rel1.win32_1.0.0.202411081344/tools/bin/../lib/gcc/arm-none-eabi/13.3.1/../../../../arm-none-eabi/lib/thumb/v7e-m+fp/hard\libc_nano.a(libc_a-vsscanf.o)
                              ./Drivers/Console/Console.o (vsscanf)
C:/ST/STM32CubeIDE_1.17.0/STM32CubeIDE/plugins/com.st.stm32cube.ide.mcu.externaltools.gnu-tools-for-stm32.13.3.rel1.win32_1.0.0.202411081344/tools/bin/../lib/gcc/arm-none-eabi/13.3.1/../../../../arm-none-eabi/lib/thumb/v7e-m+fp/hard\libc_nano.a(libc_a-memset.o)
                              C:/ST/STM32CubeIDE_1.17.0/STM32CubeIDE/plugins/com.st.stm32cube.ide.mcu.externaltools.gnu-tools-for-stm32.13.3.rel1.win32_1.0.0.202411081344/tools/bin/../lib/gcc/arm-none-eabi/13.3.1/../../../../arm-none-eabi/lib/thumb/v7e-m+fp/hard/crt0.o (memset)
C:/ST/STM32CubeIDE_1.17.0/STM32CubeIDE/plugins/com.st.stm32cube.ide.mcu.externaltools.gnu-tools-for-stm32.13.3.rel1.win32_1.0.0.202411081344/tools/bin/../lib/gcc/arm-none-eabi/13.3.1/../../../../arm-none-eabi/lib/thumb/v7e-m+fp/hard\libc_nano.a(libc_a-closer.o)
                              C:/ST/STM32CubeIDE_1.17.0/STM32CubeIDE/plugins/com.st.stm32cube.ide.mcu.externaltools.gnu-tools-for-stm32.13.3.rel1.win32_1.0.0.202411081344/tools/bin/../lib/gcc/arm-none-eabi/13.3.1/../../../../arm-none-eabi/lib/thumb/v7e-m+fp/hard\libc_nano.a(libc_a-stdio.o) (_close_r)
C:/ST/STM32CubeIDE_1.17.0/STM32CubeIDE/plugins/com.st.stm32cube.ide.mcu.externaltools.gnu-tools-for-stm32.13.3.rel1.win32_1.0.0.202411081344/tools/bin/../lib/gcc/arm-none-eabi/13.3.1/../../../../arm-none-eabi/lib/thumb/v7e-m+fp/hard\libc_nano.a(libc_a-reent.o)
                              C:/ST/STM32CubeIDE_1.17.0/STM32CubeIDE/plugins/com.st.stm32cube.ide.mcu.externaltools.gnu-tools-for-stm32.13.3.rel1.win32_1.0.0.202411081344/tools/bin/../lib/gcc/arm-none-eabi/13.3.1/../../../../arm-none-eabi/lib/thumb/v7e-m+fp/hard\libc_nano.a(libc_a-closer.o) (errno)
C:/ST/STM32CubeIDE_1.17.0/STM32CubeIDE/plugins/com.st.stm32cube.ide.mcu.externaltools.gnu-tools-for-stm32.13.3.rel1.win32_1.0.0.202411081344/tools/bin/../lib/gcc/arm-none-eabi/13.3.1/../../../../arm-none-eabi/lib/thumb/v7e-m+fp/hard\libc_nano.a(libc_a-impure.o)
[...]
Memory Configuration

Name             Origin             Length             Attributes
CCMRAM           0x10000000         0x00010000         xrw
RAM              0x20000000         0x00020000         xrw
FLASH            0x08000000         0x00010000         xr
APP_MEMORY       0x08010000         0x00070000         xr
*default*        0x00000000         0xffffffff

Linker script and memory map

LOAD C:/ST/STM32CubeIDE_1.17.0/STM32CubeIDE/plugins/com.st.stm32cube.ide.mcu.externaltools.gnu-tools-for-stm32.13.3.rel1.win32_1.0.0.202411081344/tools/bin/../lib/gcc/arm-none-eabi/13.3.1/thumb/v7e-m+fp/hard/crti.o
LOAD C:/ST/STM32CubeIDE_1.17.0/STM32CubeIDE/plugins/com.st.stm32cube.ide.mcu.externaltools.gnu-tools-for-stm32.13.3.rel1.win32_1.0.0.202411081344/tools/bin/../lib/gcc/arm-none-eabi/13.3.1/thumb/v7e-m+fp/hard/crtbegin.o
LOAD C:/ST/STM32CubeIDE_1.17.0/STM32CubeIDE/plugins/com.st.stm32cube.ide.mcu.externaltools.gnu-tools-for-stm32.13.3.rel1.win32_1.0.0.202411081344/tools/bin/../lib/gcc/arm-none-eabi/13.3.1/../../../../arm-none-eabi/lib/thumb/v7e-m+fp/hard/crt0.o
LOAD ./Drivers/CAN/CAN.o
LOAD ./Drivers/CRC/CRC.o
LOAD ./Drivers/Console/Console.o
LOAD ./Drivers/Custom_RS485_Comm/Custom_RS485_Comm.o
LOAD ./Drivers/DMA/DMA.o
LOAD ./Drivers/Flash/Flash.o
LOAD ./Drivers/GPIO/GPIO.o
LOAD ./Drivers/POST/POST.o
LOAD ./Drivers/USART/USART.o
LOAD ./Src/main.o
LOAD ./Src/syscalls.o
LOAD ./Src/sysmem.o
LOAD ./Src/system_stm32f4xx.o
LOAD ./Startup/startup_stm32f407vgtx.o
START GROUP
LOAD C:/ST/STM32CubeIDE_1.17.0/STM32CubeIDE/plugins/com.st.stm32cube.ide.mcu.externaltools.gnu-tools-for-stm32.13.3.rel1.win32_1.0.0.202411081344/tools/bin/../lib/gcc/arm-none-eabi/13.3.1/../../../../arm-none-eabi/lib/thumb/v7e-m+fp/hard\libc_nano.a
LOAD C:/ST/STM32CubeIDE_1.17.0/STM32CubeIDE/plugins/com.st.stm32cube.ide.mcu.externaltools.gnu-tools-for-stm32.13.3.rel1.win32_1.0.0.202411081344/tools/bin/../lib/gcc/arm-none-eabi/13.3.1/../../../../arm-none-eabi/lib/thumb/v7e-m+fp/hard\libm.a
END GROUP
START GROUP
LOAD C:/ST/STM32CubeIDE_1.17.0/STM32CubeIDE/plugins/com.st.stm32cube.ide.mcu.externaltools.gnu-tools-for-stm32.13.3.rel1.win32_1.0.0.202411081344/tools/bin/../lib/gcc/arm-none-eabi/13.3.1/thumb/v7e-m+fp/hard\libgcc.a
LOAD C:/ST/STM32CubeIDE_1.17.0/STM32CubeIDE/plugins/com.st.stm32cube.ide.mcu.externaltools.gnu-tools-for-stm32.13.3.rel1.win32_1.0.0.202411081344/tools/bin/../lib/gcc/arm-none-eabi/13.3.1/../../../../arm-none-eabi/lib/thumb/v7e-m+fp/hard\libc_nano.a
END GROUP
START GROUP
LOAD C:/ST/STM32CubeIDE_1.17.0/STM32CubeIDE/plugins/com.st.stm32cube.ide.mcu.externaltools.gnu-tools-for-stm32.13.3.rel1.win32_1.0.0.202411081344/tools/bin/../lib/gcc/arm-none-eabi/13.3.1/thumb/v7e-m+fp/hard\libgcc.a
LOAD C:/ST/STM32CubeIDE_1.17.0/STM32CubeIDE/plugins/com.st.stm32cube.ide.mcu.externaltools.gnu-tools-for-stm32.13.3.rel1.win32_1.0.0.202411081344/tools/bin/../lib/gcc/arm-none-eabi/13.3.1/../../../../arm-none-eabi/lib/thumb/v7e-m+fp/hard\libc_nano.a
LOAD C:/ST/STM32CubeIDE_1.17.0/STM32CubeIDE/plugins/com.st.stm32cube.ide.mcu.externaltools.gnu-tools-for-stm32.13.3.rel1.win32_1.0.0.202411081344/tools/bin/../lib/gcc/arm-none-eabi/13.3.1/../../../../arm-none-eabi/lib/thumb/v7e-m+fp/hard\libnosys.a
END GROUP
START GROUP
LOAD C:/ST/STM32CubeIDE_1.17.0/STM32CubeIDE/plugins/com.st.stm32cube.ide.mcu.externaltools.gnu-tools-for-stm32.13.3.rel1.win32_1.0.0.202411081344/tools/bin/../lib/gcc/arm-none-eabi/13.3.1/thumb/v7e-m+fp/hard\libgcc.a
LOAD C:/ST/STM32CubeIDE_1.17.0/STM32CubeIDE/plugins/com.st.stm32cube.ide.mcu.externaltools.gnu-tools-for-stm32.13.3.rel1.win32_1.0.0.202411081344/tools/bin/../lib/gcc/arm-none-eabi/13.3.1/../../../../arm-none-eabi/lib/thumb/v7e-m+fp/hard\libc_nano.a
LOAD C:/ST/STM32CubeIDE_1.17.0/STM32CubeIDE/plugins/com.st.stm32cube.ide.mcu.externaltools.gnu-tools-for-stm32.13.3.rel1.win32_1.0.0.202411081344/tools/bin/../lib/gcc/arm-none-eabi/13.3.1/../../../../arm-none-eabi/lib/thumb/v7e-m+fp/hard\libnosys.a
END GROUP
LOAD C:/ST/STM32CubeIDE_1.17.0/STM32CubeIDE/plugins/com.st.stm32cube.ide.mcu.externaltools.gnu-tools-for-stm32.13.3.rel1.win32_1.0.0.202411081344/tools/bin/../lib/gcc/arm-none-eabi/13.3.1/thumb/v7e-m+fp/hard/crtend.o
LOAD C:/ST/STM32CubeIDE_1.17.0/STM32CubeIDE/plugins/com.st.stm32cube.ide.mcu.externaltools.gnu-tools-for-stm32.13.3.rel1.win32_1.0.0.202411081344/tools/bin/../lib/gcc/arm-none-eabi/13.3.1/thumb/v7e-m+fp/hard/crtn.o
                0x20020000                        _estack = (ORIGIN (RAM) + LENGTH (RAM))
                0x00000200                        _Min_Heap_Size = 0x200
                0x00000400                        _Min_Stack_Size = 0x400

.isr_vector     0x08000000      0x188
                0x08000000                        . = ALIGN (0x4)
 *(.isr_vector)
 .isr_vector    0x08000000      0x188 ./Startup/startup_stm32f407vgtx.o
                0x08000000                g_pfnVectors
                0x08000188                        . = ALIGN (0x4)

.text           0x08000190     0x6748
                0x08000190                        . = ALIGN (0x4)
 *(.text)
 .text          0x08000190       0x40 C:/ST/STM32CubeIDE_1.17.0/STM32CubeIDE/plugins/com.st.stm32cube.ide.mcu.externaltools.gnu-tools-for-stm32.13.3.rel1.win32_1.0.0.202411081344/tools/bin/../lib/gcc/arm-none-eabi/13.3.1/thumb/v7e-m+fp/hard/crtbegin.o
 .text          0x080001d0       0x10 C:/ST/STM32CubeIDE_1.17.0/STM32CubeIDE/plugins/com.st.stm32cube.ide.mcu.externaltools.gnu-tools-for-stm32.13.3.rel1.win32_1.0.0.202411081344/tools/bin/../lib/gcc/arm-none-eabi/13.3.1/../../../../arm-none-eabi/lib/thumb/v7e-m+fp/hard\libc_nano.a(libc_a-strlen.o)
                0x080001d0                strlen
 .text          0x080001e0       0xa0 C:/ST/STM32CubeIDE_1.17.0/STM32CubeIDE/plugins/com.st.stm32cube.ide.mcu.externaltools.gnu-tools-for-stm32.13.3.rel1.win32_1.0.0.202411081344/tools/bin/../lib/gcc/arm-none-eabi/13.3.1/../../../../arm-none-eabi/lib/thumb/v7e-m+fp/hard\libc_nano.a(libc_a-memchr.o)
                0x080001e0                memchr
 .text          0x08000280      0x378 C:/ST/STM32CubeIDE_1.17.0/STM32CubeIDE/plugins/com.st.stm32cube.ide.mcu.externaltools.gnu-tools-for-stm32.13.3.rel1.win32_1.0.0.202411081344/tools/bin/../lib/gcc/arm-none-eabi/13.3.1/thumb/v7e-m+fp/hard\libgcc.a(_arm_addsubdf3.o)
                0x08000280                __aeabi_drsub
                0x08000288                __aeabi_dsub
                0x08000288                __subdf3
                0x0800028c                __aeabi_dadd
                0x0800028c                __adddf3
                0x08000504                __floatunsidf
                0x08000504                __aeabi_ui2d
                0x08000524                __floatsidf
                0x08000524                __aeabi_i2d
                0x08000548                __aeabi_f2d
                0x08000548                __extendsfdf2
                0x0800058c                __floatundidf
                0x0800058c                __aeabi_ul2d
                0x0800059c                __floatdidf
                0x0800059c                __aeabi_l2d
 .text          0x080005f8      0x424 C:/ST/STM32CubeIDE_1.17.0/STM32CubeIDE/plugins/com.st.stm32cube.ide.mcu.externaltools.gnu-tools-for-stm32.13.3.rel1.win32_1.0.0.202411081344/tools/bin/../lib/gcc/arm-none-eabi/13.3.1/thumb/v7e-m+fp/hard\libgcc.a(_arm_muldivdf3.o)
                0x080005f8                __aeabi_dmul
                0x080005f8                __muldf3
                0x0800084c                __divdf3
                0x0800084c                __aeabi_ddiv
 .text          0x08000a1c      0x110 C:/ST/STM32CubeIDE_1.17.0/STM32CubeIDE/plugins/com.st.stm32cube.ide.mcu.externaltools.gnu-tools-for-stm32.13.3.rel1.win32_1.0.0.202411081344/tools/bin/../lib/gcc/arm-none-eabi/13.3.1/thumb/v7e-m+fp/hard\libgcc.a(_arm_cmpdf2.o)
                0x08000a1c                __gtdf2
                0x08000a1c                __gedf2
                0x08000a24                __ltdf2
                0x08000a24                __ledf2
                0x08000a2c                __nedf2
                0x08000a2c                __eqdf2
                0x08000a2c                __cmpdf2
                0x08000aa8                __aeabi_cdrcmple
                0x08000ab8                __aeabi_cdcmpeq
                0x08000ab8                __aeabi_cdcmple
                0x08000ac8                __aeabi_dcmpeq
                0x08000adc                __aeabi_dcmplt
                0x08000af0                __aeabi_dcmple
                0x08000b04                __aeabi_dcmpge
                0x08000b18                __aeabi_dcmpgt
 .text          0x08000b2c       0x50 C:/ST/STM32CubeIDE_1.17.0/STM32CubeIDE/plugins/com.st.stm32cube.ide.mcu.externaltools.gnu-tools-for-stm32.13.3.rel1.win32_1.0.0.202411081344/tools/bin/../lib/gcc/arm-none-eabi/13.3.1/thumb/v7e-m+fp/hard\libgcc.a(_arm_fixdfsi.o)
                0x08000b2c                __aeabi_d2iz
                0x08000b2c                __fixdfsi
 .text          0x08000b7c       0x30 C:/ST/STM32CubeIDE_1.17.0/STM32CubeIDE/plugins/com.st.stm32cube.ide.mcu.externaltools.gnu-tools-for-stm32.13.3.rel1.win32_1.0.0.202411081344/tools/bin/../lib/gcc/arm-none-eabi/13.3.1/thumb/v7e-m+fp/hard\libgcc.a(_fixdfdi.o)
                0x08000b7c                __fixdfdi
                0x08000b7c                __aeabi_d2lz
 .text          0x08000bac       0x3c C:/ST/STM32CubeIDE_1.17.0/STM32CubeIDE/plugins/com.st.stm32cube.ide.mcu.externaltools.gnu-tools-for-stm32.13.3.rel1.win32_1.0.0.202411081344/tools/bin/../lib/gcc/arm-none-eabi/13.3.1/thumb/v7e-m+fp/hard\libgcc.a(_fixunsdfdi.o)
                0x08000bac                __fixunsdfdi
                0x08000bac                __aeabi_d2ulz
 .text          0x08000be8       0x40 C:/ST/STM32CubeIDE_1.17.0/STM32CubeIDE/plugins/com.st.stm32cube.ide.mcu.externaltools.gnu-tools-for-stm32.13.3.rel1.win32_1.0.0.202411081344/tools/bin/../lib/gcc/arm-none-eabi/13.3.1/thumb/v7e-m+fp/hard\libgcc.a(_arm_fixunsdfsi.o)
                0x08000be8                __aeabi_d2uiz
                0x08000be8                __fixunsdfsi
 *(.text*)
 .text.CRC_Init
                0x08000c28       0x20 ./Drivers/CRC/CRC.o
                0x08000c28                CRC_Init
 .text.CRC_Reset
                0x08000c48       0x20 ./Drivers/CRC/CRC.o
                0x08000c48                CRC_Reset
 .text.CRC_Compute_8Bit_Block
                0x08000c68       0x48 ./Drivers/CRC/CRC.o
                0x08000c68                CRC_Compute_8Bit_Block
 .text.CRC_Compute_Flash_Data
                0x08000cb0       0x3c ./Drivers/CRC/CRC.o
                0x08000cb0                CRC_Compute_Flash_Data
 .text.Console_IRQ
                0x08000cec       0x88 ./Drivers/Console/Console.o
                0x08000cec                Console_IRQ
 .text.Console_Init
                0x08000d74       0x6c ./Drivers/Console/Console.o
                0x08000d74                Console_Init
 .text.printConsole
                0x08000de0       0x48 ./Drivers/Console/Console.o
                0x08000de0                printConsole
 .text.Custom_Console_IRQ
                0x08000e28       0x8c ./Drivers/Custom_RS485_Comm/Custom_RS485_Comm.o
                0x08000e28                Custom_Console_IRQ
 .text.Custom_Comm_Init
                0x08000eb4       0x6c ./Drivers/Custom_RS485_Comm/Custom_RS485_Comm.o
                0x08000eb4                Custom_Comm_Init
 .text.Custom_Comm_Send
                0x08000f20       0x38 ./Drivers/Custom_RS485_Comm/Custom_RS485_Comm.o
                0x08000f20                Custom_Comm_Send
 .text.Custom_Comm_Receive
                0x08000f58       0x90 ./Drivers/Custom_RS485_Comm/Custom_RS485_Comm.o
                0x08000f58                Custom_Comm_Receive
 .text.__NVIC_EnableIRQ
                0x08000fe8       0x3c ./Drivers/DMA/DMA.o
 .text.DMA1_Stream0_IRQHandler
                0x08001024      0x194 ./Drivers/DMA/DMA.o
                0x08001024                DMA1_Stream0_IRQHandler
 .text.DMA1_Stream1_IRQHandler
                0x080011b8      0x194 ./Drivers/DMA/DMA.o
                0x080011b8                DMA1_Stream1_IRQHandler
 .text.DMA1_Stream2_IRQHandler
                0x0800134c      0x1a4 ./Drivers/DMA/DMA.o
                0x0800134c                DMA1_Stream2_IRQHandler
 .text.DMA1_Stream3_IRQHandler
                0x080014f0      0x194 ./Drivers/DMA/DMA.o
                0x080014f0                DMA1_Stream3_IRQHandler
 .text.DMA1_Stream4_IRQHandler
                0x08001684      0x150 ./Drivers/DMA/DMA.o
                0x08001684                DMA1_Stream4_IRQHandler
 .text.DMA1_Stream5_IRQHandler
                0x080017d4      0x150 ./Drivers/DMA/DMA.o
                0x080017d4                DMA1_Stream5_IRQHandler
 .text.DMA1_Stream6_IRQHandler
                0x08001924      0x150 ./Drivers/DMA/DMA.o
                0x08001924                DMA1_Stream6_IRQHandler
 .text.DMA1_Stream7_IRQHandler
                0x08001a74      0x150 ./Drivers/DMA/DMA.o
                0x08001a74                DMA1_Stream7_IRQHandler
 .text.DMA2_Stream0_IRQHandler
                0x08001bc4      0x194 ./Drivers/DMA/DMA.o
                0x08001bc4                DMA2_Stream0_IRQHandler
 .text.DMA2_Stream1_IRQHandler
                0x08001d58      0x150 ./Drivers/DMA/DMA.o
                0x08001d58                DMA2_Stream1_IRQHandler
 .text.DMA2_Stream2_IRQHandler
                0x08001ea8      0x150 ./Drivers/DMA/DMA.o
                0x08001ea8                DMA2_Stream2_IRQHandler
 .text.DMA2_Stream3_IRQHandler
                0x08001ff8      0x194 ./Drivers/DMA/DMA.o
                0x08001ff8                DMA2_Stream3_IRQHandler
 .text.DMA2_Stream4_IRQHandler
                0x0800218c      0x150 ./Drivers/DMA/DMA.o
                0x0800218c                DMA2_Stream4_IRQHandler
 .text.DMA2_Stream5_IRQHandler
                0x080022dc      0x150 ./Drivers/DMA/DMA.o
                0x080022dc                DMA2_Stream5_IRQHandler
 .text.DMA2_Stream6_IRQHandler
                0x0800242c      0x150 ./Drivers/DMA/DMA.o
                0x0800242c                DMA2_Stream6_IRQHandler
 .text.DMA2_Stream7_IRQHandler
                0x0800257c      0x150 ./Drivers/DMA/DMA.o
                0x0800257c                DMA2_Stream7_IRQHandler
 .text.DMA_Clock_Enable
                0x080026cc       0x4c ./Drivers/DMA/DMA.o
                0x080026cc                DMA_Clock_Enable
 .text.DMA_Init
                0x08002718      0x3e4 ./Drivers/DMA/DMA.o
                0x08002718                DMA_Init
 .text.DMA_Set_Target
                0x08002afc       0xbe ./Drivers/DMA/DMA.o
                0x08002afc                DMA_Set_Target
 *fill*         0x08002bba        0x2 
 .text.DMA_Set_Trigger
                0x08002bbc      0x168 ./Drivers/DMA/DMA.o
                0x08002bbc                DMA_Set_Trigger
 .text.DMA_Memory_To_Memory_Transfer
                0x08002d24      0x194 ./Drivers/DMA/DMA.o
                0x08002d24                DMA_Memory_To_Memory_Transfer
 .text.EXTI0_IRQHandler
                0x08002eb8       0x2c ./Drivers/GPIO/GPIO.o
                0x08002eb8                EXTI0_IRQHandler
 .text.EXTI1_IRQHandler
                0x08002ee4       0x2c ./Drivers/GPIO/GPIO.o
                0x08002ee4                EXTI1_IRQHandler
 .text.EXTI2_IRQHandler
                0x08002f10       0x2c ./Drivers/GPIO/GPIO.o
                0x08002f10                EXTI2_IRQHandler
 .text.EXTI3_IRQHandler
                0x08002f3c       0x2c ./Drivers/GPIO/GPIO.o
                0x08002f3c                EXTI3_IRQHandler
 .text.EXTI4_IRQHandler
                0x08002f68       0x2c ./Drivers/GPIO/GPIO.o
                0x08002f68                EXTI4_IRQHandler
 .text.EXTI9_5_IRQHandler
                0x08002f94       0x68 ./Drivers/GPIO/GPIO.o
                0x08002f94                EXTI9_5_IRQHandler
 .text.EXTI15_10_IRQHandler
                0x08002ffc       0x68 ./Drivers/GPIO/GPIO.o
                0x08002ffc                EXTI15_10_IRQHandler
 .text.GPIO_Clock_Enable
                0x08003064       0xec ./Drivers/GPIO/GPIO.o
                0x08003064                GPIO_Clock_Enable
 .text.GPIO_Pin_Init
                0x08003150      0x14e ./Drivers/GPIO/GPIO.o
                0x08003150                GPIO_Pin_Init
 *fill*         0x0800329e        0x2 
 .text.SysTick_Handler
                0x080032a0       0x24 ./Drivers/POST/POST.o
                0x080032a0                SysTick_Handler
 .text.__NVIC_EnableIRQ
                0x080032c4       0x3c ./Drivers/USART/USART.o
 .text.__NVIC_SetPriority
                0x08003300       0x54 ./Drivers/USART/USART.o
 .text.SystemAPB1_Clock_Speed
                0x08003354       0x30 ./Drivers/USART/USART.o
 .text.SystemAPB2_Clock_Speed
                0x08003384       0x30 ./Drivers/USART/USART.o
 .text.separateFractionAndIntegral
                0x080033b4       0x4c ./Drivers/USART/USART.o
 .text.USART1_TX_ISR
                0x08003400       0x18 ./Drivers/USART/USART.o
                0x08003400                USART1_TX_ISR
 .text.USART1_RX_ISR
                0x08003418       0x18 ./Drivers/USART/USART.o
                0x08003418                USART1_RX_ISR
 .text.USART2_TX_ISR
                0x08003430       0x18 ./Drivers/USART/USART.o
                0x08003430                USART2_TX_ISR
 .text.USART2_RX_ISR
                0x08003448       0x18 ./Drivers/USART/USART.o
                0x08003448                USART2_RX_ISR
 .text.USART3_TX_ISR
                0x08003460       0x18 ./Drivers/USART/USART.o
                0x08003460                USART3_TX_ISR
 .text.USART3_RX_ISR
                0x08003478       0x18 ./Drivers/USART/USART.o
                0x08003478                USART3_RX_ISR
 .text.USART4_TX_ISR
                0x08003490       0x18 ./Drivers/USART/USART.o
                0x08003490                USART4_TX_ISR
 .text.USART4_RX_ISR
                0x080034a8       0x18 ./Drivers/USART/USART.o
                0x080034a8                USART4_RX_ISR
 .text.USART5_TX_ISR
                0x080034c0       0x18 ./Drivers/USART/USART.o
                0x080034c0                USART5_TX_ISR
 .text.USART5_RX_ISR
                0x080034d8       0x18 ./Drivers/USART/USART.o
                0x080034d8                USART5_RX_ISR
 .text.USART6_TX_ISR
                0x080034f0       0x18 ./Drivers/USART/USART.o
                0x080034f0                USART6_TX_ISR
 .text.USART6_RX_ISR
                0x08003508       0x18 ./Drivers/USART/USART.o
                0x08003508                USART6_RX_ISR
 .text.UART4_IRQHandler
                0x08003520      0x170 ./Drivers/USART/USART.o
                0x08003520                UART4_IRQHandler
 .text.USART1_IRQHandler
                0x08003690      0x170 ./Drivers/USART/USART.o
                0x08003690                USART1_IRQHandler
 .text.USART_Get_Instance_Number
                0x08003800       0x84 ./Drivers/USART/USART.o
                0x08003800                USART_Get_Instance_Number
 .text.USART_Config_Reset
                0x08003884       0x3c ./Drivers/USART/USART.o
                0x08003884                USART_Config_Reset
 .text.USART_Clock_Enable
                0x080038c0       0xc8 ./Drivers/USART/USART.o
                0x080038c0                USART_Clock_Enable
 .text.PIN_Setup
                0x08003988      0xb78 ./Drivers/USART/USART.o
 .text.USART_Init
                0x08004500      0x8c4 ./Drivers/USART/USART.o
                0x08004500                USART_Init
 .text.USART_TX_Buffer
                0x08004dc4      0x220 ./Drivers/USART/USART.o
                0x08004dc4                USART_TX_Buffer
 .text.USART_RX_Buffer
                0x08004fe4      0x244 ./Drivers/USART/USART.o
                0x08004fe4                USART_RX_Buffer
 .text.USART_TX_Single_Byte
                0x08005228       0x32 ./Drivers/USART/USART.o
                0x08005228                USART_TX_Single_Byte
 *fill*         0x0800525a        0x2 
 .text.__NVIC_SetPriority
                0x0800525c       0x54 ./Src/main.o
 .text.__NVIC_SystemReset
                0x080052b0       0x2c ./Src/main.o
 .text.SysTick_Config
                0x080052dc       0x44 ./Src/main.o
 .text.MCU_Clock_Setup
                0x08005320      0x124 ./Src/main.o
 .text.MCU_Clock_DeInit
                0x08005444       0x60 ./Src/main.o
 .text.Delay_Config
                0x080054a4       0x30 ./Src/main.o
 .text.Delay_ms
                0x080054d4       0x50 ./Src/main.o
 .text.Delay_milli
                0x08005524       0x44 ./Src/main.o
 .text.Delay_s  0x08005568       0x32 ./Src/main.o
 *fill*         0x0800559a        0x2 
 .text.Systick_DeInit
                0x0800559c       0x34 ./Src/main.o
 .text.GPIO_Pin_Toggle
                0x080055d0       0x28 ./Src/main.o
 .text.Validate_And_Execute_Command
                0x080055f8       0xe8 ./Src/main.o
                0x080055f8                Validate_And_Execute_Command
 .text.Bootloader
                0x080056e0       0x60 ./Src/main.o
                0x080056e0                Bootloader
 .text.main     0x08005740      0x168 ./Src/main.o
                0x08005740                main
 .text.Connect_Device_Func
                0x080058a8       0xbc ./Src/main.o
                0x080058a8                Connect_Device_Func
 .text.Disconnect_Device_Func
                0x08005964       0xa0 ./Src/main.o
                0x08005964                Disconnect_Device_Func
 .text.Write_Firmware_Func
                0x08005a04       0xa0 ./Src/main.o
                0x08005a04                Write_Firmware_Func
 .text.Read_Firmware_Func
                0x08005aa4       0xa0 ./Src/main.o
                0x08005aa4                Read_Firmware_Func
 .text.Erase_Firmware_Func
                0x08005b44       0xa0 ./Src/main.o
                0x08005b44                Erase_Firmware_Func
 .text.Reboot_MCU_Func
                0x08005be4       0x9c ./Src/main.o
                0x08005be4                Reboot_MCU_Func
 .text._sbrk    0x08005c80       0x6c ./Src/sysmem.o
                0x08005c80                _sbrk
 .text.SystemInit
                0x08005cec       0x24 ./Src/system_stm32f4xx.o
                0x08005cec                SystemInit
 .text.SystemCoreClockUpdate
                0x08005d10      0x100 ./Src/system_stm32f4xx.o
                0x08005d10                SystemCoreClockUpdate
 .text.Reset_Handler
                0x08005e10       0x50 ./Startup/startup_stm32f407vgtx.o
                0x08005e10                Reset_Handler
 .text.Default_Handler
                0x08005e60        0x2 ./Startup/startup_stm32f407vgtx.o
                0x08005e60                RTC_Alarm_IRQHandler
                0x08005e60                HASH_RNG_IRQHandler
                0x08005e60                TIM8_CC_IRQHandler
                0x08005e60                DebugMon_Handler
                0x08005e60                TIM1_CC_IRQHandler
                0x08005e60                HardFault_Handler
                0x08005e60                PVD_IRQHandler
                0x08005e60                SDIO_IRQHandler
                0x08005e60                TAMP_STAMP_IRQHandler
                0x08005e60                PendSV_Handler
                0x08005e60                NMI_Handler
                0x08005e60                CAN2_RX1_IRQHandler
                0x08005e60                TIM8_TRG_COM_TIM14_IRQHandler
                0x08005e60                TIM1_UP_TIM10_IRQHandler
                0x08005e60                TIM8_UP_TIM13_IRQHandler
                0x08005e60                I2C3_ER_IRQHandler
                0x08005e60                I2C2_EV_IRQHandler
                0x08005e60                CAN1_RX0_IRQHandler
                0x08005e60                FPU_IRQHandler
                0x08005e60                OTG_HS_WKUP_IRQHandler
                0x08005e60                UsageFault_Handler
                0x08005e60                CAN2_SCE_IRQHandler
                0x08005e60                SPI1_IRQHandler
                0x08005e60                TIM6_DAC_IRQHandler
                0x08005e60                TIM1_BRK_TIM9_IRQHandler
                0x08005e60                DCMI_IRQHandler
                0x08005e60                CAN2_RX0_IRQHandler
                0x08005e60                USART6_IRQHandler
                0x08005e60                USART3_IRQHandler
                0x08005e60                CRYP_IRQHandler
                0x08005e60                CAN1_RX1_IRQHandler
                0x08005e60                UART5_IRQHandler
                0x08005e60                TIM4_IRQHandler
                0x08005e60                I2C1_EV_IRQHandler
                0x08005e60                TIM3_IRQHandler
                0x08005e60                RCC_IRQHandler
                0x08005e60                TIM8_BRK_TIM12_IRQHandler
                0x08005e60                Default_Handler
                0x08005e60                ADC_IRQHandler
                0x08005e60                TIM7_IRQHandler
                0x08005e60                CAN2_TX_IRQHandler
                0x08005e60                TIM5_IRQHandler
                0x08005e60                I2C3_EV_IRQHandler
                0x08005e60                RTC_WKUP_IRQHandler
                0x08005e60                ETH_WKUP_IRQHandler
                0x08005e60                SPI2_IRQHandler
                0x08005e60                OTG_HS_EP1_IN_IRQHandler
                0x08005e60                MemManage_Handler
                0x08005e60                CAN1_TX_IRQHandler
                0x08005e60                SVC_Handler
                0x08005e60                FSMC_IRQHandler
                0x08005e60                ETH_IRQHandler
                0x08005e60                OTG_HS_EP1_OUT_IRQHandler
                0x08005e60                WWDG_IRQHandler
                0x08005e60                TIM2_IRQHandler
                0x08005e60                OTG_FS_WKUP_IRQHandler
                0x08005e60                TIM1_TRG_COM_TIM11_IRQHandler
                0x08005e60                OTG_HS_IRQHandler
                0x08005e60                USART2_IRQHandler
                0x08005e60                I2C2_ER_IRQHandler
                0x08005e60                CAN1_SCE_IRQHandler
                0x08005e60                BusFault_Handler
                0x08005e60                OTG_FS_IRQHandler
                0x08005e60                SPI3_IRQHandler
                0x08005e60                I2C1_ER_IRQHandler
 .text._vsnprintf_r
                0x08005e62       0x5c C:/ST/STM32CubeIDE_1.17.0/STM32CubeIDE/plugins/com.st.stm32cube.ide.mcu.externaltools.gnu-tools-for-stm32.13.3.rel1.win32_1.0.0.202411081344/tools/bin/../lib/gcc/arm-none-eabi/13.3.1/../../../../arm-none-eabi/lib/thumb/v7e-m+fp/hard\libc_nano.a(libc_a-vsnprintf.o)
                0x08005e62                _vsniprintf_r
                0x08005e62                _vsnprintf_r
 *fill*         0x08005ebe        0x2 
 .text.vsnprintf
                0x08005ec0       0x1c C:/ST/STM32CubeIDE_1.17.0/STM32CubeIDE/plugins/com.st.stm32cube.ide.mcu.externaltools.gnu-tools-for-stm32.13.3.rel1.win32_1.0.0.202411081344/tools/bin/../lib/gcc/arm-none-eabi/13.3.1/../../../../arm-none-eabi/lib/thumb/v7e-m+fp/hard\libc_nano.a(libc_a-vsnprintf.o)
                0x08005ec0                vsniprintf
                0x08005ec0                vsnprintf
 .text.__errno  0x08005edc        0xc C:/ST/STM32CubeIDE_1.17.0/STM32CubeIDE/plugins/com.st.stm32cube.ide.mcu.externaltools.gnu-tools-for-stm32.13.3.rel1.win32_1.0.0.202411081344/tools/bin/../lib/gcc/arm-none-eabi/13.3.1/../../../../arm-none-eabi/lib/thumb/v7e-m+fp/hard\libc_nano.a(libc_a-errno.o)
                0x08005edc                __errno
 .text.__libc_init_array
                0x08005ee8       0x48 C:/ST/STM32CubeIDE_1.17.0/STM32CubeIDE/plugins/com.st.stm32cube.ide.mcu.externaltools.gnu-tools-for-stm32.13.3.rel1.win32_1.0.0.202411081344/tools/bin/../lib/gcc/arm-none-eabi/13.3.1/../../../../arm-none-eabi/lib/thumb/v7e-m+fp/hard\libc_nano.a(libc_a-init.o)
                0x08005ee8                __libc_init_array
 .text.__retarget_lock_acquire_recursive
                0x08005f30        0x2 C:/ST/STM32CubeIDE_1.17.0/STM32CubeIDE/plugins/com.st.stm32cube.ide.mcu.externaltools.gnu-tools-for-stm32.13.3.rel1.win32_1.0.0.202411081344/tools/bin/../lib/gcc/arm-none-eabi/13.3.1/../../../../arm-none-eabi/lib/thumb/v7e-m+fp/hard\libc_nano.a(libc_a-lock.o)
                0x08005f30                __retarget_lock_acquire_recursive
 .text.__retarget_lock_release_recursive
                0x08005f32        0x2 C:/ST/STM32CubeIDE_1.17.0/STM32CubeIDE/plugins/com.st.stm32cube.ide.mcu.externaltools.gnu-tools-for-stm32.13.3.rel1.win32_1.0.0.202411081344/tools/bin/../lib/gcc/arm-none-eabi/13.3.1/../../../../arm-none-eabi/lib/thumb/v7e-m+fp/hard\libc_nano.a(libc_a-lock.o)
                0x08005f32                __retarget_lock_release_recursive
 .text.memcpy   0x08005f34       0x1c C:/ST/STM32CubeIDE_1.17.0/STM32CubeIDE/plugins/com.st.stm32cube.ide.mcu.externaltools.gnu-tools-for-stm32.13.3.rel1.win32_1.0.0.202411081344/tools/bin/../lib/gcc/arm-none-eabi/13.3.1/../../../../arm-none-eabi/lib/thumb/v7e-m+fp/hard\libc_nano.a(libc_a-memcpy-stub.o)
                0x08005f34                memcpy
 .text._free_r  0x08005f50       0x94 C:/ST/STM32CubeIDE_1.17.0/STM32CubeIDE/plugins/com.st.stm32cube.ide.mcu.externaltools.gnu-tools-for-stm32.13.3.rel1.win32_1.0.0.202411081344/tools/bin/../lib/gcc/arm-none-eabi/13.3.1/../../../../arm-none-eabi/lib/thumb/v7e-m+fp/hard\libc_nano.a(libc_a-freer.o)
                0x08005f50                _free_r
 .text.sbrk_aligned
                0x08005fe4       0x44 C:/ST/STM32CubeIDE_1.17.0/STM32CubeIDE/plugins/com.st.stm32cube.ide.mcu.externaltools.gnu-tools-for-stm32.13.3.rel1.win32_1.0.0.202411081344/tools/bin/../lib/gcc/arm-none-eabi/13.3.1/../../../../arm-none-eabi/lib/thumb/v7e-m+fp/hard\libc_nano.a(libc_a-mallocr.o)
 .text._malloc_r
                0x08006028      0x100 C:/ST/STM32CubeIDE_1.17.0/STM32CubeIDE/plugins/com.st.stm32cube.ide.mcu.externaltools.gnu-tools-for-stm32.13.3.rel1.win32_1.0.0.202411081344/tools/bin/../lib/gcc/arm-none-eabi/13.3.1/../../../../arm-none-eabi/lib/thumb/v7e-m+fp/hard\libc_nano.a(libc_a-mallocr.o)
                0x08006028                _malloc_r
 .text.__malloc_lock
                0x08006128        0xc C:/ST/STM32CubeIDE_1.17.0/STM32CubeIDE/plugins/com.st.stm32cube.ide.mcu.externaltools.gnu-tools-for-stm32.13.3.rel1.win32_1.0.0.202411081344/tools/bin/../lib/gcc/arm-none-eabi/13.3.1/../../../../arm-none-eabi/lib/thumb/v7e-m+fp/hard\libc_nano.a(libc_a-mlock.o)
                0x08006128                __malloc_lock
 .text.__malloc_unlock
                0x08006134        0xc C:/ST/STM32CubeIDE_1.17.0/STM32CubeIDE/plugins/com.st.stm32cube.ide.mcu.externaltools.gnu-tools-for-stm32.13.3.rel1.win32_1.0.0.202411081344/tools/bin/../lib/gcc/arm-none-eabi/13.3.1/../../../../arm-none-eabi/lib/thumb/v7e-m+fp/hard\libc_nano.a(libc_a-mlock.o)
                0x08006134                __malloc_unlock
 .text.__ssputs_r
                0x08006140       0xb6 C:/ST/STM32CubeIDE_1.17.0/STM32CubeIDE/plugins/com.st.stm32cube.ide.mcu.externaltools.gnu-tools-for-stm32.13.3.rel1.win32_1.0.0.202411081344/tools/bin/../lib/gcc/arm-none-eabi/13.3.1/../../../../arm-none-eabi/lib/thumb/v7e-m+fp/hard\libc_nano.a(libc_a-nano-svfprintf.o)
                0x08006140                __ssputs_r
 *fill*         0x080061f6        0x2 
 .text._svfprintf_r
                0x080061f8      0x1f8 C:/ST/STM32CubeIDE_1.17.0/STM32CubeIDE/plugins/com.st.stm32cube.ide.mcu.externaltools.gnu-tools-for-stm32.13.3.rel1.win32_1.0.0.202411081344/tools/bin/../lib/gcc/arm-none-eabi/13.3.1/../../../../arm-none-eabi/lib/thumb/v7e-m+fp/hard\libc_nano.a(libc_a-nano-svfprintf.o)
                0x080061f8                _svfiprintf_r
                0x080061f8                _svfprintf_r
 .text._printf_common
                0x080063f0       0xda C:/ST/STM32CubeIDE_1.17.0/STM32CubeIDE/plugins/com.st.stm32cube.ide.mcu.externaltools.gnu-tools-for-stm32.13.3.rel1.win32_1.0.0.202411081344/tools/bin/../lib/gcc/arm-none-eabi/13.3.1/../../../../arm-none-eabi/lib/thumb/v7e-m+fp/hard\libc_nano.a(libc_a-nano-vfprintf_i.o)
                0x080063f0                _printf_common
 *fill*         0x080064ca        0x2 
 .text._printf_i
                0x080064cc      0x23c C:/ST/STM32CubeIDE_1.17.0/STM32CubeIDE/plugins/com.st.stm32cube.ide.mcu.externaltools.gnu-tools-for-stm32.13.3.rel1.win32_1.0.0.202411081344/tools/bin/../lib/gcc/arm-none-eabi/13.3.1/../../../../arm-none-eabi/lib/thumb/v7e-m+fp/hard\libc_nano.a(libc_a-nano-vfprintf_i.o)
                0x080064cc                _printf_i
 .text.memmove  0x08006708       0x34 C:/ST/STM32CubeIDE_1.17.0/STM32CubeIDE/plugins/com.st.stm32cube.ide.mcu.externaltools.gnu-tools-for-stm32.13.3.rel1.win32_1.0.0.202411081344/tools/bin/../lib/gcc/arm-none-eabi/13.3.1/../../../../arm-none-eabi/lib/thumb/v7e-m+fp/hard\libc_nano.a(libc_a-memmove.o)
                0x08006708                memmove
 .text._sbrk_r  0x0800673c       0x20 C:/ST/STM32CubeIDE_1.17.0/STM32CubeIDE/plugins/com.st.stm32cube.ide.mcu.externaltools.gnu-tools-for-stm32.13.3.rel1.win32_1.0.0.202411081344/tools/bin/../lib/gcc/arm-none-eabi/13.3.1/../../../../arm-none-eabi/lib/thumb/v7e-m+fp/hard\libc_nano.a(libc_a-sbrkr.o)
                0x0800673c                _sbrk_r
 .text._realloc_r
                0x0800675c       0x5c C:/ST/STM32CubeIDE_1.17.0/STM32CubeIDE/plugins/com.st.stm32cube.ide.mcu.externaltools.gnu-tools-for-stm32.13.3.rel1.win32_1.0.0.202411081344/tools/bin/../lib/gcc/arm-none-eabi/13.3.1/../../../../arm-none-eabi/lib/thumb/v7e-m+fp/hard\libc_nano.a(libc_a-reallocr.o)
                0x0800675c                _realloc_r
 .text._malloc_usable_size_r
                0x080067b8       0x10 C:/ST/STM32CubeIDE_1.17.0/STM32CubeIDE/plugins/com.st.stm32cube.ide.mcu.externaltools.gnu-tools-for-stm32.13.3.rel1.win32_1.0.0.202411081344/tools/bin/../lib/gcc/arm-none-eabi/13.3.1/../../../../arm-none-eabi/lib/thumb/v7e-m+fp/hard\libc_nano.a(libc_a-msizer.o)
                0x080067b8                _malloc_usable_size_r
 .text.ceil     0x080067c8       0xf8 C:/ST/STM32CubeIDE_1.17.0/STM32CubeIDE/plugins/com.st.stm32cube.ide.mcu.externaltools.gnu-tools-for-stm32.13.3.rel1.win32_1.0.0.202411081344/tools/bin/../lib/gcc/arm-none-eabi/13.3.1/../../../../arm-none-eabi/lib/thumb/v7e-m+fp/hard\libm.a(libm_a-s_ceil.o)
                0x080067c8                ceil
 *(.glue_7)
 .glue_7        0x080068c0        0x0 linker stubs
 *(.glue_7t)
 .glue_7t       0x080068c0        0x0 linker stubs
 *(.eh_frame)
 .eh_frame      0x080068c0        0x0 C:/ST/STM32CubeIDE_1.17.0/STM32CubeIDE/plugins/com.st.stm32cube.ide.mcu.externaltools.gnu-tools-for-stm32.13.3.rel1.win32_1.0.0.202411081344/tools/bin/../lib/gcc/arm-none-eabi/13.3.1/thumb/v7e-m+fp/hard/crtbegin.o
 *(.init)
 .init          0x080068c0        0x4 C:/ST/STM32CubeIDE_1.17.0/STM32CubeIDE/plugins/com.st.stm32cube.ide.mcu.externaltools.gnu-tools-for-stm32.13.3.rel1.win32_1.0.0.202411081344/tools/bin/../lib/gcc/arm-none-eabi/13.3.1/thumb/v7e-m+fp/hard/crti.o
                0x080068c0                _init
 .init          0x080068c4        0x8 C:/ST/STM32CubeIDE_1.17.0/STM32CubeIDE/plugins/com.st.stm32cube.ide.mcu.externaltools.gnu-tools-for-stm32.13.3.rel1.win32_1.0.0.202411081344/tools/bin/../lib/gcc/arm-none-eabi/13.3.1/thumb/v7e-m+fp/hard/crtn.o
 *(.fini)
 .fini          0x080068cc        0x4 C:/ST/STM32CubeIDE_1.17.0/STM32CubeIDE/plugins/com.st.stm32cube.ide.mcu.externaltools.gnu-tools-for-stm32.13.3.rel1.win32_1.0.0.202411081344/tools/bin/../lib/gcc/arm-none-eabi/13.3.1/thumb/v7e-m+fp/hard/crti.o
                0x080068cc                _fini
 .fini          0x080068d0        0x8 C:/ST/STM32CubeIDE_1.17.0/STM32CubeIDE/plugins/com.st.stm32cube.ide.mcu.externaltools.gnu-tools-for-stm32.13.3.rel1.win32_1.0.0.202411081344/tools/bin/../lib/gcc/arm-none-eabi/13.3.1/thumb/v7e-m+fp/hard/crtn.o
                0x080068d8                        . = ALIGN (0x4)
                0x080068d8                        _etext = .

.vfp11_veneer   0x080068d8        0x0
 .vfp11_veneer  0x080068d8        0x0 linker stubs

.v4_bx          0x080068d8        0x0
 .v4_bx         0x080068d8        0x0 linker stubs

.iplt           0x080068d8        0x0
 .iplt          0x080068d8        0x0 C:/ST/STM32CubeIDE_1.17.0/STM32CubeIDE/plugins/com.st.stm32cube.ide.mcu.externaltools.gnu-tools-for-stm32.13.3.rel1.win32_1.0.0.202411081344/tools/bin/../lib/gcc/arm-none-eabi/13.3.1/thumb/v7e-m+fp/hard/crtbegin.o

.app_section    0x08010000        0x0
                0x08010000                        . = ALIGN (0x4)
                0x08010000                        __app_section_start__ = .
 *(.app_section*)
                0x08010000                        __app_section_end__ = .

.rodata         0x080068d8      0x4d4
                0x080068d8                        . = ALIGN (0x4)
 *(.rodata)
 .rodata        0x080068d8       0x46 ./Src/main.o
 *(.rodata*)
 *fill*         0x0800691e        0x2 
 .rodata.LIFCR_Shifts.1
                0x08006920        0x4 ./Drivers/DMA/DMA.o
 .rodata.HIFCR_Shifts.0
                0x08006924        0x4 ./Drivers/DMA/DMA.o
 .rodata.DMA_Configuration
                0x08006928      0x404 ./Drivers/USART/USART.o
 .rodata.command_table
                0x08006d2c       0x30 ./Src/main.o
                0x08006d2c                command_table
 .rodata.buffer1
                0x08006d5c        0x3 ./Src/main.o
                0x08006d5c                buffer1
 *fill*         0x08006d5f        0x1 
 .rodata.AHBPrescTable
                0x08006d60       0x10 ./Src/system_stm32f4xx.o
                0x08006d60                AHBPrescTable
 .rodata.APBPrescTable
                0x08006d70        0x8 ./Src/system_stm32f4xx.o
                0x08006d70                APBPrescTable
 .rodata._svfprintf_r.str1.1
                0x08006d78       0x33 C:/ST/STM32CubeIDE_1.17.0/STM32CubeIDE/plugins/com.st.stm32cube.ide.mcu.externaltools.gnu-tools-for-stm32.13.3.rel1.win32_1.0.0.202411081344/tools/bin/../lib/gcc/arm-none-eabi/13.3.1/../../../../arm-none-eabi/lib/thumb/v7e-m+fp/hard\libc_nano.a(libc_a-nano-svfprintf.o)
                                 0x11 (size before relaxing)
 .rodata._printf_i.str1.1
                0x08006dab       0x22 C:/ST/STM32CubeIDE_1.17.0/STM32CubeIDE/plugins/com.st.stm32cube.ide.mcu.externaltools.gnu-tools-for-stm32.13.3.rel1.win32_1.0.0.202411081344/tools/bin/../lib/gcc/arm-none-eabi/13.3.1/../../../../arm-none-eabi/lib/thumb/v7e-m+fp/hard\libc_nano.a(libc_a-nano-vfprintf_i.o)
                0x08006dd0                        . = ALIGN (0x4)
 *fill*         0x08006dab        0x1 

.ARM.extab      0x08006dac        0x0
                0x08006dac                        . = ALIGN (0x4)
 *(.ARM.extab* .gnu.linkonce.armextab.*)
                0x08006dac                        . = ALIGN (0x4)

.ARM            0x08006dac        0x8
                0x08006dac                        . = ALIGN (0x4)
                0x08006dac                        __exidx_start = .
 *(.ARM.exidx*)
 .ARM.exidx     0x08006dac        0x8 C:/ST/STM32CubeIDE_1.17.0/STM32CubeIDE/plugins/com.st.stm32cube.ide.mcu.externaltools.gnu-tools-for-stm32.13.3.rel1.win32_1.0.0.202411081344/tools/bin/../lib/gcc/arm-none-eabi/13.3.1/../../../../arm-none-eabi/lib/thumb/v7e-m+fp/hard\libc_nano.a(libc_a-strlen.o)
 .ARM.exidx     0x08006db4        0x0 C:/ST/STM32CubeIDE_1.17.0/STM32CubeIDE/plugins/com.st.stm32cube.ide.mcu.externaltools.gnu-tools-for-stm32.13.3.rel1.win32_1.0.0.202411081344/tools/bin/../lib/gcc/arm-none-eabi/13.3.1/../../../../arm-none-eabi/lib/thumb/v7e-m+fp/hard\libc_nano.a(libc_a-memchr.o)
                                  0x8 (size before relaxing)
                0x08006db4                        __exidx_end = .
                0x08006db4                        . = ALIGN (0x4)

.preinit_array  0x08006db4        0x0
                0x08006db4                        . = ALIGN (0x4)
                0x08006db4                        PROVIDE (__preinit_array_start = .)
 *(.preinit_array*)
                0x08006db4                        PROVIDE (__preinit_array_end = .)
                0x08006db4                        . = ALIGN (0x4)

.init_array     0x08006db4        0x4
                0x08006db4                        . = ALIGN (0x4)
                0x08006db4                        PROVIDE (__init_array_start = .)
 *(SORT_BY_NAME(.init_array.*))
 *(.init_array*)
 .init_array    0x08006db4        0x4 C:/ST/STM32CubeIDE_1.17.0/STM32CubeIDE/plugins/com.st.stm32cube.ide.mcu.externaltools.gnu-tools-for-stm32.13.3.rel1.win32_1.0.0.202411081344/tools/bin/../lib/gcc/arm-none-eabi/13.3.1/thumb/v7e-m+fp/hard/crtbegin.o
                0x08006db8                        PROVIDE (__init_array_end = .)
                0x08006db8                        . = ALIGN (0x4)

.fini_array     0x08006db8        0x4
                0x08006db8                        . = ALIGN (0x4)
                [!provide]                        PROVIDE (__fini_array_start = .)
 *(SORT_BY_NAME(.fini_array.*))
 *(.fini_array*)
 .fini_array    0x08006db8        0x4 C:/ST/STM32CubeIDE_1.17.0/STM32CubeIDE/plugins/com.st.stm32cube.ide.mcu.externaltools.gnu-tools-for-stm32.13.3.rel1.win32_1.0.0.202411081344/tools/bin/../lib/gcc/arm-none-eabi/13.3.1/thumb/v7e-m+fp/hard/crtbegin.o
                [!provide]                        PROVIDE (__fini_array_end = .)
                0x08006dbc                        . = ALIGN (0x4)
                0x08006dbc                        _sidata = LOADADDR (.data)

.rel.dyn        0x08006dbc        0x0
 .rel.iplt      0x08006dbc        0x0 C:/ST/STM32CubeIDE_1.17.0/STM32CubeIDE/plugins/com.st.stm32cube.ide.mcu.externaltools.gnu-tools-for-stm32.13.3.rel1.win32_1.0.0.202411081344/tools/bin/../lib/gcc/arm-none-eabi/13.3.1/thumb/v7e-m+fp/hard/crtbegin.o

.data           0x20000000       0x54 load address 0x08006dbc
                0x20000000                        . = ALIGN (0x4)
                0x20000000                        _sdata = .
 *(.data)
 *(.data*)
 .data.SystemCoreClock
                0x20000000        0x4 ./Src/system_stm32f4xx.o
                0x20000000                SystemCoreClock
 .data._impure_ptr
                0x20000004        0x4 C:/ST/STM32CubeIDE_1.17.0/STM32CubeIDE/plugins/com.st.stm32cube.ide.mcu.externaltools.gnu-tools-for-stm32.13.3.rel1.win32_1.0.0.202411081344/tools/bin/../lib/gcc/arm-none-eabi/13.3.1/../../../../arm-none-eabi/lib/thumb/v7e-m+fp/hard\libc_nano.a(libc_a-impure.o)
                0x20000004                _impure_ptr
 .data._impure_data
                0x20000008       0x4c C:/ST/STM32CubeIDE_1.17.0/STM32CubeIDE/plugins/com.st.stm32cube.ide.mcu.externaltools.gnu-tools-for-stm32.13.3.rel1.win32_1.0.0.202411081344/tools/bin/../lib/gcc/arm-none-eabi/13.3.1/../../../../arm-none-eabi/lib/thumb/v7e-m+fp/hard\libc_nano.a(libc_a-impure.o)
                0x20000008                _impure_data
 *(.RamFunc)
 *(.RamFunc*)
                0x20000054                        . = ALIGN (0x4)
                0x20000054                        _edata = .
                0x08006e10                        _siccmram = LOADADDR (.ccmram)

.igot.plt       0x20000054        0x0 load address 0x08006e10
 .igot.plt      0x20000054        0x0 C:/ST/STM32CubeIDE_1.17.0/STM32CubeIDE/plugins/com.st.stm32cube.ide.mcu.externaltools.gnu-tools-for-stm32.13.3.rel1.win32_1.0.0.202411081344/tools/bin/../lib/gcc/arm-none-eabi/13.3.1/thumb/v7e-m+fp/hard/crtbegin.o

.ccmram         0x10000000        0x0 load address 0x08006e10
                0x10000000                        . = ALIGN (0x4)
                0x10000000                        _sccmram = .
 *(.ccmram)
 *(.ccmram*)
                0x10000000                        . = ALIGN (0x4)
                0x10000000                        _eccmram = .
                0x10000000                        . = ALIGN (0x4)

.bss            0x20000054      0xaf4
                0x20000054                        _sbss = .
                0x20000054                        __bss_start__ = _sbss
 *(.bss)
 .bss           0x20000054       0x1c C:/ST/STM32CubeIDE_1.17.0/STM32CubeIDE/plugins/com.st.stm32cube.ide.mcu.externaltools.gnu-tools-for-stm32.13.3.rel1.win32_1.0.0.202411081344/tools/bin/../lib/gcc/arm-none-eabi/13.3.1/thumb/v7e-m+fp/hard/crtbegin.o
 *(.bss*)
 .bss.rx_get_flag
                0x20000070        0x4 ./Drivers/Console/Console.o
                0x20000070                rx_get_flag
 .bss.rx_flag   0x20000074        0x4 ./Drivers/Console/Console.o
                0x20000074                rx_flag
 .bss.RX_Length
                0x20000078        0x4 ./Drivers/Console/Console.o
                0x20000078                RX_Length
 .bss.TRX_Buffer
                0x2000007c       0xc8 ./Drivers/Console/Console.o
                0x2000007c                TRX_Buffer
 .bss.serial    0x20000144       0xe4 ./Drivers/Console/Console.o
                0x20000144                serial
 .bss.custom_rx_get_flag
                0x20000228        0x4 ./Drivers/Custom_RS485_Comm/Custom_RS485_Comm.o
                0x20000228                custom_rx_get_flag
 .bss.custom_rx_flag
                0x2000022c        0x4 ./Drivers/Custom_RS485_Comm/Custom_RS485_Comm.o
                0x2000022c                custom_rx_flag
 .bss.Custom_RX_Length
                0x20000230        0x4 ./Drivers/Custom_RS485_Comm/Custom_RS485_Comm.o
                0x20000230                Custom_RX_Length
 .bss.Custom_TRX_Buffer
                0x20000234      0x100 ./Drivers/Custom_RS485_Comm/Custom_RS485_Comm.o
                0x20000234                Custom_TRX_Buffer
 .bss.Custom_Comm
                0x20000334       0xe4 ./Drivers/Custom_RS485_Comm/Custom_RS485_Comm.o
                0x20000334                Custom_Comm
 .bss.__DMA1_Stream0_Config__
                0x20000418        0x4 ./Drivers/DMA/DMA.o
                0x20000418                __DMA1_Stream0_Config__
 .bss.__DMA1_Stream1_Config__
                0x2000041c        0x4 ./Drivers/DMA/DMA.o
                0x2000041c                __DMA1_Stream1_Config__
 .bss.__DMA1_Stream2_Config__
                0x20000420        0x4 ./Drivers/DMA/DMA.o
                0x20000420                __DMA1_Stream2_Config__
 .bss.__DMA1_Stream3_Config__
                0x20000424        0x4 ./Drivers/DMA/DMA.o
                0x20000424                __DMA1_Stream3_Config__
 .bss.__DMA1_Stream4_Config__
                0x20000428        0x4 ./Drivers/DMA/DMA.o
                0x20000428                __DMA1_Stream4_Config__
 .bss.__DMA1_Stream5_Config__
                0x2000042c        0x4 ./Drivers/DMA/DMA.o
                0x2000042c                __DMA1_Stream5_Config__
 .bss.__DMA1_Stream6_Config__
                0x20000430        0x4 ./Drivers/DMA/DMA.o
                0x20000430                __DMA1_Stream6_Config__
 .bss.__DMA1_Stream7_Config__
                0x20000434        0x4 ./Drivers/DMA/DMA.o
                0x20000434                __DMA1_Stream7_Config__
 .bss.__DMA2_Stream0_Config__
                0x20000438        0x4 ./Drivers/DMA/DMA.o
                0x20000438                __DMA2_Stream0_Config__
 .bss.__DMA2_Stream1_Config__
                0x2000043c        0x4 ./Drivers/DMA/DMA.o
                0x2000043c                __DMA2_Stream1_Config__
 .bss.__DMA2_Stream2_Config__
                0x20000440        0x4 ./Drivers/DMA/DMA.o
                0x20000440                __DMA2_Stream2_Config__
 .bss.__DMA2_Stream3_Config__
                0x20000444        0x4 ./Drivers/DMA/DMA.o
                0x20000444                __DMA2_Stream3_Config__
 .bss.__DMA2_Stream4_Config__
                0x20000448        0x4 ./Drivers/DMA/DMA.o
                0x20000448                __DMA2_Stream4_Config__
 .bss.__DMA2_Stream5_Config__
                0x2000044c        0x4 ./Drivers/DMA/DMA.o
                0x2000044c                __DMA2_Stream5_Config__
 .bss.__DMA2_Stream6_Config__
                0x20000450        0x4 ./Drivers/DMA/DMA.o
                0x20000450                __DMA2_Stream6_Config__
 .bss.__DMA2_Stream7_Config__
                0x20000454        0x4 ./Drivers/DMA/DMA.o
                0x20000454                __DMA2_Stream7_Config__
 .bss.DMA_LISR  0x20000458        0x4 ./Drivers/DMA/DMA.o
                0x20000458                DMA_LISR
 .bss.DMA_HISR  0x2000045c        0x4 ./Drivers/DMA/DMA.o
                0x2000045c                DMA_HISR
 .bss.EXTI_ISR  0x20000460       0x40 ./Drivers/GPIO/GPIO.o
                0x20000460                EXTI_ISR
 .bss.systick_flag
                0x200004a0        0x1 ./Drivers/POST/POST.o
                0x200004a0                systick_flag
 *fill*         0x200004a1        0x3 
 .bss.xUSART_RX
                0x200004a4      0x210 ./Drivers/USART/USART.o
                0x200004a4                xUSART_RX
 .bss.xUSART_TX
                0x200006b4      0x210 ./Drivers/USART/USART.o
                0x200006b4                xUSART_TX
 .bss.usart_dma_instance_number
                0x200008c4        0x1 ./Drivers/USART/USART.o
                0x200008c4                usart_dma_instance_number
 *fill*         0x200008c5        0x3 
 .bss.__usart_1_config__
                0x200008c8        0x4 ./Drivers/USART/USART.o
                0x200008c8                __usart_1_config__
 .bss.__usart_2_config__
                0x200008cc        0x4 ./Drivers/USART/USART.o
                0x200008cc                __usart_2_config__
 .bss.__usart_3_config__
                0x200008d0        0x4 ./Drivers/USART/USART.o
                0x200008d0                __usart_3_config__
 .bss.__usart_4_config__
                0x200008d4        0x4 ./Drivers/USART/USART.o
                0x200008d4                __usart_4_config__
 .bss.__usart_5_config__
                0x200008d8        0x4 ./Drivers/USART/USART.o
                0x200008d8                __usart_5_config__
 .bss.USART_SR  0x200008dc        0x2 ./Drivers/USART/USART.o
                0x200008dc                USART_SR
 .bss.U1TX_Complete
                0x200008de        0x1 ./Drivers/USART/USART.o
                0x200008de                U1TX_Complete
 .bss.U1RX_Complete
                0x200008df        0x1 ./Drivers/USART/USART.o
                0x200008df                U1RX_Complete
 .bss.U2TX_Complete
                0x200008e0        0x1 ./Drivers/USART/USART.o
                0x200008e0                U2TX_Complete
 .bss.U2RX_Complete
                0x200008e1        0x1 ./Drivers/USART/USART.o
                0x200008e1                U2RX_Complete
 .bss.U3TX_Complete
                0x200008e2        0x1 ./Drivers/USART/USART.o
                0x200008e2                U3TX_Complete
 .bss.U3RX_Complete
                0x200008e3        0x1 ./Drivers/USART/USART.o
                0x200008e3                U3RX_Complete
 .bss.U4TX_Complete
                0x200008e4        0x1 ./Drivers/USART/USART.o
                0x200008e4                U4TX_Complete
 .bss.U4RX_Complete
                0x200008e5        0x1 ./Drivers/USART/USART.o
                0x200008e5                U4RX_Complete
 .bss.U5TX_Complete
                0x200008e6        0x1 ./Drivers/USART/USART.o
                0x200008e6                U5TX_Complete
 .bss.U5RX_Complete
                0x200008e7        0x1 ./Drivers/USART/USART.o
                0x200008e7                U5RX_Complete
 .bss.U6TX_Complete
                0x200008e8        0x1 ./Drivers/USART/USART.o
                0x200008e8                U6TX_Complete
 .bss.U6RX_Complete
                0x200008e9        0x1 ./Drivers/USART/USART.o
                0x200008e9                U6RX_Complete
 *fill*         0x200008ea        0x2 
 .bss.buffer    0x200008ec      0x10a ./Src/main.o
                0x200008ec                buffer
 .bss.len       0x200009f6        0x2 ./Src/main.o
                0x200009f6                len
 .bss.CRC_Rec1  0x200009f8        0x4 ./Src/main.o
                0x200009f8                CRC_Rec1
 .bss.__sbrk_heap_end
                0x200009fc        0x4 ./Src/sysmem.o
 .bss.__sf      0x20000a00      0x138 C:/ST/STM32CubeIDE_1.17.0/STM32CubeIDE/plugins/com.st.stm32cube.ide.mcu.externaltools.gnu-tools-for-stm32.13.3.rel1.win32_1.0.0.202411081344/tools/bin/../lib/gcc/arm-none-eabi/13.3.1/../../../../arm-none-eabi/lib/thumb/v7e-m+fp/hard\libc_nano.a(libc_a-findfp.o)
                0x20000a00                __sf
 .bss.errno     0x20000b38        0x4 C:/ST/STM32CubeIDE_1.17.0/STM32CubeIDE/plugins/com.st.stm32cube.ide.mcu.externaltools.gnu-tools-for-stm32.13.3.rel1.win32_1.0.0.202411081344/tools/bin/../lib/gcc/arm-none-eabi/13.3.1/../../../../arm-none-eabi/lib/thumb/v7e-m+fp/hard\libc_nano.a(libc_a-reent.o)
                0x20000b38                errno
 .bss.__lock___malloc_recursive_mutex
                0x20000b3c        0x1 C:/ST/STM32CubeIDE_1.17.0/STM32CubeIDE/plugins/com.st.stm32cube.ide.mcu.externaltools.gnu-tools-for-stm32.13.3.rel1.win32_1.0.0.202411081344/tools/bin/../lib/gcc/arm-none-eabi/13.3.1/../../../../arm-none-eabi/lib/thumb/v7e-m+fp/hard\libc_nano.a(libc_a-lock.o)
                0x20000b3c                __lock___malloc_recursive_mutex
 *fill*         0x20000b3d        0x3 
 .bss.__malloc_sbrk_start
                0x20000b40        0x4 C:/ST/STM32CubeIDE_1.17.0/STM32CubeIDE/plugins/com.st.stm32cube.ide.mcu.externaltools.gnu-tools-for-stm32.13.3.rel1.win32_1.0.0.202411081344/tools/bin/../lib/gcc/arm-none-eabi/13.3.1/../../../../arm-none-eabi/lib/thumb/v7e-m+fp/hard\libc_nano.a(libc_a-mallocr.o)
                0x20000b40                __malloc_sbrk_start
 .bss.__malloc_free_list
                0x20000b44        0x4 C:/ST/STM32CubeIDE_1.17.0/STM32CubeIDE/plugins/com.st.stm32cube.ide.mcu.externaltools.gnu-tools-for-stm32.13.3.rel1.win32_1.0.0.202411081344/tools/bin/../lib/gcc/arm-none-eabi/13.3.1/../../../../arm-none-eabi/lib/thumb/v7e-m+fp/hard\libc_nano.a(libc_a-mallocr.o)
                0x20000b44                __malloc_free_list
 *(COMMON)
                0x20000b48                        . = ALIGN (0x4)
                0x20000b48                        _ebss = .
                0x20000b48                        __bss_end__ = _ebss

._user_heap_stack
                0x20000b48      0x600
                0x20000b48                        . = ALIGN (0x8)
                [!provide]                        PROVIDE (end = .)
                0x20000b48                        PROVIDE (_end = .)
                0x20000d48                        . = (. + _Min_Heap_Size)
 *fill*         0x20000b48      0x200 
                0x20001148                        . = (. + _Min_Stack_Size)
 *fill*         0x20000d48      0x400 
                0x20001148                        . = ALIGN (0x8)

/DISCARD/
 libc.a(*)
 libm.a(*)
 libgcc.a(*)

.ARM.attributes
                0x00000000       0x30
 *(.ARM.attributes)
 .ARM.attributes
                0x00000000       0x22 C:/ST/STM32CubeIDE_1.17.0/STM32CubeIDE/plugins/com.st.stm32cube.ide.mcu.externaltools.gnu-tools-for-stm32.13.3.rel1.win32_1.0.0.202411081344/tools/bin/../lib/gcc/arm-none-eabi/13.3.1/thumb/v7e-m+fp/hard/crti.o
 .ARM.attributes
                0x00000022       0x34 C:/ST/STM32CubeIDE_1.17.0/STM32CubeIDE/plugins/com.st.stm32cube.ide.mcu.externaltools.gnu-tools-for-stm32.13.3.rel1.win32_1.0.0.202411081344/tools/bin/../lib/gcc/arm-none-eabi/13.3.1/thumb/v7e-m+fp/hard/crtbegin.o
 .ARM.attributes
                0x00000056       0x34 ./Drivers/CRC/CRC.o
 .ARM.attributes
                0x0000008a       0x34 ./Drivers/Console/Console.o
 .ARM.attributes
                0x000000be       0x34 ./Drivers/Custom_RS485_Comm/Custom_RS485_Comm.o
 .ARM.attributes
                0x000000f2       0x34 ./Drivers/DMA/DMA.o
 .ARM.attributes
                0x00000126       0x34 ./Drivers/GPIO/GPIO.o
 .ARM.attributes
                0x0000015a       0x34 ./Drivers/POST/POST.o
 .ARM.attributes
                0x0000018e       0x34 ./Drivers/USART/USART.o
 .ARM.attributes
                0x000001c2       0x34 ./Src/main.o
 .ARM.attributes
                0x000001f6       0x34 ./Src/sysmem.o
 .ARM.attributes
                0x0000022a       0x34 ./Src/system_stm32f4xx.o
 .ARM.attributes
                0x0000025e       0x21 ./Startup/startup_stm32f407vgtx.o
 .ARM.attributes
                0x0000027f       0x34 C:/ST/STM32CubeIDE_1.17.0/STM32CubeIDE/plugins/com.st.stm32cube.ide.mcu.externaltools.gnu-tools-for-stm32.13.3.rel1.win32_1.0.0.202411081344/tools/bin/../lib/gcc/arm-none-eabi/13.3.1/../../../../arm-none-eabi/lib/thumb/v7e-m+fp/hard\libc_nano.a(libc_a-findfp.o)
 .ARM.attributes
                0x000002b3       0x34 C:/ST/STM32CubeIDE_1.17.0/STM32CubeIDE/plugins/com.st.stm32cube.ide.mcu.externaltools.gnu-tools-for-stm32.13.3.rel1.win32_1.0.0.202411081344/tools/bin/../lib/gcc/arm-none-eabi/13.3.1/../../../../arm-none-eabi/lib/thumb/v7e-m+fp/hard\libc_nano.a(libc_a-vsnprintf.o)
 .ARM.attributes
                0x000002e7       0x34 C:/ST/STM32CubeIDE_1.17.0/STM32CubeIDE/plugins/com.st.stm32cube.ide.mcu.externaltools.gnu-tools-for-stm32.13.3.rel1.win32_1.0.0.202411081344/tools/bin/../lib/gcc/arm-none-eabi/13.3.1/../../../../arm-none-eabi/lib/thumb/v7e-m+fp/hard\libc_nano.a(libc_a-reent.o)
 .ARM.attributes
                0x0000031b       0x34 C:/ST/STM32CubeIDE_1.17.0/STM32CubeIDE/plugins/com.st.stm32cube.ide.mcu.externaltools.gnu-tools-for-stm32.13.3.rel1.win32_1.0.0.202411081344/tools/bin/../lib/gcc/arm-none-eabi/13.3.1/../../../../arm-none-eabi/lib/thumb/v7e-m+fp/hard\libc_nano.a(libc_a-impure.o)
 .ARM.attributes
                0x0000034f       0x34 C:/ST/STM32CubeIDE_1.17.0/STM32CubeIDE/plugins/com.st.stm32cube.ide.mcu.externaltools.gnu-tools-for-stm32.13.3.rel1.win32_1.0.0.202411081344/tools/bin/../lib/gcc/arm-none-eabi/13.3.1/../../../../arm-none-eabi/lib/thumb/v7e-m+fp/hard\libc_nano.a(libc_a-errno.o)
 .ARM.attributes
                0x00000383       0x34 C:/ST/STM32CubeIDE_1.17.0/STM32CubeIDE/plugins/com.st.stm32cube.ide.mcu.externaltools.gnu-tools-for-stm32.13.3.rel1.win32_1.0.0.202411081344/tools/bin/../lib/gcc/arm-none-eabi/13.3.1/../../../../arm-none-eabi/lib/thumb/v7e-m+fp/hard\libc_nano.a(libc_a-init.o)
 .ARM.attributes
                0x000003b7       0x34 C:/ST/STM32CubeIDE_1.17.0/STM32CubeIDE/plugins/com.st.stm32cube.ide.mcu.externaltools.gnu-tools-for-stm32.13.3.rel1.win32_1.0.0.202411081344/tools/bin/../lib/gcc/arm-none-eabi/13.3.1/../../../../arm-none-eabi/lib/thumb/v7e-m+fp/hard\libc_nano.a(libc_a-lock.o)
 .ARM.attributes
                0x000003eb       0x34 C:/ST/STM32CubeIDE_1.17.0/STM32CubeIDE/plugins/com.st.stm32cube.ide.mcu.externaltools.gnu-tools-for-stm32.13.3.rel1.win32_1.0.0.202411081344/tools/bin/../lib/gcc/arm-none-eabi/13.3.1/../../../../arm-none-eabi/lib/thumb/v7e-m+fp/hard\libc_nano.a(libc_a-memcpy-stub.o)
 .ARM.attributes
                0x0000041f       0x17 C:/ST/STM32CubeIDE_1.17.0/STM32CubeIDE/plugins/com.st.stm32cube.ide.mcu.externaltools.gnu-tools-for-stm32.13.3.rel1.win32_1.0.0.202411081344/tools/bin/../lib/gcc/arm-none-eabi/13.3.1/../../../../arm-none-eabi/lib/thumb/v7e-m+fp/hard\libc_nano.a(libc_a-strlen.o)
 .ARM.attributes
                0x00000436       0x34 C:/ST/STM32CubeIDE_1.17.0/STM32CubeIDE/plugins/com.st.stm32cube.ide.mcu.externaltools.gnu-tools-for-stm32.13.3.rel1.win32_1.0.0.202411081344/tools/bin/../lib/gcc/arm-none-eabi/13.3.1/../../../../arm-none-eabi/lib/thumb/v7e-m+fp/hard\libc_nano.a(libc_a-freer.o)
 .ARM.attributes
                0x0000046a       0x34 C:/ST/STM32CubeIDE_1.17.0/STM32CubeIDE/plugins/com.st.stm32cube.ide.mcu.externaltools.gnu-tools-for-stm32.13.3.rel1.win32_1.0.0.202411081344/tools/bin/../lib/gcc/arm-none-eabi/13.3.1/../../../../arm-none-eabi/lib/thumb/v7e-m+fp/hard\libc_nano.a(libc_a-mallocr.o)
 .ARM.attributes
                0x0000049e       0x34 C:/ST/STM32CubeIDE_1.17.0/STM32CubeIDE/plugins/com.st.stm32cube.ide.mcu.externaltools.gnu-tools-for-stm32.13.3.rel1.win32_1.0.0.202411081344/tools/bin/../lib/gcc/arm-none-eabi/13.3.1/../../../../arm-none-eabi/lib/thumb/v7e-m+fp/hard\libc_nano.a(libc_a-mlock.o)
 .ARM.attributes
                0x000004d2       0x34 C:/ST/STM32CubeIDE_1.17.0/STM32CubeIDE/plugins/com.st.stm32cube.ide.mcu.externaltools.gnu-tools-for-stm32.13.3.rel1.win32_1.0.0.202411081344/tools/bin/../lib/gcc/arm-none-eabi/13.3.1/../../../../arm-none-eabi/lib/thumb/v7e-m+fp/hard\libc_nano.a(libc_a-nano-svfprintf.o)
 .ARM.attributes
                0x00000506       0x34 C:/ST/STM32CubeIDE_1.17.0/STM32CubeIDE/plugins/com.st.stm32cube.ide.mcu.externaltools.gnu-tools-for-stm32.13.3.rel1.win32_1.0.0.202411081344/tools/bin/../lib/gcc/arm-none-eabi/13.3.1/../../../../arm-none-eabi/lib/thumb/v7e-m+fp/hard\libc_nano.a(libc_a-nano-vfprintf_i.o)
 .ARM.attributes
                0x0000053a       0x34 C:/ST/STM32CubeIDE_1.17.0/STM32CubeIDE/plugins/com.st.stm32cube.ide.mcu.externaltools.gnu-tools-for-stm32.13.3.rel1.win32_1.0.0.202411081344/tools/bin/../lib/gcc/arm-none-eabi/13.3.1/../../../../arm-none-eabi/lib/thumb/v7e-m+fp/hard\libc_nano.a(libc_a-memmove.o)
 .ARM.attributes
                0x0000056e       0x34 C:/ST/STM32CubeIDE_1.17.0/STM32CubeIDE/plugins/com.st.stm32cube.ide.mcu.externaltools.gnu-tools-for-stm32.13.3.rel1.win32_1.0.0.202411081344/tools/bin/../lib/gcc/arm-none-eabi/13.3.1/../../../../arm-none-eabi/lib/thumb/v7e-m+fp/hard\libc_nano.a(libc_a-sbrkr.o)
 .ARM.attributes
                0x000005a2       0x1c C:/ST/STM32CubeIDE_1.17.0/STM32CubeIDE/plugins/com.st.stm32cube.ide.mcu.externaltools.gnu-tools-for-stm32.13.3.rel1.win32_1.0.0.202411081344/tools/bin/../lib/gcc/arm-none-eabi/13.3.1/../../../../arm-none-eabi/lib/thumb/v7e-m+fp/hard\libc_nano.a(libc_a-memchr.o)
 .ARM.attributes
                0x000005be       0x34 C:/ST/STM32CubeIDE_1.17.0/STM32CubeIDE/plugins/com.st.stm32cube.ide.mcu.externaltools.gnu-tools-for-stm32.13.3.rel1.win32_1.0.0.202411081344/tools/bin/../lib/gcc/arm-none-eabi/13.3.1/../../../../arm-none-eabi/lib/thumb/v7e-m+fp/hard\libc_nano.a(libc_a-reallocr.o)
 .ARM.attributes
                0x000005f2       0x34 C:/ST/STM32CubeIDE_1.17.0/STM32CubeIDE/plugins/com.st.stm32cube.ide.mcu.externaltools.gnu-tools-for-stm32.13.3.rel1.win32_1.0.0.202411081344/tools/bin/../lib/gcc/arm-none-eabi/13.3.1/../../../../arm-none-eabi/lib/thumb/v7e-m+fp/hard\libc_nano.a(libc_a-msizer.o)
 .ARM.attributes
                0x00000626       0x34 C:/ST/STM32CubeIDE_1.17.0/STM32CubeIDE/plugins/com.st.stm32cube.ide.mcu.externaltools.gnu-tools-for-stm32.13.3.rel1.win32_1.0.0.202411081344/tools/bin/../lib/gcc/arm-none-eabi/13.3.1/../../../../arm-none-eabi/lib/thumb/v7e-m+fp/hard\libm.a(libm_a-s_ceil.o)
 .ARM.attributes
                0x0000065a       0x22 C:/ST/STM32CubeIDE_1.17.0/STM32CubeIDE/plugins/com.st.stm32cube.ide.mcu.externaltools.gnu-tools-for-stm32.13.3.rel1.win32_1.0.0.202411081344/tools/bin/../lib/gcc/arm-none-eabi/13.3.1/thumb/v7e-m+fp/hard\libgcc.a(_arm_addsubdf3.o)
 .ARM.attributes
                0x0000067c       0x22 C:/ST/STM32CubeIDE_1.17.0/STM32CubeIDE/plugins/com.st.stm32cube.ide.mcu.externaltools.gnu-tools-for-stm32.13.3.rel1.win32_1.0.0.202411081344/tools/bin/../lib/gcc/arm-none-eabi/13.3.1/thumb/v7e-m+fp/hard\libgcc.a(_arm_muldivdf3.o)
 .ARM.attributes
                0x0000069e       0x22 C:/ST/STM32CubeIDE_1.17.0/STM32CubeIDE/plugins/com.st.stm32cube.ide.mcu.externaltools.gnu-tools-for-stm32.13.3.rel1.win32_1.0.0.202411081344/tools/bin/../lib/gcc/arm-none-eabi/13.3.1/thumb/v7e-m+fp/hard\libgcc.a(_arm_cmpdf2.o)
 .ARM.attributes
                0x000006c0       0x22 C:/ST/STM32CubeIDE_1.17.0/STM32CubeIDE/plugins/com.st.stm32cube.ide.mcu.externaltools.gnu-tools-for-stm32.13.3.rel1.win32_1.0.0.202411081344/tools/bin/../lib/gcc/arm-none-eabi/13.3.1/thumb/v7e-m+fp/hard\libgcc.a(_arm_fixdfsi.o)
 .ARM.attributes
                0x000006e2       0x34 C:/ST/STM32CubeIDE_1.17.0/STM32CubeIDE/plugins/com.st.stm32cube.ide.mcu.externaltools.gnu-tools-for-stm32.13.3.rel1.win32_1.0.0.202411081344/tools/bin/../lib/gcc/arm-none-eabi/13.3.1/thumb/v7e-m+fp/hard\libgcc.a(_fixdfdi.o)
 .ARM.attributes
                0x00000716       0x34 C:/ST/STM32CubeIDE_1.17.0/STM32CubeIDE/plugins/com.st.stm32cube.ide.mcu.externaltools.gnu-tools-for-stm32.13.3.rel1.win32_1.0.0.202411081344/tools/bin/../lib/gcc/arm-none-eabi/13.3.1/thumb/v7e-m+fp/hard\libgcc.a(_fixunsdfdi.o)
 .ARM.attributes
                0x0000074a       0x22 C:/ST/STM32CubeIDE_1.17.0/STM32CubeIDE/plugins/com.st.stm32cube.ide.mcu.externaltools.gnu-tools-for-stm32.13.3.rel1.win32_1.0.0.202411081344/tools/bin/../lib/gcc/arm-none-eabi/13.3.1/thumb/v7e-m+fp/hard\libgcc.a(_arm_fixunsdfsi.o)
 .ARM.attributes
                0x0000076c       0x22 C:/ST/STM32CubeIDE_1.17.0/STM32CubeIDE/plugins/com.st.stm32cube.ide.mcu.externaltools.gnu-tools-for-stm32.13.3.rel1.win32_1.0.0.202411081344/tools/bin/../lib/gcc/arm-none-eabi/13.3.1/thumb/v7e-m+fp/hard/crtn.o
OUTPUT(Blackshield_Bootloader.elf elf32-littlearm)
LOAD linker stubs
LOAD C:/ST/STM32CubeIDE_1.17.0/STM32CubeIDE/plugins/com.st.stm32cube.ide.mcu.externaltools.gnu-tools-for-stm32.13.3.rel1.win32_1.0.0.202411081344/tools/bin/../lib/gcc/arm-none-eabi/13.3.1/../../../../arm-none-eabi/lib/thumb/v7e-m+fp/hard\libc.a
LOAD C:/ST/STM32CubeIDE_1.17.0/STM32CubeIDE/plugins/com.st.stm32cube.ide.mcu.externaltools.gnu-tools-for-stm32.13.3.rel1.win32_1.0.0.202411081344/tools/bin/../lib/gcc/arm-none-eabi/13.3.1/../../../../arm-none-eabi/lib/thumb/v7e-m+fp/hard\libm.a
LOAD C:/ST/STM32CubeIDE_1.17.0/STM32CubeIDE/plugins/com.st.stm32cube.ide.mcu.externaltools.gnu-tools-for-stm32.13.3.rel1.win32_1.0.0.202411081344/tools/bin/../lib/gcc/arm-none-eabi/13.3.1/thumb/v7e-m+fp/hard\libgcc.a

.debug_info     0x00000000     0xbbe9
 .debug_info    0x00000000      0xb94 ./Drivers/CRC/CRC.o
 .debug_info    0x00000b94     0x1aba ./Drivers/Console/Console.o
 .debug_info    0x0000264e     0x1a46 ./Drivers/Custom_RS485_Comm/Custom_RS485_Comm.o
 .debug_info    0x00004094     0x1360 ./Drivers/DMA/DMA.o
 .debug_info    0x000053f4      0xfca ./Drivers/GPIO/GPIO.o
 .debug_info    0x000063be      0x638 ./Drivers/POST/POST.o
 .debug_info    0x000069f6     0x2706 ./Drivers/USART/USART.o
 .debug_info    0x000090fc     0x244a ./Src/main.o
 .debug_info    0x0000b546      0x168 ./Src/sysmem.o
 .debug_info    0x0000b6ae      0x50b ./Src/system_stm32f4xx.o
 .debug_info    0x0000bbb9       0x30 ./Startup/startup_stm32f407vgtx.o

.debug_abbrev   0x00000000     0x169a
 .debug_abbrev  0x00000000      0x1a0 ./Drivers/CRC/CRC.o
 .debug_abbrev  0x000001a0      0x285 ./Drivers/Console/Console.o
 .debug_abbrev  0x00000425      0x22b ./Drivers/Custom_RS485_Comm/Custom_RS485_Comm.o
 .debug_abbrev  0x00000650      0x23c ./Drivers/DMA/DMA.o
 .debug_abbrev  0x0000088c      0x275 ./Drivers/GPIO/GPIO.o
 .debug_abbrev  0x00000b01      0x183 ./Drivers/POST/POST.o
 .debug_abbrev  0x00000c84      0x394 ./Drivers/USART/USART.o
 .debug_abbrev  0x00001018      0x488 ./Src/main.o
 .debug_abbrev  0x000014a0       0xbc ./Src/sysmem.o
 .debug_abbrev  0x0000155c      0x11a ./Src/system_stm32f4xx.o
 .debug_abbrev  0x00001676       0x24 ./Startup/startup_stm32f407vgtx.o

.debug_aranges  0x00000000      0x498
 .debug_aranges
                0x00000000       0x48 ./Drivers/CRC/CRC.o
 .debug_aranges
                0x00000048       0x38 ./Drivers/Console/Console.o
 .debug_aranges
                0x00000080       0x38 ./Drivers/Custom_RS485_Comm/Custom_RS485_Comm.o
 .debug_aranges
                0x000000b8       0xd8 ./Drivers/DMA/DMA.o
 .debug_aranges
                0x00000190       0x80 ./Drivers/GPIO/GPIO.o
 .debug_aranges
                0x00000210       0x58 ./Drivers/POST/POST.o
 .debug_aranges
                0x00000268      0x108 ./Drivers/USART/USART.o
 .debug_aranges
                0x00000370       0xb8 ./Src/main.o
 .debug_aranges
                0x00000428       0x20 ./Src/sysmem.o
 .debug_aranges
                0x00000448       0x28 ./Src/system_stm32f4xx.o
 .debug_aranges
                0x00000470       0x28 ./Startup/startup_stm32f407vgtx.o

.debug_rnglists
                0x00000000      0x36c
 .debug_rnglists
                0x00000000       0x31 ./Drivers/CRC/CRC.o
 .debug_rnglists
                0x00000031       0x27 ./Drivers/Console/Console.o
 .debug_rnglists
                0x00000058       0x27 ./Drivers/Custom_RS485_Comm/Custom_RS485_Comm.o
 .debug_rnglists
                0x0000007f       0xb1 ./Drivers/DMA/DMA.o
 .debug_rnglists
                0x00000130       0x5f ./Drivers/GPIO/GPIO.o
 .debug_rnglists
                0x0000018f       0x3f ./Drivers/POST/POST.o
 .debug_rnglists
                0x000001ce       0xca ./Drivers/USART/USART.o
 .debug_rnglists
                0x00000298       0x8e ./Src/main.o
 .debug_rnglists
                0x00000326       0x13 ./Src/sysmem.o
 .debug_rnglists
                0x00000339       0x1a ./Src/system_stm32f4xx.o
 .debug_rnglists
                0x00000353       0x19 ./Startup/startup_stm32f407vgtx.o

.debug_macro    0x00000000     0x19b1
 .debug_macro   0x00000000      0x279 ./Drivers/CRC/CRC.o
 .debug_macro   0x00000279      0x2aa ./Drivers/Console/Console.o
 .debug_macro   0x00000523       0x10 ./Drivers/Console/Console.o
 .debug_macro   0x00000533      0x2a1 ./Drivers/Custom_RS485_Comm/Custom_RS485_Comm.o
 .debug_macro   0x000007d4      0x269 ./Drivers/DMA/DMA.o
 .debug_macro   0x00000a3d      0x27b ./Drivers/GPIO/GPIO.o
 .debug_macro   0x00000cb8      0x28f ./Drivers/POST/POST.o
 .debug_macro   0x00000f47      0x291 ./Drivers/USART/USART.o
 .debug_macro   0x000011d8      0x306 ./Src/main.o
 .debug_macro   0x000014de       0x10 ./Src/main.o
 .debug_macro   0x000014ee      0x112 ./Src/sysmem.o
 .debug_macro   0x00001600      0x23c ./Src/sysmem.o
 .debug_macro   0x0000183c       0xda ./Src/system_stm32f4xx.o
 .debug_macro   0x00001916       0x2e ./Src/system_stm32f4xx.o
 .debug_macro   0x00001944       0x6d ./Src/system_stm32f4xx.o

.debug_line     0x00000000     0x87eb
 .debug_line    0x00000000      0x7b3 ./Drivers/CRC/CRC.o
 .debug_line    0x000007b3      0x8f1 ./Drivers/Console/Console.o
 .debug_line    0x000010a4      0x8b1 ./Drivers/Custom_RS485_Comm/Custom_RS485_Comm.o
 .debug_line    0x00001955     0x1dff ./Drivers/DMA/DMA.o
 .debug_line    0x00003754      0xb70 ./Drivers/GPIO/GPIO.o
 .debug_line    0x000042c4      0x912 ./Drivers/POST/POST.o
 .debug_line    0x00004bd6     0x2204 ./Drivers/USART/USART.o
 .debug_line    0x00006dda      0xee2 ./Src/main.o
 .debug_line    0x00007cbc      0x583 ./Src/sysmem.o
 .debug_line    0x0000823f      0x531 ./Src/system_stm32f4xx.o
 .debug_line    0x00008770       0x7b ./Startup/startup_stm32f407vgtx.o

.debug_str      0x00000000    0x905b6
 .debug_str     0x00000000    0x905b6 ./Drivers/CRC/CRC.o
                              0x8e110 (size before relaxing)
 .debug_str     0x000905b6    0x8ea68 ./Drivers/Console/Console.o
 .debug_str     0x000905b6    0x8eab4 ./Drivers/Custom_RS485_Comm/Custom_RS485_Comm.o
 .debug_str     0x000905b6    0x8eb53 ./Drivers/DMA/DMA.o
 .debug_str     0x000905b6    0x8e6d0 ./Drivers/GPIO/GPIO.o
 .debug_str     0x000905b6    0x8ddab ./Drivers/POST/POST.o
 .debug_str     0x000905b6    0x8f470 ./Drivers/USART/USART.o
 .debug_str     0x000905b6    0x8f2ec ./Src/main.o
 .debug_str     0x000905b6     0x7771 ./Src/sysmem.o
 .debug_str     0x000905b6    0x8860c ./Src/system_stm32f4xx.o
 .debug_str     0x000905b6       0x70 ./Startup/startup_stm32f407vgtx.o

.comment        0x00000000       0x43
 .comment       0x00000000       0x43 ./Drivers/CRC/CRC.o
                                 0x44 (size before relaxing)
 .comment       0x00000043       0x44 ./Drivers/Console/Console.o
 .comment       0x00000043       0x44 ./Drivers/Custom_RS485_Comm/Custom_RS485_Comm.o
 .comment       0x00000043       0x44 ./Drivers/DMA/DMA.o
 .comment       0x00000043       0x44 ./Drivers/GPIO/GPIO.o
 .comment       0x00000043       0x44 ./Drivers/POST/POST.o
 .comment       0x00000043       0x44 ./Drivers/USART/USART.o
 .comment       0x00000043       0x44 ./Src/main.o
 .comment       0x00000043       0x44 ./Src/sysmem.o
 .comment       0x00000043       0x44 ./Src/system_stm32f4xx.o

.debug_frame    0x00000000     0x17cc
 .debug_frame   0x00000000       0xe0 ./Drivers/CRC/CRC.o
 .debug_frame   0x000000e0       0xcc ./Drivers/Console/Console.o
 .debug_frame   0x000001ac       0x9c ./Drivers/Custom_RS485_Comm/Custom_RS485_Comm.o
 .debug_frame   0x00000248      0x310 ./Drivers/DMA/DMA.o
 .debug_frame   0x00000558      0x1cc ./Drivers/GPIO/GPIO.o
 .debug_frame   0x00000724      0x13c ./Drivers/POST/POST.o
 .debug_frame   0x00000860      0x438 ./Drivers/USART/USART.o
 .debug_frame   0x00000c98      0x2c8 ./Src/main.o
 .debug_frame   0x00000f60       0x34 ./Src/sysmem.o
 .debug_frame   0x00000f94       0x58 ./Src/system_stm32f4xx.o
 .debug_frame   0x00000fec      0x144 C:/ST/STM32CubeIDE_1.17.0/STM32CubeIDE/plugins/com.st.stm32cube.ide.mcu.externaltools.gnu-tools-for-stm32.13.3.rel1.win32_1.0.0.202411081344/tools/bin/../lib/gcc/arm-none-eabi/13.3.1/../../../../arm-none-eabi/lib/thumb/v7e-m+fp/hard\libc_nano.a(libc_a-findfp.o)
 .debug_frame   0x00001130       0x4c C:/ST/STM32CubeIDE_1.17.0/STM32CubeIDE/plugins/com.st.stm32cube.ide.mcu.externaltools.gnu-tools-for-stm32.13.3.rel1.win32_1.0.0.202411081344/tools/bin/../lib/gcc/arm-none-eabi/13.3.1/../../../../arm-none-eabi/lib/thumb/v7e-m+fp/hard\libc_nano.a(libc_a-vsnprintf.o)
 .debug_frame   0x0000117c       0x38 C:/ST/STM32CubeIDE_1.17.0/STM32CubeIDE/plugins/com.st.stm32cube.ide.mcu.externaltools.gnu-tools-for-stm32.13.3.rel1.win32_1.0.0.202411081344/tools/bin/../lib/gcc/arm-none-eabi/13.3.1/../../../../arm-none-eabi/lib/thumb/v7e-m+fp/hard\libc_nano.a(libc_a-reent.o)
 .debug_frame   0x000011b4       0x20 C:/ST/STM32CubeIDE_1.17.0/STM32CubeIDE/plugins/com.st.stm32cube.ide.mcu.externaltools.gnu-tools-for-stm32.13.3.rel1.win32_1.0.0.202411081344/tools/bin/../lib/gcc/arm-none-eabi/13.3.1/../../../../arm-none-eabi/lib/thumb/v7e-m+fp/hard\libc_nano.a(libc_a-errno.o)
 .debug_frame   0x000011d4       0x2c C:/ST/STM32CubeIDE_1.17.0/STM32CubeIDE/plugins/com.st.stm32cube.ide.mcu.externaltools.gnu-tools-for-stm32.13.3.rel1.win32_1.0.0.202411081344/tools/bin/../lib/gcc/arm-none-eabi/13.3.1/../../../../arm-none-eabi/lib/thumb/v7e-m+fp/hard\libc_nano.a(libc_a-init.o)
 .debug_frame   0x00001200       0xb0 C:/ST/STM32CubeIDE_1.17.0/STM32CubeIDE/plugins/com.st.stm32cube.ide.mcu.externaltools.gnu-tools-for-stm32.13.3.rel1.win32_1.0.0.202411081344/tools/bin/../lib/gcc/arm-none-eabi/13.3.1/../../../../arm-none-eabi/lib/thumb/v7e-m+fp/hard\libc_nano.a(libc_a-lock.o)
 .debug_frame   0x000012b0       0x28 C:/ST/STM32CubeIDE_1.17.0/STM32CubeIDE/plugins/com.st.stm32cube.ide.mcu.externaltools.gnu-tools-for-stm32.13.3.rel1.win32_1.0.0.202411081344/tools/bin/../lib/gcc/arm-none-eabi/13.3.1/../../../../arm-none-eabi/lib/thumb/v7e-m+fp/hard\libc_nano.a(libc_a-memcpy-stub.o)
 .debug_frame   0x000012d8       0x38 C:/ST/STM32CubeIDE_1.17.0/STM32CubeIDE/plugins/com.st.stm32cube.ide.mcu.externaltools.gnu-tools-for-stm32.13.3.rel1.win32_1.0.0.202411081344/tools/bin/../lib/gcc/arm-none-eabi/13.3.1/../../../../arm-none-eabi/lib/thumb/v7e-m+fp/hard\libc_nano.a(libc_a-freer.o)
 .debug_frame   0x00001310       0x50 C:/ST/STM32CubeIDE_1.17.0/STM32CubeIDE/plugins/com.st.stm32cube.ide.mcu.externaltools.gnu-tools-for-stm32.13.3.rel1.win32_1.0.0.202411081344/tools/bin/../lib/gcc/arm-none-eabi/13.3.1/../../../../arm-none-eabi/lib/thumb/v7e-m+fp/hard\libc_nano.a(libc_a-mallocr.o)
 .debug_frame   0x00001360       0x30 C:/ST/STM32CubeIDE_1.17.0/STM32CubeIDE/plugins/com.st.stm32cube.ide.mcu.externaltools.gnu-tools-for-stm32.13.3.rel1.win32_1.0.0.202411081344/tools/bin/../lib/gcc/arm-none-eabi/13.3.1/../../../../arm-none-eabi/lib/thumb/v7e-m+fp/hard\libc_nano.a(libc_a-mlock.o)
 .debug_frame   0x00001390       0x90 C:/ST/STM32CubeIDE_1.17.0/STM32CubeIDE/plugins/com.st.stm32cube.ide.mcu.externaltools.gnu-tools-for-stm32.13.3.rel1.win32_1.0.0.202411081344/tools/bin/../lib/gcc/arm-none-eabi/13.3.1/../../../../arm-none-eabi/lib/thumb/v7e-m+fp/hard\libc_nano.a(libc_a-nano-svfprintf.o)
 .debug_frame   0x00001420       0x60 C:/ST/STM32CubeIDE_1.17.0/STM32CubeIDE/plugins/com.st.stm32cube.ide.mcu.externaltools.gnu-tools-for-stm32.13.3.rel1.win32_1.0.0.202411081344/tools/bin/../lib/gcc/arm-none-eabi/13.3.1/../../../../arm-none-eabi/lib/thumb/v7e-m+fp/hard\libc_nano.a(libc_a-nano-vfprintf_i.o)
 .debug_frame   0x00001480       0x28 C:/ST/STM32CubeIDE_1.17.0/STM32CubeIDE/plugins/com.st.stm32cube.ide.mcu.externaltools.gnu-tools-for-stm32.13.3.rel1.win32_1.0.0.202411081344/tools/bin/../lib/gcc/arm-none-eabi/13.3.1/../../../../arm-none-eabi/lib/thumb/v7e-m+fp/hard\libc_nano.a(libc_a-memmove.o)
 .debug_frame   0x000014a8       0x2c C:/ST/STM32CubeIDE_1.17.0/STM32CubeIDE/plugins/com.st.stm32cube.ide.mcu.externaltools.gnu-tools-for-stm32.13.3.rel1.win32_1.0.0.202411081344/tools/bin/../lib/gcc/arm-none-eabi/13.3.1/../../../../arm-none-eabi/lib/thumb/v7e-m+fp/hard\libc_nano.a(libc_a-sbrkr.o)
 .debug_frame   0x000014d4       0x3c C:/ST/STM32CubeIDE_1.17.0/STM32CubeIDE/plugins/com.st.stm32cube.ide.mcu.externaltools.gnu-tools-for-stm32.13.3.rel1.win32_1.0.0.202411081344/tools/bin/../lib/gcc/arm-none-eabi/13.3.1/../../../../arm-none-eabi/lib/thumb/v7e-m+fp/hard\libc_nano.a(libc_a-reallocr.o)
 .debug_frame   0x00001510       0x20 C:/ST/STM32CubeIDE_1.17.0/STM32CubeIDE/plugins/com.st.stm32cube.ide.mcu.externaltools.gnu-tools-for-stm32.13.3.rel1.win32_1.0.0.202411081344/tools/bin/../lib/gcc/arm-none-eabi/13.3.1/../../../../arm-none-eabi/lib/thumb/v7e-m+fp/hard\libc_nano.a(libc_a-msizer.o)
 .debug_frame   0x00001530       0x30 C:/ST/STM32CubeIDE_1.17.0/STM32CubeIDE/plugins/com.st.stm32cube.ide.mcu.externaltools.gnu-tools-for-stm32.13.3.rel1.win32_1.0.0.202411081344/tools/bin/../lib/gcc/arm-none-eabi/13.3.1/../../../../arm-none-eabi/lib/thumb/v7e-m+fp/hard\libm.a(libm_a-s_ceil.o)
 .debug_frame   0x00001560       0xac C:/ST/STM32CubeIDE_1.17.0/STM32CubeIDE/plugins/com.st.stm32cube.ide.mcu.externaltools.gnu-tools-for-stm32.13.3.rel1.win32_1.0.0.202411081344/tools/bin/../lib/gcc/arm-none-eabi/13.3.1/thumb/v7e-m+fp/hard\libgcc.a(_arm_addsubdf3.o)
 .debug_frame   0x0000160c       0x50 C:/ST/STM32CubeIDE_1.17.0/STM32CubeIDE/plugins/com.st.stm32cube.ide.mcu.externaltools.gnu-tools-for-stm32.13.3.rel1.win32_1.0.0.202411081344/tools/bin/../lib/gcc/arm-none-eabi/13.3.1/thumb/v7e-m+fp/hard\libgcc.a(_arm_muldivdf3.o)
 .debug_frame   0x0000165c       0xc4 C:/ST/STM32CubeIDE_1.17.0/STM32CubeIDE/plugins/com.st.stm32cube.ide.mcu.externaltools.gnu-tools-for-stm32.13.3.rel1.win32_1.0.0.202411081344/tools/bin/../lib/gcc/arm-none-eabi/13.3.1/thumb/v7e-m+fp/hard\libgcc.a(_arm_cmpdf2.o)
 .debug_frame   0x00001720       0x24 C:/ST/STM32CubeIDE_1.17.0/STM32CubeIDE/plugins/com.st.stm32cube.ide.mcu.externaltools.gnu-tools-for-stm32.13.3.rel1.win32_1.0.0.202411081344/tools/bin/../lib/gcc/arm-none-eabi/13.3.1/thumb/v7e-m+fp/hard\libgcc.a(_arm_fixdfsi.o)
 .debug_frame   0x00001744       0x38 C:/ST/STM32CubeIDE_1.17.0/STM32CubeIDE/plugins/com.st.stm32cube.ide.mcu.externaltools.gnu-tools-for-stm32.13.3.rel1.win32_1.0.0.202411081344/tools/bin/../lib/gcc/arm-none-eabi/13.3.1/thumb/v7e-m+fp/hard\libgcc.a(_fixdfdi.o)
 .debug_frame   0x0000177c       0x2c C:/ST/STM32CubeIDE_1.17.0/STM32CubeIDE/plugins/com.st.stm32cube.ide.mcu.externaltools.gnu-tools-for-stm32.13.3.rel1.win32_1.0.0.202411081344/tools/bin/../lib/gcc/arm-none-eabi/13.3.1/thumb/v7e-m+fp/hard\libgcc.a(_fixunsdfdi.o)
 .debug_frame   0x000017a8       0x24 C:/ST/STM32CubeIDE_1.17.0/STM32CubeIDE/plugins/com.st.stm32cube.ide.mcu.externaltools.gnu-tools-for-stm32.13.3.rel1.win32_1.0.0.202411081344/tools/bin/../lib/gcc/arm-none-eabi/13.3.1/thumb/v7e-m+fp/hard\libgcc.a(_arm_fixunsdfsi.o)

.debug_line_str
                0x00000000       0x54
 .debug_line_str
                0x00000000       0x54 ./Startup/startup_stm32f407vgtx.o
