Archive member included to satisfy reference by file (symbol)

C:/ST/STM32CubeIDE_1.17.0/STM32CubeIDE/plugins/com.st.stm32cube.ide.mcu.externaltools.gnu-tools-for-stm32.13.3.rel1.win32_1.0.0.202411081344/tools/bin/../lib/gcc/arm-none-eabi/13.3.1/../../../../arm-none-eabi/lib/thumb/v7e-m+fp/hard\libc_nano.a(libc_a-exit.o)
                              C:/ST/STM32CubeIDE_1.17.0/STM32CubeIDE/plugins/com.st.stm32cube.ide.mcu.externaltools.gnu-tools-for-stm32.13.3.rel1.win32_1.0.0.202411081344/tools/bin/../lib/gcc/arm-none-eabi/13.3.1/../../../../arm-none-eabi/lib/thumb/v7e-m+fp/hard/crt0.o (exit)
C:/ST/STM32CubeIDE_1.17.0/STM32CubeIDE/plugins/com.st.stm32cube.ide.mcu.externaltools.gnu-tools-for-stm32.13.3.rel1.win32_1.0.0.202411081344/tools/bin/../lib/gcc/arm-none-eabi/13.3.1/../../../../arm-none-eabi/lib/thumb/v7e-m+fp/hard\libc_nano.a(libc_a-findfp.o)
                              C:/ST/STM32CubeIDE_1.17.0/STM32CubeIDE/plugins/com.st.stm32cube.ide.mcu.externaltools.gnu-tools-for-stm32.13.3.rel1.win32_1.0.0.202411081344/tools/bin/../lib/gcc/arm-none-eabi/13.3.1/../../../../arm-none-eabi/lib/thumb/v7e-m+fp/hard\libc_nano.a(libc_a-exit.o) (__stdio_exit_handler)
C:/ST/STM32CubeIDE_1.17.0/STM32CubeIDE/plugins/com.st.stm32cube.ide.mcu.externaltools.gnu-tools-for-stm32.13.3.rel1.win32_1.0.0.202411081344/tools/bin/../lib/gcc/arm-none-eabi/13.3.1/../../../../arm-none-eabi/lib/thumb/v7e-m+fp/hard\libc_nano.a(libc_a-fwalk.o)
                              C:/ST/STM32CubeIDE_1.17.0/STM32CubeIDE/plugins/com.st.stm32cube.ide.mcu.externaltools.gnu-tools-for-stm32.13.3.rel1.win32_1.0.0.202411081344/tools/bin/../lib/gcc/arm-none-eabi/13.3.1/../../../../arm-none-eabi/lib/thumb/v7e-m+fp/hard\libc_nano.a(libc_a-findfp.o) (_fwalk_sglue)
C:/ST/STM32CubeIDE_1.17.0/STM32CubeIDE/plugins/com.st.stm32cube.ide.mcu.externaltools.gnu-tools-for-stm32.13.3.rel1.win32_1.0.0.202411081344/tools/bin/../lib/gcc/arm-none-eabi/13.3.1/../../../../arm-none-eabi/lib/thumb/v7e-m+fp/hard\libc_nano.a(libc_a-stdio.o)
                              C:/ST/STM32CubeIDE_1.17.0/STM32CubeIDE/plugins/com.st.stm32cube.ide.mcu.externaltools.gnu-tools-for-stm32.13.3.rel1.win32_1.0.0.202411081344/tools/bin/../lib/gcc/arm-none-eabi/13.3.1/../../../../arm-none-eabi/lib/thumb/v7e-m+fp/hard\libc_nano.a(libc_a-findfp.o) (__sread)
C:/ST/STM32CubeIDE_1.17.0/STM32CubeIDE/plugins/com.st.stm32cube.ide.mcu.externaltools.gnu-tools-for-stm32.13.3.rel1.win32_1.0.0.202411081344/tools/bin/../lib/gcc/arm-none-eabi/13.3.1/../../../../arm-none-eabi/lib/thumb/v7e-m+fp/hard\libc_nano.a(libc_a-vsnprintf.o)
                              ./Drivers/Console/Console.o (vsnprintf)
C:/ST/STM32CubeIDE_1.17.0/STM32CubeIDE/plugins/com.st.stm32cube.ide.mcu.externaltools.gnu-tools-for-stm32.13.3.rel1.win32_1.0.0.202411081344/tools/bin/../lib/gcc/arm-none-eabi/13.3.1/../../../../arm-none-eabi/lib/thumb/v7e-m+fp/hard\libc_nano.a(libc_a-vsscanf.o)
                              ./Drivers/Console/Console.o (vsscanf)
C:/ST/STM32CubeIDE_1.17.0/STM32CubeIDE/plugins/com.st.stm32cube.ide.mcu.externaltools.gnu-tools-for-stm32.13.3.rel1.win32_1.0.0.202411081344/tools/bin/../lib/gcc/arm-none-eabi/13.3.1/../../../../arm-none-eabi/lib/thumb/v7e-m+fp/hard\libc_nano.a(libc_a-memset.o)
                              C:/ST/STM32CubeIDE_1.17.0/STM32CubeIDE/plugins/com.st.stm32cube.ide.mcu.externaltools.gnu-tools-for-stm32.13.3.rel1.win32_1.0.0.202411081344/tools/bin/../lib/gcc/arm-none-eabi/13.3.1/../../../../arm-none-eabi/lib/thumb/v7e-m+fp/hard/crt0.o (memset)
C:/ST/STM32CubeIDE_1.17.0/STM32CubeIDE/plugins/com.st.stm32cube.ide.mcu.externaltools.gnu-tools-for-stm32.13.3.rel1.win32_1.0.0.202411081344/tools/bin/../lib/gcc/arm-none-eabi/13.3.1/../../../../arm-none-eabi/lib/thumb/v7e-m+fp/hard\libc_nano.a(libc_a-closer.o)
                              C:/ST/STM32CubeIDE_1.17.0/STM32CubeIDE/plugins/com.st.stm32cube.ide.mcu.externaltools.gnu-tools-for-stm32.13.3.rel1.win32_1.0.0.202411081344/tools/bin/../lib/gcc/arm-none-eabi/13.3.1/../../../../arm-none-eabi/lib/thumb/v7e-m+fp/hard\libc_nano.a(libc_a-stdio.o) (_close_r)
C:/ST/STM32CubeIDE_1.17.0/STM32CubeIDE/plugins/com.st.stm32cube.ide.mcu.externaltools.gnu-tools-for-stm32.13.3.rel1.win32_1.0.0.202411081344/tools/bin/../lib/gcc/arm-none-eabi/13.3.1/../../../../arm-none-eabi/lib/thumb/v7e-m+fp/hard\libc_nano.a(libc_a-reent.o)
                              C:/ST/STM32CubeIDE_1.17.0/STM32CubeIDE/plugins/com.st.stm32cube.ide.mcu.externaltools.gnu-tools-for-stm32.13.3.rel1.win32_1.0.0.202411081344/tools/bin/../lib/gcc/arm-none-eabi/13.3.1/../../../../arm-none-eabi/lib/thumb/v7e-m+fp/hard\libc_nano.a(libc_a-closer.o) (errno)
C:/ST/STM32CubeIDE_1.17.0/STM32CubeIDE/plugins/com.st.stm32cube.ide.mcu.externaltools.gnu-tools-for-stm32.13.3.rel1.win32_1.0.0.202411081344/tools/bin/../lib/gcc/arm-none-eabi/13.3.1/../../../../arm-none-eabi/lib/thumb/v7e-m+fp/hard\libc_nano.a(libc_a-impure.o)
[...]
Memory Configuration

Name             Origin             Length             Attributes
CCMRAM           0x10000000         0x00010000         xrw
RAM              0x20000000         0x00020000         xrw
FLASH            0x08000000         0x000f8000         xr
APP_MEMORY       0x08008000         0x00008000         xr
*default*        0x00000000         0xffffffff

Linker script and memory map

LOAD C:/ST/STM32CubeIDE_1.17.0/STM32CubeIDE/plugins/com.st.stm32cube.ide.mcu.externaltools.gnu-tools-for-stm32.13.3.rel1.win32_1.0.0.202411081344/tools/bin/../lib/gcc/arm-none-eabi/13.3.1/thumb/v7e-m+fp/hard/crti.o
LOAD C:/ST/STM32CubeIDE_1.17.0/STM32CubeIDE/plugins/com.st.stm32cube.ide.mcu.externaltools.gnu-tools-for-stm32.13.3.rel1.win32_1.0.0.202411081344/tools/bin/../lib/gcc/arm-none-eabi/13.3.1/thumb/v7e-m+fp/hard/crtbegin.o
LOAD C:/ST/STM32CubeIDE_1.17.0/STM32CubeIDE/plugins/com.st.stm32cube.ide.mcu.externaltools.gnu-tools-for-stm32.13.3.rel1.win32_1.0.0.202411081344/tools/bin/../lib/gcc/arm-none-eabi/13.3.1/../../../../arm-none-eabi/lib/thumb/v7e-m+fp/hard/crt0.o
LOAD ./Drivers/CAN/CAN.o
LOAD ./Drivers/CRC/CRC.o
LOAD ./Drivers/Console/Console.o
LOAD ./Drivers/Custom_RS485_Comm/Custom_RS485_Comm.o
LOAD ./Drivers/DMA/DMA.o
LOAD ./Drivers/Flash/Flash.o
LOAD ./Drivers/GPIO/GPIO.o
LOAD ./Drivers/USART/USART.o
LOAD ./Src/main.o
LOAD ./Src/syscalls.o
LOAD ./Src/sysmem.o
LOAD ./Src/system_stm32f4xx.o
LOAD ./Startup/startup_stm32f407vgtx.o
START GROUP
LOAD C:/ST/STM32CubeIDE_1.17.0/STM32CubeIDE/plugins/com.st.stm32cube.ide.mcu.externaltools.gnu-tools-for-stm32.13.3.rel1.win32_1.0.0.202411081344/tools/bin/../lib/gcc/arm-none-eabi/13.3.1/../../../../arm-none-eabi/lib/thumb/v7e-m+fp/hard\libc_nano.a
LOAD C:/ST/STM32CubeIDE_1.17.0/STM32CubeIDE/plugins/com.st.stm32cube.ide.mcu.externaltools.gnu-tools-for-stm32.13.3.rel1.win32_1.0.0.202411081344/tools/bin/../lib/gcc/arm-none-eabi/13.3.1/../../../../arm-none-eabi/lib/thumb/v7e-m+fp/hard\libm.a
END GROUP
START GROUP
LOAD C:/ST/STM32CubeIDE_1.17.0/STM32CubeIDE/plugins/com.st.stm32cube.ide.mcu.externaltools.gnu-tools-for-stm32.13.3.rel1.win32_1.0.0.202411081344/tools/bin/../lib/gcc/arm-none-eabi/13.3.1/thumb/v7e-m+fp/hard\libgcc.a
LOAD C:/ST/STM32CubeIDE_1.17.0/STM32CubeIDE/plugins/com.st.stm32cube.ide.mcu.externaltools.gnu-tools-for-stm32.13.3.rel1.win32_1.0.0.202411081344/tools/bin/../lib/gcc/arm-none-eabi/13.3.1/../../../../arm-none-eabi/lib/thumb/v7e-m+fp/hard\libc_nano.a
END GROUP
START GROUP
LOAD C:/ST/STM32CubeIDE_1.17.0/STM32CubeIDE/plugins/com.st.stm32cube.ide.mcu.externaltools.gnu-tools-for-stm32.13.3.rel1.win32_1.0.0.202411081344/tools/bin/../lib/gcc/arm-none-eabi/13.3.1/thumb/v7e-m+fp/hard\libgcc.a
LOAD C:/ST/STM32CubeIDE_1.17.0/STM32CubeIDE/plugins/com.st.stm32cube.ide.mcu.externaltools.gnu-tools-for-stm32.13.3.rel1.win32_1.0.0.202411081344/tools/bin/../lib/gcc/arm-none-eabi/13.3.1/../../../../arm-none-eabi/lib/thumb/v7e-m+fp/hard\libc_nano.a
LOAD C:/ST/STM32CubeIDE_1.17.0/STM32CubeIDE/plugins/com.st.stm32cube.ide.mcu.externaltools.gnu-tools-for-stm32.13.3.rel1.win32_1.0.0.202411081344/tools/bin/../lib/gcc/arm-none-eabi/13.3.1/../../../../arm-none-eabi/lib/thumb/v7e-m+fp/hard\libnosys.a
END GROUP
START GROUP
LOAD C:/ST/STM32CubeIDE_1.17.0/STM32CubeIDE/plugins/com.st.stm32cube.ide.mcu.externaltools.gnu-tools-for-stm32.13.3.rel1.win32_1.0.0.202411081344/tools/bin/../lib/gcc/arm-none-eabi/13.3.1/thumb/v7e-m+fp/hard\libgcc.a
LOAD C:/ST/STM32CubeIDE_1.17.0/STM32CubeIDE/plugins/com.st.stm32cube.ide.mcu.externaltools.gnu-tools-for-stm32.13.3.rel1.win32_1.0.0.202411081344/tools/bin/../lib/gcc/arm-none-eabi/13.3.1/../../../../arm-none-eabi/lib/thumb/v7e-m+fp/hard\libc_nano.a
LOAD C:/ST/STM32CubeIDE_1.17.0/STM32CubeIDE/plugins/com.st.stm32cube.ide.mcu.externaltools.gnu-tools-for-stm32.13.3.rel1.win32_1.0.0.202411081344/tools/bin/../lib/gcc/arm-none-eabi/13.3.1/../../../../arm-none-eabi/lib/thumb/v7e-m+fp/hard\libnosys.a
END GROUP
LOAD C:/ST/STM32CubeIDE_1.17.0/STM32CubeIDE/plugins/com.st.stm32cube.ide.mcu.externaltools.gnu-tools-for-stm32.13.3.rel1.win32_1.0.0.202411081344/tools/bin/../lib/gcc/arm-none-eabi/13.3.1/thumb/v7e-m+fp/hard/crtend.o
LOAD C:/ST/STM32CubeIDE_1.17.0/STM32CubeIDE/plugins/com.st.stm32cube.ide.mcu.externaltools.gnu-tools-for-stm32.13.3.rel1.win32_1.0.0.202411081344/tools/bin/../lib/gcc/arm-none-eabi/13.3.1/thumb/v7e-m+fp/hard/crtn.o
                0x20020000                        _estack = (ORIGIN (RAM) + LENGTH (RAM))
                0x00000200                        _Min_Heap_Size = 0x200
                0x00000400                        _Min_Stack_Size = 0x400

.isr_vector     0x08000000      0x188
                0x08000000                        . = ALIGN (0x4)
 *(.isr_vector)
 .isr_vector    0x08000000      0x188 ./Startup/startup_stm32f407vgtx.o
                0x08000000                g_pfnVectors
                0x08000188                        . = ALIGN (0x4)

.text           0x08000188     0x5aa0
                0x08000188                        . = ALIGN (0x4)
 *(.text)
 .text          0x08000188       0x40 C:/ST/STM32CubeIDE_1.17.0/STM32CubeIDE/plugins/com.st.stm32cube.ide.mcu.externaltools.gnu-tools-for-stm32.13.3.rel1.win32_1.0.0.202411081344/tools/bin/../lib/gcc/arm-none-eabi/13.3.1/thumb/v7e-m+fp/hard/crtbegin.o
 .text          0x080001c8      0x378 C:/ST/STM32CubeIDE_1.17.0/STM32CubeIDE/plugins/com.st.stm32cube.ide.mcu.externaltools.gnu-tools-for-stm32.13.3.rel1.win32_1.0.0.202411081344/tools/bin/../lib/gcc/arm-none-eabi/13.3.1/thumb/v7e-m+fp/hard\libgcc.a(_arm_addsubdf3.o)
                0x080001c8                __aeabi_drsub
                0x080001d0                __aeabi_dsub
                0x080001d0                __subdf3
                0x080001d4                __aeabi_dadd
                0x080001d4                __adddf3
                0x0800044c                __floatunsidf
                0x0800044c                __aeabi_ui2d
                0x0800046c                __floatsidf
                0x0800046c                __aeabi_i2d
                0x08000490                __aeabi_f2d
                0x08000490                __extendsfdf2
                0x080004d4                __floatundidf
                0x080004d4                __aeabi_ul2d
                0x080004e4                __floatdidf
                0x080004e4                __aeabi_l2d
 .text          0x08000540      0x424 C:/ST/STM32CubeIDE_1.17.0/STM32CubeIDE/plugins/com.st.stm32cube.ide.mcu.externaltools.gnu-tools-for-stm32.13.3.rel1.win32_1.0.0.202411081344/tools/bin/../lib/gcc/arm-none-eabi/13.3.1/thumb/v7e-m+fp/hard\libgcc.a(_arm_muldivdf3.o)
                0x08000540                __aeabi_dmul
                0x08000540                __muldf3
                0x08000794                __divdf3
                0x08000794                __aeabi_ddiv
 .text          0x08000964      0x110 C:/ST/STM32CubeIDE_1.17.0/STM32CubeIDE/plugins/com.st.stm32cube.ide.mcu.externaltools.gnu-tools-for-stm32.13.3.rel1.win32_1.0.0.202411081344/tools/bin/../lib/gcc/arm-none-eabi/13.3.1/thumb/v7e-m+fp/hard\libgcc.a(_arm_cmpdf2.o)
                0x08000964                __gtdf2
                0x08000964                __gedf2
                0x0800096c                __ltdf2
                0x0800096c                __ledf2
                0x08000974                __nedf2
                0x08000974                __eqdf2
                0x08000974                __cmpdf2
                0x080009f0                __aeabi_cdrcmple
                0x08000a00                __aeabi_cdcmpeq
                0x08000a00                __aeabi_cdcmple
                0x08000a10                __aeabi_dcmpeq
                0x08000a24                __aeabi_dcmplt
                0x08000a38                __aeabi_dcmple
                0x08000a4c                __aeabi_dcmpge
                0x08000a60                __aeabi_dcmpgt
 .text          0x08000a74       0x50 C:/ST/STM32CubeIDE_1.17.0/STM32CubeIDE/plugins/com.st.stm32cube.ide.mcu.externaltools.gnu-tools-for-stm32.13.3.rel1.win32_1.0.0.202411081344/tools/bin/../lib/gcc/arm-none-eabi/13.3.1/thumb/v7e-m+fp/hard\libgcc.a(_arm_fixdfsi.o)
                0x08000a74                __aeabi_d2iz
                0x08000a74                __fixdfsi
 .text          0x08000ac4       0x30 C:/ST/STM32CubeIDE_1.17.0/STM32CubeIDE/plugins/com.st.stm32cube.ide.mcu.externaltools.gnu-tools-for-stm32.13.3.rel1.win32_1.0.0.202411081344/tools/bin/../lib/gcc/arm-none-eabi/13.3.1/thumb/v7e-m+fp/hard\libgcc.a(_fixdfdi.o)
                0x08000ac4                __fixdfdi
                0x08000ac4                __aeabi_d2lz
 .text          0x08000af4       0x3c C:/ST/STM32CubeIDE_1.17.0/STM32CubeIDE/plugins/com.st.stm32cube.ide.mcu.externaltools.gnu-tools-for-stm32.13.3.rel1.win32_1.0.0.202411081344/tools/bin/../lib/gcc/arm-none-eabi/13.3.1/thumb/v7e-m+fp/hard\libgcc.a(_fixunsdfdi.o)
                0x08000af4                __fixunsdfdi
                0x08000af4                __aeabi_d2ulz
 .text          0x08000b30       0x40 C:/ST/STM32CubeIDE_1.17.0/STM32CubeIDE/plugins/com.st.stm32cube.ide.mcu.externaltools.gnu-tools-for-stm32.13.3.rel1.win32_1.0.0.202411081344/tools/bin/../lib/gcc/arm-none-eabi/13.3.1/thumb/v7e-m+fp/hard\libgcc.a(_arm_fixunsdfsi.o)
                0x08000b30                __aeabi_d2uiz
                0x08000b30                __fixunsdfsi
 *(.text*)
 .text.CRC_Init
                0x08000b70       0x20 ./Drivers/CRC/CRC.o
                0x08000b70                CRC_Init
 .text.CRC_Reset
                0x08000b90       0x20 ./Drivers/CRC/CRC.o
                0x08000b90                CRC_Reset
 .text.CRC_Compute_8Bit_Block
                0x08000bb0       0x48 ./Drivers/CRC/CRC.o
                0x08000bb0                CRC_Compute_8Bit_Block
 .text.CRC_Compute_Flash_Data
                0x08000bf8       0x3c ./Drivers/CRC/CRC.o
                0x08000bf8                CRC_Compute_Flash_Data
 .text.Custom_Console_IRQ
                0x08000c34       0x8c ./Drivers/Custom_RS485_Comm/Custom_RS485_Comm.o
                0x08000c34                Custom_Console_IRQ
 .text.Custom_Comm_Init
                0x08000cc0       0x6c ./Drivers/Custom_RS485_Comm/Custom_RS485_Comm.o
                0x08000cc0                Custom_Comm_Init
 .text.Custom_Comm_Send
                0x08000d2c       0x38 ./Drivers/Custom_RS485_Comm/Custom_RS485_Comm.o
                0x08000d2c                Custom_Comm_Send
 .text.Custom_Comm_Receive
                0x08000d64       0x90 ./Drivers/Custom_RS485_Comm/Custom_RS485_Comm.o
                0x08000d64                Custom_Comm_Receive
 .text.__NVIC_EnableIRQ
                0x08000df4       0x3c ./Drivers/DMA/DMA.o
 .text.DMA1_Stream0_IRQHandler
                0x08000e30      0x194 ./Drivers/DMA/DMA.o
                0x08000e30                DMA1_Stream0_IRQHandler
 .text.DMA1_Stream1_IRQHandler
                0x08000fc4      0x194 ./Drivers/DMA/DMA.o
                0x08000fc4                DMA1_Stream1_IRQHandler
 .text.DMA1_Stream2_IRQHandler
                0x08001158      0x1a4 ./Drivers/DMA/DMA.o
                0x08001158                DMA1_Stream2_IRQHandler
 .text.DMA1_Stream3_IRQHandler
                0x080012fc      0x194 ./Drivers/DMA/DMA.o
                0x080012fc                DMA1_Stream3_IRQHandler
 .text.DMA1_Stream4_IRQHandler
                0x08001490      0x150 ./Drivers/DMA/DMA.o
                0x08001490                DMA1_Stream4_IRQHandler
 .text.DMA1_Stream5_IRQHandler
                0x080015e0      0x150 ./Drivers/DMA/DMA.o
                0x080015e0                DMA1_Stream5_IRQHandler
 .text.DMA1_Stream6_IRQHandler
                0x08001730      0x150 ./Drivers/DMA/DMA.o
                0x08001730                DMA1_Stream6_IRQHandler
 .text.DMA1_Stream7_IRQHandler
                0x08001880      0x150 ./Drivers/DMA/DMA.o
                0x08001880                DMA1_Stream7_IRQHandler
 .text.DMA2_Stream0_IRQHandler
                0x080019d0      0x194 ./Drivers/DMA/DMA.o
                0x080019d0                DMA2_Stream0_IRQHandler
 .text.DMA2_Stream1_IRQHandler
                0x08001b64      0x150 ./Drivers/DMA/DMA.o
                0x08001b64                DMA2_Stream1_IRQHandler
 .text.DMA2_Stream2_IRQHandler
                0x08001cb4      0x150 ./Drivers/DMA/DMA.o
                0x08001cb4                DMA2_Stream2_IRQHandler
 .text.DMA2_Stream3_IRQHandler
                0x08001e04      0x194 ./Drivers/DMA/DMA.o
                0x08001e04                DMA2_Stream3_IRQHandler
 .text.DMA2_Stream4_IRQHandler
                0x08001f98      0x150 ./Drivers/DMA/DMA.o
                0x08001f98                DMA2_Stream4_IRQHandler
 .text.DMA2_Stream5_IRQHandler
                0x080020e8      0x150 ./Drivers/DMA/DMA.o
                0x080020e8                DMA2_Stream5_IRQHandler
 .text.DMA2_Stream6_IRQHandler
                0x08002238      0x150 ./Drivers/DMA/DMA.o
                0x08002238                DMA2_Stream6_IRQHandler
 .text.DMA2_Stream7_IRQHandler
                0x08002388      0x150 ./Drivers/DMA/DMA.o
                0x08002388                DMA2_Stream7_IRQHandler
 .text.DMA_Clock_Enable
                0x080024d8       0x4c ./Drivers/DMA/DMA.o
                0x080024d8                DMA_Clock_Enable
 .text.DMA_Init
                0x08002524      0x3e4 ./Drivers/DMA/DMA.o
                0x08002524                DMA_Init
 .text.DMA_Set_Target
                0x08002908       0xbe ./Drivers/DMA/DMA.o
                0x08002908                DMA_Set_Target
 *fill*         0x080029c6        0x2 
 .text.DMA_Set_Trigger
                0x080029c8      0x168 ./Drivers/DMA/DMA.o
                0x080029c8                DMA_Set_Trigger
 .text.DMA_Memory_To_Memory_Transfer
                0x08002b30      0x194 ./Drivers/DMA/DMA.o
                0x08002b30                DMA_Memory_To_Memory_Transfer
 .text.EXTI0_IRQHandler
                0x08002cc4       0x2c ./Drivers/GPIO/GPIO.o
                0x08002cc4                EXTI0_IRQHandler
 .text.EXTI1_IRQHandler
                0x08002cf0       0x2c ./Drivers/GPIO/GPIO.o
                0x08002cf0                EXTI1_IRQHandler
 .text.EXTI2_IRQHandler
                0x08002d1c       0x2c ./Drivers/GPIO/GPIO.o
                0x08002d1c                EXTI2_IRQHandler
 .text.EXTI3_IRQHandler
                0x08002d48       0x2c ./Drivers/GPIO/GPIO.o
                0x08002d48                EXTI3_IRQHandler
 .text.EXTI4_IRQHandler
                0x08002d74       0x2c ./Drivers/GPIO/GPIO.o
                0x08002d74                EXTI4_IRQHandler
 .text.EXTI9_5_IRQHandler
                0x08002da0       0x68 ./Drivers/GPIO/GPIO.o
                0x08002da0                EXTI9_5_IRQHandler
 .text.EXTI15_10_IRQHandler
                0x08002e08       0x68 ./Drivers/GPIO/GPIO.o
                0x08002e08                EXTI15_10_IRQHandler
 .text.GPIO_Clock_Enable
                0x08002e70       0xec ./Drivers/GPIO/GPIO.o
                0x08002e70                GPIO_Clock_Enable
 .text.GPIO_Pin_Init
                0x08002f5c      0x14e ./Drivers/GPIO/GPIO.o
                0x08002f5c                GPIO_Pin_Init
 *fill*         0x080030aa        0x2 
 .text.__NVIC_EnableIRQ
                0x080030ac       0x3c ./Drivers/USART/USART.o
 .text.__NVIC_SetPriority
                0x080030e8       0x54 ./Drivers/USART/USART.o
 .text.SystemAPB1_Clock_Speed
                0x0800313c       0x30 ./Drivers/USART/USART.o
 .text.SystemAPB2_Clock_Speed
                0x0800316c       0x30 ./Drivers/USART/USART.o
 .text.separateFractionAndIntegral
                0x0800319c       0x4c ./Drivers/USART/USART.o
 .text.USART1_TX_ISR
                0x080031e8       0x18 ./Drivers/USART/USART.o
                0x080031e8                USART1_TX_ISR
 .text.USART1_RX_ISR
                0x08003200       0x18 ./Drivers/USART/USART.o
                0x08003200                USART1_RX_ISR
 .text.USART2_TX_ISR
                0x08003218       0x18 ./Drivers/USART/USART.o
                0x08003218                USART2_TX_ISR
 .text.USART2_RX_ISR
                0x08003230       0x18 ./Drivers/USART/USART.o
                0x08003230                USART2_RX_ISR
 .text.USART3_TX_ISR
                0x08003248       0x18 ./Drivers/USART/USART.o
                0x08003248                USART3_TX_ISR
 .text.USART3_RX_ISR
                0x08003260       0x18 ./Drivers/USART/USART.o
                0x08003260                USART3_RX_ISR
 .text.USART4_TX_ISR
                0x08003278       0x18 ./Drivers/USART/USART.o
                0x08003278                USART4_TX_ISR
 .text.USART4_RX_ISR
                0x08003290       0x18 ./Drivers/USART/USART.o
                0x08003290                USART4_RX_ISR
 .text.USART5_TX_ISR
                0x080032a8       0x18 ./Drivers/USART/USART.o
                0x080032a8                USART5_TX_ISR
 .text.USART5_RX_ISR
                0x080032c0       0x18 ./Drivers/USART/USART.o
                0x080032c0                USART5_RX_ISR
 .text.USART6_TX_ISR
                0x080032d8       0x18 ./Drivers/USART/USART.o
                0x080032d8                USART6_TX_ISR
 .text.USART6_RX_ISR
                0x080032f0       0x18 ./Drivers/USART/USART.o
                0x080032f0                USART6_RX_ISR
 .text.UART4_IRQHandler
                0x08003308      0x170 ./Drivers/USART/USART.o
                0x08003308                UART4_IRQHandler
 .text.USART1_IRQHandler
                0x08003478      0x170 ./Drivers/USART/USART.o
                0x08003478                USART1_IRQHandler
 .text.USART_Get_Instance_Number
                0x080035e8       0x84 ./Drivers/USART/USART.o
                0x080035e8                USART_Get_Instance_Number
 .text.USART_Config_Reset
                0x0800366c       0x3c ./Drivers/USART/USART.o
                0x0800366c                USART_Config_Reset
 .text.USART_Clock_Enable
                0x080036a8       0xc8 ./Drivers/USART/USART.o
                0x080036a8                USART_Clock_Enable
 .text.PIN_Setup
                0x08003770      0xb78 ./Drivers/USART/USART.o
 .text.USART_Init
                0x080042e8      0x8c4 ./Drivers/USART/USART.o
                0x080042e8                USART_Init
 .text.USART_TX_Buffer
                0x08004bac      0x220 ./Drivers/USART/USART.o
                0x08004bac                USART_TX_Buffer
 .text.USART_RX_Buffer
                0x08004dcc      0x244 ./Drivers/USART/USART.o
                0x08004dcc                USART_RX_Buffer
 .text.USART_TX_Single_Byte
                0x08005010       0x32 ./Drivers/USART/USART.o
                0x08005010                USART_TX_Single_Byte
 *fill*         0x08005042        0x2 
 .text.__NVIC_SetPriority
                0x08005044       0x54 ./Src/main.o
 .text.__NVIC_SystemReset
                0x08005098       0x2c ./Src/main.o
 .text.SysTick_Config
                0x080050c4       0x44 ./Src/main.o
 .text.MCU_Clock_Setup
                0x08005108      0x124 ./Src/main.o
 .text.Delay_Config
                0x0800522c       0x30 ./Src/main.o
 .text.Delay_ms
                0x0800525c       0x5c ./Src/main.o
 .text.Delay_s  0x080052b8       0x34 ./Src/main.o
 .text.GPIO_Pin_Low
                0x080052ec       0x2a ./Src/main.o
 .text.GPIO_Pin_High
                0x08005316       0x28 ./Src/main.o
 *fill*         0x0800533e        0x2 
 .text.main     0x08005340       0x6c ./Src/main.o
                0x08005340                main
 .text.Bootloader
                0x080053ac       0xf4 ./Src/main.o
                0x080053ac                Bootloader
 .text.Connect_Device_Func
                0x080054a0       0xbc ./Src/main.o
                0x080054a0                Connect_Device_Func
 .text.Disconnect_Device_Func
                0x0800555c       0xa0 ./Src/main.o
                0x0800555c                Disconnect_Device_Func
 .text.Write_Firmware_Func
                0x080055fc       0xa0 ./Src/main.o
                0x080055fc                Write_Firmware_Func
 .text.Read_Firmware_Func
                0x0800569c       0xa0 ./Src/main.o
                0x0800569c                Read_Firmware_Func
 .text.Erase_Firmware_Func
                0x0800573c       0xa0 ./Src/main.o
                0x0800573c                Erase_Firmware_Func
 .text.Reboot_MCU_Func
                0x080057dc       0x9c ./Src/main.o
                0x080057dc                Reboot_MCU_Func
 .text.Validate_Command
                0x08005878       0xc4 ./Src/main.o
                0x08005878                Validate_Command
 .text.SystemInit
                0x0800593c       0x24 ./Src/system_stm32f4xx.o
                0x0800593c                SystemInit
 .text.SystemCoreClockUpdate
                0x08005960      0x100 ./Src/system_stm32f4xx.o
                0x08005960                SystemCoreClockUpdate
 .text.Reset_Handler
                0x08005a60       0x50 ./Startup/startup_stm32f407vgtx.o
                0x08005a60                Reset_Handler
 .text.Default_Handler
                0x08005ab0        0x2 ./Startup/startup_stm32f407vgtx.o
                0x08005ab0                RTC_Alarm_IRQHandler
                0x08005ab0                HASH_RNG_IRQHandler
                0x08005ab0                TIM8_CC_IRQHandler
                0x08005ab0                DebugMon_Handler
                0x08005ab0                TIM1_CC_IRQHandler
                0x08005ab0                HardFault_Handler
                0x08005ab0                SysTick_Handler
                0x08005ab0                PVD_IRQHandler
                0x08005ab0                SDIO_IRQHandler
                0x08005ab0                TAMP_STAMP_IRQHandler
                0x08005ab0                PendSV_Handler
                0x08005ab0                NMI_Handler
                0x08005ab0                CAN2_RX1_IRQHandler
                0x08005ab0                TIM8_TRG_COM_TIM14_IRQHandler
                0x08005ab0                TIM1_UP_TIM10_IRQHandler
                0x08005ab0                TIM8_UP_TIM13_IRQHandler
                0x08005ab0                I2C3_ER_IRQHandler
                0x08005ab0                I2C2_EV_IRQHandler
                0x08005ab0                CAN1_RX0_IRQHandler
                0x08005ab0                FPU_IRQHandler
                0x08005ab0                OTG_HS_WKUP_IRQHandler
                0x08005ab0                UsageFault_Handler
                0x08005ab0                CAN2_SCE_IRQHandler
                0x08005ab0                SPI1_IRQHandler
                0x08005ab0                TIM6_DAC_IRQHandler
                0x08005ab0                TIM1_BRK_TIM9_IRQHandler
                0x08005ab0                DCMI_IRQHandler
                0x08005ab0                CAN2_RX0_IRQHandler
                0x08005ab0                USART6_IRQHandler
                0x08005ab0                USART3_IRQHandler
                0x08005ab0                CRYP_IRQHandler
                0x08005ab0                CAN1_RX1_IRQHandler
                0x08005ab0                UART5_IRQHandler
                0x08005ab0                TIM4_IRQHandler
                0x08005ab0                I2C1_EV_IRQHandler
                0x08005ab0                TIM3_IRQHandler
                0x08005ab0                RCC_IRQHandler
                0x08005ab0                TIM8_BRK_TIM12_IRQHandler
                0x08005ab0                Default_Handler
                0x08005ab0                ADC_IRQHandler
                0x08005ab0                TIM7_IRQHandler
                0x08005ab0                CAN2_TX_IRQHandler
                0x08005ab0                TIM5_IRQHandler
                0x08005ab0                I2C3_EV_IRQHandler
                0x08005ab0                RTC_WKUP_IRQHandler
                0x08005ab0                ETH_WKUP_IRQHandler
                0x08005ab0                SPI2_IRQHandler
                0x08005ab0                OTG_HS_EP1_IN_IRQHandler
                0x08005ab0                MemManage_Handler
                0x08005ab0                CAN1_TX_IRQHandler
                0x08005ab0                SVC_Handler
                0x08005ab0                FSMC_IRQHandler
                0x08005ab0                ETH_IRQHandler
                0x08005ab0                OTG_HS_EP1_OUT_IRQHandler
                0x08005ab0                WWDG_IRQHandler
                0x08005ab0                TIM2_IRQHandler
                0x08005ab0                OTG_FS_WKUP_IRQHandler
                0x08005ab0                TIM1_TRG_COM_TIM11_IRQHandler
                0x08005ab0                OTG_HS_IRQHandler
                0x08005ab0                USART2_IRQHandler
                0x08005ab0                I2C2_ER_IRQHandler
                0x08005ab0                CAN1_SCE_IRQHandler
                0x08005ab0                BusFault_Handler
                0x08005ab0                OTG_FS_IRQHandler
                0x08005ab0                SPI3_IRQHandler
                0x08005ab0                I2C1_ER_IRQHandler
 *fill*         0x08005ab2        0x2 
 .text.__libc_init_array
                0x08005ab4       0x48 C:/ST/STM32CubeIDE_1.17.0/STM32CubeIDE/plugins/com.st.stm32cube.ide.mcu.externaltools.gnu-tools-for-stm32.13.3.rel1.win32_1.0.0.202411081344/tools/bin/../lib/gcc/arm-none-eabi/13.3.1/../../../../arm-none-eabi/lib/thumb/v7e-m+fp/hard\libc_nano.a(libc_a-init.o)
                0x08005ab4                __libc_init_array
 .text.memcpy   0x08005afc       0x1c C:/ST/STM32CubeIDE_1.17.0/STM32CubeIDE/plugins/com.st.stm32cube.ide.mcu.externaltools.gnu-tools-for-stm32.13.3.rel1.win32_1.0.0.202411081344/tools/bin/../lib/gcc/arm-none-eabi/13.3.1/../../../../arm-none-eabi/lib/thumb/v7e-m+fp/hard\libc_nano.a(libc_a-memcpy-stub.o)
                0x08005afc                memcpy
 .text.ceil     0x08005b18       0xf8 C:/ST/STM32CubeIDE_1.17.0/STM32CubeIDE/plugins/com.st.stm32cube.ide.mcu.externaltools.gnu-tools-for-stm32.13.3.rel1.win32_1.0.0.202411081344/tools/bin/../lib/gcc/arm-none-eabi/13.3.1/../../../../arm-none-eabi/lib/thumb/v7e-m+fp/hard\libm.a(libm_a-s_ceil.o)
                0x08005b18                ceil
 *(.glue_7)
 .glue_7        0x08005c10        0x0 linker stubs
 *(.glue_7t)
 .glue_7t       0x08005c10        0x0 linker stubs
 *(.eh_frame)
 .eh_frame      0x08005c10        0x0 C:/ST/STM32CubeIDE_1.17.0/STM32CubeIDE/plugins/com.st.stm32cube.ide.mcu.externaltools.gnu-tools-for-stm32.13.3.rel1.win32_1.0.0.202411081344/tools/bin/../lib/gcc/arm-none-eabi/13.3.1/thumb/v7e-m+fp/hard/crtbegin.o
 *(.init)
 .init          0x08005c10        0x4 C:/ST/STM32CubeIDE_1.17.0/STM32CubeIDE/plugins/com.st.stm32cube.ide.mcu.externaltools.gnu-tools-for-stm32.13.3.rel1.win32_1.0.0.202411081344/tools/bin/../lib/gcc/arm-none-eabi/13.3.1/thumb/v7e-m+fp/hard/crti.o
                0x08005c10                _init
 .init          0x08005c14        0x8 C:/ST/STM32CubeIDE_1.17.0/STM32CubeIDE/plugins/com.st.stm32cube.ide.mcu.externaltools.gnu-tools-for-stm32.13.3.rel1.win32_1.0.0.202411081344/tools/bin/../lib/gcc/arm-none-eabi/13.3.1/thumb/v7e-m+fp/hard/crtn.o
 *(.fini)
 .fini          0x08005c1c        0x4 C:/ST/STM32CubeIDE_1.17.0/STM32CubeIDE/plugins/com.st.stm32cube.ide.mcu.externaltools.gnu-tools-for-stm32.13.3.rel1.win32_1.0.0.202411081344/tools/bin/../lib/gcc/arm-none-eabi/13.3.1/thumb/v7e-m+fp/hard/crti.o
                0x08005c1c                _fini
 .fini          0x08005c20        0x8 C:/ST/STM32CubeIDE_1.17.0/STM32CubeIDE/plugins/com.st.stm32cube.ide.mcu.externaltools.gnu-tools-for-stm32.13.3.rel1.win32_1.0.0.202411081344/tools/bin/../lib/gcc/arm-none-eabi/13.3.1/thumb/v7e-m+fp/hard/crtn.o
                0x08005c28                        . = ALIGN (0x4)
                0x08005c28                        _etext = .

.vfp11_veneer   0x08005c28        0x0
 .vfp11_veneer  0x08005c28        0x0 linker stubs

.v4_bx          0x08005c28        0x0
 .v4_bx         0x08005c28        0x0 linker stubs

.iplt           0x08005c28        0x0
 .iplt          0x08005c28        0x0 C:/ST/STM32CubeIDE_1.17.0/STM32CubeIDE/plugins/com.st.stm32cube.ide.mcu.externaltools.gnu-tools-for-stm32.13.3.rel1.win32_1.0.0.202411081344/tools/bin/../lib/gcc/arm-none-eabi/13.3.1/thumb/v7e-m+fp/hard/crtbegin.o

.app_section    0x08008000       0x50
                0x08008000                        . = ALIGN (0x4)
                0x08008000                        __app_section_start__ = .
 *(.app_section*)
 .app_section   0x08008000       0x50 ./Src/main.o
                0x08008000                Blink_App
                0x08008050                        __app_section_end__ = .

.rodata         0x08005c28      0x424
                0x08005c28                        . = ALIGN (0x4)
 *(.rodata)
 *(.rodata*)
 .rodata.LIFCR_Shifts.1
                0x08005c28        0x4 ./Drivers/DMA/DMA.o
 .rodata.HIFCR_Shifts.0
                0x08005c2c        0x4 ./Drivers/DMA/DMA.o
 .rodata.DMA_Configuration
                0x08005c30      0x404 ./Drivers/USART/USART.o
 .rodata.AHBPrescTable
                0x08006034       0x10 ./Src/system_stm32f4xx.o
                0x08006034                AHBPrescTable
 .rodata.APBPrescTable
                0x08006044        0x8 ./Src/system_stm32f4xx.o
                0x08006044                APBPrescTable
                0x0800604c                        . = ALIGN (0x4)

.ARM.extab      0x0800604c        0x0
                0x0800604c                        . = ALIGN (0x4)
 *(.ARM.extab* .gnu.linkonce.armextab.*)
                0x0800604c                        . = ALIGN (0x4)

.ARM            0x0800604c        0x0
                0x0800604c                        . = ALIGN (0x4)
                0x0800604c                        __exidx_start = .
 *(.ARM.exidx*)
                0x0800604c                        __exidx_end = .
                0x0800604c                        . = ALIGN (0x4)

.preinit_array  0x0800604c        0x0
                0x0800604c                        . = ALIGN (0x4)
                0x0800604c                        PROVIDE (__preinit_array_start = .)
 *(.preinit_array*)
                0x0800604c                        PROVIDE (__preinit_array_end = .)
                0x0800604c                        . = ALIGN (0x4)

.init_array     0x0800604c        0x4
                0x0800604c                        . = ALIGN (0x4)
                0x0800604c                        PROVIDE (__init_array_start = .)
 *(SORT_BY_NAME(.init_array.*))
 *(.init_array*)
 .init_array    0x0800604c        0x4 C:/ST/STM32CubeIDE_1.17.0/STM32CubeIDE/plugins/com.st.stm32cube.ide.mcu.externaltools.gnu-tools-for-stm32.13.3.rel1.win32_1.0.0.202411081344/tools/bin/../lib/gcc/arm-none-eabi/13.3.1/thumb/v7e-m+fp/hard/crtbegin.o
                0x08006050                        PROVIDE (__init_array_end = .)
                0x08006050                        . = ALIGN (0x4)

.fini_array     0x08006050        0x4
                0x08006050                        . = ALIGN (0x4)
                [!provide]                        PROVIDE (__fini_array_start = .)
 *(SORT_BY_NAME(.fini_array.*))
 *(.fini_array*)
 .fini_array    0x08006050        0x4 C:/ST/STM32CubeIDE_1.17.0/STM32CubeIDE/plugins/com.st.stm32cube.ide.mcu.externaltools.gnu-tools-for-stm32.13.3.rel1.win32_1.0.0.202411081344/tools/bin/../lib/gcc/arm-none-eabi/13.3.1/thumb/v7e-m+fp/hard/crtbegin.o
                [!provide]                        PROVIDE (__fini_array_end = .)
                0x08006054                        . = ALIGN (0x4)
                0x08006054                        _sidata = LOADADDR (.data)

.rel.dyn        0x08006054        0x0
 .rel.iplt      0x08006054        0x0 C:/ST/STM32CubeIDE_1.17.0/STM32CubeIDE/plugins/com.st.stm32cube.ide.mcu.externaltools.gnu-tools-for-stm32.13.3.rel1.win32_1.0.0.202411081344/tools/bin/../lib/gcc/arm-none-eabi/13.3.1/thumb/v7e-m+fp/hard/crtbegin.o

.data           0x20000000        0x4 load address 0x08006054
                0x20000000                        . = ALIGN (0x4)
                0x20000000                        _sdata = .
 *(.data)
 *(.data*)
 .data.SystemCoreClock
                0x20000000        0x4 ./Src/system_stm32f4xx.o
                0x20000000                SystemCoreClock
 *(.RamFunc)
 *(.RamFunc*)
                0x20000004                        . = ALIGN (0x4)
                0x20000004                        _edata = .
                0x08006058                        _siccmram = LOADADDR (.ccmram)

.igot.plt       0x20000004        0x0 load address 0x08006058
 .igot.plt      0x20000004        0x0 C:/ST/STM32CubeIDE_1.17.0/STM32CubeIDE/plugins/com.st.stm32cube.ide.mcu.externaltools.gnu-tools-for-stm32.13.3.rel1.win32_1.0.0.202411081344/tools/bin/../lib/gcc/arm-none-eabi/13.3.1/thumb/v7e-m+fp/hard/crtbegin.o

.ccmram         0x10000000        0x0 load address 0x08006058
                0x10000000                        . = ALIGN (0x4)
                0x10000000                        _sccmram = .
 *(.ccmram)
 *(.ccmram*)
                0x10000000                        . = ALIGN (0x4)
                0x10000000                        _eccmram = .
                0x10000000                        . = ALIGN (0x4)

.bss            0x20000004      0x7ec
                0x20000004                        _sbss = .
                0x20000004                        __bss_start__ = _sbss
 *(.bss)
 .bss           0x20000004       0x1c C:/ST/STM32CubeIDE_1.17.0/STM32CubeIDE/plugins/com.st.stm32cube.ide.mcu.externaltools.gnu-tools-for-stm32.13.3.rel1.win32_1.0.0.202411081344/tools/bin/../lib/gcc/arm-none-eabi/13.3.1/thumb/v7e-m+fp/hard/crtbegin.o
 *(.bss*)
 .bss.custom_rx_get_flag
                0x20000020        0x4 ./Drivers/Custom_RS485_Comm/Custom_RS485_Comm.o
                0x20000020                custom_rx_get_flag
 .bss.custom_rx_flag
                0x20000024        0x4 ./Drivers/Custom_RS485_Comm/Custom_RS485_Comm.o
                0x20000024                custom_rx_flag
 .bss.Custom_RX_Length
                0x20000028        0x4 ./Drivers/Custom_RS485_Comm/Custom_RS485_Comm.o
                0x20000028                Custom_RX_Length
 .bss.Custom_TRX_Buffer
                0x2000002c      0x100 ./Drivers/Custom_RS485_Comm/Custom_RS485_Comm.o
                0x2000002c                Custom_TRX_Buffer
 .bss.Custom_Comm
                0x2000012c       0xe4 ./Drivers/Custom_RS485_Comm/Custom_RS485_Comm.o
                0x2000012c                Custom_Comm
 .bss.__DMA1_Stream0_Config__
                0x20000210        0x4 ./Drivers/DMA/DMA.o
                0x20000210                __DMA1_Stream0_Config__
 .bss.__DMA1_Stream1_Config__
                0x20000214        0x4 ./Drivers/DMA/DMA.o
                0x20000214                __DMA1_Stream1_Config__
 .bss.__DMA1_Stream2_Config__
                0x20000218        0x4 ./Drivers/DMA/DMA.o
                0x20000218                __DMA1_Stream2_Config__
 .bss.__DMA1_Stream3_Config__
                0x2000021c        0x4 ./Drivers/DMA/DMA.o
                0x2000021c                __DMA1_Stream3_Config__
 .bss.__DMA1_Stream4_Config__
                0x20000220        0x4 ./Drivers/DMA/DMA.o
                0x20000220                __DMA1_Stream4_Config__
 .bss.__DMA1_Stream5_Config__
                0x20000224        0x4 ./Drivers/DMA/DMA.o
                0x20000224                __DMA1_Stream5_Config__
 .bss.__DMA1_Stream6_Config__
                0x20000228        0x4 ./Drivers/DMA/DMA.o
                0x20000228                __DMA1_Stream6_Config__
 .bss.__DMA1_Stream7_Config__
                0x2000022c        0x4 ./Drivers/DMA/DMA.o
                0x2000022c                __DMA1_Stream7_Config__
 .bss.__DMA2_Stream0_Config__
                0x20000230        0x4 ./Drivers/DMA/DMA.o
                0x20000230                __DMA2_Stream0_Config__
 .bss.__DMA2_Stream1_Config__
                0x20000234        0x4 ./Drivers/DMA/DMA.o
                0x20000234                __DMA2_Stream1_Config__
 .bss.__DMA2_Stream2_Config__
                0x20000238        0x4 ./Drivers/DMA/DMA.o
                0x20000238                __DMA2_Stream2_Config__
 .bss.__DMA2_Stream3_Config__
                0x2000023c        0x4 ./Drivers/DMA/DMA.o
                0x2000023c                __DMA2_Stream3_Config__
 .bss.__DMA2_Stream4_Config__
                0x20000240        0x4 ./Drivers/DMA/DMA.o
                0x20000240                __DMA2_Stream4_Config__
 .bss.__DMA2_Stream5_Config__
                0x20000244        0x4 ./Drivers/DMA/DMA.o
                0x20000244                __DMA2_Stream5_Config__
 .bss.__DMA2_Stream6_Config__
                0x20000248        0x4 ./Drivers/DMA/DMA.o
                0x20000248                __DMA2_Stream6_Config__
 .bss.__DMA2_Stream7_Config__
                0x2000024c        0x4 ./Drivers/DMA/DMA.o
                0x2000024c                __DMA2_Stream7_Config__
 .bss.DMA_LISR  0x20000250        0x4 ./Drivers/DMA/DMA.o
                0x20000250                DMA_LISR
 .bss.DMA_HISR  0x20000254        0x4 ./Drivers/DMA/DMA.o
                0x20000254                DMA_HISR
 .bss.EXTI_ISR  0x20000258       0x40 ./Drivers/GPIO/GPIO.o
                0x20000258                EXTI_ISR
 .bss.xUSART_RX
                0x20000298      0x210 ./Drivers/USART/USART.o
                0x20000298                xUSART_RX
 .bss.xUSART_TX
                0x200004a8      0x210 ./Drivers/USART/USART.o
                0x200004a8                xUSART_TX
 .bss.usart_dma_instance_number
                0x200006b8        0x1 ./Drivers/USART/USART.o
                0x200006b8                usart_dma_instance_number
 *fill*         0x200006b9        0x3 
 .bss.__usart_1_config__
                0x200006bc        0x4 ./Drivers/USART/USART.o
                0x200006bc                __usart_1_config__
 .bss.__usart_2_config__
                0x200006c0        0x4 ./Drivers/USART/USART.o
                0x200006c0                __usart_2_config__
 .bss.__usart_3_config__
                0x200006c4        0x4 ./Drivers/USART/USART.o
                0x200006c4                __usart_3_config__
 .bss.__usart_4_config__
                0x200006c8        0x4 ./Drivers/USART/USART.o
                0x200006c8                __usart_4_config__
 .bss.__usart_5_config__
                0x200006cc        0x4 ./Drivers/USART/USART.o
                0x200006cc                __usart_5_config__
 .bss.USART_SR  0x200006d0        0x2 ./Drivers/USART/USART.o
                0x200006d0                USART_SR
 .bss.U1TX_Complete
                0x200006d2        0x1 ./Drivers/USART/USART.o
                0x200006d2                U1TX_Complete
 .bss.U1RX_Complete
                0x200006d3        0x1 ./Drivers/USART/USART.o
                0x200006d3                U1RX_Complete
 .bss.U2TX_Complete
                0x200006d4        0x1 ./Drivers/USART/USART.o
                0x200006d4                U2TX_Complete
 .bss.U2RX_Complete
                0x200006d5        0x1 ./Drivers/USART/USART.o
                0x200006d5                U2RX_Complete
 .bss.U3TX_Complete
                0x200006d6        0x1 ./Drivers/USART/USART.o
                0x200006d6                U3TX_Complete
 .bss.U3RX_Complete
                0x200006d7        0x1 ./Drivers/USART/USART.o
                0x200006d7                U3RX_Complete
 .bss.U4TX_Complete
                0x200006d8        0x1 ./Drivers/USART/USART.o
                0x200006d8                U4TX_Complete
 .bss.U4RX_Complete
                0x200006d9        0x1 ./Drivers/USART/USART.o
                0x200006d9                U4RX_Complete
 .bss.U5TX_Complete
                0x200006da        0x1 ./Drivers/USART/USART.o
                0x200006da                U5TX_Complete
 .bss.U5RX_Complete
                0x200006db        0x1 ./Drivers/USART/USART.o
                0x200006db                U5RX_Complete
 .bss.U6TX_Complete
                0x200006dc        0x1 ./Drivers/USART/USART.o
                0x200006dc                U6TX_Complete
 .bss.U6RX_Complete
                0x200006dd        0x1 ./Drivers/USART/USART.o
                0x200006dd                U6RX_Complete
 *fill*         0x200006de        0x2 
 .bss.buffer1   0x200006e0        0x3 ./Src/main.o
                0x200006e0                buffer1
 *fill*         0x200006e3        0x1 
 .bss.buffer    0x200006e4      0x100 ./Src/main.o
                0x200006e4                buffer
 .bss.len       0x200007e4        0x2 ./Src/main.o
                0x200007e4                len
 *fill*         0x200007e6        0x2 
 .bss.CRC_Rec1  0x200007e8        0x4 ./Src/main.o
                0x200007e8                CRC_Rec1
 .bss.CRC_Rec2  0x200007ec        0x4 ./Src/main.o
                0x200007ec                CRC_Rec2
 *(COMMON)
                0x200007f0                        . = ALIGN (0x4)
                0x200007f0                        _ebss = .
                0x200007f0                        __bss_end__ = _ebss

._user_heap_stack
                0x200007f0      0x600
                0x200007f0                        . = ALIGN (0x8)
                [!provide]                        PROVIDE (end = .)
                0x200007f0                        PROVIDE (_end = .)
                0x200009f0                        . = (. + _Min_Heap_Size)
 *fill*         0x200007f0      0x200 
                0x20000df0                        . = (. + _Min_Stack_Size)
 *fill*         0x200009f0      0x400 
                0x20000df0                        . = ALIGN (0x8)

/DISCARD/
 libc.a(*)
 libm.a(*)
 libgcc.a(*)

.ARM.attributes
                0x00000000       0x30
 *(.ARM.attributes)
 .ARM.attributes
                0x00000000       0x22 C:/ST/STM32CubeIDE_1.17.0/STM32CubeIDE/plugins/com.st.stm32cube.ide.mcu.externaltools.gnu-tools-for-stm32.13.3.rel1.win32_1.0.0.202411081344/tools/bin/../lib/gcc/arm-none-eabi/13.3.1/thumb/v7e-m+fp/hard/crti.o
 .ARM.attributes
                0x00000022       0x34 C:/ST/STM32CubeIDE_1.17.0/STM32CubeIDE/plugins/com.st.stm32cube.ide.mcu.externaltools.gnu-tools-for-stm32.13.3.rel1.win32_1.0.0.202411081344/tools/bin/../lib/gcc/arm-none-eabi/13.3.1/thumb/v7e-m+fp/hard/crtbegin.o
 .ARM.attributes
                0x00000056       0x34 ./Drivers/CRC/CRC.o
 .ARM.attributes
                0x0000008a       0x34 ./Drivers/Custom_RS485_Comm/Custom_RS485_Comm.o
 .ARM.attributes
                0x000000be       0x34 ./Drivers/DMA/DMA.o
 .ARM.attributes
                0x000000f2       0x34 ./Drivers/GPIO/GPIO.o
 .ARM.attributes
                0x00000126       0x34 ./Drivers/USART/USART.o
 .ARM.attributes
                0x0000015a       0x34 ./Src/main.o
 .ARM.attributes
                0x0000018e       0x34 ./Src/system_stm32f4xx.o
 .ARM.attributes
                0x000001c2       0x21 ./Startup/startup_stm32f407vgtx.o
 .ARM.attributes
                0x000001e3       0x34 C:/ST/STM32CubeIDE_1.17.0/STM32CubeIDE/plugins/com.st.stm32cube.ide.mcu.externaltools.gnu-tools-for-stm32.13.3.rel1.win32_1.0.0.202411081344/tools/bin/../lib/gcc/arm-none-eabi/13.3.1/../../../../arm-none-eabi/lib/thumb/v7e-m+fp/hard\libc_nano.a(libc_a-init.o)
 .ARM.attributes
                0x00000217       0x34 C:/ST/STM32CubeIDE_1.17.0/STM32CubeIDE/plugins/com.st.stm32cube.ide.mcu.externaltools.gnu-tools-for-stm32.13.3.rel1.win32_1.0.0.202411081344/tools/bin/../lib/gcc/arm-none-eabi/13.3.1/../../../../arm-none-eabi/lib/thumb/v7e-m+fp/hard\libc_nano.a(libc_a-memcpy-stub.o)
 .ARM.attributes
                0x0000024b       0x34 C:/ST/STM32CubeIDE_1.17.0/STM32CubeIDE/plugins/com.st.stm32cube.ide.mcu.externaltools.gnu-tools-for-stm32.13.3.rel1.win32_1.0.0.202411081344/tools/bin/../lib/gcc/arm-none-eabi/13.3.1/../../../../arm-none-eabi/lib/thumb/v7e-m+fp/hard\libm.a(libm_a-s_ceil.o)
 .ARM.attributes
                0x0000027f       0x22 C:/ST/STM32CubeIDE_1.17.0/STM32CubeIDE/plugins/com.st.stm32cube.ide.mcu.externaltools.gnu-tools-for-stm32.13.3.rel1.win32_1.0.0.202411081344/tools/bin/../lib/gcc/arm-none-eabi/13.3.1/thumb/v7e-m+fp/hard\libgcc.a(_arm_addsubdf3.o)
 .ARM.attributes
                0x000002a1       0x22 C:/ST/STM32CubeIDE_1.17.0/STM32CubeIDE/plugins/com.st.stm32cube.ide.mcu.externaltools.gnu-tools-for-stm32.13.3.rel1.win32_1.0.0.202411081344/tools/bin/../lib/gcc/arm-none-eabi/13.3.1/thumb/v7e-m+fp/hard\libgcc.a(_arm_muldivdf3.o)
 .ARM.attributes
                0x000002c3       0x22 C:/ST/STM32CubeIDE_1.17.0/STM32CubeIDE/plugins/com.st.stm32cube.ide.mcu.externaltools.gnu-tools-for-stm32.13.3.rel1.win32_1.0.0.202411081344/tools/bin/../lib/gcc/arm-none-eabi/13.3.1/thumb/v7e-m+fp/hard\libgcc.a(_arm_cmpdf2.o)
 .ARM.attributes
                0x000002e5       0x22 C:/ST/STM32CubeIDE_1.17.0/STM32CubeIDE/plugins/com.st.stm32cube.ide.mcu.externaltools.gnu-tools-for-stm32.13.3.rel1.win32_1.0.0.202411081344/tools/bin/../lib/gcc/arm-none-eabi/13.3.1/thumb/v7e-m+fp/hard\libgcc.a(_arm_fixdfsi.o)
 .ARM.attributes
                0x00000307       0x34 C:/ST/STM32CubeIDE_1.17.0/STM32CubeIDE/plugins/com.st.stm32cube.ide.mcu.externaltools.gnu-tools-for-stm32.13.3.rel1.win32_1.0.0.202411081344/tools/bin/../lib/gcc/arm-none-eabi/13.3.1/thumb/v7e-m+fp/hard\libgcc.a(_fixdfdi.o)
 .ARM.attributes
                0x0000033b       0x34 C:/ST/STM32CubeIDE_1.17.0/STM32CubeIDE/plugins/com.st.stm32cube.ide.mcu.externaltools.gnu-tools-for-stm32.13.3.rel1.win32_1.0.0.202411081344/tools/bin/../lib/gcc/arm-none-eabi/13.3.1/thumb/v7e-m+fp/hard\libgcc.a(_fixunsdfdi.o)
 .ARM.attributes
                0x0000036f       0x22 C:/ST/STM32CubeIDE_1.17.0/STM32CubeIDE/plugins/com.st.stm32cube.ide.mcu.externaltools.gnu-tools-for-stm32.13.3.rel1.win32_1.0.0.202411081344/tools/bin/../lib/gcc/arm-none-eabi/13.3.1/thumb/v7e-m+fp/hard\libgcc.a(_arm_fixunsdfsi.o)
 .ARM.attributes
                0x00000391       0x22 C:/ST/STM32CubeIDE_1.17.0/STM32CubeIDE/plugins/com.st.stm32cube.ide.mcu.externaltools.gnu-tools-for-stm32.13.3.rel1.win32_1.0.0.202411081344/tools/bin/../lib/gcc/arm-none-eabi/13.3.1/thumb/v7e-m+fp/hard/crtn.o
OUTPUT(Blackshield_Bootloader.elf elf32-littlearm)
LOAD linker stubs
LOAD C:/ST/STM32CubeIDE_1.17.0/STM32CubeIDE/plugins/com.st.stm32cube.ide.mcu.externaltools.gnu-tools-for-stm32.13.3.rel1.win32_1.0.0.202411081344/tools/bin/../lib/gcc/arm-none-eabi/13.3.1/../../../../arm-none-eabi/lib/thumb/v7e-m+fp/hard\libc.a
LOAD C:/ST/STM32CubeIDE_1.17.0/STM32CubeIDE/plugins/com.st.stm32cube.ide.mcu.externaltools.gnu-tools-for-stm32.13.3.rel1.win32_1.0.0.202411081344/tools/bin/../lib/gcc/arm-none-eabi/13.3.1/../../../../arm-none-eabi/lib/thumb/v7e-m+fp/hard\libm.a
LOAD C:/ST/STM32CubeIDE_1.17.0/STM32CubeIDE/plugins/com.st.stm32cube.ide.mcu.externaltools.gnu-tools-for-stm32.13.3.rel1.win32_1.0.0.202411081344/tools/bin/../lib/gcc/arm-none-eabi/13.3.1/thumb/v7e-m+fp/hard\libgcc.a

.debug_info     0x00000000     0x9964
 .debug_info    0x00000000      0xb94 ./Drivers/CRC/CRC.o
 .debug_info    0x00000b94     0x1a46 ./Drivers/Custom_RS485_Comm/Custom_RS485_Comm.o
 .debug_info    0x000025da     0x1360 ./Drivers/DMA/DMA.o
 .debug_info    0x0000393a      0xfca ./Drivers/GPIO/GPIO.o
 .debug_info    0x00004904     0x2706 ./Drivers/USART/USART.o
 .debug_info    0x0000700a     0x241f ./Src/main.o
 .debug_info    0x00009429      0x50b ./Src/system_stm32f4xx.o
 .debug_info    0x00009934       0x30 ./Startup/startup_stm32f407vgtx.o

.debug_abbrev   0x00000000     0x1213
 .debug_abbrev  0x00000000      0x1a0 ./Drivers/CRC/CRC.o
 .debug_abbrev  0x000001a0      0x22b ./Drivers/Custom_RS485_Comm/Custom_RS485_Comm.o
 .debug_abbrev  0x000003cb      0x23c ./Drivers/DMA/DMA.o
 .debug_abbrev  0x00000607      0x275 ./Drivers/GPIO/GPIO.o
 .debug_abbrev  0x0000087c      0x394 ./Drivers/USART/USART.o
 .debug_abbrev  0x00000c10      0x4c5 ./Src/main.o
 .debug_abbrev  0x000010d5      0x11a ./Src/system_stm32f4xx.o
 .debug_abbrev  0x000011ef       0x24 ./Startup/startup_stm32f407vgtx.o

.debug_aranges  0x00000000      0x400
 .debug_aranges
                0x00000000       0x48 ./Drivers/CRC/CRC.o
 .debug_aranges
                0x00000048       0x38 ./Drivers/Custom_RS485_Comm/Custom_RS485_Comm.o
 .debug_aranges
                0x00000080       0xd8 ./Drivers/DMA/DMA.o
 .debug_aranges
                0x00000158       0x80 ./Drivers/GPIO/GPIO.o
 .debug_aranges
                0x000001d8      0x108 ./Drivers/USART/USART.o
 .debug_aranges
                0x000002e0       0xd0 ./Src/main.o
 .debug_aranges
                0x000003b0       0x28 ./Src/system_stm32f4xx.o
 .debug_aranges
                0x000003d8       0x28 ./Startup/startup_stm32f407vgtx.o

.debug_rnglists
                0x00000000      0x305
 .debug_rnglists
                0x00000000       0x31 ./Drivers/CRC/CRC.o
 .debug_rnglists
                0x00000031       0x27 ./Drivers/Custom_RS485_Comm/Custom_RS485_Comm.o
 .debug_rnglists
                0x00000058       0xb1 ./Drivers/DMA/DMA.o
 .debug_rnglists
                0x00000109       0x5f ./Drivers/GPIO/GPIO.o
 .debug_rnglists
                0x00000168       0xca ./Drivers/USART/USART.o
 .debug_rnglists
                0x00000232       0xa0 ./Src/main.o
 .debug_rnglists
                0x000002d2       0x1a ./Src/system_stm32f4xx.o
 .debug_rnglists
                0x000002ec       0x19 ./Startup/startup_stm32f407vgtx.o

.debug_macro    0x00000000     0x10c7
 .debug_macro   0x00000000      0x278 ./Drivers/CRC/CRC.o
 .debug_macro   0x00000278      0x2a0 ./Drivers/Custom_RS485_Comm/Custom_RS485_Comm.o
 .debug_macro   0x00000518      0x268 ./Drivers/DMA/DMA.o
 .debug_macro   0x00000780      0x27a ./Drivers/GPIO/GPIO.o
 .debug_macro   0x000009fa      0x290 ./Drivers/USART/USART.o
 .debug_macro   0x00000c8a      0x2c8 ./Src/main.o
 .debug_macro   0x00000f52       0xda ./Src/system_stm32f4xx.o
 .debug_macro   0x0000102c       0x2e ./Src/system_stm32f4xx.o
 .debug_macro   0x0000105a       0x6d ./Src/system_stm32f4xx.o

.debug_line     0x00000000     0x7098
 .debug_line    0x00000000      0x7b5 ./Drivers/CRC/CRC.o
 .debug_line    0x000007b5      0x8b7 ./Drivers/Custom_RS485_Comm/Custom_RS485_Comm.o
 .debug_line    0x0000106c     0x1dff ./Drivers/DMA/DMA.o
 .debug_line    0x00002e6b      0xb70 ./Drivers/GPIO/GPIO.o
 .debug_line    0x000039db     0x2208 ./Drivers/USART/USART.o
 .debug_line    0x00005be3      0xf09 ./Src/main.o
 .debug_line    0x00006aec      0x531 ./Src/system_stm32f4xx.o
 .debug_line    0x0000701d       0x7b ./Startup/startup_stm32f407vgtx.o

.debug_str      0x00000000    0x8fdf8
 .debug_str     0x00000000    0x8fdf8 ./Drivers/CRC/CRC.o
                              0x8e12f (size before relaxing)
 .debug_str     0x0008fdf8    0x8ead3 ./Drivers/Custom_RS485_Comm/Custom_RS485_Comm.o
 .debug_str     0x0008fdf8    0x8eb72 ./Drivers/DMA/DMA.o
 .debug_str     0x0008fdf8    0x8e6ef ./Drivers/GPIO/GPIO.o
 .debug_str     0x0008fdf8    0x8f48f ./Drivers/USART/USART.o
 .debug_str     0x0008fdf8    0x8f22d ./Src/main.o
 .debug_str     0x0008fdf8    0x8860e ./Src/system_stm32f4xx.o
 .debug_str     0x0008fdf8       0x72 ./Startup/startup_stm32f407vgtx.o

.comment        0x00000000       0x43
 .comment       0x00000000       0x43 ./Drivers/CRC/CRC.o
                                 0x44 (size before relaxing)
 .comment       0x00000043       0x44 ./Drivers/Custom_RS485_Comm/Custom_RS485_Comm.o
 .comment       0x00000043       0x44 ./Drivers/DMA/DMA.o
 .comment       0x00000043       0x44 ./Drivers/GPIO/GPIO.o
 .comment       0x00000043       0x44 ./Drivers/USART/USART.o
 .comment       0x00000043       0x44 ./Src/main.o
 .comment       0x00000043       0x44 ./Src/system_stm32f4xx.o

.debug_frame    0x00000000     0x110c
 .debug_frame   0x00000000       0xe0 ./Drivers/CRC/CRC.o
 .debug_frame   0x000000e0       0x9c ./Drivers/Custom_RS485_Comm/Custom_RS485_Comm.o
 .debug_frame   0x0000017c      0x310 ./Drivers/DMA/DMA.o
 .debug_frame   0x0000048c      0x1cc ./Drivers/GPIO/GPIO.o
 .debug_frame   0x00000658      0x438 ./Drivers/USART/USART.o
 .debug_frame   0x00000a90      0x334 ./Src/main.o
 .debug_frame   0x00000dc4       0x58 ./Src/system_stm32f4xx.o
 .debug_frame   0x00000e1c       0x2c C:/ST/STM32CubeIDE_1.17.0/STM32CubeIDE/plugins/com.st.stm32cube.ide.mcu.externaltools.gnu-tools-for-stm32.13.3.rel1.win32_1.0.0.202411081344/tools/bin/../lib/gcc/arm-none-eabi/13.3.1/../../../../arm-none-eabi/lib/thumb/v7e-m+fp/hard\libc_nano.a(libc_a-init.o)
 .debug_frame   0x00000e48       0x28 C:/ST/STM32CubeIDE_1.17.0/STM32CubeIDE/plugins/com.st.stm32cube.ide.mcu.externaltools.gnu-tools-for-stm32.13.3.rel1.win32_1.0.0.202411081344/tools/bin/../lib/gcc/arm-none-eabi/13.3.1/../../../../arm-none-eabi/lib/thumb/v7e-m+fp/hard\libc_nano.a(libc_a-memcpy-stub.o)
 .debug_frame   0x00000e70       0x30 C:/ST/STM32CubeIDE_1.17.0/STM32CubeIDE/plugins/com.st.stm32cube.ide.mcu.externaltools.gnu-tools-for-stm32.13.3.rel1.win32_1.0.0.202411081344/tools/bin/../lib/gcc/arm-none-eabi/13.3.1/../../../../arm-none-eabi/lib/thumb/v7e-m+fp/hard\libm.a(libm_a-s_ceil.o)
 .debug_frame   0x00000ea0       0xac C:/ST/STM32CubeIDE_1.17.0/STM32CubeIDE/plugins/com.st.stm32cube.ide.mcu.externaltools.gnu-tools-for-stm32.13.3.rel1.win32_1.0.0.202411081344/tools/bin/../lib/gcc/arm-none-eabi/13.3.1/thumb/v7e-m+fp/hard\libgcc.a(_arm_addsubdf3.o)
 .debug_frame   0x00000f4c       0x50 C:/ST/STM32CubeIDE_1.17.0/STM32CubeIDE/plugins/com.st.stm32cube.ide.mcu.externaltools.gnu-tools-for-stm32.13.3.rel1.win32_1.0.0.202411081344/tools/bin/../lib/gcc/arm-none-eabi/13.3.1/thumb/v7e-m+fp/hard\libgcc.a(_arm_muldivdf3.o)
 .debug_frame   0x00000f9c       0xc4 C:/ST/STM32CubeIDE_1.17.0/STM32CubeIDE/plugins/com.st.stm32cube.ide.mcu.externaltools.gnu-tools-for-stm32.13.3.rel1.win32_1.0.0.202411081344/tools/bin/../lib/gcc/arm-none-eabi/13.3.1/thumb/v7e-m+fp/hard\libgcc.a(_arm_cmpdf2.o)
 .debug_frame   0x00001060       0x24 C:/ST/STM32CubeIDE_1.17.0/STM32CubeIDE/plugins/com.st.stm32cube.ide.mcu.externaltools.gnu-tools-for-stm32.13.3.rel1.win32_1.0.0.202411081344/tools/bin/../lib/gcc/arm-none-eabi/13.3.1/thumb/v7e-m+fp/hard\libgcc.a(_arm_fixdfsi.o)
 .debug_frame   0x00001084       0x38 C:/ST/STM32CubeIDE_1.17.0/STM32CubeIDE/plugins/com.st.stm32cube.ide.mcu.externaltools.gnu-tools-for-stm32.13.3.rel1.win32_1.0.0.202411081344/tools/bin/../lib/gcc/arm-none-eabi/13.3.1/thumb/v7e-m+fp/hard\libgcc.a(_fixdfdi.o)
 .debug_frame   0x000010bc       0x2c C:/ST/STM32CubeIDE_1.17.0/STM32CubeIDE/plugins/com.st.stm32cube.ide.mcu.externaltools.gnu-tools-for-stm32.13.3.rel1.win32_1.0.0.202411081344/tools/bin/../lib/gcc/arm-none-eabi/13.3.1/thumb/v7e-m+fp/hard\libgcc.a(_fixunsdfdi.o)
 .debug_frame   0x000010e8       0x24 C:/ST/STM32CubeIDE_1.17.0/STM32CubeIDE/plugins/com.st.stm32cube.ide.mcu.externaltools.gnu-tools-for-stm32.13.3.rel1.win32_1.0.0.202411081344/tools/bin/../lib/gcc/arm-none-eabi/13.3.1/thumb/v7e-m+fp/hard\libgcc.a(_arm_fixunsdfsi.o)

.debug_line_str
                0x00000000       0x56
 .debug_line_str
                0x00000000       0x56 ./Startup/startup_stm32f407vgtx.o
