../Inc/core_cm4.h:1815:22:__NVIC_SetPriority	16	static
../Inc/core_cm4.h:2023:26:SysTick_Config	16	static
../Inc/main.h:51:22:MCU_Clock_Setup	16	static
../Inc/main.h:92:22:MCU_Clock_DeInit	4	static
../Inc/main.h:126:26:Delay_Config	4	static
../Inc/main.h:151:26:Delay_ms	24	static
../Inc/main.h:172:26:Delay_s	16	static
../Inc/main.h:258:22:System_DeInit	4	static
../Inc/main.h:267:22:Systick_DeInit	4	static
D:/STM32F407_Projects/Blackshield_Bootloader/Drivers/GPIO/GPIO.h:71:23:GPIO_Pin_Low	16	static
D:/STM32F407_Projects/Blackshield_Bootloader/Drivers/GPIO/GPIO.h:121:23:GPIO_Pin_High	16	static
../Src/main.c:14:22:Blink_App	32	static
../Src/main.c:66:5:main	8	static
../Src/main.c:106:6:Bootloader	16	static
../Src/main.c:168:6:Connect_Device_Func	24	static
../Src/main.c:192:6:Disconnect_Device_Func	24	static
../Src/main.c:210:6:Write_Firmware_Func	24	static
../Src/main.c:231:6:Read_Firmware_Func	24	static
../Src/main.c:250:6:Erase_Firmware_Func	24	static
../Src/main.c:269:6:Reboot_MCU_Func	24	static
../Src/main.c:287:6:Application	16	static,ignoring_inline_asm
