../Inc/core_cm4.h:1685:22:__NVIC_EnableIRQ	16	static,ignoring_inline_asm
../Inc/core_cm4.h:1815:22:__NVIC_SetPriority	16	static
../Inc/main.h:46:25:SystemAPB2_Clock_Speed	4	static
../Inc/main.h:191:22:separateFractionAndIntegral	24	static
../Drivers/USART/USART.c:63:6:USART1_TX_ISR	4	static
../Drivers/USART/USART.c:64:6:USART1_RX_ISR	4	static
../Drivers/USART/USART.c:66:6:USART2_TX_ISR	4	static
../Drivers/USART/USART.c:67:6:USART2_RX_ISR	4	static
../Drivers/USART/USART.c:69:6:USART3_TX_ISR	4	static
../Drivers/USART/USART.c:70:6:USART3_RX_ISR	4	static
../Drivers/USART/USART.c:72:6:USART4_TX_ISR	4	static
../Drivers/USART/USART.c:73:6:USART4_RX_ISR	4	static
../Drivers/USART/USART.c:75:6:USART5_TX_ISR	4	static
../Drivers/USART/USART.c:76:6:USART5_RX_ISR	4	static
../Drivers/USART/USART.c:78:6:USART6_TX_ISR	4	static
../Drivers/USART/USART.c:79:6:USART6_RX_ISR	4	static
../Drivers/USART/USART.c:84:6:UART4_IRQHandler	8	static
../Drivers/USART/USART.c:148:6:USART1_IRQHandler	8	static
../Drivers/USART/USART.c:213:8:USART_Get_Instance_Number	16	static
../Drivers/USART/USART.c:224:6:USART_Config_Reset	16	static
../Drivers/USART/USART.c:234:8:USART_Clock_Enable	16	static
../Drivers/USART/USART.c:268:8:USART_Clock_Disable	16	static
../Drivers/USART/USART.c:301:13:PIN_Setup	40	static
../Drivers/USART/USART.c:515:8:USART_Init	72	static
../Drivers/USART/USART.c:759:8:USART_TX_Buffer	32	static
../Drivers/USART/USART.c:818:8:USART_RX_Buffer	32	static
../Drivers/USART/USART.c:883:6:USART_TX_Single_Byte	16	static
../Drivers/USART/USART.c:889:10:USART_RX_Single_Byte	24	static
../Drivers/USART/USART.c:897:6:USART_Clear_Status_Regs	16	static
