Archive member included to satisfy reference by file (symbol)

C:/ST/STM32CubeIDE_1.17.0/STM32CubeIDE/plugins/com.st.stm32cube.ide.mcu.externaltools.gnu-tools-for-stm32.12.3.rel1.win32_1.1.0.202410251130/tools/bin/../lib/gcc/arm-none-eabi/12.3.1/../../../../arm-none-eabi/lib/thumb/v7e-m+fp/hard\libc_nano.a(libc_a-exit.o)
                              C:/ST/STM32CubeIDE_1.17.0/STM32CubeIDE/plugins/com.st.stm32cube.ide.mcu.externaltools.gnu-tools-for-stm32.12.3.rel1.win32_1.1.0.202410251130/tools/bin/../lib/gcc/arm-none-eabi/12.3.1/../../../../arm-none-eabi/lib/thumb/v7e-m+fp/hard/crt0.o (exit)
C:/ST/STM32CubeIDE_1.17.0/STM32CubeIDE/plugins/com.st.stm32cube.ide.mcu.externaltools.gnu-tools-for-stm32.12.3.rel1.win32_1.1.0.202410251130/tools/bin/../lib/gcc/arm-none-eabi/12.3.1/../../../../arm-none-eabi/lib/thumb/v7e-m+fp/hard\libc_nano.a(libc_a-findfp.o)
                              C:/ST/STM32CubeIDE_1.17.0/STM32CubeIDE/plugins/com.st.stm32cube.ide.mcu.externaltools.gnu-tools-for-stm32.12.3.rel1.win32_1.1.0.202410251130/tools/bin/../lib/gcc/arm-none-eabi/12.3.1/../../../../arm-none-eabi/lib/thumb/v7e-m+fp/hard\libc_nano.a(libc_a-exit.o) (__stdio_exit_handler)
C:/ST/STM32CubeIDE_1.17.0/STM32CubeIDE/plugins/com.st.stm32cube.ide.mcu.externaltools.gnu-tools-for-stm32.12.3.rel1.win32_1.1.0.202410251130/tools/bin/../lib/gcc/arm-none-eabi/12.3.1/../../../../arm-none-eabi/lib/thumb/v7e-m+fp/hard\libc_nano.a(libc_a-fwalk.o)
                              C:/ST/STM32CubeIDE_1.17.0/STM32CubeIDE/plugins/com.st.stm32cube.ide.mcu.externaltools.gnu-tools-for-stm32.12.3.rel1.win32_1.1.0.202410251130/tools/bin/../lib/gcc/arm-none-eabi/12.3.1/../../../../arm-none-eabi/lib/thumb/v7e-m+fp/hard\libc_nano.a(libc_a-findfp.o) (_fwalk_sglue)
C:/ST/STM32CubeIDE_1.17.0/STM32CubeIDE/plugins/com.st.stm32cube.ide.mcu.externaltools.gnu-tools-for-stm32.12.3.rel1.win32_1.1.0.202410251130/tools/bin/../lib/gcc/arm-none-eabi/12.3.1/../../../../arm-none-eabi/lib/thumb/v7e-m+fp/hard\libc_nano.a(libc_a-stdio.o)
                              C:/ST/STM32CubeIDE_1.17.0/STM32CubeIDE/plugins/com.st.stm32cube.ide.mcu.externaltools.gnu-tools-for-stm32.12.3.rel1.win32_1.1.0.202410251130/tools/bin/../lib/gcc/arm-none-eabi/12.3.1/../../../../arm-none-eabi/lib/thumb/v7e-m+fp/hard\libc_nano.a(libc_a-findfp.o) (__sread)
C:/ST/STM32CubeIDE_1.17.0/STM32CubeIDE/plugins/com.st.stm32cube.ide.mcu.externaltools.gnu-tools-for-stm32.12.3.rel1.win32_1.1.0.202410251130/tools/bin/../lib/gcc/arm-none-eabi/12.3.1/../../../../arm-none-eabi/lib/thumb/v7e-m+fp/hard\libc_nano.a(libc_a-vsnprintf.o)
                              ./Drivers/Console/Console.o (vsnprintf)
C:/ST/STM32CubeIDE_1.17.0/STM32CubeIDE/plugins/com.st.stm32cube.ide.mcu.externaltools.gnu-tools-for-stm32.12.3.rel1.win32_1.1.0.202410251130/tools/bin/../lib/gcc/arm-none-eabi/12.3.1/../../../../arm-none-eabi/lib/thumb/v7e-m+fp/hard\libc_nano.a(libc_a-vsscanf.o)
                              ./Drivers/Console/Console.o (vsscanf)
C:/ST/STM32CubeIDE_1.17.0/STM32CubeIDE/plugins/com.st.stm32cube.ide.mcu.externaltools.gnu-tools-for-stm32.12.3.rel1.win32_1.1.0.202410251130/tools/bin/../lib/gcc/arm-none-eabi/12.3.1/../../../../arm-none-eabi/lib/thumb/v7e-m+fp/hard\libc_nano.a(libc_a-memset.o)
                              C:/ST/STM32CubeIDE_1.17.0/STM32CubeIDE/plugins/com.st.stm32cube.ide.mcu.externaltools.gnu-tools-for-stm32.12.3.rel1.win32_1.1.0.202410251130/tools/bin/../lib/gcc/arm-none-eabi/12.3.1/../../../../arm-none-eabi/lib/thumb/v7e-m+fp/hard/crt0.o (memset)
C:/ST/STM32CubeIDE_1.17.0/STM32CubeIDE/plugins/com.st.stm32cube.ide.mcu.externaltools.gnu-tools-for-stm32.12.3.rel1.win32_1.1.0.202410251130/tools/bin/../lib/gcc/arm-none-eabi/12.3.1/../../../../arm-none-eabi/lib/thumb/v7e-m+fp/hard\libc_nano.a(libc_a-closer.o)
                              C:/ST/STM32CubeIDE_1.17.0/STM32CubeIDE/plugins/com.st.stm32cube.ide.mcu.externaltools.gnu-tools-for-stm32.12.3.rel1.win32_1.1.0.202410251130/tools/bin/../lib/gcc/arm-none-eabi/12.3.1/../../../../arm-none-eabi/lib/thumb/v7e-m+fp/hard\libc_nano.a(libc_a-stdio.o) (_close_r)
C:/ST/STM32CubeIDE_1.17.0/STM32CubeIDE/plugins/com.st.stm32cube.ide.mcu.externaltools.gnu-tools-for-stm32.12.3.rel1.win32_1.1.0.202410251130/tools/bin/../lib/gcc/arm-none-eabi/12.3.1/../../../../arm-none-eabi/lib/thumb/v7e-m+fp/hard\libc_nano.a(libc_a-reent.o)
                              C:/ST/STM32CubeIDE_1.17.0/STM32CubeIDE/plugins/com.st.stm32cube.ide.mcu.externaltools.gnu-tools-for-stm32.12.3.rel1.win32_1.1.0.202410251130/tools/bin/../lib/gcc/arm-none-eabi/12.3.1/../../../../arm-none-eabi/lib/thumb/v7e-m+fp/hard\libc_nano.a(libc_a-closer.o) (errno)
C:/ST/STM32CubeIDE_1.17.0/STM32CubeIDE/plugins/com.st.stm32cube.ide.mcu.externaltools.gnu-tools-for-stm32.12.3.rel1.win32_1.1.0.202410251130/tools/bin/../lib/gcc/arm-none-eabi/12.3.1/../../../../arm-none-eabi/lib/thumb/v7e-m+fp/hard\libc_nano.a(libc_a-impure.o)
[...]
Memory Configuration

Name             Origin             Length             Attributes
CCMRAM           0x10000000         0x00010000         xrw
RAM              0x20000000         0x00020000         xrw
FLASH            0x08000000         0x00100000         xr
*default*        0x00000000         0xffffffff

Linker script and memory map

LOAD C:/ST/STM32CubeIDE_1.17.0/STM32CubeIDE/plugins/com.st.stm32cube.ide.mcu.externaltools.gnu-tools-for-stm32.12.3.rel1.win32_1.1.0.202410251130/tools/bin/../lib/gcc/arm-none-eabi/12.3.1/thumb/v7e-m+fp/hard/crti.o
LOAD C:/ST/STM32CubeIDE_1.17.0/STM32CubeIDE/plugins/com.st.stm32cube.ide.mcu.externaltools.gnu-tools-for-stm32.12.3.rel1.win32_1.1.0.202410251130/tools/bin/../lib/gcc/arm-none-eabi/12.3.1/thumb/v7e-m+fp/hard/crtbegin.o
LOAD C:/ST/STM32CubeIDE_1.17.0/STM32CubeIDE/plugins/com.st.stm32cube.ide.mcu.externaltools.gnu-tools-for-stm32.12.3.rel1.win32_1.1.0.202410251130/tools/bin/../lib/gcc/arm-none-eabi/12.3.1/../../../../arm-none-eabi/lib/thumb/v7e-m+fp/hard/crt0.o
LOAD ./Drivers/CAN/CAN.o
LOAD ./Drivers/CRC/CRC.o
LOAD ./Drivers/Console/Console.o
LOAD ./Drivers/DMA/DMA.o
LOAD ./Drivers/FLASH/Flash.o
LOAD ./Drivers/GPIO/GPIO.o
LOAD ./Drivers/USART/USART.o
LOAD ./Src/main.o
LOAD ./Src/syscalls.o
LOAD ./Src/sysmem.o
LOAD ./Src/system_stm32f4xx.o
LOAD ./Startup/startup_stm32f407vgtx.o
START GROUP
LOAD C:/ST/STM32CubeIDE_1.17.0/STM32CubeIDE/plugins/com.st.stm32cube.ide.mcu.externaltools.gnu-tools-for-stm32.12.3.rel1.win32_1.1.0.202410251130/tools/bin/../lib/gcc/arm-none-eabi/12.3.1/../../../../arm-none-eabi/lib/thumb/v7e-m+fp/hard\libc_nano.a
LOAD C:/ST/STM32CubeIDE_1.17.0/STM32CubeIDE/plugins/com.st.stm32cube.ide.mcu.externaltools.gnu-tools-for-stm32.12.3.rel1.win32_1.1.0.202410251130/tools/bin/../lib/gcc/arm-none-eabi/12.3.1/../../../../arm-none-eabi/lib/thumb/v7e-m+fp/hard\libm.a
END GROUP
START GROUP
LOAD C:/ST/STM32CubeIDE_1.17.0/STM32CubeIDE/plugins/com.st.stm32cube.ide.mcu.externaltools.gnu-tools-for-stm32.12.3.rel1.win32_1.1.0.202410251130/tools/bin/../lib/gcc/arm-none-eabi/12.3.1/thumb/v7e-m+fp/hard\libgcc.a
LOAD C:/ST/STM32CubeIDE_1.17.0/STM32CubeIDE/plugins/com.st.stm32cube.ide.mcu.externaltools.gnu-tools-for-stm32.12.3.rel1.win32_1.1.0.202410251130/tools/bin/../lib/gcc/arm-none-eabi/12.3.1/../../../../arm-none-eabi/lib/thumb/v7e-m+fp/hard\libc_nano.a
END GROUP
START GROUP
LOAD C:/ST/STM32CubeIDE_1.17.0/STM32CubeIDE/plugins/com.st.stm32cube.ide.mcu.externaltools.gnu-tools-for-stm32.12.3.rel1.win32_1.1.0.202410251130/tools/bin/../lib/gcc/arm-none-eabi/12.3.1/thumb/v7e-m+fp/hard\libgcc.a
LOAD C:/ST/STM32CubeIDE_1.17.0/STM32CubeIDE/plugins/com.st.stm32cube.ide.mcu.externaltools.gnu-tools-for-stm32.12.3.rel1.win32_1.1.0.202410251130/tools/bin/../lib/gcc/arm-none-eabi/12.3.1/../../../../arm-none-eabi/lib/thumb/v7e-m+fp/hard\libc_nano.a
LOAD C:/ST/STM32CubeIDE_1.17.0/STM32CubeIDE/plugins/com.st.stm32cube.ide.mcu.externaltools.gnu-tools-for-stm32.12.3.rel1.win32_1.1.0.202410251130/tools/bin/../lib/gcc/arm-none-eabi/12.3.1/../../../../arm-none-eabi/lib/thumb/v7e-m+fp/hard\libnosys.a
END GROUP
START GROUP
LOAD C:/ST/STM32CubeIDE_1.17.0/STM32CubeIDE/plugins/com.st.stm32cube.ide.mcu.externaltools.gnu-tools-for-stm32.12.3.rel1.win32_1.1.0.202410251130/tools/bin/../lib/gcc/arm-none-eabi/12.3.1/thumb/v7e-m+fp/hard\libgcc.a
LOAD C:/ST/STM32CubeIDE_1.17.0/STM32CubeIDE/plugins/com.st.stm32cube.ide.mcu.externaltools.gnu-tools-for-stm32.12.3.rel1.win32_1.1.0.202410251130/tools/bin/../lib/gcc/arm-none-eabi/12.3.1/../../../../arm-none-eabi/lib/thumb/v7e-m+fp/hard\libc_nano.a
LOAD C:/ST/STM32CubeIDE_1.17.0/STM32CubeIDE/plugins/com.st.stm32cube.ide.mcu.externaltools.gnu-tools-for-stm32.12.3.rel1.win32_1.1.0.202410251130/tools/bin/../lib/gcc/arm-none-eabi/12.3.1/../../../../arm-none-eabi/lib/thumb/v7e-m+fp/hard\libnosys.a
END GROUP
LOAD C:/ST/STM32CubeIDE_1.17.0/STM32CubeIDE/plugins/com.st.stm32cube.ide.mcu.externaltools.gnu-tools-for-stm32.12.3.rel1.win32_1.1.0.202410251130/tools/bin/../lib/gcc/arm-none-eabi/12.3.1/thumb/v7e-m+fp/hard/crtend.o
LOAD C:/ST/STM32CubeIDE_1.17.0/STM32CubeIDE/plugins/com.st.stm32cube.ide.mcu.externaltools.gnu-tools-for-stm32.12.3.rel1.win32_1.1.0.202410251130/tools/bin/../lib/gcc/arm-none-eabi/12.3.1/thumb/v7e-m+fp/hard/crtn.o
                0x20020000                        _estack = (ORIGIN (RAM) + LENGTH (RAM))
                0x00000200                        _Min_Heap_Size = 0x200
                0x00000400                        _Min_Stack_Size = 0x400

.isr_vector     0x08000000      0x188
                0x08000000                        . = ALIGN (0x4)
 *(.isr_vector)
 .isr_vector    0x08000000      0x188 ./Startup/startup_stm32f407vgtx.o
                0x08000000                g_pfnVectors
                0x08000188                        . = ALIGN (0x4)

.text           0x08000188     0x2d38
                0x08000188                        . = ALIGN (0x4)
 *(.text)
 .text          0x08000188       0x40 C:/ST/STM32CubeIDE_1.17.0/STM32CubeIDE/plugins/com.st.stm32cube.ide.mcu.externaltools.gnu-tools-for-stm32.12.3.rel1.win32_1.1.0.202410251130/tools/bin/../lib/gcc/arm-none-eabi/12.3.1/thumb/v7e-m+fp/hard/crtbegin.o
 .text          0x080001c8      0x378 C:/ST/STM32CubeIDE_1.17.0/STM32CubeIDE/plugins/com.st.stm32cube.ide.mcu.externaltools.gnu-tools-for-stm32.12.3.rel1.win32_1.1.0.202410251130/tools/bin/../lib/gcc/arm-none-eabi/12.3.1/thumb/v7e-m+fp/hard\libgcc.a(_arm_addsubdf3.o)
                0x080001c8                __aeabi_drsub
                0x080001d0                __aeabi_dsub
                0x080001d0                __subdf3
                0x080001d4                __aeabi_dadd
                0x080001d4                __adddf3
                0x0800044c                __floatunsidf
                0x0800044c                __aeabi_ui2d
                0x0800046c                __floatsidf
                0x0800046c                __aeabi_i2d
                0x08000490                __aeabi_f2d
                0x08000490                __extendsfdf2
                0x080004d4                __floatundidf
                0x080004d4                __aeabi_ul2d
                0x080004e4                __floatdidf
                0x080004e4                __aeabi_l2d
 .text          0x08000540      0x424 C:/ST/STM32CubeIDE_1.17.0/STM32CubeIDE/plugins/com.st.stm32cube.ide.mcu.externaltools.gnu-tools-for-stm32.12.3.rel1.win32_1.1.0.202410251130/tools/bin/../lib/gcc/arm-none-eabi/12.3.1/thumb/v7e-m+fp/hard\libgcc.a(_arm_muldivdf3.o)
                0x08000540                __aeabi_dmul
                0x08000540                __muldf3
                0x08000794                __divdf3
                0x08000794                __aeabi_ddiv
 .text          0x08000964      0x110 C:/ST/STM32CubeIDE_1.17.0/STM32CubeIDE/plugins/com.st.stm32cube.ide.mcu.externaltools.gnu-tools-for-stm32.12.3.rel1.win32_1.1.0.202410251130/tools/bin/../lib/gcc/arm-none-eabi/12.3.1/thumb/v7e-m+fp/hard\libgcc.a(_arm_cmpdf2.o)
                0x08000964                __gtdf2
                0x08000964                __gedf2
                0x0800096c                __ltdf2
                0x0800096c                __ledf2
                0x08000974                __nedf2
                0x08000974                __eqdf2
                0x08000974                __cmpdf2
                0x080009f0                __aeabi_cdrcmple
                0x08000a00                __aeabi_cdcmpeq
                0x08000a00                __aeabi_cdcmple
                0x08000a10                __aeabi_dcmpeq
                0x08000a24                __aeabi_dcmplt
                0x08000a38                __aeabi_dcmple
                0x08000a4c                __aeabi_dcmpge
                0x08000a60                __aeabi_dcmpgt
 .text          0x08000a74       0x50 C:/ST/STM32CubeIDE_1.17.0/STM32CubeIDE/plugins/com.st.stm32cube.ide.mcu.externaltools.gnu-tools-for-stm32.12.3.rel1.win32_1.1.0.202410251130/tools/bin/../lib/gcc/arm-none-eabi/12.3.1/thumb/v7e-m+fp/hard\libgcc.a(_arm_fixdfsi.o)
                0x08000a74                __aeabi_d2iz
                0x08000a74                __fixdfsi
 .text          0x08000ac4       0x30 C:/ST/STM32CubeIDE_1.17.0/STM32CubeIDE/plugins/com.st.stm32cube.ide.mcu.externaltools.gnu-tools-for-stm32.12.3.rel1.win32_1.1.0.202410251130/tools/bin/../lib/gcc/arm-none-eabi/12.3.1/thumb/v7e-m+fp/hard\libgcc.a(_fixdfdi.o)
                0x08000ac4                __fixdfdi
                0x08000ac4                __aeabi_d2lz
 .text          0x08000af4       0x3c C:/ST/STM32CubeIDE_1.17.0/STM32CubeIDE/plugins/com.st.stm32cube.ide.mcu.externaltools.gnu-tools-for-stm32.12.3.rel1.win32_1.1.0.202410251130/tools/bin/../lib/gcc/arm-none-eabi/12.3.1/thumb/v7e-m+fp/hard\libgcc.a(_fixunsdfdi.o)
                0x08000af4                __fixunsdfdi
                0x08000af4                __aeabi_d2ulz
 .text          0x08000b30       0x40 C:/ST/STM32CubeIDE_1.17.0/STM32CubeIDE/plugins/com.st.stm32cube.ide.mcu.externaltools.gnu-tools-for-stm32.12.3.rel1.win32_1.1.0.202410251130/tools/bin/../lib/gcc/arm-none-eabi/12.3.1/thumb/v7e-m+fp/hard\libgcc.a(_arm_fixunsdfsi.o)
                0x08000b30                __aeabi_d2uiz
                0x08000b30                __fixunsdfsi
 *(.text*)
 .text.CRC_Init
                0x08000b70       0x10 ./Drivers/CRC/CRC.o
                0x08000b70                CRC_Init
 .text.Console_IRQ
                0x08000b80       0x5c ./Drivers/Console/Console.o
                0x08000b80                Console_IRQ
 .text.Console_Init
                0x08000bdc       0x44 ./Drivers/Console/Console.o
                0x08000bdc                Console_Init
 .text.__NVIC_EnableIRQ.part.0
                0x08000c20       0x18 ./Drivers/DMA/DMA.o
 .text.DMA1_Stream0_IRQHandler
                0x08000c38       0xec ./Drivers/DMA/DMA.o
                0x08000c38                DMA1_Stream0_IRQHandler
 .text.DMA1_Stream1_IRQHandler
                0x08000d24       0xec ./Drivers/DMA/DMA.o
                0x08000d24                DMA1_Stream1_IRQHandler
 .text.DMA1_Stream2_IRQHandler
                0x08000e10       0xec ./Drivers/DMA/DMA.o
                0x08000e10                DMA1_Stream2_IRQHandler
 .text.DMA1_Stream3_IRQHandler
                0x08000efc       0xec ./Drivers/DMA/DMA.o
                0x08000efc                DMA1_Stream3_IRQHandler
 .text.DMA1_Stream4_IRQHandler
                0x08000fe8       0xcc ./Drivers/DMA/DMA.o
                0x08000fe8                DMA1_Stream4_IRQHandler
 .text.DMA1_Stream5_IRQHandler
                0x080010b4       0xcc ./Drivers/DMA/DMA.o
                0x080010b4                DMA1_Stream5_IRQHandler
 .text.DMA1_Stream6_IRQHandler
                0x08001180       0xcc ./Drivers/DMA/DMA.o
                0x08001180                DMA1_Stream6_IRQHandler
 .text.DMA1_Stream7_IRQHandler
                0x0800124c       0xcc ./Drivers/DMA/DMA.o
                0x0800124c                DMA1_Stream7_IRQHandler
 .text.DMA2_Stream0_IRQHandler
                0x08001318       0xec ./Drivers/DMA/DMA.o
                0x08001318                DMA2_Stream0_IRQHandler
 .text.DMA2_Stream1_IRQHandler
                0x08001404       0xcc ./Drivers/DMA/DMA.o
                0x08001404                DMA2_Stream1_IRQHandler
 .text.DMA2_Stream2_IRQHandler
                0x080014d0       0xcc ./Drivers/DMA/DMA.o
                0x080014d0                DMA2_Stream2_IRQHandler
 .text.DMA2_Stream3_IRQHandler
                0x0800159c       0xec ./Drivers/DMA/DMA.o
                0x0800159c                DMA2_Stream3_IRQHandler
 .text.DMA2_Stream4_IRQHandler
                0x08001688       0xcc ./Drivers/DMA/DMA.o
                0x08001688                DMA2_Stream4_IRQHandler
 .text.DMA2_Stream5_IRQHandler
                0x08001754       0xcc ./Drivers/DMA/DMA.o
                0x08001754                DMA2_Stream5_IRQHandler
 .text.DMA2_Stream6_IRQHandler
                0x08001820       0xcc ./Drivers/DMA/DMA.o
                0x08001820                DMA2_Stream6_IRQHandler
 .text.DMA2_Stream7_IRQHandler
                0x080018ec       0xcc ./Drivers/DMA/DMA.o
                0x080018ec                DMA2_Stream7_IRQHandler
 .text.DMA_Clock_Enable
                0x080019b8       0x30 ./Drivers/DMA/DMA.o
                0x080019b8                DMA_Clock_Enable
 .text.DMA_Init
                0x080019e8      0x248 ./Drivers/DMA/DMA.o
                0x080019e8                DMA_Init
 .text.EXTI0_IRQHandler
                0x08001c30       0x20 ./Drivers/GPIO/GPIO.o
                0x08001c30                EXTI0_IRQHandler
 .text.EXTI1_IRQHandler
                0x08001c50       0x20 ./Drivers/GPIO/GPIO.o
                0x08001c50                EXTI1_IRQHandler
 .text.EXTI2_IRQHandler
                0x08001c70       0x20 ./Drivers/GPIO/GPIO.o
                0x08001c70                EXTI2_IRQHandler
 .text.EXTI3_IRQHandler
                0x08001c90       0x20 ./Drivers/GPIO/GPIO.o
                0x08001c90                EXTI3_IRQHandler
 .text.EXTI4_IRQHandler
                0x08001cb0       0x20 ./Drivers/GPIO/GPIO.o
                0x08001cb0                EXTI4_IRQHandler
 .text.EXTI9_5_IRQHandler
                0x08001cd0       0x38 ./Drivers/GPIO/GPIO.o
                0x08001cd0                EXTI9_5_IRQHandler
 .text.EXTI15_10_IRQHandler
                0x08001d08       0x38 ./Drivers/GPIO/GPIO.o
                0x08001d08                EXTI15_10_IRQHandler
 .text.GPIO_Clock_Enable
                0x08001d40       0x94 ./Drivers/GPIO/GPIO.o
                0x08001d40                GPIO_Clock_Enable
 .text.GPIO_Pin_Init
                0x08001dd4       0xd0 ./Drivers/GPIO/GPIO.o
                0x08001dd4                GPIO_Pin_Init
 .text.USART1_TX_ISR
                0x08001ea4        0xc ./Drivers/USART/USART.o
                0x08001ea4                USART1_TX_ISR
 .text.USART1_RX_ISR
                0x08001eb0        0xc ./Drivers/USART/USART.o
                0x08001eb0                USART1_RX_ISR
 .text.USART2_TX_ISR
                0x08001ebc        0xc ./Drivers/USART/USART.o
                0x08001ebc                USART2_TX_ISR
 .text.USART2_RX_ISR
                0x08001ec8        0xc ./Drivers/USART/USART.o
                0x08001ec8                USART2_RX_ISR
 .text.USART3_TX_ISR
                0x08001ed4        0xc ./Drivers/USART/USART.o
                0x08001ed4                USART3_TX_ISR
 .text.USART3_RX_ISR
                0x08001ee0        0xc ./Drivers/USART/USART.o
                0x08001ee0                USART3_RX_ISR
 .text.USART4_TX_ISR
                0x08001eec        0xc ./Drivers/USART/USART.o
                0x08001eec                USART4_TX_ISR
 .text.USART4_RX_ISR
                0x08001ef8        0xc ./Drivers/USART/USART.o
                0x08001ef8                USART4_RX_ISR
 .text.USART5_TX_ISR
                0x08001f04        0xc ./Drivers/USART/USART.o
                0x08001f04                USART5_TX_ISR
 .text.USART5_RX_ISR
                0x08001f10        0xc ./Drivers/USART/USART.o
                0x08001f10                USART5_RX_ISR
 .text.USART6_TX_ISR
                0x08001f1c        0xc ./Drivers/USART/USART.o
                0x08001f1c                USART6_TX_ISR
 .text.USART6_RX_ISR
                0x08001f28        0xc ./Drivers/USART/USART.o
                0x08001f28                USART6_RX_ISR
 .text.UART4_IRQHandler
                0x08001f34       0xdc ./Drivers/USART/USART.o
                0x08001f34                UART4_IRQHandler
 .text.USART1_IRQHandler
                0x08002010       0xd0 ./Drivers/USART/USART.o
                0x08002010                USART1_IRQHandler
 .text.USART_Get_Instance_Number
                0x080020e0       0x50 ./Drivers/USART/USART.o
                0x080020e0                USART_Get_Instance_Number
 .text.USART_Config_Reset
                0x08002130       0x10 ./Drivers/USART/USART.o
                0x08002130                USART_Config_Reset
 .text.USART_Clock_Enable
                0x08002140       0x94 ./Drivers/USART/USART.o
                0x08002140                USART_Clock_Enable
 .text.USART_Init
                0x080021d4      0x9b8 ./Drivers/USART/USART.o
                0x080021d4                USART_Init
 .text.startup.main
                0x08002b8c       0xec ./Src/main.o
                0x08002b8c                main
 .text.SystemInit
                0x08002c78       0x14 ./Src/system_stm32f4xx.o
                0x08002c78                SystemInit
 .text.SystemCoreClockUpdate
                0x08002c8c       0x6c ./Src/system_stm32f4xx.o
                0x08002c8c                SystemCoreClockUpdate
 .text.Reset_Handler
                0x08002cf8       0x50 ./Startup/startup_stm32f407vgtx.o
                0x08002cf8                Reset_Handler
 .text.Default_Handler
                0x08002d48        0x2 ./Startup/startup_stm32f407vgtx.o
                0x08002d48                RTC_Alarm_IRQHandler
                0x08002d48                HASH_RNG_IRQHandler
                0x08002d48                TIM8_CC_IRQHandler
                0x08002d48                DebugMon_Handler
                0x08002d48                TIM1_CC_IRQHandler
                0x08002d48                HardFault_Handler
                0x08002d48                SysTick_Handler
                0x08002d48                PVD_IRQHandler
                0x08002d48                SDIO_IRQHandler
                0x08002d48                TAMP_STAMP_IRQHandler
                0x08002d48                PendSV_Handler
                0x08002d48                NMI_Handler
                0x08002d48                CAN2_RX1_IRQHandler
                0x08002d48                TIM8_TRG_COM_TIM14_IRQHandler
                0x08002d48                TIM1_UP_TIM10_IRQHandler
                0x08002d48                TIM8_UP_TIM13_IRQHandler
                0x08002d48                I2C3_ER_IRQHandler
                0x08002d48                I2C2_EV_IRQHandler
                0x08002d48                CAN1_RX0_IRQHandler
                0x08002d48                FPU_IRQHandler
                0x08002d48                OTG_HS_WKUP_IRQHandler
                0x08002d48                UsageFault_Handler
                0x08002d48                CAN2_SCE_IRQHandler
                0x08002d48                SPI1_IRQHandler
                0x08002d48                TIM6_DAC_IRQHandler
                0x08002d48                TIM1_BRK_TIM9_IRQHandler
                0x08002d48                DCMI_IRQHandler
                0x08002d48                CAN2_RX0_IRQHandler
                0x08002d48                USART6_IRQHandler
                0x08002d48                USART3_IRQHandler
                0x08002d48                CRYP_IRQHandler
                0x08002d48                CAN1_RX1_IRQHandler
                0x08002d48                UART5_IRQHandler
                0x08002d48                TIM4_IRQHandler
                0x08002d48                I2C1_EV_IRQHandler
                0x08002d48                TIM3_IRQHandler
                0x08002d48                RCC_IRQHandler
                0x08002d48                TIM8_BRK_TIM12_IRQHandler
                0x08002d48                Default_Handler
                0x08002d48                ADC_IRQHandler
                0x08002d48                TIM7_IRQHandler
                0x08002d48                CAN2_TX_IRQHandler
                0x08002d48                TIM5_IRQHandler
                0x08002d48                I2C3_EV_IRQHandler
                0x08002d48                RTC_WKUP_IRQHandler
                0x08002d48                ETH_WKUP_IRQHandler
                0x08002d48                SPI2_IRQHandler
                0x08002d48                OTG_HS_EP1_IN_IRQHandler
                0x08002d48                MemManage_Handler
                0x08002d48                CAN1_TX_IRQHandler
                0x08002d48                SVC_Handler
                0x08002d48                FSMC_IRQHandler
                0x08002d48                ETH_IRQHandler
                0x08002d48                OTG_HS_EP1_OUT_IRQHandler
                0x08002d48                WWDG_IRQHandler
                0x08002d48                TIM2_IRQHandler
                0x08002d48                OTG_FS_WKUP_IRQHandler
                0x08002d48                TIM1_TRG_COM_TIM11_IRQHandler
                0x08002d48                OTG_HS_IRQHandler
                0x08002d48                USART2_IRQHandler
                0x08002d48                I2C2_ER_IRQHandler
                0x08002d48                CAN1_SCE_IRQHandler
                0x08002d48                BusFault_Handler
                0x08002d48                OTG_FS_IRQHandler
                0x08002d48                SPI3_IRQHandler
                0x08002d48                I2C1_ER_IRQHandler
 *fill*         0x08002d4a        0x2 
 .text.__libc_init_array
                0x08002d4c       0x48 C:/ST/STM32CubeIDE_1.17.0/STM32CubeIDE/plugins/com.st.stm32cube.ide.mcu.externaltools.gnu-tools-for-stm32.12.3.rel1.win32_1.1.0.202410251130/tools/bin/../lib/gcc/arm-none-eabi/12.3.1/../../../../arm-none-eabi/lib/thumb/v7e-m+fp/hard\libc_nano.a(libc_a-init.o)
                0x08002d4c                __libc_init_array
 .text.memcpy   0x08002d94       0x1c C:/ST/STM32CubeIDE_1.17.0/STM32CubeIDE/plugins/com.st.stm32cube.ide.mcu.externaltools.gnu-tools-for-stm32.12.3.rel1.win32_1.1.0.202410251130/tools/bin/../lib/gcc/arm-none-eabi/12.3.1/../../../../arm-none-eabi/lib/thumb/v7e-m+fp/hard\libc_nano.a(libc_a-memcpy-stub.o)
                0x08002d94                memcpy
 .text.ceil     0x08002db0       0xf8 C:/ST/STM32CubeIDE_1.17.0/STM32CubeIDE/plugins/com.st.stm32cube.ide.mcu.externaltools.gnu-tools-for-stm32.12.3.rel1.win32_1.1.0.202410251130/tools/bin/../lib/gcc/arm-none-eabi/12.3.1/../../../../arm-none-eabi/lib/thumb/v7e-m+fp/hard\libm.a(libm_a-s_ceil.o)
                0x08002db0                ceil
 *(.glue_7)
 .glue_7        0x08002ea8        0x0 linker stubs
 *(.glue_7t)
 .glue_7t       0x08002ea8        0x0 linker stubs
 *(.eh_frame)
 .eh_frame      0x08002ea8        0x0 C:/ST/STM32CubeIDE_1.17.0/STM32CubeIDE/plugins/com.st.stm32cube.ide.mcu.externaltools.gnu-tools-for-stm32.12.3.rel1.win32_1.1.0.202410251130/tools/bin/../lib/gcc/arm-none-eabi/12.3.1/thumb/v7e-m+fp/hard/crtbegin.o
 *(.init)
 .init          0x08002ea8        0x4 C:/ST/STM32CubeIDE_1.17.0/STM32CubeIDE/plugins/com.st.stm32cube.ide.mcu.externaltools.gnu-tools-for-stm32.12.3.rel1.win32_1.1.0.202410251130/tools/bin/../lib/gcc/arm-none-eabi/12.3.1/thumb/v7e-m+fp/hard/crti.o
                0x08002ea8                _init
 .init          0x08002eac        0x8 C:/ST/STM32CubeIDE_1.17.0/STM32CubeIDE/plugins/com.st.stm32cube.ide.mcu.externaltools.gnu-tools-for-stm32.12.3.rel1.win32_1.1.0.202410251130/tools/bin/../lib/gcc/arm-none-eabi/12.3.1/thumb/v7e-m+fp/hard/crtn.o
 *(.fini)
 .fini          0x08002eb4        0x4 C:/ST/STM32CubeIDE_1.17.0/STM32CubeIDE/plugins/com.st.stm32cube.ide.mcu.externaltools.gnu-tools-for-stm32.12.3.rel1.win32_1.1.0.202410251130/tools/bin/../lib/gcc/arm-none-eabi/12.3.1/thumb/v7e-m+fp/hard/crti.o
                0x08002eb4                _fini
 .fini          0x08002eb8        0x8 C:/ST/STM32CubeIDE_1.17.0/STM32CubeIDE/plugins/com.st.stm32cube.ide.mcu.externaltools.gnu-tools-for-stm32.12.3.rel1.win32_1.1.0.202410251130/tools/bin/../lib/gcc/arm-none-eabi/12.3.1/thumb/v7e-m+fp/hard/crtn.o
                0x08002ec0                        . = ALIGN (0x4)
                0x08002ec0                        _etext = .

.vfp11_veneer   0x08002ec0        0x0
 .vfp11_veneer  0x08002ec0        0x0 linker stubs

.v4_bx          0x08002ec0        0x0
 .v4_bx         0x08002ec0        0x0 linker stubs

.iplt           0x08002ec0        0x0
 .iplt          0x08002ec0        0x0 C:/ST/STM32CubeIDE_1.17.0/STM32CubeIDE/plugins/com.st.stm32cube.ide.mcu.externaltools.gnu-tools-for-stm32.12.3.rel1.win32_1.1.0.202410251130/tools/bin/../lib/gcc/arm-none-eabi/12.3.1/thumb/v7e-m+fp/hard/crtbegin.o

.rodata         0x08002ec0      0x41c
                0x08002ec0                        . = ALIGN (0x4)
 *(.rodata)
 *(.rodata*)
 .rodata.DMA_Configuration
                0x08002ec0      0x404 ./Drivers/USART/USART.o
 .rodata.APBPrescTable
                0x080032c4        0x8 ./Src/system_stm32f4xx.o
                0x080032c4                APBPrescTable
 .rodata.AHBPrescTable
                0x080032cc       0x10 ./Src/system_stm32f4xx.o
                0x080032cc                AHBPrescTable
                0x080032dc                        . = ALIGN (0x4)

.ARM.extab      0x080032dc        0x0
                0x080032dc                        . = ALIGN (0x4)
 *(.ARM.extab* .gnu.linkonce.armextab.*)
                0x080032dc                        . = ALIGN (0x4)

.ARM            0x080032dc        0x0
                0x080032dc                        . = ALIGN (0x4)
                0x080032dc                        __exidx_start = .
 *(.ARM.exidx*)
                0x080032dc                        __exidx_end = .
                0x080032dc                        . = ALIGN (0x4)

.preinit_array  0x080032dc        0x0
                0x080032dc                        . = ALIGN (0x4)
                0x080032dc                        PROVIDE (__preinit_array_start = .)
 *(.preinit_array*)
                0x080032dc                        PROVIDE (__preinit_array_end = .)
                0x080032dc                        . = ALIGN (0x4)

.init_array     0x080032dc        0x4
                0x080032dc                        . = ALIGN (0x4)
                0x080032dc                        PROVIDE (__init_array_start = .)
 *(SORT_BY_NAME(.init_array.*))
 *(.init_array*)
 .init_array    0x080032dc        0x4 C:/ST/STM32CubeIDE_1.17.0/STM32CubeIDE/plugins/com.st.stm32cube.ide.mcu.externaltools.gnu-tools-for-stm32.12.3.rel1.win32_1.1.0.202410251130/tools/bin/../lib/gcc/arm-none-eabi/12.3.1/thumb/v7e-m+fp/hard/crtbegin.o
                0x080032e0                        PROVIDE (__init_array_end = .)
                0x080032e0                        . = ALIGN (0x4)

.fini_array     0x080032e0        0x4
                0x080032e0                        . = ALIGN (0x4)
                [!provide]                        PROVIDE (__fini_array_start = .)
 *(SORT_BY_NAME(.fini_array.*))
 *(.fini_array*)
 .fini_array    0x080032e0        0x4 C:/ST/STM32CubeIDE_1.17.0/STM32CubeIDE/plugins/com.st.stm32cube.ide.mcu.externaltools.gnu-tools-for-stm32.12.3.rel1.win32_1.1.0.202410251130/tools/bin/../lib/gcc/arm-none-eabi/12.3.1/thumb/v7e-m+fp/hard/crtbegin.o
                [!provide]                        PROVIDE (__fini_array_end = .)
                0x080032e4                        . = ALIGN (0x4)
                0x080032e4                        _sidata = LOADADDR (.data)

.rel.dyn        0x080032e4        0x0
 .rel.iplt      0x080032e4        0x0 C:/ST/STM32CubeIDE_1.17.0/STM32CubeIDE/plugins/com.st.stm32cube.ide.mcu.externaltools.gnu-tools-for-stm32.12.3.rel1.win32_1.1.0.202410251130/tools/bin/../lib/gcc/arm-none-eabi/12.3.1/thumb/v7e-m+fp/hard/crtbegin.o

.data           0x20000000        0x4 load address 0x080032e4
                0x20000000                        . = ALIGN (0x4)
                0x20000000                        _sdata = .
 *(.data)
 *(.data*)
 .data.SystemCoreClock
                0x20000000        0x4 ./Src/system_stm32f4xx.o
                0x20000000                SystemCoreClock
 *(.RamFunc)
 *(.RamFunc*)
                0x20000004                        . = ALIGN (0x4)
                0x20000004                        _edata = .
                0x080032e8                        _siccmram = LOADADDR (.ccmram)

.igot.plt       0x20000004        0x0 load address 0x080032e8
 .igot.plt      0x20000004        0x0 C:/ST/STM32CubeIDE_1.17.0/STM32CubeIDE/plugins/com.st.stm32cube.ide.mcu.externaltools.gnu-tools-for-stm32.12.3.rel1.win32_1.1.0.202410251130/tools/bin/../lib/gcc/arm-none-eabi/12.3.1/thumb/v7e-m+fp/hard/crtbegin.o

.ccmram         0x10000000        0x0 load address 0x080032e8
                0x10000000                        . = ALIGN (0x4)
                0x10000000                        _sccmram = .
 *(.ccmram)
 *(.ccmram*)
                0x10000000                        . = ALIGN (0x4)
                0x10000000                        _eccmram = .
                0x10000000                        . = ALIGN (0x4)

.bss            0x20000004      0x5dc
                0x20000004                        _sbss = .
                0x20000004                        __bss_start__ = _sbss
 *(.bss)
 .bss           0x20000004       0x1c C:/ST/STM32CubeIDE_1.17.0/STM32CubeIDE/plugins/com.st.stm32cube.ide.mcu.externaltools.gnu-tools-for-stm32.12.3.rel1.win32_1.1.0.202410251130/tools/bin/../lib/gcc/arm-none-eabi/12.3.1/thumb/v7e-m+fp/hard/crtbegin.o
 *(.bss*)
 .bss.serial    0x20000020       0xe4 ./Drivers/Console/Console.o
                0x20000020                serial
 .bss.RX_Length
                0x20000104        0x4 ./Drivers/Console/Console.o
                0x20000104                RX_Length
 .bss.rx_flag   0x20000108        0x4 ./Drivers/Console/Console.o
                0x20000108                rx_flag
 .bss.rx_get_flag
                0x2000010c        0x4 ./Drivers/Console/Console.o
                0x2000010c                rx_get_flag
 .bss.DMA_HISR  0x20000110        0x4 ./Drivers/DMA/DMA.o
                0x20000110                DMA_HISR
 .bss.DMA_LISR  0x20000114        0x4 ./Drivers/DMA/DMA.o
                0x20000114                DMA_LISR
 .bss.__DMA2_Stream7_Config__
                0x20000118        0x4 ./Drivers/DMA/DMA.o
                0x20000118                __DMA2_Stream7_Config__
 .bss.__DMA2_Stream6_Config__
                0x2000011c        0x4 ./Drivers/DMA/DMA.o
                0x2000011c                __DMA2_Stream6_Config__
 .bss.__DMA2_Stream5_Config__
                0x20000120        0x4 ./Drivers/DMA/DMA.o
                0x20000120                __DMA2_Stream5_Config__
 .bss.__DMA2_Stream4_Config__
                0x20000124        0x4 ./Drivers/DMA/DMA.o
                0x20000124                __DMA2_Stream4_Config__
 .bss.__DMA2_Stream3_Config__
                0x20000128        0x4 ./Drivers/DMA/DMA.o
                0x20000128                __DMA2_Stream3_Config__
 .bss.__DMA2_Stream2_Config__
                0x2000012c        0x4 ./Drivers/DMA/DMA.o
                0x2000012c                __DMA2_Stream2_Config__
 .bss.__DMA2_Stream1_Config__
                0x20000130        0x4 ./Drivers/DMA/DMA.o
                0x20000130                __DMA2_Stream1_Config__
 .bss.__DMA2_Stream0_Config__
                0x20000134        0x4 ./Drivers/DMA/DMA.o
                0x20000134                __DMA2_Stream0_Config__
 .bss.__DMA1_Stream7_Config__
                0x20000138        0x4 ./Drivers/DMA/DMA.o
                0x20000138                __DMA1_Stream7_Config__
 .bss.__DMA1_Stream6_Config__
                0x2000013c        0x4 ./Drivers/DMA/DMA.o
                0x2000013c                __DMA1_Stream6_Config__
 .bss.__DMA1_Stream5_Config__
                0x20000140        0x4 ./Drivers/DMA/DMA.o
                0x20000140                __DMA1_Stream5_Config__
 .bss.__DMA1_Stream4_Config__
                0x20000144        0x4 ./Drivers/DMA/DMA.o
                0x20000144                __DMA1_Stream4_Config__
 .bss.__DMA1_Stream3_Config__
                0x20000148        0x4 ./Drivers/DMA/DMA.o
                0x20000148                __DMA1_Stream3_Config__
 .bss.__DMA1_Stream2_Config__
                0x2000014c        0x4 ./Drivers/DMA/DMA.o
                0x2000014c                __DMA1_Stream2_Config__
 .bss.__DMA1_Stream1_Config__
                0x20000150        0x4 ./Drivers/DMA/DMA.o
                0x20000150                __DMA1_Stream1_Config__
 .bss.__DMA1_Stream0_Config__
                0x20000154        0x4 ./Drivers/DMA/DMA.o
                0x20000154                __DMA1_Stream0_Config__
 .bss.EXTI_ISR  0x20000158       0x40 ./Drivers/GPIO/GPIO.o
                0x20000158                EXTI_ISR
 .bss.U6RX_Complete
                0x20000198        0x1 ./Drivers/USART/USART.o
                0x20000198                U6RX_Complete
 .bss.U6TX_Complete
                0x20000199        0x1 ./Drivers/USART/USART.o
                0x20000199                U6TX_Complete
 .bss.U5RX_Complete
                0x2000019a        0x1 ./Drivers/USART/USART.o
                0x2000019a                U5RX_Complete
 .bss.U5TX_Complete
                0x2000019b        0x1 ./Drivers/USART/USART.o
                0x2000019b                U5TX_Complete
 .bss.U4RX_Complete
                0x2000019c        0x1 ./Drivers/USART/USART.o
                0x2000019c                U4RX_Complete
 .bss.U4TX_Complete
                0x2000019d        0x1 ./Drivers/USART/USART.o
                0x2000019d                U4TX_Complete
 .bss.U3RX_Complete
                0x2000019e        0x1 ./Drivers/USART/USART.o
                0x2000019e                U3RX_Complete
 .bss.U3TX_Complete
                0x2000019f        0x1 ./Drivers/USART/USART.o
                0x2000019f                U3TX_Complete
 .bss.U2RX_Complete
                0x200001a0        0x1 ./Drivers/USART/USART.o
                0x200001a0                U2RX_Complete
 .bss.U2TX_Complete
                0x200001a1        0x1 ./Drivers/USART/USART.o
                0x200001a1                U2TX_Complete
 .bss.U1RX_Complete
                0x200001a2        0x1 ./Drivers/USART/USART.o
                0x200001a2                U1RX_Complete
 .bss.U1TX_Complete
                0x200001a3        0x1 ./Drivers/USART/USART.o
                0x200001a3                U1TX_Complete
 .bss.USART_SR  0x200001a4        0x2 ./Drivers/USART/USART.o
                0x200001a4                USART_SR
 *fill*         0x200001a6        0x2 
 .bss.__usart_5_config__
                0x200001a8        0x4 ./Drivers/USART/USART.o
                0x200001a8                __usart_5_config__
 .bss.__usart_4_config__
                0x200001ac        0x4 ./Drivers/USART/USART.o
                0x200001ac                __usart_4_config__
 .bss.__usart_3_config__
                0x200001b0        0x4 ./Drivers/USART/USART.o
                0x200001b0                __usart_3_config__
 .bss.__usart_2_config__
                0x200001b4        0x4 ./Drivers/USART/USART.o
                0x200001b4                __usart_2_config__
 .bss.__usart_1_config__
                0x200001b8        0x4 ./Drivers/USART/USART.o
                0x200001b8                __usart_1_config__
 .bss.usart_dma_instance_number
                0x200001bc        0x1 ./Drivers/USART/USART.o
                0x200001bc                usart_dma_instance_number
 *fill*         0x200001bd        0x3 
 .bss.xUSART_TX
                0x200001c0      0x210 ./Drivers/USART/USART.o
                0x200001c0                xUSART_TX
 .bss.xUSART_RX
                0x200003d0      0x210 ./Drivers/USART/USART.o
                0x200003d0                xUSART_RX
 *(COMMON)
                0x200005e0                        . = ALIGN (0x4)
                0x200005e0                        _ebss = .
                0x200005e0                        __bss_end__ = _ebss

._user_heap_stack
                0x200005e0      0x600
                0x200005e0                        . = ALIGN (0x8)
                [!provide]                        PROVIDE (end = .)
                0x200005e0                        PROVIDE (_end = .)
                0x200007e0                        . = (. + _Min_Heap_Size)
 *fill*         0x200005e0      0x200 
                0x20000be0                        . = (. + _Min_Stack_Size)
 *fill*         0x200007e0      0x400 
                0x20000be0                        . = ALIGN (0x8)

/DISCARD/
 libc.a(*)
 libm.a(*)
 libgcc.a(*)

.ARM.attributes
                0x00000000       0x30
 *(.ARM.attributes)
 .ARM.attributes
                0x00000000       0x22 C:/ST/STM32CubeIDE_1.17.0/STM32CubeIDE/plugins/com.st.stm32cube.ide.mcu.externaltools.gnu-tools-for-stm32.12.3.rel1.win32_1.1.0.202410251130/tools/bin/../lib/gcc/arm-none-eabi/12.3.1/thumb/v7e-m+fp/hard/crti.o
 .ARM.attributes
                0x00000022       0x34 C:/ST/STM32CubeIDE_1.17.0/STM32CubeIDE/plugins/com.st.stm32cube.ide.mcu.externaltools.gnu-tools-for-stm32.12.3.rel1.win32_1.1.0.202410251130/tools/bin/../lib/gcc/arm-none-eabi/12.3.1/thumb/v7e-m+fp/hard/crtbegin.o
 .ARM.attributes
                0x00000056       0x34 ./Drivers/CRC/CRC.o
 .ARM.attributes
                0x0000008a       0x34 ./Drivers/Console/Console.o
 .ARM.attributes
                0x000000be       0x34 ./Drivers/DMA/DMA.o
 .ARM.attributes
                0x000000f2       0x34 ./Drivers/GPIO/GPIO.o
 .ARM.attributes
                0x00000126       0x34 ./Drivers/USART/USART.o
 .ARM.attributes
                0x0000015a       0x34 ./Src/main.o
 .ARM.attributes
                0x0000018e       0x34 ./Src/system_stm32f4xx.o
 .ARM.attributes
                0x000001c2       0x21 ./Startup/startup_stm32f407vgtx.o
 .ARM.attributes
                0x000001e3       0x34 C:/ST/STM32CubeIDE_1.17.0/STM32CubeIDE/plugins/com.st.stm32cube.ide.mcu.externaltools.gnu-tools-for-stm32.12.3.rel1.win32_1.1.0.202410251130/tools/bin/../lib/gcc/arm-none-eabi/12.3.1/../../../../arm-none-eabi/lib/thumb/v7e-m+fp/hard\libc_nano.a(libc_a-init.o)
 .ARM.attributes
                0x00000217       0x34 C:/ST/STM32CubeIDE_1.17.0/STM32CubeIDE/plugins/com.st.stm32cube.ide.mcu.externaltools.gnu-tools-for-stm32.12.3.rel1.win32_1.1.0.202410251130/tools/bin/../lib/gcc/arm-none-eabi/12.3.1/../../../../arm-none-eabi/lib/thumb/v7e-m+fp/hard\libc_nano.a(libc_a-memcpy-stub.o)
 .ARM.attributes
                0x0000024b       0x34 C:/ST/STM32CubeIDE_1.17.0/STM32CubeIDE/plugins/com.st.stm32cube.ide.mcu.externaltools.gnu-tools-for-stm32.12.3.rel1.win32_1.1.0.202410251130/tools/bin/../lib/gcc/arm-none-eabi/12.3.1/../../../../arm-none-eabi/lib/thumb/v7e-m+fp/hard\libm.a(libm_a-s_ceil.o)
 .ARM.attributes
                0x0000027f       0x22 C:/ST/STM32CubeIDE_1.17.0/STM32CubeIDE/plugins/com.st.stm32cube.ide.mcu.externaltools.gnu-tools-for-stm32.12.3.rel1.win32_1.1.0.202410251130/tools/bin/../lib/gcc/arm-none-eabi/12.3.1/thumb/v7e-m+fp/hard\libgcc.a(_arm_addsubdf3.o)
 .ARM.attributes
                0x000002a1       0x22 C:/ST/STM32CubeIDE_1.17.0/STM32CubeIDE/plugins/com.st.stm32cube.ide.mcu.externaltools.gnu-tools-for-stm32.12.3.rel1.win32_1.1.0.202410251130/tools/bin/../lib/gcc/arm-none-eabi/12.3.1/thumb/v7e-m+fp/hard\libgcc.a(_arm_muldivdf3.o)
 .ARM.attributes
                0x000002c3       0x22 C:/ST/STM32CubeIDE_1.17.0/STM32CubeIDE/plugins/com.st.stm32cube.ide.mcu.externaltools.gnu-tools-for-stm32.12.3.rel1.win32_1.1.0.202410251130/tools/bin/../lib/gcc/arm-none-eabi/12.3.1/thumb/v7e-m+fp/hard\libgcc.a(_arm_cmpdf2.o)
 .ARM.attributes
                0x000002e5       0x22 C:/ST/STM32CubeIDE_1.17.0/STM32CubeIDE/plugins/com.st.stm32cube.ide.mcu.externaltools.gnu-tools-for-stm32.12.3.rel1.win32_1.1.0.202410251130/tools/bin/../lib/gcc/arm-none-eabi/12.3.1/thumb/v7e-m+fp/hard\libgcc.a(_arm_fixdfsi.o)
 .ARM.attributes
                0x00000307       0x34 C:/ST/STM32CubeIDE_1.17.0/STM32CubeIDE/plugins/com.st.stm32cube.ide.mcu.externaltools.gnu-tools-for-stm32.12.3.rel1.win32_1.1.0.202410251130/tools/bin/../lib/gcc/arm-none-eabi/12.3.1/thumb/v7e-m+fp/hard\libgcc.a(_fixdfdi.o)
 .ARM.attributes
                0x0000033b       0x34 C:/ST/STM32CubeIDE_1.17.0/STM32CubeIDE/plugins/com.st.stm32cube.ide.mcu.externaltools.gnu-tools-for-stm32.12.3.rel1.win32_1.1.0.202410251130/tools/bin/../lib/gcc/arm-none-eabi/12.3.1/thumb/v7e-m+fp/hard\libgcc.a(_fixunsdfdi.o)
 .ARM.attributes
                0x0000036f       0x22 C:/ST/STM32CubeIDE_1.17.0/STM32CubeIDE/plugins/com.st.stm32cube.ide.mcu.externaltools.gnu-tools-for-stm32.12.3.rel1.win32_1.1.0.202410251130/tools/bin/../lib/gcc/arm-none-eabi/12.3.1/thumb/v7e-m+fp/hard\libgcc.a(_arm_fixunsdfsi.o)
 .ARM.attributes
                0x00000391       0x22 C:/ST/STM32CubeIDE_1.17.0/STM32CubeIDE/plugins/com.st.stm32cube.ide.mcu.externaltools.gnu-tools-for-stm32.12.3.rel1.win32_1.1.0.202410251130/tools/bin/../lib/gcc/arm-none-eabi/12.3.1/thumb/v7e-m+fp/hard/crtn.o
OUTPUT(Blackshield_Bootloader.elf elf32-littlearm)
LOAD linker stubs
LOAD C:/ST/STM32CubeIDE_1.17.0/STM32CubeIDE/plugins/com.st.stm32cube.ide.mcu.externaltools.gnu-tools-for-stm32.12.3.rel1.win32_1.1.0.202410251130/tools/bin/../lib/gcc/arm-none-eabi/12.3.1/../../../../arm-none-eabi/lib/thumb/v7e-m+fp/hard\libc.a
LOAD C:/ST/STM32CubeIDE_1.17.0/STM32CubeIDE/plugins/com.st.stm32cube.ide.mcu.externaltools.gnu-tools-for-stm32.12.3.rel1.win32_1.1.0.202410251130/tools/bin/../lib/gcc/arm-none-eabi/12.3.1/../../../../arm-none-eabi/lib/thumb/v7e-m+fp/hard\libm.a
LOAD C:/ST/STM32CubeIDE_1.17.0/STM32CubeIDE/plugins/com.st.stm32cube.ide.mcu.externaltools.gnu-tools-for-stm32.12.3.rel1.win32_1.1.0.202410251130/tools/bin/../lib/gcc/arm-none-eabi/12.3.1/thumb/v7e-m+fp/hard\libgcc.a

.comment        0x00000000       0x43
 .comment       0x00000000       0x43 ./Drivers/CRC/CRC.o
                                 0x44 (size before relaxing)
 .comment       0x00000043       0x44 ./Drivers/Console/Console.o
 .comment       0x00000043       0x44 ./Drivers/DMA/DMA.o
 .comment       0x00000043       0x44 ./Drivers/GPIO/GPIO.o
 .comment       0x00000043       0x44 ./Drivers/USART/USART.o
 .comment       0x00000043       0x44 ./Src/main.o
 .comment       0x00000043       0x44 ./Src/system_stm32f4xx.o

.debug_frame    0x00000000      0x2f0
 .debug_frame   0x00000000       0x2c C:/ST/STM32CubeIDE_1.17.0/STM32CubeIDE/plugins/com.st.stm32cube.ide.mcu.externaltools.gnu-tools-for-stm32.12.3.rel1.win32_1.1.0.202410251130/tools/bin/../lib/gcc/arm-none-eabi/12.3.1/../../../../arm-none-eabi/lib/thumb/v7e-m+fp/hard\libc_nano.a(libc_a-init.o)
 .debug_frame   0x0000002c       0x28 C:/ST/STM32CubeIDE_1.17.0/STM32CubeIDE/plugins/com.st.stm32cube.ide.mcu.externaltools.gnu-tools-for-stm32.12.3.rel1.win32_1.1.0.202410251130/tools/bin/../lib/gcc/arm-none-eabi/12.3.1/../../../../arm-none-eabi/lib/thumb/v7e-m+fp/hard\libc_nano.a(libc_a-memcpy-stub.o)
 .debug_frame   0x00000054       0x30 C:/ST/STM32CubeIDE_1.17.0/STM32CubeIDE/plugins/com.st.stm32cube.ide.mcu.externaltools.gnu-tools-for-stm32.12.3.rel1.win32_1.1.0.202410251130/tools/bin/../lib/gcc/arm-none-eabi/12.3.1/../../../../arm-none-eabi/lib/thumb/v7e-m+fp/hard\libm.a(libm_a-s_ceil.o)
 .debug_frame   0x00000084       0xac C:/ST/STM32CubeIDE_1.17.0/STM32CubeIDE/plugins/com.st.stm32cube.ide.mcu.externaltools.gnu-tools-for-stm32.12.3.rel1.win32_1.1.0.202410251130/tools/bin/../lib/gcc/arm-none-eabi/12.3.1/thumb/v7e-m+fp/hard\libgcc.a(_arm_addsubdf3.o)
 .debug_frame   0x00000130       0x50 C:/ST/STM32CubeIDE_1.17.0/STM32CubeIDE/plugins/com.st.stm32cube.ide.mcu.externaltools.gnu-tools-for-stm32.12.3.rel1.win32_1.1.0.202410251130/tools/bin/../lib/gcc/arm-none-eabi/12.3.1/thumb/v7e-m+fp/hard\libgcc.a(_arm_muldivdf3.o)
 .debug_frame   0x00000180       0xc4 C:/ST/STM32CubeIDE_1.17.0/STM32CubeIDE/plugins/com.st.stm32cube.ide.mcu.externaltools.gnu-tools-for-stm32.12.3.rel1.win32_1.1.0.202410251130/tools/bin/../lib/gcc/arm-none-eabi/12.3.1/thumb/v7e-m+fp/hard\libgcc.a(_arm_cmpdf2.o)
 .debug_frame   0x00000244       0x24 C:/ST/STM32CubeIDE_1.17.0/STM32CubeIDE/plugins/com.st.stm32cube.ide.mcu.externaltools.gnu-tools-for-stm32.12.3.rel1.win32_1.1.0.202410251130/tools/bin/../lib/gcc/arm-none-eabi/12.3.1/thumb/v7e-m+fp/hard\libgcc.a(_arm_fixdfsi.o)
 .debug_frame   0x00000268       0x38 C:/ST/STM32CubeIDE_1.17.0/STM32CubeIDE/plugins/com.st.stm32cube.ide.mcu.externaltools.gnu-tools-for-stm32.12.3.rel1.win32_1.1.0.202410251130/tools/bin/../lib/gcc/arm-none-eabi/12.3.1/thumb/v7e-m+fp/hard\libgcc.a(_fixdfdi.o)
 .debug_frame   0x000002a0       0x2c C:/ST/STM32CubeIDE_1.17.0/STM32CubeIDE/plugins/com.st.stm32cube.ide.mcu.externaltools.gnu-tools-for-stm32.12.3.rel1.win32_1.1.0.202410251130/tools/bin/../lib/gcc/arm-none-eabi/12.3.1/thumb/v7e-m+fp/hard\libgcc.a(_fixunsdfdi.o)
 .debug_frame   0x000002cc       0x24 C:/ST/STM32CubeIDE_1.17.0/STM32CubeIDE/plugins/com.st.stm32cube.ide.mcu.externaltools.gnu-tools-for-stm32.12.3.rel1.win32_1.1.0.202410251130/tools/bin/../lib/gcc/arm-none-eabi/12.3.1/thumb/v7e-m+fp/hard\libgcc.a(_arm_fixunsdfsi.o)
