../Inc/main.h:151:26:Delay_ms.constprop.isra	0	static
../Src/main.c:16:22:Blink_App	24	static
../Src/main.c:68:5:main	32	static
../Src/main.c:183:6:Connect_Device_Func	32	static
../Src/main.c:207:6:Disconnect_Device_Func	24	static
../Src/main.c:227:6:Write_Firmware_Func	24	static
../Src/main.c:247:6:Read_Firmware_Func	24	static
../Src/main.c:265:6:Erase_Firmware_Func	24	static
../Src/main.c:283:6:Reboot_MCU_Func	24	static,ignoring_inline_asm
../Src/main.c:121:6:Bootloader	16	static
../Src/main.c:304:6:Application	8	static,ignoring_inline_asm
