../Inc/main.h:151:26:Delay_ms.constprop.isra	0	static
../Src/main.c:14:22:Blink_App	24	static
../Src/main.c:66:5:main	32	static
../Src/main.c:181:6:Connect_Device_Func	32	static
../Src/main.c:205:6:Disconnect_Device_Func	24	static
../Src/main.c:225:6:Write_Firmware_Func	24	static
../Src/main.c:245:6:Read_Firmware_Func	24	static
../Src/main.c:263:6:Erase_Firmware_Func	24	static
../Src/main.c:281:6:Reboot_MCU_Func	24	static,ignoring_inline_asm
../Src/main.c:119:6:Bootloader	16	static
../Src/main.c:302:6:Application	8	static,ignoring_inline_asm
