../Inc/core_cm4.h:1815:22:__NVIC_SetPriority	16	static
../Inc/core_cm4.h:1939:34:__NVIC_SystemReset	4	static,ignoring_inline_asm
../Inc/core_cm4.h:2023:26:SysTick_Config	16	static
../Inc/main.h:51:22:MCU_Clock_Setup	16	static
../Inc/main.h:138:26:Delay_Config	4	static
../Inc/main.h:159:26:Delay_ms	24	static
../Inc/main.h:180:26:Delay_s	16	static
D:/STM32_Bootloader/Blackshield_Bootloader/Drivers/GPIO/GPIO.h:71:23:GPIO_Pin_Low	16	static
D:/STM32_Bootloader/Blackshield_Bootloader/Drivers/GPIO/GPIO.h:77:23:GPIO_Pin_Toggle	16	static
D:/STM32_Bootloader/Blackshield_Bootloader/Drivers/GPIO/GPIO.h:121:23:GPIO_Pin_High	16	static
../Src/main.c:95:6:Validate_And_Execute_Command	32	static
../Src/main.c:135:6:Bootloader	24	static
../Src/main.c:168:5:main	64	static
../Src/main.c:264:6:Connect_Device_Func	24	static
../Src/main.c:293:6:Fetch_Info_Func	24	static
../Src/main.c:317:6:Disconnect_Device_Func	24	static
../Src/main.c:344:6:Write_Firmware_Func	24	static
../Src/main.c:376:6:Read_Firmware_Func	24	static
../Src/main.c:399:6:Erase_Firmware_Func	24	static
../Src/main.c:424:6:Reboot_MCU_Func	24	static
../Src/main.c:446:6:Check_Firmware_Presence	16	static
../Src/main.c:452:6:Write_Complete_Func	24	static
