../Inc/main.h:151:26:Delay_ms.constprop.isra	0	static
../Src/main.c:16:22:Blink_App	24	static
../Src/main.c:69:5:main	32	static
../Src/main.c:221:6:Connect_Device_Func	32	static
../Src/main.c:245:6:Disconnect_Device_Func	24	static
../Src/main.c:265:6:Write_Firmware_Func	24	static
../Src/main.c:285:6:Read_Firmware_Func	24	static
../Src/main.c:303:6:Erase_Firmware_Func	24	static
../Src/main.c:321:6:Reboot_MCU_Func	24	static,ignoring_inline_asm
../Src/main.c:342:6:Application	8	static,ignoring_inline_asm
../Src/main.c:371:6:Validate_Command	16	static
../Src/main.c:129:6:Bootloader	8	static
